<html>
<body>
<pre>
<h1>µVision Build Log</h1>
<h2>Project:</h2>
D:\ÎÒµÄÎÄµµ\keil_project\6_MPU6050_DEMO_ST3.5.0\Project\DEMO.uvproj
Project File Date:  02/22/2014

<h2>Output:</h2>
Rebuild target 'simulator'
compiling main.c...
compiling stm32f10x_it.c...
compiling core_cm3.c...
compiling system_stm32f10x.c...
compiling stm32f10x_gpio.c...
compiling stm32f10x_rcc.c...
compiling stm32f10x_spi.c...
compiling stm32f10x_usart.c...
compiling misc.c...
compiling stm32f10x_i2c.c...
compiling stm32f10x_exti.c...
compiling stm32f10x_wwdg.c...
compiling stm32f10x_flash.c...
assembling startup_stm32f10x_hd.s...
compiling Driver.c...
..\Driver\Driver.c(218): warning:  #188-D: enumerated type mixed with another type
compiling stm32f10x_systick.c...
compiling I2C_driver.c...
linking...
Program Size: Code=13996 RO-data=336 RW-data=180 ZI-data=1052  
FromELF: creating hex file...
"DEMO.axf" - 0 Error(s), 1 Warning(s).
Rebuild target 'SRAM'
compiling main.c...
compiling stm32f10x_it.c...
compiling core_cm3.c...
compiling system_stm32f10x.c...
compiling stm32f10x_gpio.c...
compiling stm32f10x_rcc.c...
compiling stm32f10x_spi.c...
compiling stm32f10x_usart.c...
compiling misc.c...
compiling stm32f10x_i2c.c...
compiling stm32f10x_exti.c...
compiling stm32f10x_wwdg.c...
compiling stm32f10x_flash.c...
assembling startup_stm32f10x_hd.s...
compiling Driver.c...
..\Driver\Driver.c(218): warning:  #188-D: enumerated type mixed with another type
compiling stm32f10x_systick.c...
compiling I2C_driver.c...
linking...
Program Size: Code=13996 RO-data=336 RW-data=180 ZI-data=1052  
FromELF: creating hex file...
"DEMO.axf" - 0 Error(s), 1 Warning(s).
Build target 'SRAM'
compiling Driver.c...
linking...
Program Size: Code=13996 RO-data=336 RW-data=180 ZI-data=1052  
FromELF: creating hex file...
"DEMO.axf" - 0 Error(s), 0 Warning(s).
Build target 'simulator'
compiling main.c...
linking...
Program Size: Code=13920 RO-data=336 RW-data=180 ZI-data=1052  
FromELF: creating hex file...
"DEMO.axf" - 0 Error(s), 0 Warning(s).
Build target 'SRAM'
linking...
Program Size: Code=13920 RO-data=336 RW-data=180 ZI-data=1052  
FromELF: creating hex file...
"DEMO.axf" - 0 Error(s), 0 Warning(s).
Build target 'SRAM'
compiling main.c...
linking...
Program Size: Code=13924 RO-data=336 RW-data=180 ZI-data=1052  
FromELF: creating hex file...
"DEMO.axf" - 0 Error(s), 0 Warning(s).
Build target 'SRAM'
compiling main.c...
linking...
Program Size: Code=13996 RO-data=336 RW-data=180 ZI-data=1052  
FromELF: creating hex file...
"DEMO.axf" - 0 Error(s), 0 Warning(s).
Build target 'SRAM'
compiling main.c...
..\USER\main.c(557): error:  #20: identifier "Accel_ax" is undefined
Target not created
Build target 'SRAM'
compiling main.c...
linking...
Program Size: Code=13900 RO-data=336 RW-data=180 ZI-data=1052  
FromELF: creating hex file...
"DEMO.axf" - 0 Error(s), 0 Warning(s).
Build target 'SRAM'
compiling main.c...
linking...
Program Size: Code=13936 RO-data=336 RW-data=180 ZI-data=1052  
FromELF: creating hex file...
"DEMO.axf" - 0 Error(s), 0 Warning(s).
Build target 'SRAM'
compiling main.c...
linking...
Program Size: Code=13960 RO-data=336 RW-data=188 ZI-data=1052  
FromELF: creating hex file...
"DEMO.axf" - 0 Error(s), 0 Warning(s).
Build target 'SRAM'
compiling main.c...
..\USER\main.c(607): warning:  #181-D: argument is incompatible with corresponding format string conversion
linking...
Program Size: Code=13944 RO-data=336 RW-data=188 ZI-data=1052  
FromELF: creating hex file...
"DEMO.axf" - 0 Error(s), 1 Warning(s).
Build target 'SRAM'
compiling main.c...
..\USER\main.c(607): warning:  #181-D: argument is incompatible with corresponding format string conversion
..\USER\main.c(608): warning:  #181-D: argument is incompatible with corresponding format string conversion
linking...
Program Size: Code=13972 RO-data=336 RW-data=188 ZI-data=1052  
FromELF: creating hex file...
"DEMO.axf" - 0 Error(s), 2 Warning(s).
Build target 'SRAM'
compiling main.c...
..\USER\main.c(607): warning:  #181-D: argument is incompatible with corresponding format string conversion
..\USER\main.c(608): warning:  #181-D: argument is incompatible with corresponding format string conversion
linking...
Program Size: Code=13972 RO-data=336 RW-data=188 ZI-data=1052  
FromELF: creating hex file...
"DEMO.axf" - 0 Error(s), 2 Warning(s).
Build target 'SRAM'
linking...
Program Size: Code=13972 RO-data=336 RW-data=188 ZI-data=1052  
FromELF: creating hex file...
"DEMO.axf" - 0 Error(s), 0 Warning(s).
Build target 'SRAM'
compiling main.c...
..\USER\main.c(607): warning:  #181-D: argument is incompatible with corresponding format string conversion
..\USER\main.c(608): warning:  #181-D: argument is incompatible with corresponding format string conversion
linking...
Program Size: Code=13972 RO-data=336 RW-data=188 ZI-data=1052  
FromELF: creating hex file...
"DEMO.axf" - 0 Error(s), 2 Warning(s).
Build target 'SRAM'
compiling main.c...
..\USER\main.c(607): warning:  #181-D: argument is incompatible with corresponding format string conversion
..\USER\main.c(608): warning:  #181-D: argument is incompatible with corresponding format string conversion
linking...
Program Size: Code=13968 RO-data=336 RW-data=188 ZI-data=1052  
FromELF: creating hex file...
"DEMO.axf" - 0 Error(s), 2 Warning(s).
Build target 'SRAM'
compiling main.c...
..\USER\main.c(607): warning:  #181-D: argument is incompatible with corresponding format string conversion
..\USER\main.c(608): warning:  #181-D: argument is incompatible with corresponding format string conversion
linking...
Program Size: Code=13960 RO-data=336 RW-data=188 ZI-data=1052  
FromELF: creating hex file...
"DEMO.axf" - 0 Error(s), 2 Warning(s).
Build target 'SRAM'
compiling main.c...
..\USER\main.c(607): warning:  #181-D: argument is incompatible with corresponding format string conversion
..\USER\main.c(614): error:  #20: identifier "O_Y" is undefined
..\USER\main.c(621): error:  #20: identifier "O_Z" is undefined
Target not created
Build target 'SRAM'
compiling main.c...
..\USER\main.c(607): warning:  #181-D: argument is incompatible with corresponding format string conversion
linking...
Program Size: Code=13908 RO-data=336 RW-data=180 ZI-data=1052  
FromELF: creating hex file...
"DEMO.axf" - 0 Error(s), 1 Warning(s).
Build target 'SRAM'
compiling main.c...
linking...
Program Size: Code=13964 RO-data=336 RW-data=180 ZI-data=1052  
FromELF: creating hex file...
"DEMO.axf" - 0 Error(s), 0 Warning(s).
Build target 'SRAM'
compiling main.c...
linking...
Program Size: Code=13984 RO-data=336 RW-data=180 ZI-data=1052  
FromELF: creating hex file...
"DEMO.axf" - 0 Error(s), 0 Warning(s).
Build target 'SRAM'
compiling main.c...
..\USER\main.c(563): warning:  #181-D: argument is incompatible with corresponding format string conversion
linking...
Program Size: Code=11860 RO-data=336 RW-data=180 ZI-data=1052  
FromELF: creating hex file...
"DEMO.axf" - 0 Error(s), 1 Warning(s).
Build target 'SRAM'
compiling main.c...
..\USER\main.c(563): warning:  #181-D: argument is incompatible with corresponding format string conversion
..\USER\main.c(666): error:  #20: identifier "L" is undefined
..\USER\main.c(667): error:  #20: identifier "H" is undefined
Target not created
Build target 'SRAM'
compiling main.c...
..\USER\main.c(563): warning:  #181-D: argument is incompatible with corresponding format string conversion
linking...
Program Size: Code=11924 RO-data=336 RW-data=180 ZI-data=1052  
FromELF: creating hex file...
"DEMO.axf" - 0 Error(s), 1 Warning(s).
Build target 'SRAM'
compiling main.c...
..\USER\main.c(563): warning:  #181-D: argument is incompatible with corresponding format string conversion
linking...
Program Size: Code=11948 RO-data=336 RW-data=180 ZI-data=1052  
FromELF: creating hex file...
"DEMO.axf" - 0 Error(s), 1 Warning(s).
Build target 'SRAM'
compiling main.c...
..\USER\main.c(563): warning:  #181-D: argument is incompatible with corresponding format string conversion
linking...
Program Size: Code=11948 RO-data=336 RW-data=180 ZI-data=1052  
FromELF: creating hex file...
"DEMO.axf" - 0 Error(s), 1 Warning(s).
Build target 'SRAM'
compiling main.c...
..\USER\main.c(563): warning:  #181-D: argument is incompatible with corresponding format string conversion
..\USER\main.c(665): warning:  #181-D: argument is incompatible with corresponding format string conversion
..\USER\main.c(641): warning:  #177-D: variable "H" was declared but never referenced
..\USER\main.c(641): warning:  #177-D: variable "L" was declared but never referenced
linking...
Program Size: Code=11940 RO-data=336 RW-data=180 ZI-data=1052  
FromELF: creating hex file...
"DEMO.axf" - 0 Error(s), 4 Warning(s).
Build target 'SRAM'
compiling main.c...
..\USER\main.c(563): warning:  #181-D: argument is incompatible with corresponding format string conversion
..\USER\main.c(665): warning:  #181-D: argument is incompatible with corresponding format string conversion
..\USER\main.c(671): error:  #1460: expression must have integral or fixed-point type
..\USER\main.c(671): error:  #31: expression must have integral type
Target not created
Build target 'SRAM'
compiling main.c...
..\USER\main.c(563): warning:  #181-D: argument is incompatible with corresponding format string conversion
..\USER\main.c(667): warning:  #181-D: argument is incompatible with corresponding format string conversion
..\USER\main.c(671): error:  #1460: expression must have integral or fixed-point type
..\USER\main.c(671): error:  #31: expression must have integral type
Target not created
Build target 'SRAM'
compiling main.c...
..\USER\main.c(563): warning:  #181-D: argument is incompatible with corresponding format string conversion
..\USER\main.c(668): warning:  #181-D: argument is incompatible with corresponding format string conversion
..\USER\main.c(672): error:  #1460: expression must have integral or fixed-point type
..\USER\main.c(672): error:  #31: expression must have integral type
Target not created
Build target 'SRAM'
compiling main.c...
..\USER\main.c(563): warning:  #181-D: argument is incompatible with corresponding format string conversion
..\USER\main.c(668): warning:  #181-D: argument is incompatible with corresponding format string conversion
linking...
Program Size: Code=14076 RO-data=336 RW-data=180 ZI-data=1052  
FromELF: creating hex file...
"DEMO.axf" - 0 Error(s), 2 Warning(s).
Build target 'SRAM'
compiling main.c...
..\USER\main.c(563): warning:  #181-D: argument is incompatible with corresponding format string conversion
..\USER\main.c(671): warning:  #181-D: argument is incompatible with corresponding format string conversion
..\USER\main.c(641): warning:  #177-D: variable "H" was declared but never referenced
..\USER\main.c(641): warning:  #177-D: variable "L" was declared but never referenced
linking...
Program Size: Code=14020 RO-data=336 RW-data=180 ZI-data=1052  
FromELF: creating hex file...
"DEMO.axf" - 0 Error(s), 4 Warning(s).
Build target 'SRAM'
compiling main.c...
..\USER\main.c(671): warning:  #181-D: argument is incompatible with corresponding format string conversion
..\USER\main.c(641): warning:  #177-D: variable "H" was declared but never referenced
..\USER\main.c(641): warning:  #177-D: variable "L" was declared but never referenced
linking...
Program Size: Code=14008 RO-data=336 RW-data=180 ZI-data=1052  
FromELF: creating hex file...
"DEMO.axf" - 0 Error(s), 3 Warning(s).
Build target 'SRAM'
compiling main.c...
linking...
Program Size: Code=13896 RO-data=336 RW-data=180 ZI-data=1052  
FromELF: creating hex file...
"DEMO.axf" - 0 Error(s), 0 Warning(s).
Build target 'SRAM'
compiling main.c...
linking...
Program Size: Code=9968 RO-data=336 RW-data=176 ZI-data=1056  
FromELF: creating hex file...
"DEMO.axf" - 0 Error(s), 0 Warning(s).
Build target 'SRAM'
compiling main.c...
linking...
Program Size: Code=13960 RO-data=336 RW-data=180 ZI-data=1052  
FromELF: creating hex file...
"DEMO.axf" - 0 Error(s), 0 Warning(s).
Build target 'SRAM'
compiling main.c...
linking...
Program Size: Code=13988 RO-data=336 RW-data=180 ZI-data=1052  
FromELF: creating hex file...
"DEMO.axf" - 0 Error(s), 0 Warning(s).
Build target 'SRAM'
compiling main.c...
linking...
Program Size: Code=13988 RO-data=336 RW-data=180 ZI-data=1052  
FromELF: creating hex file...
"DEMO.axf" - 0 Error(s), 0 Warning(s).
Build target 'SRAM'
compiling main.c...
linking...
Program Size: Code=13988 RO-data=336 RW-data=180 ZI-data=1052  
FromELF: creating hex file...
"DEMO.axf" - 0 Error(s), 0 Warning(s).
Build target 'SRAM'
compiling main.c...
linking...
Program Size: Code=13988 RO-data=336 RW-data=180 ZI-data=1052  
FromELF: creating hex file...
"DEMO.axf" - 0 Error(s), 0 Warning(s).
Build target 'SRAM'
linking...
Program Size: Code=13988 RO-data=336 RW-data=180 ZI-data=1052  
FromELF: creating hex file...
"DEMO.axf" - 0 Error(s), 0 Warning(s).
Build target 'SRAM'
compiling main.c...
linking...
Program Size: Code=13988 RO-data=336 RW-data=180 ZI-data=1052  
FromELF: creating hex file...
"DEMO.axf" - 0 Error(s), 0 Warning(s).
Build target 'SRAM'
compiling main.c...
linking...
Program Size: Code=13984 RO-data=336 RW-data=180 ZI-data=1052  
FromELF: creating hex file...
"DEMO.axf" - 0 Error(s), 0 Warning(s).
Build target 'SRAM'
compiling main.c...
linking...
Program Size: Code=13980 RO-data=336 RW-data=180 ZI-data=1052  
FromELF: creating hex file...
"DEMO.axf" - 0 Error(s), 0 Warning(s).
Build target 'SRAM'
linking...
Program Size: Code=13980 RO-data=336 RW-data=180 ZI-data=1052  
FromELF: creating hex file...
"DEMO.axf" - 0 Error(s), 0 Warning(s).
