Component: ARM Compiler 5.06 (build 20) Tool: armlink [4d35a3]

==============================================================================

Section Cross References

    main.o(.text) refers to printf3.o(i.__0sprintf$3) for __2sprintf
    main.o(.text) refers to oled.o(.text) for OLED_Clear
    main.o(.text) refers to stm32f10x_gpio.o(.text) for GPIO_WriteBit
    main.o(.text) refers to nrf24l01_driver.o(.text) for NRF24L01_Init
    main.o(.text) refers to tool.o(.text) for TimeTask_Init
    main.o(.text) refers to protocol.o(.text) for Protocol_Init
    main.o(.text) refers to combuff.o(.text) for ComBuff_Init
    main.o(.text) refers to ruddercontrol.o(.text) for Rudder_Init
    main.o(.text) refers to motorcontrol.o(.text) for Motor_Init
    main.o(.text) refers to mpu6050.o(.text) for MPU6050_Init
    main.o(.text) refers to stm32_devinit.o(.text) for Driver_MCU_Init
    main.o(.text) refers to printf3.o(i.__0printf$3) for __2printf
    main.o(.text) refers to ultrasoniccontrol.o(.data) for Ultrasonic
    main.o(.text) refers to oled.o(.bss) for OLED_Buff
    main.o(.text) refers to main.o(.data) for led_flag
    main.o(.text) refers to nrf24l01_driver.o(.data) for nrf1
    main.o(.text) refers to mpu6050.o(.data) for MPU6050
    main.o(.text) refers to ultrasoniccontrol.o(.text) for Ultrasonic_Run
    main.o(.text) refers to strategy.o(.text) for Avoider_Control
    main.o(.text) refers to protocolhandle.o(.text) for State_Protocol_Send
    stm32f10x_it.o(.text) refers to stm32f10x_tim.o(.text) for TIM_ClearITPendingBit
    stm32f10x_it.o(.text) refers to stm32f10x_exti.o(.text) for EXTI_ClearITPendingBit
    stm32f10x_it.o(.text) refers to printf3.o(i.__0printf$3) for __2printf
    stm32f10x_it.o(.text) refers to stm32f10x_usart.o(.text) for USART_GetITStatus
    stm32f10x_it.o(.text) refers to protocol.o(.text) for put_byte
    stm32f10x_it.o(.text) refers to ultrasoniccontrol.o(.text) for Ultrasonic_Recv
    stm32f10x_it.o(.text) refers to stm32f10x_dma.o(.text) for DMA_GetITStatus
    stm32f10x_it.o(.text) refers to motorcontrol.o(.data) for motor_L
    stm32f10x_it.o(.text) refers to nrf24l01_driver.o(.data) for nrf1
    stm32f10x_it.o(.text) refers to ultrasoniccontrol.o(.data) for Ultrasonic
    stm32f10x_it.o(.text) refers to combuff.o(.bss) for _Uart4_Buff
    protocolhandle.o(.text) refers to printf3.o(i.__0printf$3) for __2printf
    protocolhandle.o(.text) refers to memcpya.o(.text) for __aeabi_memcpy4
    protocolhandle.o(.text) refers to memseta.o(.text) for __aeabi_memclr4
    protocolhandle.o(.text) refers to protocol.o(.text) for Protocol_Send
    protocolhandle.o(.text) refers to motorcontrol.o(.data) for motor_R
    protocolhandle.o(.text) refers to ruddercontrol.o(.data) for RudderX
    system_stm32f10x.o(.text) refers to system_stm32f10x.o(.data) for SystemCoreClock
    stm32f10x_gpio.o(.text) refers to stm32f10x_rcc.o(.text) for RCC_APB2PeriphResetCmd
    stm32f10x_rcc.o(.text) refers to stm32f10x_rcc.o(.data) for APBAHBPrescTable
    stm32f10x_spi.o(.text) refers to stm32f10x_rcc.o(.text) for RCC_APB2PeriphResetCmd
    stm32f10x_usart.o(.text) refers to stm32f10x_rcc.o(.text) for RCC_APB2PeriphResetCmd
    stm32f10x_tim.o(.text) refers to stm32f10x_rcc.o(.text) for RCC_APB2PeriphResetCmd
    startup_stm32f10x_hd.o(RESET) refers to startup_stm32f10x_hd.o(STACK) for __initial_sp
    startup_stm32f10x_hd.o(RESET) refers to startup_stm32f10x_hd.o(.text) for Reset_Handler
    startup_stm32f10x_hd.o(RESET) refers to stm32f10x_it.o(.text) for NMI_Handler
    startup_stm32f10x_hd.o(.text) refers to system_stm32f10x.o(.text) for SystemInit
    startup_stm32f10x_hd.o(.text) refers to entry.o(.ARM.Collect$$$$00000000) for __main
    driver.o(.text) refers to stm32f10x_spi.o(.text) for SPI_I2S_GetFlagStatus
    stm32_devinit.o(.text) refers to stm32f10x_gpio.o(.text) for GPIO_Init
    stm32_devinit.o(.text) refers to motorcontrol.o(.text) for Motor_GPIO_Configuration
    stm32_devinit.o(.text) refers to oled.o(.text) for OLED_GPIO_Configuration
    stm32_devinit.o(.text) refers to stm32f10x_rcc.o(.text) for RCC_APB2PeriphClockCmd
    stm32_devinit.o(.text) refers to stm32f10x_usart.o(.text) for USART_DeInit
    stm32_devinit.o(.text) refers to mpu6050.o(.text) for MPU6050_USART_Configuration
    stm32_devinit.o(.text) refers to stm32f10x_exti.o(.text) for EXTI_ClearITPendingBit
    stm32_devinit.o(.text) refers to stm32f10x_dma.o(.text) for DMA_DeInit
    stm32_devinit.o(.text) refers to stm32f10x_spi.o(.text) for SPI_Init
    stm32_devinit.o(.text) refers to ruddercontrol.o(.text) for Rudder_TIM_Configuration
    stm32_devinit.o(.text) refers to misc.o(.text) for NVIC_PriorityGroupConfig
    stm32_devinit.o(.text) refers to combuff.o(.bss) for _Uart4_Buff
    stm32_devinit.o(.text) refers to printf3.o(i.__0printf$3) for __2printf
    stm32_devinit.o(.text) refers to tool.o(.text) for DelayMS
    tool.o(.text) refers to misc.o(.text) for SysTick_CLKSourceConfig
[...]
    entry9b.o(.ARM.Collect$$$$0000000C) refers to main.o(.text) for main
    uldiv.o(.text) refers to llushr.o(.text) for __aeabi_llsr
    uldiv.o(.text) refers to llshl.o(.text) for __aeabi_llsl
    depilogue.o(.text) refers to llshl.o(.text) for __aeabi_llsl
    depilogue.o(.text) refers to llushr.o(.text) for __aeabi_llsr
    dfixul.o(.text) refers to llushr.o(.text) for __aeabi_llsr
    dfixul.o(.text) refers to llshl.o(.text) for __aeabi_llsl
    init.o(.text) refers to entry5.o(.ARM.Collect$$$$00000004) for __main_after_scatterload


==============================================================================

Removing Unused input sections from the image.

    Removing core_cm3.o(.emb_text), (32 bytes).
    Removing startup_stm32f10x_hd.o(HEAP), (512 bytes).
    Removing driver.o(.text), (110 bytes).
    Removing ultrasoniccontrol.o(.bss), (16 bytes).
    Removing dfixul.o(.text), (48 bytes).
    Removing cdrcmple.o(.text), (48 bytes).

6 unused section(s) (total 766 bytes) removed from the image.

==============================================================================

Image Symbol Table

    Local Symbols

    Symbol Name                              Value     Ov Type        Size  Object(Section)

    ../clib/../cmprslib/zerorunl2.c          0x00000000   Number         0  __dczerorl2.o ABSOLUTE
    ../clib/microlib/division.c              0x00000000   Number         0  uldiv.o ABSOLUTE
    ../clib/microlib/division.c              0x00000000   Number         0  uidiv.o ABSOLUTE
    ../clib/microlib/init/entry.s            0x00000000   Number         0  entry9a.o ABSOLUTE
    ../clib/microlib/init/entry.s            0x00000000   Number         0  entry2.o ABSOLUTE
    ../clib/microlib/init/entry.s            0x00000000   Number         0  entry8b.o ABSOLUTE
    ../clib/microlib/init/entry.s            0x00000000   Number         0  entry7a.o ABSOLUTE
    ../clib/microlib/init/entry.s            0x00000000   Number         0  entry8a.o ABSOLUTE
    ../clib/microlib/init/entry.s            0x00000000   Number         0  entry11b.o ABSOLUTE
    ../clib/microlib/init/entry.s            0x00000000   Number         0  entry5.o ABSOLUTE
    ../clib/microlib/init/entry.s            0x00000000   Number         0  entry.o ABSOLUTE
    ../clib/microlib/init/entry.s            0x00000000   Number         0  entry11a.o ABSOLUTE
    ../clib/microlib/init/entry.s            0x00000000   Number         0  entry10b.o ABSOLUTE
    ../clib/microlib/init/entry.s            0x00000000   Number         0  entry10a.o ABSOLUTE
    ../clib/microlib/init/entry.s            0x00000000   Number         0  entry7b.o ABSOLUTE
    ../clib/microlib/init/entry.s            0x00000000   Number         0  entry9b.o ABSOLUTE
    ../clib/microlib/longlong.c              0x00000000   Number         0  llsshr.o ABSOLUTE
    ../clib/microlib/longlong.c              0x00000000   Number         0  llushr.o ABSOLUTE
    ../clib/microlib/longlong.c              0x00000000   Number         0  llshl.o ABSOLUTE
    ../clib/microlib/printf/printf.c         0x00000000   Number         0  printf5.o ABSOLUTE
    ../clib/microlib/printf/printf.c         0x00000000   Number         0  printfa.o ABSOLUTE
    ../clib/microlib/printf/printf.c         0x00000000   Number         0  printf8.o ABSOLUTE
    ../clib/microlib/printf/printf.c         0x00000000   Number         0  printfb.o ABSOLUTE
    ../clib/microlib/printf/printf.c         0x00000000   Number         0  printf7.o ABSOLUTE
    ../clib/microlib/printf/printf.c         0x00000000   Number         0  printf0.o ABSOLUTE
    ../clib/microlib/printf/printf.c         0x00000000   Number         0  printf1.o ABSOLUTE
    ../clib/microlib/printf/printf.c         0x00000000   Number         0  printf2.o ABSOLUTE
    ../clib/microlib/printf/printf.c         0x00000000   Number         0  printf6.o ABSOLUTE
    ../clib/microlib/printf/printf.c         0x00000000   Number         0  printf3.o ABSOLUTE
    ../clib/microlib/printf/printf.c         0x00000000   Number         0  printf4.o ABSOLUTE
    ../clib/microlib/printf/stubs.s          0x00000000   Number         0  stubs.o ABSOLUTE
    ../clib/microlib/stdio/streams.c         0x00000000   Number         0  stdout.o ABSOLUTE
    ../clib/microlib/string/memcpy.c         0x00000000   Number         0  memcpyb.o ABSOLUTE
    ../clib/microlib/string/memcpy.c         0x00000000   Number         0  memcpya.o ABSOLUTE
    ../clib/microlib/string/memset.c         0x00000000   Number         0  memseta.o ABSOLUTE
    ../clib/microlib/stubs.s                 0x00000000   Number         0  iusefp.o ABSOLUTE
    ../fplib/microlib/d2f.c                  0x00000000   Number         0  d2f.o ABSOLUTE
    ../fplib/microlib/fpadd.c                0x00000000   Number         0  fadd.o ABSOLUTE
    ../fplib/microlib/fpadd.c                0x00000000   Number         0  dadd.o ABSOLUTE
    ../fplib/microlib/fpdiv.c                0x00000000   Number         0  fdiv.o ABSOLUTE
    ../fplib/microlib/fpdiv.c                0x00000000   Number         0  ddiv.o ABSOLUTE
    ../fplib/microlib/fpepilogue.c           0x00000000   Number         0  fepilogue.o ABSOLUTE
    ../fplib/microlib/fpepilogue.c           0x00000000   Number         0  depilogue.o ABSOLUTE
    ../fplib/microlib/fpfix.c                0x00000000   Number         0  dfixi.o ABSOLUTE
    ../fplib/microlib/fpfix.c                0x00000000   Number         0  ffixui.o ABSOLUTE
    ../fplib/microlib/fpfix.c                0x00000000   Number         0  ffixi.o ABSOLUTE
    ../fplib/microlib/fpfix.c                0x00000000   Number         0  dfixul.o ABSOLUTE
    ../fplib/microlib/fpflt.c                0x00000000   Number         0  ffltui.o ABSOLUTE
    ../fplib/microlib/fpflt.c                0x00000000   Number         0  fflti.o ABSOLUTE
    ../fplib/microlib/fpflt.c                0x00000000   Number         0  dflti.o ABSOLUTE
    ../fplib/microlib/fpmul.c                0x00000000   Number         0  fmul.o ABSOLUTE
    ../fplib/microlib/fpmul.c                0x00000000   Number         0  dmul.o ABSOLUTE
    ..\CMSIS\CM3\CoreSupport\core_cm3.c      0x00000000   Number         0  core_cm3.o ABSOLUTE
    ..\CMSIS\CM3\DeviceSupport\ST\STM32F10x\system_stm32f10x.c 0x00000000   Number         0  system_stm32f10x.o ABSOLUTE
    ..\Driver\ComBuff.c                      0x00000000   Number         0  combuff.o ABSOLUTE
    ..\Driver\Driver.c                       0x00000000   Number         0  driver.o ABSOLUTE
    ..\Driver\Filter.c                       0x00000000   Number         0  filter.o ABSOLUTE
    ..\Driver\MPU6050.c                      0x00000000   Number         0  mpu6050.o ABSOLUTE
    ..\Driver\MotorControl.c                 0x00000000   Number         0  motorcontrol.o ABSOLUTE
    ..\Driver\NRF24L01_Driver.c              0x00000000   Number         0  nrf24l01_driver.o ABSOLUTE
    ..\Driver\OLED\oled.c                    0x00000000   Number         0  oled.o ABSOLUTE
    ..\Driver\PID.c                          0x00000000   Number         0  pid.o ABSOLUTE
    ..\Driver\RudderControl.c                0x00000000   Number         0  ruddercontrol.o ABSOLUTE
    ..\Driver\STM32_DevInit.c                0x00000000   Number         0  stm32_devinit.o ABSOLUTE
    ..\Driver\Strategy.c                     0x00000000   Number         0  strategy.o ABSOLUTE
    ..\Driver\UartCMD.c                      0x00000000   Number         0  uartcmd.o ABSOLUTE
    ..\Driver\UltrasonicControl.c            0x00000000   Number         0  ultrasoniccontrol.o ABSOLUTE
    ..\Driver\protocol.c                     0x00000000   Number         0  protocol.o ABSOLUTE
    ..\Driver\tool.c                         0x00000000   Number         0  tool.o ABSOLUTE
    ..\Libraries\src\misc.c                  0x00000000   Number         0  misc.o ABSOLUTE
    ..\Libraries\src\stm32f10x_dma.c         0x00000000   Number         0  stm32f10x_dma.o ABSOLUTE
    ..\Libraries\src\stm32f10x_exti.c        0x00000000   Number         0  stm32f10x_exti.o ABSOLUTE
    ..\Libraries\src\stm32f10x_gpio.c        0x00000000   Number         0  stm32f10x_gpio.o ABSOLUTE
    ..\Libraries\src\stm32f10x_rcc.c         0x00000000   Number         0  stm32f10x_rcc.o ABSOLUTE
    ..\Libraries\src\stm32f10x_spi.c         0x00000000   Number         0  stm32f10x_spi.o ABSOLUTE
    ..\Libraries\src\stm32f10x_tim.c         0x00000000   Number         0  stm32f10x_tim.o ABSOLUTE
    ..\Libraries\src\stm32f10x_usart.c       0x00000000   Number         0  stm32f10x_usart.o ABSOLUTE
    ..\Startup\startup_stm32f10x_hd.s        0x00000000   Number         0  startup_stm32f10x_hd.o ABSOLUTE
    ..\USER\ProtocolHandle.c                 0x00000000   Number         0  protocolhandle.o ABSOLUTE
    ..\USER\main.c                           0x00000000   Number         0  main.o ABSOLUTE
    ..\USER\stm32f10x_it.c                   0x00000000   Number         0  stm32f10x_it.o ABSOLUTE
    ..\\CMSIS\\CM3\\CoreSupport\\core_cm3.c  0x00000000   Number         0  core_cm3.o ABSOLUTE
    cdrcmple.s                               0x00000000   Number         0  cdrcmple.o ABSOLUTE
    cfcmple.s                                0x00000000   Number         0  cfcmple.o ABSOLUTE
    cfrcmple.s                               0x00000000   Number         0  cfrcmple.o ABSOLUTE
    dc.s                                     0x00000000   Number         0  dc.o ABSOLUTE
    handlers.s                               0x00000000   Number         0  handlers.o ABSOLUTE
    init.s                                   0x00000000   Number         0  init.o ABSOLUTE
    RESET                                    0x08000000   Section      304  startup_stm32f10x_hd.o(RESET)
    .ARM.Collect$$$$00000000                 0x08000130   Section        0  entry.o(.ARM.Collect$$$$00000000)
    .ARM.Collect$$$$00000001                 0x08000130   Section        4  entry2.o(.ARM.Collect$$$$00000001)
    .ARM.Collect$$$$00000004                 0x08000134   Section        4  entry5.o(.ARM.Collect$$$$00000004)
    .ARM.Collect$$$$00000008                 0x08000138   Section        0  entry7b.o(.ARM.Collect$$$$00000008)
    .ARM.Collect$$$$0000000A                 0x08000138   Section        0  entry8b.o(.ARM.Collect$$$$0000000A)
    .ARM.Collect$$$$0000000B                 0x08000138   Section        8  entry9a.o(.ARM.Collect$$$$0000000B)
    .ARM.Collect$$$$0000000D                 0x08000140   Section        0  entry10a.o(.ARM.Collect$$$$0000000D)
    .ARM.Collect$$$$0000000F                 0x08000140   Section        0  entry11a.o(.ARM.Collect$$$$0000000F)
    .ARM.Collect$$$$00002712                 0x08000140   Section        4  entry2.o(.ARM.Collect$$$$00002712)
    __lit__00000000                          0x08000140   Data           4  entry2.o(.ARM.Collect$$$$00002712)
    .text                                    0x08000144   Section        0  main.o(.text)
    .text                                    0x080003e4   Section        0  stm32f10x_it.o(.text)
    .text                                    0x080005ac   Section        0  protocolhandle.o(.text)
    .text                                    0x080007a0   Section        0  system_stm32f10x.o(.text)
    SetSysClockTo72                          0x080007a1   Thumb Code   214  system_stm32f10x.o(.text)
    SetSysClock                              0x08000877   Thumb Code     8  system_stm32f10x.o(.text)
    .text                                    0x08000980   Section        0  stm32f10x_gpio.o(.text)
    .text                                    0x08000cdc   Section        0  stm32f10x_rcc.o(.text)
    .text                                    0x08001080   Section        0  stm32f10x_spi.o(.text)
    .text                                    0x0800138c   Section        0  stm32f10x_usart.o(.text)
    .text                                    0x08001794   Section        0  misc.o(.text)
    .text                                    0x08001870   Section        0  stm32f10x_tim.o(.text)
    TI4_Config                               0x08001d17   Thumb Code   130  stm32f10x_tim.o(.text)
    TI3_Config                               0x08001dab   Thumb Code   122  stm32f10x_tim.o(.text)
    TI2_Config                               0x08001e3f   Thumb Code   130  stm32f10x_tim.o(.text)
    TI1_Config                               0x08001ed3   Thumb Code   108  stm32f10x_tim.o(.text)
    .text                                    0x0800268c   Section        0  stm32f10x_exti.o(.text)
    .text                                    0x080027a8   Section        0  stm32f10x_dma.o(.text)
    .text                                    0x080029fc   Section       36  startup_stm32f10x_hd.o(.text)
    .text                                    0x08002a20   Section        0  stm32_devinit.o(.text)
    .text                                    0x08003020   Section        0  tool.o(.text)
    .text                                    0x080037c0   Section        0  protocol.o(.text)
    .text                                    0x08003ad0   Section        0  ruddercontrol.o(.text)
    .text                                    0x08003cfc   Section        0  ultrasoniccontrol.o(.text)
    .text                                    0x08003df8   Section        0  motorcontrol.o(.text)
    _Motor_PID_Control                       0x0800417d   Thumb Code   642  motorcontrol.o(.text)
    .text                                    0x08004610   Section        0  pid.o(.text)
    .text                                    0x08004720   Section        0  mpu6050.o(.text)
    _Put_Byte                                0x08004721   Thumb Code   270  mpu6050.o(.text)
    .text                                    0x0800497c   Section        0  strategy.o(.text)
    .text                                    0x08004af8   Section        0  combuff.o(.text)
    .text                                    0x08004e04   Section        0  nrf24l01_driver.o(.text)
    .text                                    0x08005368   Section        0  oled.o(.text)
    .text                                    0x0800583a   Section        0  memcpya.o(.text)
    .text                                    0x0800585e   Section        0  memseta.o(.text)
    .text                                    0x08005882   Section        0  fadd.o(.text)
    .text                                    0x08005932   Section        0  fmul.o(.text)
    .text                                    0x08005996   Section        0  fdiv.o(.text)
    .text                                    0x08005a12   Section        0  dadd.o(.text)
    .text                                    0x08005b60   Section        0  dmul.o(.text)
    .text                                    0x08005c44   Section        0  ddiv.o(.text)
    .text                                    0x08005d22   Section        0  fflti.o(.text)
    .text                                    0x08005d34   Section        0  ffltui.o(.text)
    .text                                    0x08005d3e   Section        0  dflti.o(.text)
    .text                                    0x08005d60   Section        0  ffixi.o(.text)
    .text                                    0x08005d92   Section        0  ffixui.o(.text)
    .text                                    0x08005dba   Section        0  dfixi.o(.text)
    .text                                    0x08005df8   Section        0  d2f.o(.text)
    .text                                    0x08005e30   Section       20  cfcmple.o(.text)
    .text                                    0x08005e44   Section       20  cfrcmple.o(.text)
    .text                                    0x08005e58   Section        0  uidiv.o(.text)
    .text                                    0x08005e84   Section        0  llshl.o(.text)
    .text                                    0x08005ea2   Section        0  llushr.o(.text)
    .text                                    0x08005ec2   Section        0  llsshr.o(.text)
    .text                                    0x08005ee6   Section        0  fepilogue.o(.text)
    .text                                    0x08005ee6   Section        0  iusefp.o(.text)
    .text                                    0x08005f54   Section        0  depilogue.o(.text)
    .text                                    0x08006010   Section       36  init.o(.text)
    .text                                    0x08006034   Section        0  __dczerorl2.o(.text)
    i.__0printf$3                            0x0800608c   Section        0  printf3.o(i.__0printf$3)
    i.__0sprintf$3                           0x080060ac   Section        0  printf3.o(i.__0sprintf$3)
    i.__scatterload_copy                     0x080060d4   Section       14  handlers.o(i.__scatterload_copy)
    i.__scatterload_null                     0x080060e2   Section        2  handlers.o(i.__scatterload_null)
    i.__scatterload_zeroinit                 0x080060e4   Section       14  handlers.o(i.__scatterload_zeroinit)
    i._printf_core                           0x080060f4   Section        0  printf3.o(i._printf_core)
    _printf_core                             0x080060f5   Thumb Code   436  printf3.o(i._printf_core)
    i._sputc                                 0x080062ac   Section        0  printf3.o(i._sputc)
    _sputc                                   0x080062ad   Thumb Code    10  printf3.o(i._sputc)
    .constdata                               0x080062b6   Section     2088  oled.o(.constdata)
    .data                                    0x20000000   Section       38  main.o(.data)
    .data                                    0x20000028   Section       20  system_stm32f10x.o(.data)
    .data                                    0x2000003c   Section       20  stm32f10x_rcc.o(.data)
    APBAHBPrescTable                         0x2000003c   Data          16  stm32f10x_rcc.o(.data)
    ADCPrescTable                            0x2000004c   Data           4  stm32f10x_rcc.o(.data)
    .data                                    0x20000050   Section       20  tool.o(.data)
    .data                                    0x20000064   Section       20  protocol.o(.data)
    _recv_index                              0x2000006c   Data           1  protocol.o(.data)
    _head                                    0x2000006d   Data           1  protocol.o(.data)
    _is_FE                                   0x2000006e   Data           1  protocol.o(.data)
    _is_F8                                   0x2000006f   Data           1  protocol.o(.data)
    _sum                                     0x20000070   Data           2  protocol.o(.data)
    _send_index                              0x20000072   Data           1  protocol.o(.data)
    .data                                    0x20000078   Section       11  ruddercontrol.o(.data)
    .data                                    0x20000084   Section       13  ultrasoniccontrol.o(.data)
    .data                                    0x20000094   Section        9  motorcontrol.o(.data)
    .data                                    0x200000a0   Section        4  mpu6050.o(.data)
    .data                                    0x200000a4   Section        1  strategy.o(.data)
    .data                                    0x200000a8   Section       12  combuff.o(.data)
    .data                                    0x200000b4   Section       41  nrf24l01_driver.o(.data)
    .data                                    0x200000dd   Section      768  oled.o(.data)
    .data                                    0x200003e0   Section        4  stdout.o(.data)
    .bss                                     0x200003e4   Section      884  tool.o(.bss)
    .bss                                     0x20000758   Section     1778  protocol.o(.bss)
    _recv_buf                                0x20000e18   Data          50  protocol.o(.bss)
    .bss                                     0x20000e4c   Section      104  ruddercontrol.o(.bss)
    .bss                                     0x20000eb4   Section      896  motorcontrol.o(.bss)
    .bss                                     0x20001234   Section      224  mpu6050.o(.bss)
    .bss                                     0x20001314   Section     2483  combuff.o(.bss)
    _Uart_Tx_Buff                            0x20001314   Data         400  combuff.o(.bss)
    _Bluetooth_Tx_Buff                       0x200014a4   Data        1000  combuff.o(.bss)
    _Nrf_Tx_Buff                             0x2000188c   Data        1000  combuff.o(.bss)
    .bss                                     0x20001cc8   Section      152  nrf24l01_driver.o(.bss)
    .bss                                     0x20001d60   Section      256  oled.o(.bss)
    STACK                                    0x20001e60   Section     1024  startup_stm32f10x_hd.o(STACK)

    Global Symbols

    Symbol Name                              Value     Ov Type        Size  Object(Section)

    BuildAttributes$$THM_ISAv4$P$D$K$B$S$PE$A:L22UL41UL21$X:L11$S22US41US21$IEEE1$IW$USESV6$~STKCKD$USESV7$~SHL$OTIME$ROPI$EBA8$MICROLIB$REQ8$PRES8$EABIv2 0x00000000   Number         0  anon$$obj.o ABSOLUTE
    __ARM_use_no_argv                        0x00000000   Number         0  main.o ABSOLUTE
    _printf_a                                0x00000000   Number         0  stubs.o ABSOLUTE
    _printf_c                                0x00000000   Number         0  stubs.o ABSOLUTE
    _printf_charcount                        0x00000000   Number         0  stubs.o ABSOLUTE
    _printf_d                                0x00000000   Number         0  stubs.o ABSOLUTE
    _printf_e                                0x00000000   Number         0  stubs.o ABSOLUTE
    _printf_f                                0x00000000   Number         0  stubs.o ABSOLUTE
    _printf_flags                            0x00000000   Number         0  stubs.o ABSOLUTE
    _printf_fp_dec                           0x00000000   Number         0  stubs.o ABSOLUTE
    _printf_fp_hex                           0x00000000   Number         0  stubs.o ABSOLUTE
    _printf_g                                0x00000000   Number         0  stubs.o ABSOLUTE
    _printf_i                                0x00000000   Number         0  stubs.o ABSOLUTE
    _printf_int_dec                          0x00000000   Number         0  stubs.o ABSOLUTE
    _printf_l                                0x00000000   Number         0  stubs.o ABSOLUTE
    _printf_lc                               0x00000000   Number         0  stubs.o ABSOLUTE
    _printf_ll                               0x00000000   Number         0  stubs.o ABSOLUTE
    _printf_lld                              0x00000000   Number         0  stubs.o ABSOLUTE
    _printf_lli                              0x00000000   Number         0  stubs.o ABSOLUTE
    _printf_llo                              0x00000000   Number         0  stubs.o ABSOLUTE
    _printf_llu                              0x00000000   Number         0  stubs.o ABSOLUTE
    _printf_llx                              0x00000000   Number         0  stubs.o ABSOLUTE
    _printf_longlong_dec                     0x00000000   Number         0  stubs.o ABSOLUTE
    _printf_longlong_hex                     0x00000000   Number         0  stubs.o ABSOLUTE
    _printf_longlong_oct                     0x00000000   Number         0  stubs.o ABSOLUTE
    _printf_ls                               0x00000000   Number         0  stubs.o ABSOLUTE
    _printf_mbtowc                           0x00000000   Number         0  stubs.o ABSOLUTE
    _printf_n                                0x00000000   Number         0  stubs.o ABSOLUTE
    _printf_o                                0x00000000   Number         0  stubs.o ABSOLUTE
    _printf_p                                0x00000000   Number         0  stubs.o ABSOLUTE
    _printf_percent                          0x00000000   Number         0  stubs.o ABSOLUTE
    _printf_pre_padding                      0x00000000   Number         0  stubs.o ABSOLUTE
    _printf_return_value                     0x00000000   Number         0  stubs.o ABSOLUTE
    _printf_s                                0x00000000   Number         0  stubs.o ABSOLUTE
    _printf_sizespec                         0x00000000   Number         0  stubs.o ABSOLUTE
    _printf_str                              0x00000000   Number         0  stubs.o ABSOLUTE
    _printf_truncate_signed                  0x00000000   Number         0  stubs.o ABSOLUTE
    _printf_truncate_unsigned                0x00000000   Number         0  stubs.o ABSOLUTE
    _printf_u                                0x00000000   Number         0  stubs.o ABSOLUTE
    _printf_wc                               0x00000000   Number         0  stubs.o ABSOLUTE
    _printf_wctomb                           0x00000000   Number         0  stubs.o ABSOLUTE
    _printf_widthprec                        0x00000000   Number         0  stubs.o ABSOLUTE
    _printf_x                                0x00000000   Number         0  stubs.o ABSOLUTE
    __cpp_initialize__aeabi_                  - Undefined Weak Reference
    __cxa_finalize                            - Undefined Weak Reference
    _clock_init                               - Undefined Weak Reference
    _microlib_exit                            - Undefined Weak Reference
    __Vectors_Size                           0x00000130   Number         0  startup_stm32f10x_hd.o ABSOLUTE
    __Vectors                                0x08000000   Data           4  startup_stm32f10x_hd.o(RESET)
    __Vectors_End                            0x08000130   Data           0  startup_stm32f10x_hd.o(RESET)
    __main                                   0x08000131   Thumb Code     0  entry.o(.ARM.Collect$$$$00000000)
    _main_stk                                0x08000131   Thumb Code     0  entry2.o(.ARM.Collect$$$$00000001)
    _main_scatterload                        0x08000135   Thumb Code     0  entry5.o(.ARM.Collect$$$$00000004)
    __main_after_scatterload                 0x08000139   Thumb Code     0  entry5.o(.ARM.Collect$$$$00000004)
    _main_clock                              0x08000139   Thumb Code     0  entry7b.o(.ARM.Collect$$$$00000008)
    _main_cpp_init                           0x08000139   Thumb Code     0  entry8b.o(.ARM.Collect$$$$0000000A)
    _main_init                               0x08000139   Thumb Code     0  entry9a.o(.ARM.Collect$$$$0000000B)
    __rt_final_cpp                           0x08000141   Thumb Code     0  entry10a.o(.ARM.Collect$$$$0000000D)
    __rt_final_exit                          0x08000141   Thumb Code     0  entry11a.o(.ARM.Collect$$$$0000000F)
    LED_TEST                                 0x08000145   Thumb Code    84  main.o(.text)
    test                                     0x08000199   Thumb Code     2  main.o(.text)
    NRF_Init                                 0x0800019b   Thumb Code    68  main.o(.text)
    Fetch_MPU6050                            0x080001df   Thumb Code    76  main.o(.text)
    main                                     0x0800022b   Thumb Code   328  main.o(.text)
    NMI_Handler                              0x080003e5   Thumb Code     2  stm32f10x_it.o(.text)
    HardFault_Handler                        0x080003e7   Thumb Code     4  stm32f10x_it.o(.text)
    MemManage_Handler                        0x080003eb   Thumb Code     4  stm32f10x_it.o(.text)
    BusFault_Handler                         0x080003ef   Thumb Code     4  stm32f10x_it.o(.text)
    UsageFault_Handler                       0x080003f3   Thumb Code     4  stm32f10x_it.o(.text)
    SVC_Handler                              0x080003f7   Thumb Code     2  stm32f10x_it.o(.text)
    DebugMon_Handler                         0x080003f9   Thumb Code     2  stm32f10x_it.o(.text)
    PendSV_Handler                           0x080003fb   Thumb Code     2  stm32f10x_it.o(.text)
    SysTick_Handler                          0x080003fd   Thumb Code     2  stm32f10x_it.o(.text)
    TIM3_IRQHandler                          0x080003ff   Thumb Code    20  stm32f10x_it.o(.text)
    TIM4_IRQHandler                          0x08000413   Thumb Code    20  stm32f10x_it.o(.text)
    EXTI4_IRQHandler                         0x08000427   Thumb Code    10  stm32f10x_it.o(.text)
    EXTI9_5_IRQHandler                       0x08000431   Thumb Code    42  stm32f10x_it.o(.text)
    USART1_IRQHandler                        0x0800045b   Thumb Code    56  stm32f10x_it.o(.text)
    USART2_IRQHandler                        0x08000493   Thumb Code    46  stm32f10x_it.o(.text)
    UART5_IRQHandler                         0x080004c1   Thumb Code    36  stm32f10x_it.o(.text)
    DMA2_Channel3_IRQHandler                 0x080004e5   Thumb Code    60  stm32f10x_it.o(.text)
    USART3_IRQHandler                        0x08000521   Thumb Code    42  stm32f10x_it.o(.text)
    Run_Protocol_Check                       0x080005ad   Thumb Code    52  protocolhandle.o(.text)
    Run_Protocol_Handle                      0x080005e1   Thumb Code    96  protocolhandle.o(.text)
    Custom_Protocol_Check                    0x08000641   Thumb Code    44  protocolhandle.o(.text)
    Custom_Protocol_Handle                   0x0800066d   Thumb Code   112  protocolhandle.o(.text)
    Rudder_Protocol_Check                    0x080006dd   Thumb Code    20  protocolhandle.o(.text)
    Rudder_Protocol_Handle                   0x080006f1   Thumb Code    50  protocolhandle.o(.text)
    State_Protocol_Send                      0x08000723   Thumb Code    90  protocolhandle.o(.text)
    SystemInit                               0x0800087f   Thumb Code    78  system_stm32f10x.o(.text)
    SystemCoreClockUpdate                    0x080008cd   Thumb Code   142  system_stm32f10x.o(.text)
    GPIO_DeInit                              0x08000981   Thumb Code   172  stm32f10x_gpio.o(.text)
    GPIO_AFIODeInit                          0x08000a2d   Thumb Code    20  stm32f10x_gpio.o(.text)
    GPIO_Init                                0x08000a41   Thumb Code   278  stm32f10x_gpio.o(.text)
    GPIO_StructInit                          0x08000b57   Thumb Code    16  stm32f10x_gpio.o(.text)
    GPIO_ReadInputDataBit                    0x08000b67   Thumb Code    18  stm32f10x_gpio.o(.text)
    GPIO_ReadInputData                       0x08000b79   Thumb Code     8  stm32f10x_gpio.o(.text)
    GPIO_ReadOutputDataBit                   0x08000b81   Thumb Code    18  stm32f10x_gpio.o(.text)
    GPIO_ReadOutputData                      0x08000b93   Thumb Code     8  stm32f10x_gpio.o(.text)
    GPIO_SetBits                             0x08000b9b   Thumb Code     4  stm32f10x_gpio.o(.text)
    GPIO_ResetBits                           0x08000b9f   Thumb Code     4  stm32f10x_gpio.o(.text)
    GPIO_WriteBit                            0x08000ba3   Thumb Code    10  stm32f10x_gpio.o(.text)
    GPIO_Write                               0x08000bad   Thumb Code     4  stm32f10x_gpio.o(.text)
    GPIO_PinLockConfig                       0x08000bb1   Thumb Code    18  stm32f10x_gpio.o(.text)
    GPIO_EventOutputConfig                   0x08000bc3   Thumb Code    26  stm32f10x_gpio.o(.text)
    GPIO_EventOutputCmd                      0x08000bdd   Thumb Code     6  stm32f10x_gpio.o(.text)
    GPIO_PinRemapConfig                      0x08000be3   Thumb Code   138  stm32f10x_gpio.o(.text)
    GPIO_EXTILineConfig                      0x08000c6d   Thumb Code    66  stm32f10x_gpio.o(.text)
    GPIO_ETH_MediaInterfaceConfig            0x08000caf   Thumb Code     8  stm32f10x_gpio.o(.text)
    RCC_DeInit                               0x08000cdd   Thumb Code    64  stm32f10x_rcc.o(.text)
    RCC_HSEConfig                            0x08000d1d   Thumb Code    70  stm32f10x_rcc.o(.text)
    RCC_GetFlagStatus                        0x08000d63   Thumb Code    56  stm32f10x_rcc.o(.text)
    RCC_WaitForHSEStartUp                    0x08000d9b   Thumb Code    56  stm32f10x_rcc.o(.text)
    RCC_AdjustHSICalibrationValue            0x08000dd3   Thumb Code    20  stm32f10x_rcc.o(.text)
    RCC_HSICmd                               0x08000de7   Thumb Code     6  stm32f10x_rcc.o(.text)
    RCC_PLLConfig                            0x08000ded   Thumb Code    24  stm32f10x_rcc.o(.text)
    RCC_PLLCmd                               0x08000e05   Thumb Code     6  stm32f10x_rcc.o(.text)
    RCC_SYSCLKConfig                         0x08000e0b   Thumb Code    18  stm32f10x_rcc.o(.text)
    RCC_GetSYSCLKSource                      0x08000e1d   Thumb Code    10  stm32f10x_rcc.o(.text)
    RCC_HCLKConfig                           0x08000e27   Thumb Code    18  stm32f10x_rcc.o(.text)
    RCC_PCLK1Config                          0x08000e39   Thumb Code    18  stm32f10x_rcc.o(.text)
    RCC_PCLK2Config                          0x08000e4b   Thumb Code    20  stm32f10x_rcc.o(.text)
    RCC_ITConfig                             0x08000e5f   Thumb Code    26  stm32f10x_rcc.o(.text)
    RCC_USBCLKConfig                         0x08000e79   Thumb Code     8  stm32f10x_rcc.o(.text)
    RCC_ADCCLKConfig                         0x08000e81   Thumb Code    18  stm32f10x_rcc.o(.text)
    RCC_LSEConfig                            0x08000e93   Thumb Code    50  stm32f10x_rcc.o(.text)
    RCC_LSICmd                               0x08000ec5   Thumb Code     6  stm32f10x_rcc.o(.text)
    RCC_RTCCLKConfig                         0x08000ecb   Thumb Code    12  stm32f10x_rcc.o(.text)
    RCC_RTCCLKCmd                            0x08000ed7   Thumb Code     8  stm32f10x_rcc.o(.text)
    RCC_GetClocksFreq                        0x08000edf   Thumb Code   192  stm32f10x_rcc.o(.text)
    RCC_AHBPeriphClockCmd                    0x08000f9f   Thumb Code    26  stm32f10x_rcc.o(.text)
    RCC_APB2PeriphClockCmd                   0x08000fb9   Thumb Code    26  stm32f10x_rcc.o(.text)
    RCC_APB1PeriphClockCmd                   0x08000fd3   Thumb Code    26  stm32f10x_rcc.o(.text)
    RCC_APB2PeriphResetCmd                   0x08000fed   Thumb Code    26  stm32f10x_rcc.o(.text)
    RCC_APB1PeriphResetCmd                   0x08001007   Thumb Code    26  stm32f10x_rcc.o(.text)
    RCC_BackupResetCmd                       0x08001021   Thumb Code     8  stm32f10x_rcc.o(.text)
    RCC_ClockSecuritySystemCmd               0x08001029   Thumb Code     6  stm32f10x_rcc.o(.text)
    RCC_MCOConfig                            0x0800102f   Thumb Code     6  stm32f10x_rcc.o(.text)
    RCC_ClearFlag                            0x08001035   Thumb Code    14  stm32f10x_rcc.o(.text)
    RCC_GetITStatus                          0x08001043   Thumb Code    20  stm32f10x_rcc.o(.text)
    RCC_ClearITPendingBit                    0x08001057   Thumb Code     6  stm32f10x_rcc.o(.text)
    SPI_I2S_DeInit                           0x08001081   Thumb Code    76  stm32f10x_spi.o(.text)
    SPI_Init                                 0x080010cd   Thumb Code    60  stm32f10x_spi.o(.text)
    I2S_Init                                 0x08001109   Thumb Code   226  stm32f10x_spi.o(.text)
    SPI_StructInit                           0x080011eb   Thumb Code    24  stm32f10x_spi.o(.text)
    I2S_StructInit                           0x08001203   Thumb Code    20  stm32f10x_spi.o(.text)
    SPI_Cmd                                  0x08001217   Thumb Code    24  stm32f10x_spi.o(.text)
    I2S_Cmd                                  0x0800122f   Thumb Code    24  stm32f10x_spi.o(.text)
    SPI_I2S_ITConfig                         0x08001247   Thumb Code    32  stm32f10x_spi.o(.text)
    SPI_I2S_DMACmd                           0x08001267   Thumb Code    18  stm32f10x_spi.o(.text)
    SPI_I2S_SendData                         0x08001279   Thumb Code     4  stm32f10x_spi.o(.text)
    SPI_I2S_ReceiveData                      0x0800127d   Thumb Code     6  stm32f10x_spi.o(.text)
    SPI_NSSInternalSoftwareConfig            0x08001283   Thumb Code    30  stm32f10x_spi.o(.text)
    SPI_SSOutputCmd                          0x080012a1   Thumb Code    24  stm32f10x_spi.o(.text)
    SPI_DataSizeConfig                       0x080012b9   Thumb Code    18  stm32f10x_spi.o(.text)
    SPI_TransmitCRC                          0x080012cb   Thumb Code    10  stm32f10x_spi.o(.text)
    SPI_CalculateCRC                         0x080012d5   Thumb Code    24  stm32f10x_spi.o(.text)
    SPI_GetCRC                               0x080012ed   Thumb Code    16  stm32f10x_spi.o(.text)
    SPI_GetCRCPolynomial                     0x080012fd   Thumb Code     6  stm32f10x_spi.o(.text)
    SPI_BiDirectionalLineConfig              0x08001303   Thumb Code    28  stm32f10x_spi.o(.text)
    SPI_I2S_GetFlagStatus                    0x0800131f   Thumb Code    18  stm32f10x_spi.o(.text)
    SPI_I2S_ClearFlag                        0x08001331   Thumb Code     6  stm32f10x_spi.o(.text)
    SPI_I2S_GetITStatus                      0x08001337   Thumb Code    52  stm32f10x_spi.o(.text)
    SPI_I2S_ClearITPendingBit                0x0800136b   Thumb Code    20  stm32f10x_spi.o(.text)
    USART_DeInit                             0x0800138d   Thumb Code   134  stm32f10x_usart.o(.text)
    USART_Init                               0x08001413   Thumb Code   210  stm32f10x_usart.o(.text)
    USART_StructInit                         0x080014e5   Thumb Code    24  stm32f10x_usart.o(.text)
    USART_ClockInit                          0x080014fd   Thumb Code    34  stm32f10x_usart.o(.text)
    USART_ClockStructInit                    0x0800151f   Thumb Code    12  stm32f10x_usart.o(.text)
    USART_Cmd                                0x0800152b   Thumb Code    24  stm32f10x_usart.o(.text)
    USART_ITConfig                           0x08001543   Thumb Code    74  stm32f10x_usart.o(.text)
    USART_DMACmd                             0x0800158d   Thumb Code    18  stm32f10x_usart.o(.text)
    USART_SetAddress                         0x0800159f   Thumb Code    18  stm32f10x_usart.o(.text)
    USART_WakeUpConfig                       0x080015b1   Thumb Code    18  stm32f10x_usart.o(.text)
    USART_ReceiverWakeUpCmd                  0x080015c3   Thumb Code    24  stm32f10x_usart.o(.text)
    USART_LINBreakDetectLengthConfig         0x080015db   Thumb Code    18  stm32f10x_usart.o(.text)
    USART_LINCmd                             0x080015ed   Thumb Code    24  stm32f10x_usart.o(.text)
    USART_SendData                           0x08001605   Thumb Code     8  stm32f10x_usart.o(.text)
    USART_ReceiveData                        0x0800160d   Thumb Code    10  stm32f10x_usart.o(.text)
    USART_SendBreak                          0x08001617   Thumb Code    10  stm32f10x_usart.o(.text)
    USART_SetGuardTime                       0x08001621   Thumb Code    16  stm32f10x_usart.o(.text)
    USART_SetPrescaler                       0x08001631   Thumb Code    16  stm32f10x_usart.o(.text)
    USART_SmartCardCmd                       0x08001641   Thumb Code    24  stm32f10x_usart.o(.text)
    USART_SmartCardNACKCmd                   0x08001659   Thumb Code    24  stm32f10x_usart.o(.text)
    USART_HalfDuplexCmd                      0x08001671   Thumb Code    24  stm32f10x_usart.o(.text)
    USART_OverSampling8Cmd                   0x08001689   Thumb Code    22  stm32f10x_usart.o(.text)
    USART_OneBitMethodCmd                    0x0800169f   Thumb Code    24  stm32f10x_usart.o(.text)
    USART_IrDAConfig                         0x080016b7   Thumb Code    18  stm32f10x_usart.o(.text)
    USART_IrDACmd                            0x080016c9   Thumb Code    24  stm32f10x_usart.o(.text)
    USART_GetFlagStatus                      0x080016e1   Thumb Code    26  stm32f10x_usart.o(.text)
    USART_ClearFlag                          0x080016fb   Thumb Code    18  stm32f10x_usart.o(.text)
    USART_GetITStatus                        0x0800170d   Thumb Code    84  stm32f10x_usart.o(.text)
    USART_ClearITPendingBit                  0x08001761   Thumb Code    52  stm32f10x_usart.o(.text)
    NVIC_PriorityGroupConfig                 0x08001795   Thumb Code    10  misc.o(.text)
    NVIC_Init                                0x0800179f   Thumb Code   100  misc.o(.text)
    NVIC_SetVectorTable                      0x08001803   Thumb Code    14  misc.o(.text)
    NVIC_SystemLPConfig                      0x08001811   Thumb Code    34  misc.o(.text)
    SysTick_CLKSourceConfig                  0x08001833   Thumb Code    40  misc.o(.text)
    TIM_DeInit                               0x08001871   Thumb Code   424  stm32f10x_tim.o(.text)
    TIM_TimeBaseInit                         0x08001a19   Thumb Code   122  stm32f10x_tim.o(.text)
    TIM_OC1Init                              0x08001a93   Thumb Code   132  stm32f10x_tim.o(.text)
    TIM_OC2Init                              0x08001b17   Thumb Code   154  stm32f10x_tim.o(.text)
    TIM_OC3Init                              0x08001bb1   Thumb Code   150  stm32f10x_tim.o(.text)
    TIM_OC4Init                              0x08001c47   Thumb Code   182  stm32f10x_tim.o(.text)
    TIM_SetIC4Prescaler                      0x08001cfd   Thumb Code    26  stm32f10x_tim.o(.text)
    TIM_SetIC3Prescaler                      0x08001d99   Thumb Code    18  stm32f10x_tim.o(.text)
    TIM_SetIC2Prescaler                      0x08001e25   Thumb Code    26  stm32f10x_tim.o(.text)
    TIM_SetIC1Prescaler                      0x08001ec1   Thumb Code    18  stm32f10x_tim.o(.text)
    TIM_ICInit                               0x08001f3f   Thumb Code   150  stm32f10x_tim.o(.text)
    TIM_PWMIConfig                           0x08001fd5   Thumb Code   124  stm32f10x_tim.o(.text)
    TIM_BDTRConfig                           0x08002051   Thumb Code    32  stm32f10x_tim.o(.text)
    TIM_TimeBaseStructInit                   0x08002071   Thumb Code    18  stm32f10x_tim.o(.text)
    TIM_OCStructInit                         0x08002083   Thumb Code    20  stm32f10x_tim.o(.text)
    TIM_ICStructInit                         0x08002097   Thumb Code    18  stm32f10x_tim.o(.text)
    TIM_BDTRStructInit                       0x080020a9   Thumb Code    40  stm32f10x_tim.o(.text)
    TIM_Cmd                                  0x080020d1   Thumb Code    24  stm32f10x_tim.o(.text)
    TIM_CtrlPWMOutputs                       0x080020e9   Thumb Code    30  stm32f10x_tim.o(.text)
    TIM_ITConfig                             0x08002107   Thumb Code    18  stm32f10x_tim.o(.text)
    TIM_GenerateEvent                        0x08002119   Thumb Code     4  stm32f10x_tim.o(.text)
    TIM_DMAConfig                            0x0800211d   Thumb Code    10  stm32f10x_tim.o(.text)
    TIM_DMACmd                               0x08002127   Thumb Code    18  stm32f10x_tim.o(.text)
    TIM_InternalClockConfig                  0x08002139   Thumb Code    12  stm32f10x_tim.o(.text)
    TIM_SelectInputTrigger                   0x08002145   Thumb Code    18  stm32f10x_tim.o(.text)
    TIM_ITRxExternalClockConfig              0x08002157   Thumb Code    24  stm32f10x_tim.o(.text)
    TIM_TIxExternalClockConfig               0x0800216f   Thumb Code    62  stm32f10x_tim.o(.text)
    TIM_ETRConfig                            0x080021ad   Thumb Code    28  stm32f10x_tim.o(.text)
    TIM_ETRClockMode1Config                  0x080021c9   Thumb Code    54  stm32f10x_tim.o(.text)
    TIM_ETRClockMode2Config                  0x080021ff   Thumb Code    32  stm32f10x_tim.o(.text)
    TIM_PrescalerConfig                      0x0800221f   Thumb Code     6  stm32f10x_tim.o(.text)
    TIM_CounterModeConfig                    0x08002225   Thumb Code    18  stm32f10x_tim.o(.text)
    TIM_EncoderInterfaceConfig               0x08002237   Thumb Code    66  stm32f10x_tim.o(.text)
    TIM_ForcedOC1Config                      0x08002279   Thumb Code    18  stm32f10x_tim.o(.text)
    TIM_ForcedOC2Config                      0x0800228b   Thumb Code    26  stm32f10x_tim.o(.text)
    TIM_ForcedOC3Config                      0x080022a5   Thumb Code    18  stm32f10x_tim.o(.text)
    TIM_ForcedOC4Config                      0x080022b7   Thumb Code    26  stm32f10x_tim.o(.text)
    TIM_ARRPreloadConfig                     0x080022d1   Thumb Code    24  stm32f10x_tim.o(.text)
    TIM_SelectCOM                            0x080022e9   Thumb Code    24  stm32f10x_tim.o(.text)
    TIM_SelectCCDMA                          0x08002301   Thumb Code    24  stm32f10x_tim.o(.text)
    TIM_CCPreloadControl                     0x08002319   Thumb Code    24  stm32f10x_tim.o(.text)
    TIM_OC1PreloadConfig                     0x08002331   Thumb Code    18  stm32f10x_tim.o(.text)
    TIM_OC2PreloadConfig                     0x08002343   Thumb Code    26  stm32f10x_tim.o(.text)
    TIM_OC3PreloadConfig                     0x0800235d   Thumb Code    18  stm32f10x_tim.o(.text)
    TIM_OC4PreloadConfig                     0x0800236f   Thumb Code    26  stm32f10x_tim.o(.text)
    TIM_OC1FastConfig                        0x08002389   Thumb Code    18  stm32f10x_tim.o(.text)
    TIM_OC2FastConfig                        0x0800239b   Thumb Code    26  stm32f10x_tim.o(.text)
    TIM_OC3FastConfig                        0x080023b5   Thumb Code    18  stm32f10x_tim.o(.text)
    TIM_OC4FastConfig                        0x080023c7   Thumb Code    26  stm32f10x_tim.o(.text)
    TIM_ClearOC1Ref                          0x080023e1   Thumb Code    18  stm32f10x_tim.o(.text)
    TIM_ClearOC2Ref                          0x080023f3   Thumb Code    24  stm32f10x_tim.o(.text)
    TIM_ClearOC3Ref                          0x0800240b   Thumb Code    18  stm32f10x_tim.o(.text)
    TIM_ClearOC4Ref                          0x0800241d   Thumb Code    24  stm32f10x_tim.o(.text)
    TIM_OC1PolarityConfig                    0x08002435   Thumb Code    18  stm32f10x_tim.o(.text)
    TIM_OC1NPolarityConfig                   0x08002447   Thumb Code    18  stm32f10x_tim.o(.text)
    TIM_OC2PolarityConfig                    0x08002459   Thumb Code    26  stm32f10x_tim.o(.text)
    TIM_OC2NPolarityConfig                   0x08002473   Thumb Code    26  stm32f10x_tim.o(.text)
    TIM_OC3PolarityConfig                    0x0800248d   Thumb Code    26  stm32f10x_tim.o(.text)
    TIM_OC3NPolarityConfig                   0x080024a7   Thumb Code    26  stm32f10x_tim.o(.text)
    TIM_OC4PolarityConfig                    0x080024c1   Thumb Code    26  stm32f10x_tim.o(.text)
    TIM_CCxCmd                               0x080024db   Thumb Code    30  stm32f10x_tim.o(.text)
    TIM_CCxNCmd                              0x080024f9   Thumb Code    30  stm32f10x_tim.o(.text)
    TIM_SelectOCxM                           0x08002517   Thumb Code    82  stm32f10x_tim.o(.text)
    TIM_UpdateDisableConfig                  0x08002569   Thumb Code    24  stm32f10x_tim.o(.text)
    TIM_UpdateRequestConfig                  0x08002581   Thumb Code    24  stm32f10x_tim.o(.text)
    TIM_SelectHallSensor                     0x08002599   Thumb Code    24  stm32f10x_tim.o(.text)
    TIM_SelectOnePulseMode                   0x080025b1   Thumb Code    18  stm32f10x_tim.o(.text)
    TIM_SelectOutputTrigger                  0x080025c3   Thumb Code    18  stm32f10x_tim.o(.text)
    TIM_SelectSlaveMode                      0x080025d5   Thumb Code    18  stm32f10x_tim.o(.text)
    TIM_SelectMasterSlaveMode                0x080025e7   Thumb Code    18  stm32f10x_tim.o(.text)
    TIM_SetCounter                           0x080025f9   Thumb Code     4  stm32f10x_tim.o(.text)
    TIM_SetAutoreload                        0x080025fd   Thumb Code     4  stm32f10x_tim.o(.text)
    TIM_SetCompare1                          0x08002601   Thumb Code     4  stm32f10x_tim.o(.text)
    TIM_SetCompare2                          0x08002605   Thumb Code     4  stm32f10x_tim.o(.text)
    TIM_SetCompare3                          0x08002609   Thumb Code     4  stm32f10x_tim.o(.text)
    TIM_SetCompare4                          0x0800260d   Thumb Code     6  stm32f10x_tim.o(.text)
    TIM_SetClockDivision                     0x08002613   Thumb Code    18  stm32f10x_tim.o(.text)
    TIM_GetCapture1                          0x08002625   Thumb Code     6  stm32f10x_tim.o(.text)
    TIM_GetCapture2                          0x0800262b   Thumb Code     6  stm32f10x_tim.o(.text)
    TIM_GetCapture3                          0x08002631   Thumb Code     6  stm32f10x_tim.o(.text)
    TIM_GetCapture4                          0x08002637   Thumb Code     8  stm32f10x_tim.o(.text)
    TIM_GetCounter                           0x0800263f   Thumb Code     6  stm32f10x_tim.o(.text)
    TIM_GetPrescaler                         0x08002645   Thumb Code     6  stm32f10x_tim.o(.text)
    TIM_GetFlagStatus                        0x0800264b   Thumb Code    18  stm32f10x_tim.o(.text)
    TIM_ClearFlag                            0x0800265d   Thumb Code     6  stm32f10x_tim.o(.text)
    TIM_GetITStatus                          0x08002663   Thumb Code    34  stm32f10x_tim.o(.text)
    TIM_ClearITPendingBit                    0x08002685   Thumb Code     6  stm32f10x_tim.o(.text)
    EXTI_DeInit                              0x0800268d   Thumb Code    28  stm32f10x_exti.o(.text)
    EXTI_Init                                0x080026a9   Thumb Code   142  stm32f10x_exti.o(.text)
    EXTI_StructInit                          0x08002737   Thumb Code    16  stm32f10x_exti.o(.text)
    EXTI_GenerateSWInterrupt                 0x08002747   Thumb Code    16  stm32f10x_exti.o(.text)
    EXTI_GetFlagStatus                       0x08002757   Thumb Code    22  stm32f10x_exti.o(.text)
    EXTI_ClearFlag                           0x0800276d   Thumb Code     8  stm32f10x_exti.o(.text)
    EXTI_GetITStatus                         0x08002775   Thumb Code    34  stm32f10x_exti.o(.text)
    EXTI_ClearITPendingBit                   0x08002797   Thumb Code     8  stm32f10x_exti.o(.text)
    DMA_DeInit                               0x080027a9   Thumb Code   324  stm32f10x_dma.o(.text)
    DMA_Init                                 0x080028ed   Thumb Code    60  stm32f10x_dma.o(.text)
    DMA_StructInit                           0x08002929   Thumb Code    26  stm32f10x_dma.o(.text)
    DMA_Cmd                                  0x08002943   Thumb Code    24  stm32f10x_dma.o(.text)
    DMA_ITConfig                             0x0800295b   Thumb Code    18  stm32f10x_dma.o(.text)
    DMA_SetCurrDataCounter                   0x0800296d   Thumb Code     4  stm32f10x_dma.o(.text)
    DMA_GetCurrDataCounter                   0x08002971   Thumb Code     8  stm32f10x_dma.o(.text)
    DMA_GetFlagStatus                        0x08002979   Thumb Code    40  stm32f10x_dma.o(.text)
    DMA_ClearFlag                            0x080029a1   Thumb Code    22  stm32f10x_dma.o(.text)
    DMA_GetITStatus                          0x080029b7   Thumb Code    40  stm32f10x_dma.o(.text)
    DMA_ClearITPendingBit                    0x080029df   Thumb Code    22  stm32f10x_dma.o(.text)
    Reset_Handler                            0x080029fd   Thumb Code     8  startup_stm32f10x_hd.o(.text)
    ADC1_2_IRQHandler                        0x08002a17   Thumb Code     0  startup_stm32f10x_hd.o(.text)
    ADC3_IRQHandler                          0x08002a17   Thumb Code     0  startup_stm32f10x_hd.o(.text)
    CAN1_RX1_IRQHandler                      0x08002a17   Thumb Code     0  startup_stm32f10x_hd.o(.text)
    CAN1_SCE_IRQHandler                      0x08002a17   Thumb Code     0  startup_stm32f10x_hd.o(.text)
    DMA1_Channel1_IRQHandler                 0x08002a17   Thumb Code     0  startup_stm32f10x_hd.o(.text)
    DMA1_Channel2_IRQHandler                 0x08002a17   Thumb Code     0  startup_stm32f10x_hd.o(.text)
    DMA1_Channel3_IRQHandler                 0x08002a17   Thumb Code     0  startup_stm32f10x_hd.o(.text)
    DMA1_Channel4_IRQHandler                 0x08002a17   Thumb Code     0  startup_stm32f10x_hd.o(.text)
    DMA1_Channel5_IRQHandler                 0x08002a17   Thumb Code     0  startup_stm32f10x_hd.o(.text)
    DMA1_Channel6_IRQHandler                 0x08002a17   Thumb Code     0  startup_stm32f10x_hd.o(.text)
    DMA1_Channel7_IRQHandler                 0x08002a17   Thumb Code     0  startup_stm32f10x_hd.o(.text)
    DMA2_Channel1_IRQHandler                 0x08002a17   Thumb Code     0  startup_stm32f10x_hd.o(.text)
    DMA2_Channel2_IRQHandler                 0x08002a17   Thumb Code     0  startup_stm32f10x_hd.o(.text)
    DMA2_Channel4_5_IRQHandler               0x08002a17   Thumb Code     0  startup_stm32f10x_hd.o(.text)
    EXTI0_IRQHandler                         0x08002a17   Thumb Code     0  startup_stm32f10x_hd.o(.text)
    EXTI15_10_IRQHandler                     0x08002a17   Thumb Code     0  startup_stm32f10x_hd.o(.text)
    EXTI1_IRQHandler                         0x08002a17   Thumb Code     0  startup_stm32f10x_hd.o(.text)
    EXTI2_IRQHandler                         0x08002a17   Thumb Code     0  startup_stm32f10x_hd.o(.text)
    EXTI3_IRQHandler                         0x08002a17   Thumb Code     0  startup_stm32f10x_hd.o(.text)
    FLASH_IRQHandler                         0x08002a17   Thumb Code     0  startup_stm32f10x_hd.o(.text)
    FSMC_IRQHandler                          0x08002a17   Thumb Code     0  startup_stm32f10x_hd.o(.text)
    I2C1_ER_IRQHandler                       0x08002a17   Thumb Code     0  startup_stm32f10x_hd.o(.text)
    I2C1_EV_IRQHandler                       0x08002a17   Thumb Code     0  startup_stm32f10x_hd.o(.text)
    I2C2_ER_IRQHandler                       0x08002a17   Thumb Code     0  startup_stm32f10x_hd.o(.text)
    I2C2_EV_IRQHandler                       0x08002a17   Thumb Code     0  startup_stm32f10x_hd.o(.text)
    PVD_IRQHandler                           0x08002a17   Thumb Code     0  startup_stm32f10x_hd.o(.text)
    RCC_IRQHandler                           0x08002a17   Thumb Code     0  startup_stm32f10x_hd.o(.text)
    RTCAlarm_IRQHandler                      0x08002a17   Thumb Code     0  startup_stm32f10x_hd.o(.text)
    RTC_IRQHandler                           0x08002a17   Thumb Code     0  startup_stm32f10x_hd.o(.text)
    SDIO_IRQHandler                          0x08002a17   Thumb Code     0  startup_stm32f10x_hd.o(.text)
    SPI1_IRQHandler                          0x08002a17   Thumb Code     0  startup_stm32f10x_hd.o(.text)
    SPI2_IRQHandler                          0x08002a17   Thumb Code     0  startup_stm32f10x_hd.o(.text)
    SPI3_IRQHandler                          0x08002a17   Thumb Code     0  startup_stm32f10x_hd.o(.text)
    TAMPER_IRQHandler                        0x08002a17   Thumb Code     0  startup_stm32f10x_hd.o(.text)
    TIM1_BRK_IRQHandler                      0x08002a17   Thumb Code     0  startup_stm32f10x_hd.o(.text)
    TIM1_CC_IRQHandler                       0x08002a17   Thumb Code     0  startup_stm32f10x_hd.o(.text)
    TIM1_TRG_COM_IRQHandler                  0x08002a17   Thumb Code     0  startup_stm32f10x_hd.o(.text)
    TIM1_UP_IRQHandler                       0x08002a17   Thumb Code     0  startup_stm32f10x_hd.o(.text)
    TIM2_IRQHandler                          0x08002a17   Thumb Code     0  startup_stm32f10x_hd.o(.text)
    TIM5_IRQHandler                          0x08002a17   Thumb Code     0  startup_stm32f10x_hd.o(.text)
    TIM6_IRQHandler                          0x08002a17   Thumb Code     0  startup_stm32f10x_hd.o(.text)
    TIM7_IRQHandler                          0x08002a17   Thumb Code     0  startup_stm32f10x_hd.o(.text)
    TIM8_BRK_IRQHandler                      0x08002a17   Thumb Code     0  startup_stm32f10x_hd.o(.text)
    TIM8_CC_IRQHandler                       0x08002a17   Thumb Code     0  startup_stm32f10x_hd.o(.text)
    TIM8_TRG_COM_IRQHandler                  0x08002a17   Thumb Code     0  startup_stm32f10x_hd.o(.text)
    TIM8_UP_IRQHandler                       0x08002a17   Thumb Code     0  startup_stm32f10x_hd.o(.text)
    UART4_IRQHandler                         0x08002a17   Thumb Code     0  startup_stm32f10x_hd.o(.text)
    USBWakeUp_IRQHandler                     0x08002a17   Thumb Code     0  startup_stm32f10x_hd.o(.text)
    USB_HP_CAN1_TX_IRQHandler                0x08002a17   Thumb Code     0  startup_stm32f10x_hd.o(.text)
    USB_LP_CAN1_RX0_IRQHandler               0x08002a17   Thumb Code     0  startup_stm32f10x_hd.o(.text)
    WWDG_IRQHandler                          0x08002a17   Thumb Code     0  startup_stm32f10x_hd.o(.text)
    GPIO_Configuration                       0x08002a21   Thumb Code    68  stm32_devinit.o(.text)
    SYSTICK_Configuration                    0x08002a65   Thumb Code     2  stm32_devinit.o(.text)
    USART_Configuration                      0x08002a67   Thumb Code   460  stm32_devinit.o(.text)
    EXTI_Configuration                       0x08002c33   Thumb Code    78  stm32_devinit.o(.text)
    DMA_Configuration                        0x08002c81   Thumb Code    96  stm32_devinit.o(.text)
    SPI_Configuration                        0x08002ce1   Thumb Code   144  stm32_devinit.o(.text)
    TIM_Configuration                        0x08002d71   Thumb Code    12  stm32_devinit.o(.text)
    NVIC_Configuration                       0x08002d7d   Thumb Code   256  stm32_devinit.o(.text)
    Driver_MCU_Init                          0x08002e7d   Thumb Code   244  stm32_devinit.o(.text)
    getMicrosecond                           0x08003021   Thumb Code   104  tool.o(.text)
    BaseClock_Init                           0x08003089   Thumb Code    86  tool.o(.text)
    UsToSysTickStamp                         0x080030df   Thumb Code    78  tool.o(.text)
    GetSysTickStamp                          0x0800312d   Thumb Code    20  tool.o(.text)
    GetTimeStamp                             0x08003141   Thumb Code     8  tool.o(.text)
    Create_SysTickStamp                      0x08003149   Thumb Code    68  tool.o(.text)
    Elapse                                   0x0800318d   Thumb Code   138  tool.o(.text)
    Elapse_Us                                0x08003217   Thumb Code    18  tool.o(.text)
    SysTickStampToUs                         0x08003229   Thumb Code    34  tool.o(.text)
    DelayUS                                  0x0800324b   Thumb Code    32  tool.o(.text)
    DelayMS                                  0x0800326b   Thumb Code    38  tool.o(.text)
    DelayS                                   0x08003291   Thumb Code    46  tool.o(.text)
    DelayX                                   0x080032bf   Thumb Code    60  tool.o(.text)
    Queue_Init                               0x080032fb   Thumb Code    68  tool.o(.text)
    Queue_Put                                0x0800333f   Thumb Code    66  tool.o(.text)
    Queue_Get                                0x08003381   Thumb Code    62  tool.o(.text)
    Queue_Size                               0x080033bf   Thumb Code     6  tool.o(.text)
    Queue_Empty_Size                         0x080033c5   Thumb Code    12  tool.o(.text)
    Queue_Free                               0x080033d1   Thumb Code     6  tool.o(.text)
    TimeTask_Init                            0x080033d7   Thumb Code   162  tool.o(.text)
    TimeTask_Add                             0x08003479   Thumb Code   258  tool.o(.text)
    TimeTask_Remove                          0x0800357b   Thumb Code    70  tool.o(.text)
    TimeTask_Run                             0x080035c1   Thumb Code   204  tool.o(.text)
    TimeOut                                  0x0800368d   Thumb Code    54  tool.o(.text)
    TimeTask_Monitor                         0x080036c3   Thumb Code   120  tool.o(.text)
    _clean_recv_buf                          0x080037c1   Thumb Code    40  protocol.o(.text)
    char_special                             0x080037e9   Thumb Code    38  protocol.o(.text)
    getCheckSum_ByProtocolInfo               0x0800380f   Thumb Code    38  protocol.o(.text)
    Create_Protocol_Info                     0x08003835   Thumb Code    50  protocol.o(.text)
    put_byte                                 0x08003867   Thumb Code   326  protocol.o(.text)
    Protocol_Send                            0x080039ad   Thumb Code   112  protocol.o(.text)
    FetchProtocolHandle                      0x08003a1d   Thumb Code    34  protocol.o(.text)
    Protocol_Init                            0x08003a3f   Thumb Code    74  protocol.o(.text)
    _setRudderAngle                          0x08003ad1   Thumb Code   106  ruddercontrol.o(.text)
    Rudder_Init                              0x08003b3b   Thumb Code    54  ruddercontrol.o(.text)
    Rudder_TIM_Configuration                 0x08003b71   Thumb Code   182  ruddercontrol.o(.text)
    Rudder_Run                               0x08003c27   Thumb Code   140  ruddercontrol.o(.text)
    Ultrasonic_Send                          0x08003cfd   Thumb Code    50  ultrasoniccontrol.o(.text)
    Ultrasonic_Recv                          0x08003d2f   Thumb Code    62  ultrasoniccontrol.o(.text)
    Ultrasonic_Run                           0x08003d6d   Thumb Code   124  ultrasoniccontrol.o(.text)
    __Motor_PID_Clear                        0x08003df9   Thumb Code    56  motorcontrol.o(.text)
    __Motor_Set_Dir                          0x08003e31   Thumb Code   146  motorcontrol.o(.text)
    _Motor_Custom                            0x08003ec3   Thumb Code    72  motorcontrol.o(.text)
    _Motor_Get_Encoder                       0x08003f0b   Thumb Code    20  motorcontrol.o(.text)
    _Motor_Run                               0x08003f1f   Thumb Code    36  motorcontrol.o(.text)
    Motor_Init                               0x08003f43   Thumb Code   372  motorcontrol.o(.text)
    Motor_Location_Calculate                 0x080040b7   Thumb Code   130  motorcontrol.o(.text)
    Motor_Speed_Calculate                    0x08004139   Thumb Code    68  motorcontrol.o(.text)
    Motor_PID                                0x080043ff   Thumb Code    16  motorcontrol.o(.text)
    Motor_GPIO_Configuration                 0x0800440f   Thumb Code    42  motorcontrol.o(.text)
    Motor_TIM_Configuration                  0x08004439   Thumb Code   434  motorcontrol.o(.text)
    _PID_Calculate                           0x08004611   Thumb Code   206  pid.o(.text)
    _PID_Reset                               0x080046df   Thumb Code    10  pid.o(.text)
    PID_Init                                 0x080046e9   Thumb Code    54  pid.o(.text)
    _Get_MPU6050                             0x0800482f   Thumb Code   104  mpu6050.o(.text)
    _MPU6050_Clean                           0x08004897   Thumb Code    10  mpu6050.o(.text)
    MPU6050_Init                             0x080048a1   Thumb Code    54  mpu6050.o(.text)
    MPU6050_USART_Configuration              0x080048d7   Thumb Code   128  mpu6050.o(.text)
    Avoider_Control                          0x0800497d   Thumb Code   360  strategy.o(.text)
    WriteByteToUSART                         0x08004af9   Thumb Code    38  combuff.o(.text)
    fputc                                    0x08004b1f   Thumb Code    18  combuff.o(.text)
    Send_To_Buff                             0x08004b31   Thumb Code   236  combuff.o(.text)
    Send_To_Uart                             0x08004c1d   Thumb Code   130  combuff.o(.text)
    Send_To_Bluetooth                        0x08004c9f   Thumb Code   122  combuff.o(.text)
    Buff_To_Uart                             0x08004d19   Thumb Code    48  combuff.o(.text)
    Buff_To_NRF                              0x08004d49   Thumb Code   100  combuff.o(.text)
    ComBuff_Init                             0x08004dad   Thumb Code    52  combuff.o(.text)
    _SPIx_Send                               0x08004e05   Thumb Code    96  nrf24l01_driver.o(.text)
    RF_GPIO_Init                             0x08004e65   Thumb Code     2  nrf24l01_driver.o(.text)
    _RF_Write_Reg                            0x08004e67   Thumb Code    38  nrf24l01_driver.o(.text)
    _RF_Read_Reg                             0x08004e8d   Thumb Code    40  nrf24l01_driver.o(.text)
    _RF_Read_Buf                             0x08004eb5   Thumb Code    62  nrf24l01_driver.o(.text)
    _RF_Write_Buf                            0x08004ef3   Thumb Code    62  nrf24l01_driver.o(.text)
    _Set_TX_Mode                             0x08004f31   Thumb Code    72  nrf24l01_driver.o(.text)
    _Set_RX_Mode                             0x08004f79   Thumb Code    72  nrf24l01_driver.o(.text)
    _nRF24L01_RxPacket                       0x08004fc1   Thumb Code   116  nrf24l01_driver.o(.text)
    _nRF24L01_TxPacket                       0x08005035   Thumb Code   102  nrf24l01_driver.o(.text)
    _NRF_IRQ_Handle                          0x0800509b   Thumb Code   104  nrf24l01_driver.o(.text)
    _CE_Set                                  0x08005103   Thumb Code    44  nrf24l01_driver.o(.text)
    _CE_Reset                                0x0800512f   Thumb Code    16  nrf24l01_driver.o(.text)
    _CSN_Set                                 0x0800513f   Thumb Code    16  nrf24l01_driver.o(.text)
    _CSN_Reset                               0x0800514f   Thumb Code    16  nrf24l01_driver.o(.text)
    _IRQ_Get                                 0x0800515f   Thumb Code    14  nrf24l01_driver.o(.text)
    NRF24L01_Init                            0x0800516d   Thumb Code   480  nrf24l01_driver.o(.text)
    OLED_WR_Byte                             0x08005369   Thumb Code   120  oled.o(.text)
    OLED_Set_Pos                             0x080053e1   Thumb Code    46  oled.o(.text)
    OLED_Display_On                          0x0800540f   Thumb Code    28  oled.o(.text)
    OLED_Display_Off                         0x0800542b   Thumb Code    28  oled.o(.text)
    OLED_Clear                               0x08005447   Thumb Code    74  oled.o(.text)
    OLED_ShowChar                            0x08005491   Thumb Code   106  oled.o(.text)
    oled_pow                                 0x080054fb   Thumb Code    22  oled.o(.text)
    OLED_ShowNum                             0x08005511   Thumb Code   132  oled.o(.text)
    OLED_ShowString                          0x08005595   Thumb Code    74  oled.o(.text)
    OLED_ShowCHinese                         0x080055df   Thumb Code    98  oled.o(.text)
    OLED_DrawBMP                             0x08005641   Thumb Code   118  oled.o(.text)
    OLED_GPIO_Configuration                  0x080056b7   Thumb Code    74  oled.o(.text)
    OLED_Init                                0x08005701   Thumb Code   314  oled.o(.text)
    __aeabi_memcpy                           0x0800583b   Thumb Code    36  memcpya.o(.text)
    __aeabi_memcpy4                          0x0800583b   Thumb Code     0  memcpya.o(.text)
    __aeabi_memcpy8                          0x0800583b   Thumb Code     0  memcpya.o(.text)
    __aeabi_memset                           0x0800585f   Thumb Code    14  memseta.o(.text)
    __aeabi_memset4                          0x0800585f   Thumb Code     0  memseta.o(.text)
    __aeabi_memset8                          0x0800585f   Thumb Code     0  memseta.o(.text)
    __aeabi_memclr                           0x0800586d   Thumb Code     4  memseta.o(.text)
    __aeabi_memclr4                          0x0800586d   Thumb Code     0  memseta.o(.text)
    __aeabi_memclr8                          0x0800586d   Thumb Code     0  memseta.o(.text)
    _memset$wrapper                          0x08005871   Thumb Code    18  memseta.o(.text)
    __aeabi_fadd                             0x08005883   Thumb Code   164  fadd.o(.text)
    __aeabi_fsub                             0x08005927   Thumb Code     6  fadd.o(.text)
    __aeabi_frsub                            0x0800592d   Thumb Code     6  fadd.o(.text)
    __aeabi_fmul                             0x08005933   Thumb Code   100  fmul.o(.text)
    __aeabi_fdiv                             0x08005997   Thumb Code   124  fdiv.o(.text)
    __aeabi_dadd                             0x08005a13   Thumb Code   322  dadd.o(.text)
    __aeabi_dsub                             0x08005b55   Thumb Code     6  dadd.o(.text)
    __aeabi_drsub                            0x08005b5b   Thumb Code     6  dadd.o(.text)
    __aeabi_dmul                             0x08005b61   Thumb Code   228  dmul.o(.text)
    __aeabi_ddiv                             0x08005c45   Thumb Code   222  ddiv.o(.text)
    __aeabi_i2f                              0x08005d23   Thumb Code    18  fflti.o(.text)
    __aeabi_ui2f                             0x08005d35   Thumb Code    10  ffltui.o(.text)
    __aeabi_i2d                              0x08005d3f   Thumb Code    34  dflti.o(.text)
    __aeabi_f2iz                             0x08005d61   Thumb Code    50  ffixi.o(.text)
    __aeabi_f2uiz                            0x08005d93   Thumb Code    40  ffixui.o(.text)
    __aeabi_d2iz                             0x08005dbb   Thumb Code    62  dfixi.o(.text)
    __aeabi_d2f                              0x08005df9   Thumb Code    56  d2f.o(.text)
    __aeabi_cfcmpeq                          0x08005e31   Thumb Code     0  cfcmple.o(.text)
    __aeabi_cfcmple                          0x08005e31   Thumb Code    20  cfcmple.o(.text)
    __aeabi_cfrcmple                         0x08005e45   Thumb Code    20  cfrcmple.o(.text)
    __aeabi_uidiv                            0x08005e59   Thumb Code     0  uidiv.o(.text)
    __aeabi_uidivmod                         0x08005e59   Thumb Code    44  uidiv.o(.text)
    __aeabi_llsl                             0x08005e85   Thumb Code    30  llshl.o(.text)
    _ll_shift_l                              0x08005e85   Thumb Code     0  llshl.o(.text)
    __aeabi_llsr                             0x08005ea3   Thumb Code    32  llushr.o(.text)
    _ll_ushift_r                             0x08005ea3   Thumb Code     0  llushr.o(.text)
    __aeabi_lasr                             0x08005ec3   Thumb Code    36  llsshr.o(.text)
    _ll_sshift_r                             0x08005ec3   Thumb Code     0  llsshr.o(.text)
    __I$use$fp                               0x08005ee7   Thumb Code     0  iusefp.o(.text)
    _float_round                             0x08005ee7   Thumb Code    18  fepilogue.o(.text)
    _float_epilogue                          0x08005ef9   Thumb Code    92  fepilogue.o(.text)
    _double_round                            0x08005f55   Thumb Code    30  depilogue.o(.text)
    _double_epilogue                         0x08005f73   Thumb Code   156  depilogue.o(.text)
    __scatterload                            0x08006011   Thumb Code    28  init.o(.text)
    __scatterload_rt2                        0x08006011   Thumb Code     0  init.o(.text)
    __decompress                             0x08006035   Thumb Code     0  __dczerorl2.o(.text)
    __decompress1                            0x08006035   Thumb Code    86  __dczerorl2.o(.text)
    __0printf$3                              0x0800608d   Thumb Code    22  printf3.o(i.__0printf$3)
    __1printf$3                              0x0800608d   Thumb Code     0  printf3.o(i.__0printf$3)
    __2printf                                0x0800608d   Thumb Code     0  printf3.o(i.__0printf$3)
    __0sprintf$3                             0x080060ad   Thumb Code    34  printf3.o(i.__0sprintf$3)
    __1sprintf$3                             0x080060ad   Thumb Code     0  printf3.o(i.__0sprintf$3)
    __2sprintf                               0x080060ad   Thumb Code     0  printf3.o(i.__0sprintf$3)
    __scatterload_copy                       0x080060d5   Thumb Code    14  handlers.o(i.__scatterload_copy)
    __scatterload_null                       0x080060e3   Thumb Code     2  handlers.o(i.__scatterload_null)
    __scatterload_zeroinit                   0x080060e5   Thumb Code    14  handlers.o(i.__scatterload_zeroinit)
    F6x8                                     0x080062b6   Data         552  oled.o(.constdata)
    F8X16                                    0x080064de   Data        1536  oled.o(.constdata)
    Region$$Table$$Base                      0x08006ae0   Number         0  anon$$obj.o(Region$$Table)
    Region$$Table$$Limit                     0x08006b00   Number         0  anon$$obj.o(Region$$Table)
    taskid                                   0x20000000   Data           1  main.o(.data)
    led_flag                                 0x20000001   Data           1  main.o(.data)
    test_flag                                0x20000002   Data           1  main.o(.data)
    t                                        0x20000003   Data           1  main.o(.data)
    TxBuf                                    0x20000004   Data          32  main.o(.data)
    cnt                                      0x20000024   Data           2  main.o(.data)
    SystemCoreClock                          0x20000028   Data           4  system_stm32f10x.o(.data)
    AHBPrescTable                            0x2000002c   Data          16  system_stm32f10x.o(.data)
    DelayCount                               0x20000050   Data           4  tool.o(.data)
    second                                   0x20000054   Data           4  tool.o(.data)
    SysTick_Flag                             0x20000058   Data           1  tool.o(.data)
    _timeTask_head                           0x2000005c   Data           4  tool.o(.data)
    last_microsecond                         0x20000060   Data           4  tool.o(.data)
    heart_flag                               0x20000064   Data           1  protocol.o(.data)
    tmp_pi                                   0x20000068   Data           4  protocol.o(.data)
    Recv_Protocol_Queue                      0x20000074   Data           4  protocol.o(.data)
    RudderX                                  0x20000078   Data           4  ruddercontrol.o(.data)
    RudderY                                  0x2000007c   Data           4  ruddercontrol.o(.data)
    Rudder_Angle                             0x20000080   Data           1  ruddercontrol.o(.data)
    Rudder_Turn                              0x20000081   Data           1  ruddercontrol.o(.data)
    Rudder_Pause                             0x20000082   Data           1  ruddercontrol.o(.data)
    _Ultrasonic                              0x20000084   Data           6  ultrasoniccontrol.o(.data)
    Ultrasonic                               0x2000008c   Data           4  ultrasoniccontrol.o(.data)
    Ultrasonic_flag                          0x20000090   Data           1  ultrasoniccontrol.o(.data)
    motor_L                                  0x20000094   Data           4  motorcontrol.o(.data)
    motor_R                                  0x20000098   Data           4  motorcontrol.o(.data)
    isPause                                  0x2000009c   Data           1  motorcontrol.o(.data)
    MPU6050                                  0x200000a0   Data           4  mpu6050.o(.data)
    state                                    0x200000a4   Data           1  strategy.o(.data)
    Uart_Tx_Queue                            0x200000a8   Data           4  combuff.o(.data)
    Bluetooth_Tx_Queue                       0x200000ac   Data           4  combuff.o(.data)
    Nrf_Tx_Queue                             0x200000b0   Data           4  combuff.o(.data)
    nrf1                                     0x200000b4   Data           4  nrf24l01_driver.o(.data)
    SPI_TimeCount                            0x200000b8   Data           2  nrf24l01_driver.o(.data)
    TX_ADDRESS                               0x200000ba   Data           5  nrf24l01_driver.o(.data)
    Dev_Address0                             0x200000bf   Data           5  nrf24l01_driver.o(.data)
    Dev_Address1                             0x200000c4   Data           5  nrf24l01_driver.o(.data)
    Dev_Address2                             0x200000c9   Data           5  nrf24l01_driver.o(.data)
    Dev_Address3                             0x200000ce   Data           5  nrf24l01_driver.o(.data)
    Dev_Address4                             0x200000d3   Data           5  nrf24l01_driver.o(.data)
    Dev_Address5                             0x200000d8   Data           5  nrf24l01_driver.o(.data)
    Hzk                                      0x200000dd   Data         448  oled.o(.data)
    lh                                       0x2000029d   Data         320  oled.o(.data)
    __stdout                                 0x200003e0   Data           4  stdout.o(.data)
    queue_list                               0x200003e4   Data         160  tool.o(.bss)
    TimeTaskList                             0x20000484   Data         660  tool.o(.bss)
    TimeTaskInfo                             0x20000718   Data          64  tool.o(.bss)
    recv_protocol_infos                      0x20000758   Data          96  protocol.o(.bss)
    _Recv_Protocol_Buff                      0x200007b8   Data        1600  protocol.o(.bss)
    _tmp_pi                                  0x20000df8   Data          32  protocol.o(.bss)
    _RudderX                                 0x20000e4c   Data          52  ruddercontrol.o(.bss)
    _RudderY                                 0x20000e80   Data          52  ruddercontrol.o(.bss)
    Motor_L                                  0x20000eb4   Data         224  motorcontrol.o(.bss)
    Motor_R                                  0x20000f94   Data         224  motorcontrol.o(.bss)
    Motor_L_Bak                              0x20001074   Data         224  motorcontrol.o(.bss)
    Motor_R_Bak                              0x20001154   Data         224  motorcontrol.o(.bss)
    _MPU6050                                 0x20001234   Data         224  mpu6050.o(.bss)
    _Uart4_Buff                              0x20001c74   Data          33  combuff.o(.bss)
    BluetoothBuff                            0x20001c95   Data          50  combuff.o(.bss)
    NRF_SPI1_SEND                            0x20001cc8   Data         152  nrf24l01_driver.o(.bss)
    OLED_Buff                                0x20001d60   Data         256  oled.o(.bss)
    __initial_sp                             0x20002260   Data           0  startup_stm32f10x_hd.o(STACK)



==============================================================================

Memory Map of the image

  Image Entry point : 0x08000131

  Load Region LR_IROM1 (Base: 0x08000000, Size: 0x00006ee4, Max: 0x00040000, ABSOLUTE, COMPRESSED[0x00006cb0])

    Execution Region ER_IROM1 (Base: 0x08000000, Size: 0x00006b00, Max: 0x00040000, ABSOLUTE)

    Base Addr    Size         Type   Attr      Idx    E Section Name        Object

    0x08000000   0x00000130   Data   RO          279    RESET               startup_stm32f10x_hd.o
    0x08000130   0x00000000   Code   RO          576  * .ARM.Collect$$$$00000000  mc_w.l(entry.o)
    0x08000130   0x00000004   Code   RO          876    .ARM.Collect$$$$00000001  mc_w.l(entry2.o)
    0x08000134   0x00000004   Code   RO          879    .ARM.Collect$$$$00000004  mc_w.l(entry5.o)
    0x08000138   0x00000000   Code   RO          881    .ARM.Collect$$$$00000008  mc_w.l(entry7b.o)
    0x08000138   0x00000000   Code   RO          883    .ARM.Collect$$$$0000000A  mc_w.l(entry8b.o)
    0x08000138   0x00000008   Code   RO          884    .ARM.Collect$$$$0000000B  mc_w.l(entry9a.o)
    0x08000140   0x00000000   Code   RO          886    .ARM.Collect$$$$0000000D  mc_w.l(entry10a.o)
    0x08000140   0x00000000   Code   RO          888    .ARM.Collect$$$$0000000F  mc_w.l(entry11a.o)
    0x08000140   0x00000004   Code   RO          877    .ARM.Collect$$$$00002712  mc_w.l(entry2.o)
    0x08000144   0x000002a0   Code   RO            1    .text               main.o
    0x080003e4   0x000001c8   Code   RO          123    .text               stm32f10x_it.o
    0x080005ac   0x000001f4   Code   RO          138    .text               protocolhandle.o
    0x080007a0   0x000001e0   Code   RO          161    .text               system_stm32f10x.o
    0x08000980   0x0000035c   Code   RO          179    .text               stm32f10x_gpio.o
    0x08000cdc   0x000003a4   Code   RO          191    .text               stm32f10x_rcc.o
    0x08001080   0x0000030c   Code   RO          205    .text               stm32f10x_spi.o
    0x0800138c   0x00000408   Code   RO          217    .text               stm32f10x_usart.o
    0x08001794   0x000000dc   Code   RO          229    .text               misc.o
    0x08001870   0x00000e1a   Code   RO          241    .text               stm32f10x_tim.o
    0x0800268a   0x00000002   PAD
    0x0800268c   0x0000011c   Code   RO          253    .text               stm32f10x_exti.o
    0x080027a8   0x00000254   Code   RO          265    .text               stm32f10x_dma.o
    0x080029fc   0x00000024   Code   RO          280    .text               startup_stm32f10x_hd.o
    0x08002a20   0x00000600   Code   RO          309    .text               stm32_devinit.o
    0x08003020   0x000007a0   Code   RO          325    .text               tool.o
    0x080037c0   0x00000310   Code   RO          348    .text               protocol.o
    0x08003ad0   0x0000022c   Code   RO          375    .text               ruddercontrol.o
    0x08003cfc   0x000000fc   Code   RO          397    .text               ultrasoniccontrol.o
    0x08003df8   0x00000818   Code   RO          419    .text               motorcontrol.o
    0x08004610   0x0000010e   Code   RO          441    .text               pid.o
    0x0800471e   0x00000002   PAD
    0x08004720   0x0000025c   Code   RO          456    .text               mpu6050.o
    0x0800497c   0x0000017c   Code   RO          481    .text               strategy.o
    0x08004af8   0x0000030c   Code   RO          499    .text               combuff.o
    0x08004e04   0x00000564   Code   RO          521    .text               nrf24l01_driver.o
    0x08005368   0x000004d2   Code   RO          540    .text               oled.o
    0x0800583a   0x00000024   Code   RO          579    .text               mc_w.l(memcpya.o)
    0x0800585e   0x00000024   Code   RO          581    .text               mc_w.l(memseta.o)
    0x08005882   0x000000b0   Code   RO          846    .text               mf_w.l(fadd.o)
    0x08005932   0x00000064   Code   RO          848    .text               mf_w.l(fmul.o)
    0x08005996   0x0000007c   Code   RO          850    .text               mf_w.l(fdiv.o)
    0x08005a12   0x0000014e   Code   RO          852    .text               mf_w.l(dadd.o)
    0x08005b60   0x000000e4   Code   RO          854    .text               mf_w.l(dmul.o)
    0x08005c44   0x000000de   Code   RO          856    .text               mf_w.l(ddiv.o)
    0x08005d22   0x00000012   Code   RO          858    .text               mf_w.l(fflti.o)
    0x08005d34   0x0000000a   Code   RO          860    .text               mf_w.l(ffltui.o)
    0x08005d3e   0x00000022   Code   RO          862    .text               mf_w.l(dflti.o)
    0x08005d60   0x00000032   Code   RO          864    .text               mf_w.l(ffixi.o)
    0x08005d92   0x00000028   Code   RO          866    .text               mf_w.l(ffixui.o)
    0x08005dba   0x0000003e   Code   RO          868    .text               mf_w.l(dfixi.o)
    0x08005df8   0x00000038   Code   RO          870    .text               mf_w.l(d2f.o)
    0x08005e30   0x00000014   Code   RO          872    .text               mf_w.l(cfcmple.o)
    0x08005e44   0x00000014   Code   RO          874    .text               mf_w.l(cfrcmple.o)
    0x08005e58   0x0000002c   Code   RO          891    .text               mc_w.l(uidiv.o)
    0x08005e84   0x0000001e   Code   RO          895    .text               mc_w.l(llshl.o)
    0x08005ea2   0x00000020   Code   RO          897    .text               mc_w.l(llushr.o)
    0x08005ec2   0x00000024   Code   RO          899    .text               mc_w.l(llsshr.o)
    0x08005ee6   0x00000000   Code   RO          901    .text               mc_w.l(iusefp.o)
    0x08005ee6   0x0000006e   Code   RO          902    .text               mf_w.l(fepilogue.o)
    0x08005f54   0x000000ba   Code   RO          904    .text               mf_w.l(depilogue.o)
    0x0800600e   0x00000002   PAD
    0x08006010   0x00000024   Code   RO          910    .text               mc_w.l(init.o)
    0x08006034   0x00000056   Code   RO          920    .text               mc_w.l(__dczerorl2.o)
    0x0800608a   0x00000002   PAD
    0x0800608c   0x00000020   Code   RO          674    i.__0printf$3       mc_w.l(printf3.o)
    0x080060ac   0x00000028   Code   RO          676    i.__0sprintf$3      mc_w.l(printf3.o)
    0x080060d4   0x0000000e   Code   RO          914    i.__scatterload_copy  mc_w.l(handlers.o)
    0x080060e2   0x00000002   Code   RO          915    i.__scatterload_null  mc_w.l(handlers.o)
    0x080060e4   0x0000000e   Code   RO          916    i.__scatterload_zeroinit  mc_w.l(handlers.o)
    0x080060f2   0x00000002   PAD
    0x080060f4   0x000001b8   Code   RO          681    i._printf_core      mc_w.l(printf3.o)
    0x080062ac   0x0000000a   Code   RO          683    i._sputc            mc_w.l(printf3.o)
    0x080062b6   0x00000828   Data   RO          542    .constdata          oled.o
    0x08006ade   0x00000002   PAD
    0x08006ae0   0x00000020   Data   RO          912    Region$$Table       anon$$obj.o


    Execution Region RW_IRAM1 (Base: 0x20000000, Size: 0x00002260, Max: 0x0000c000, ABSOLUTE, COMPRESSED[0x000001b0])

    Base Addr    Size         Type   Attr      Idx    E Section Name        Object

    0x20000000   0x00000026   Data   RW            2    .data               main.o
    0x20000026   0x00000002   PAD
    0x20000028   0x00000014   Data   RW          162    .data               system_stm32f10x.o
    0x2000003c   0x00000014   Data   RW          192    .data               stm32f10x_rcc.o
    0x20000050   0x00000014   Data   RW          327    .data               tool.o
    0x20000064   0x00000014   Data   RW          350    .data               protocol.o
    0x20000078   0x0000000b   Data   RW          377    .data               ruddercontrol.o
    0x20000083   0x00000001   PAD
    0x20000084   0x0000000d   Data   RW          399    .data               ultrasoniccontrol.o
    0x20000091   0x00000003   PAD
    0x20000094   0x00000009   Data   RW          421    .data               motorcontrol.o
    0x2000009d   0x00000003   PAD
    0x200000a0   0x00000004   Data   RW          458    .data               mpu6050.o
    0x200000a4   0x00000001   Data   RW          482    .data               strategy.o
    0x200000a5   0x00000003   PAD
    0x200000a8   0x0000000c   Data   RW          501    .data               combuff.o
    0x200000b4   0x00000029   Data   RW          523    .data               nrf24l01_driver.o
    0x200000dd   0x00000300   Data   RW          543    .data               oled.o
    0x200003dd   0x00000003   PAD
    0x200003e0   0x00000004   Data   RW          890    .data               mc_w.l(stdout.o)
    0x200003e4   0x00000374   Zero   RW          326    .bss                tool.o
    0x20000758   0x000006f2   Zero   RW          349    .bss                protocol.o
    0x20000e4a   0x00000002   PAD
    0x20000e4c   0x00000068   Zero   RW          376    .bss                ruddercontrol.o
    0x20000eb4   0x00000380   Zero   RW          420    .bss                motorcontrol.o
    0x20001234   0x000000e0   Zero   RW          457    .bss                mpu6050.o
    0x20001314   0x000009b3   Zero   RW          500    .bss                combuff.o
    0x20001cc7   0x00000001   PAD
    0x20001cc8   0x00000098   Zero   RW          522    .bss                nrf24l01_driver.o
    0x20001d60   0x00000100   Zero   RW          541    .bss                oled.o
    0x20001e60   0x00000400   Zero   RW          277    STACK               startup_stm32f10x_hd.o


==============================================================================

Image component sizes


      Code (inc. data)   RO Data    RW Data    ZI Data      Debug   Object Name

       780         36          0         12       2483       3321   combuff.o
         0          0          0          0          0         32   core_cm3.o
       672        114          0         38          0     280379   main.o
       220         22          0          0          0       1749   misc.o
      2072         88          0          9        896       5715   motorcontrol.o
       604         38          0          4        224       2722   mpu6050.o
      1380         40          0         41        152       7681   nrf24l01_driver.o
      1234         18       2088        768        256       5114   oled.o
       270          0          0          0          0       1349   pid.o
       784         72          0         20       1778       6948   protocol.o
       500         36          0          0          0       2343   protocolhandle.o
       556         74          0         11        104       2408   ruddercontrol.o
        36          8        304          0       1024        792   startup_stm32f10x_hd.o
      1536        228          0          0          0      17974   stm32_devinit.o
       596          8          0          0          0       4318   stm32f10x_dma.o
       284         10          0          0          0       2211   stm32f10x_exti.o
       860         38          0          0          0       5689   stm32f10x_gpio.o
       456         98          0          0          0       2678   stm32f10x_it.o
       932         36          0         20          0       8856   stm32f10x_rcc.o
       780         14          0          0          0       6566   stm32f10x_spi.o
      3610         88          0          0          0      22796   stm32f10x_tim.o
      1032         22          0          0          0       8408   stm32f10x_usart.o
       380         20          0          1          0        730   strategy.o
       480         38          0         20          0       1955   system_stm32f10x.o
      1952        182          0         20        884      24810   tool.o
       252         16          0         13          0       2200   ultrasoniccontrol.o

    ----------------------------------------------------------------------
     22262       1344       2426        992       7804     429744   Object Totals
         0          0         32          0          0          0   (incl. Generated)
         4          0          2         15          3          0   (incl. Padding)

    ----------------------------------------------------------------------

      Code (inc. data)   RO Data    RW Data    ZI Data      Debug   Library Member Name

        86          0          0          0          0          0   __dczerorl2.o
         0          0          0          0          0          0   entry.o
         0          0          0          0          0          0   entry10a.o
         0          0          0          0          0          0   entry11a.o
         8          4          0          0          0          0   entry2.o
         4          0          0          0          0          0   entry5.o
         0          0          0          0          0          0   entry7b.o
         0          0          0          0          0          0   entry8b.o
         8          4          0          0          0          0   entry9a.o
        30          0          0          0          0          0   handlers.o
        36          8          0          0          0         68   init.o
         0          0          0          0          0          0   iusefp.o
        30          0          0          0          0         68   llshl.o
        36          0          0          0          0         68   llsshr.o
        32          0          0          0          0         68   llushr.o
        36          0          0          0          0         68   memcpya.o
        36          0          0          0          0        108   memseta.o
       522         20          0          0          0        336   printf3.o
         0          0          0          4          0          0   stdout.o
        44          0          0          0          0         80   uidiv.o
        20          0          0          0          0         68   cfcmple.o
        20          0          0          0          0         68   cfrcmple.o
        56          0          0          0          0         88   d2f.o
       334          0          0          0          0        148   dadd.o
       222          0          0          0          0        100   ddiv.o
       186          0          0          0          0        176   depilogue.o
        62          0          0          0          0         80   dfixi.o
        34          0          0          0          0         76   dflti.o
       228          0          0          0          0         96   dmul.o
       176          0          0          0          0        140   fadd.o
       124          0          0          0          0         88   fdiv.o
       110          0          0          0          0        168   fepilogue.o
        50          0          0          0          0         68   ffixi.o
        40          0          0          0          0         68   ffixui.o
        18          0          0          0          0         68   fflti.o
        10          0          0          0          0         68   ffltui.o
       100          0          0          0          0         76   fmul.o

    ----------------------------------------------------------------------
      2704         36          0          4          0       2508   Library Totals
         6          0          0          0          0          0   (incl. Padding)

    ----------------------------------------------------------------------

      Code (inc. data)   RO Data    RW Data    ZI Data      Debug   Library Name

       908         36          0          4          0        864   mc_w.l
      1790          0          0          0          0       1644   mf_w.l

    ----------------------------------------------------------------------
      2704         36          0          4          0       2508   Library Totals

    ----------------------------------------------------------------------

==============================================================================


      Code (inc. data)   RO Data    RW Data    ZI Data      Debug   

     24966       1380       2426        996       7804     428688   Grand Totals
     24966       1380       2426        432       7804     428688   ELF Image Totals (compressed)
     24966       1380       2426        432          0          0   ROM Totals

==============================================================================

    Total RO  Size (Code + RO Data)                27392 (  26.75kB)
    Total RW  Size (RW Data + ZI Data)              8800 (   8.59kB)
    Total ROM Size (Code + RO Data + RW Data)      27824 (  27.17kB)

==============================================================================

