Component: ARM Compiler 5.06 (build 20) Tool: armlink [4d35a3]

==============================================================================

Section Cross References

    main.o(.text) refers to stm32f10x_gpio.o(.text) for GPIO_WriteBit
    main.o(.text) refers to printf1.o(i.__0printf$1) for __2printf
    main.o(.text) refers to tasktimemanager.o(.text) for DelayMS
    main.o(.text) refers to protocol.o(.text) for Protocol_Init
    main.o(.text) refers to combuff.o(.text) for ComBuff_Init
    main.o(.text) refers to stm32_devinit.o(.text) for Driver_MCU_Init
    main.o(.text) refers to main.o(.data) for led_flag
    stm32f10x_it.o(.text) refers to stm32f10x_usart.o(.text) for USART_GetITStatus
    protocolhandle.o(.text) refers to printf1.o(i.__0printf$1) for __2printf
    system_stm32f10x.o(.text) refers to system_stm32f10x.o(.data) for SystemCoreClock
    stm32f10x_gpio.o(.text) refers to stm32f10x_rcc.o(.text) for RCC_APB2PeriphResetCmd
    stm32f10x_rcc.o(.text) refers to stm32f10x_rcc.o(.data) for APBAHBPrescTable
    stm32f10x_spi.o(.text) refers to stm32f10x_rcc.o(.text) for RCC_APB2PeriphResetCmd
    stm32f10x_usart.o(.text) refers to stm32f10x_rcc.o(.text) for RCC_APB2PeriphResetCmd
    stm32f10x_tim.o(.text) refers to stm32f10x_rcc.o(.text) for RCC_APB2PeriphResetCmd
    startup_stm32f10x_hd.o(RESET) refers to startup_stm32f10x_hd.o(STACK) for __initial_sp
    startup_stm32f10x_hd.o(RESET) refers to startup_stm32f10x_hd.o(.text) for Reset_Handler
    startup_stm32f10x_hd.o(RESET) refers to stm32f10x_it.o(.text) for NMI_Handler
    startup_stm32f10x_hd.o(RESET) refers to tasktimemanager.o(.text) for SysTick_Handler
    startup_stm32f10x_hd.o(.text) refers to system_stm32f10x.o(.text) for SystemInit
    startup_stm32f10x_hd.o(.text) refers to entry.o(.ARM.Collect$$$$00000000) for __main
    driver.o(.text) refers to stm32f10x_spi.o(.text) for SPI_I2S_GetFlagStatus
    stm32_devinit.o(.text) refers to stm32f10x_gpio.o(.text) for GPIO_Init
    stm32_devinit.o(.text) refers to stm32f10x_rcc.o(.text) for RCC_APB2PeriphClockCmd
    stm32_devinit.o(.text) refers to stm32f10x_usart.o(.text) for USART_DeInit
    stm32_devinit.o(.text) refers to printf1.o(i.__0printf$1) for __2printf
    stm32_devinit.o(.text) refers to misc.o(.text) for NVIC_PriorityGroupConfig
    tool.o(.text) refers to misc.o(.text) for SysTick_CLKSourceConfig
    tool.o(.text) refers to memcpya.o(.text) for __aeabi_memcpy
    tool.o(.text) refers to system_stm32f10x.o(.data) for SystemCoreClock
    tool.o(.text) refers to tool.o(.data) for SysTick_Flag
    tool.o(.text) refers to tool.o(.bss) for queue_list
    tool.o(.text) refers to printf1.o(i.__0printf$1) for __2printf
    tool.o(.data) refers to tool.o(.bss) for TimeTaskInfo
    protocol.o(.text) refers to combuff.o(.text) for WriteByteToUSART
    protocol.o(.text) refers to tool.o(.text) for Queue_Init
    protocol.o(.text) refers to memcpya.o(.text) for __aeabi_memcpy4
    protocol.o(.text) refers to memseta.o(.text) for __aeabi_memclr4
    protocol.o(.text) refers to protocol.o(.data) for _head
    protocol.o(.text) refers to protocol.o(.bss) for _recv_buf
    protocol.o(.text) refers to protocolhandle.o(.text) for HeartBeat_P_Handle
    protocol.o(.data) refers to protocol.o(.bss) for _tmp_pi
    combuff.o(.text) refers to stm32f10x_usart.o(.text) for USART_GetFlagStatus
    combuff.o(.text) refers to tool.o(.text) for Queue_Put
    combuff.o(.text) refers to protocol.o(.text) for char_special
    combuff.o(.text) refers to combuff.o(.data) for Uart_Tx_Queue
    combuff.o(.text) refers to combuff.o(.bss) for _Uart_Tx_Buff
    tasktimemanager.o(.text) refers to misc.o(.text) for SysTick_CLKSourceConfig
    tasktimemanager.o(.text) refers to memseta.o(.text) for __aeabi_memclr4
    tasktimemanager.o(.text) refers to tasktimemanager.o(.bss) for TaskTimeLink
    tasktimemanager.o(.text) refers to system_stm32f10x.o(.data) for SystemCoreClock
    tasktimemanager.o(.text) refers to tasktimemanager.o(.data) for TaskTime_Head
    tasktimemanager.o(.data) refers to tasktimemanager.o(.bss) for OSInfo
    entry.o(.ARM.Collect$$$$00000000) refers (Special) to entry10a.o(.ARM.Collect$$$$0000000D) for __rt_final_cpp
    entry.o(.ARM.Collect$$$$00000000) refers (Special) to entry11a.o(.ARM.Collect$$$$0000000F) for __rt_final_exit
    entry.o(.ARM.Collect$$$$00000000) refers (Special) to entry7b.o(.ARM.Collect$$$$00000008) for _main_clock
    entry.o(.ARM.Collect$$$$00000000) refers (Special) to entry8b.o(.ARM.Collect$$$$0000000A) for _main_cpp_init
    entry.o(.ARM.Collect$$$$00000000) refers (Special) to entry9a.o(.ARM.Collect$$$$0000000B) for _main_init
    entry.o(.ARM.Collect$$$$00000000) refers (Special) to entry5.o(.ARM.Collect$$$$00000004) for _main_scatterload
    entry.o(.ARM.Collect$$$$00000000) refers (Special) to entry2.o(.ARM.Collect$$$$00000001) for _main_stk
    printfb.o(i.__0fprintf$bare) refers to printfb.o(i._printf_core) for _printf_core
    printfb.o(i.__0fprintf$bare) refers to combuff.o(.text) for fputc
    printfb.o(i.__0printf$bare) refers to printfb.o(i._printf_core) for _printf_core
    printfb.o(i.__0printf$bare) refers to combuff.o(.text) for fputc
    printfb.o(i.__0printf$bare) refers to stdout.o(.data) for __stdout
    printfb.o(i.__0snprintf$bare) refers to printfb.o(i._printf_core) for _printf_core
    printfb.o(i.__0snprintf$bare) refers to printfb.o(i._snputc) for _snputc
    printfb.o(i.__0sprintf$bare) refers to printfb.o(i._printf_core) for _printf_core
    printfb.o(i.__0sprintf$bare) refers to printfb.o(i._sputc) for _sputc
    printfb.o(i.__0vfprintf$bare) refers to printfb.o(i._printf_core) for _printf_core
    printfb.o(i.__0vfprintf$bare) refers to combuff.o(.text) for fputc
    printfb.o(i.__0vprintf$bare) refers to printfb.o(i._printf_core) for _printf_core
    printfb.o(i.__0vprintf$bare) refers to combuff.o(.text) for fputc
    printfb.o(i.__0vprintf$bare) refers to stdout.o(.data) for __stdout
    printfb.o(i.__0vsnprintf$bare) refers to printfb.o(i._printf_core) for _printf_core
    printfb.o(i.__0vsnprintf$bare) refers to printfb.o(i._snputc) for _snputc
    printfb.o(i.__0vsprintf$bare) refers to printfb.o(i._printf_core) for _printf_core
    printfb.o(i.__0vsprintf$bare) refers to printfb.o(i._sputc) for _sputc
    printf0.o(i.__0fprintf$0) refers to printf0.o(i._printf_core) for _printf_core
    printf0.o(i.__0fprintf$0) refers to combuff.o(.text) for fputc
    printf0.o(i.__0printf$0) refers to printf0.o(i._printf_core) for _printf_core
    printf0.o(i.__0printf$0) refers to combuff.o(.text) for fputc
    printf0.o(i.__0printf$0) refers to stdout.o(.data) for __stdout
    printf0.o(i.__0snprintf$0) refers to printf0.o(i._printf_core) for _printf_core
    printf0.o(i.__0snprintf$0) refers to printf0.o(i._snputc) for _snputc
    printf0.o(i.__0sprintf$0) refers to printf0.o(i._printf_core) for _printf_core
    printf0.o(i.__0sprintf$0) refers to printf0.o(i._sputc) for _sputc
    printf0.o(i.__0vfprintf$0) refers to printf0.o(i._printf_core) for _printf_core
    printf0.o(i.__0vfprintf$0) refers to combuff.o(.text) for fputc
    printf0.o(i.__0vprintf$0) refers to printf0.o(i._printf_core) for _printf_core
    printf0.o(i.__0vprintf$0) refers to combuff.o(.text) for fputc
    printf0.o(i.__0vprintf$0) refers to stdout.o(.data) for __stdout
    printf0.o(i.__0vsnprintf$0) refers to printf0.o(i._printf_core) for _printf_core
    printf0.o(i.__0vsnprintf$0) refers to printf0.o(i._snputc) for _snputc
    printf0.o(i.__0vsprintf$0) refers to printf0.o(i._printf_core) for _printf_core
    printf0.o(i.__0vsprintf$0) refers to printf0.o(i._sputc) for _sputc
    printf1.o(i.__0fprintf$1) refers to printf1.o(i._printf_core) for _printf_core
    printf1.o(i.__0fprintf$1) refers to combuff.o(.text) for fputc
    printf1.o(i.__0printf$1) refers to printf1.o(i._printf_core) for _printf_core
    printf1.o(i.__0printf$1) refers to combuff.o(.text) for fputc
    printf1.o(i.__0printf$1) refers to stdout.o(.data) for __stdout
    printf1.o(i.__0snprintf$1) refers to printf1.o(i._printf_core) for _printf_core
    printf1.o(i.__0snprintf$1) refers to printf1.o(i._snputc) for _snputc
    printf1.o(i.__0sprintf$1) refers to printf1.o(i._printf_core) for _printf_core
    printf1.o(i.__0sprintf$1) refers to printf1.o(i._sputc) for _sputc
    printf1.o(i.__0vfprintf$1) refers to printf1.o(i._printf_core) for _printf_core
    printf1.o(i.__0vfprintf$1) refers to combuff.o(.text) for fputc
    printf1.o(i.__0vprintf$1) refers to printf1.o(i._printf_core) for _printf_core
    printf1.o(i.__0vprintf$1) refers to combuff.o(.text) for fputc
    printf1.o(i.__0vprintf$1) refers to stdout.o(.data) for __stdout
    printf1.o(i.__0vsnprintf$1) refers to printf1.o(i._printf_core) for _printf_core
    printf1.o(i.__0vsnprintf$1) refers to printf1.o(i._snputc) for _snputc
    printf1.o(i.__0vsprintf$1) refers to printf1.o(i._printf_core) for _printf_core
    printf1.o(i.__0vsprintf$1) refers to printf1.o(i._sputc) for _sputc
    printf1.o(i._printf_core) refers to uidiv.o(.text) for __aeabi_uidivmod
    printf2.o(i.__0fprintf$2) refers to printf2.o(i._printf_core) for _printf_core
    printf2.o(i.__0fprintf$2) refers to combuff.o(.text) for fputc
    printf2.o(i.__0printf$2) refers to printf2.o(i._printf_core) for _printf_core
    printf2.o(i.__0printf$2) refers to combuff.o(.text) for fputc
    printf2.o(i.__0printf$2) refers to stdout.o(.data) for __stdout
    printf2.o(i.__0snprintf$2) refers to printf2.o(i._printf_core) for _printf_core
    printf2.o(i.__0snprintf$2) refers to printf2.o(i._snputc) for _snputc
    printf2.o(i.__0sprintf$2) refers to printf2.o(i._printf_core) for _printf_core
    printf2.o(i.__0sprintf$2) refers to printf2.o(i._sputc) for _sputc
    printf2.o(i.__0vfprintf$2) refers to printf2.o(i._printf_core) for _printf_core
    printf2.o(i.__0vfprintf$2) refers to combuff.o(.text) for fputc
    printf2.o(i.__0vprintf$2) refers to printf2.o(i._printf_core) for _printf_core
    printf2.o(i.__0vprintf$2) refers to combuff.o(.text) for fputc
    printf2.o(i.__0vprintf$2) refers to stdout.o(.data) for __stdout
    printf2.o(i.__0vsnprintf$2) refers to printf2.o(i._printf_core) for _printf_core
    printf2.o(i.__0vsnprintf$2) refers to printf2.o(i._snputc) for _snputc
    printf2.o(i.__0vsprintf$2) refers to printf2.o(i._printf_core) for _printf_core
    printf2.o(i.__0vsprintf$2) refers to printf2.o(i._sputc) for _sputc
    printf3.o(i.__0fprintf$3) refers to printf3.o(i._printf_core) for _printf_core
    printf3.o(i.__0fprintf$3) refers to combuff.o(.text) for fputc
    printf3.o(i.__0printf$3) refers to printf3.o(i._printf_core) for _printf_core
    printf3.o(i.__0printf$3) refers to combuff.o(.text) for fputc
    printf3.o(i.__0printf$3) refers to stdout.o(.data) for __stdout
    printf3.o(i.__0snprintf$3) refers to printf3.o(i._printf_core) for _printf_core
    printf3.o(i.__0snprintf$3) refers to printf3.o(i._snputc) for _snputc
    printf3.o(i.__0sprintf$3) refers to printf3.o(i._printf_core) for _printf_core
    printf3.o(i.__0sprintf$3) refers to printf3.o(i._sputc) for _sputc
    printf3.o(i.__0vfprintf$3) refers to printf3.o(i._printf_core) for _printf_core
    printf3.o(i.__0vfprintf$3) refers to combuff.o(.text) for fputc
    printf3.o(i.__0vprintf$3) refers to printf3.o(i._printf_core) for _printf_core
    printf3.o(i.__0vprintf$3) refers to combuff.o(.text) for fputc
    printf3.o(i.__0vprintf$3) refers to stdout.o(.data) for __stdout
    printf3.o(i.__0vsnprintf$3) refers to printf3.o(i._printf_core) for _printf_core
    printf3.o(i.__0vsnprintf$3) refers to printf3.o(i._snputc) for _snputc
    printf3.o(i.__0vsprintf$3) refers to printf3.o(i._printf_core) for _printf_core
    printf3.o(i.__0vsprintf$3) refers to printf3.o(i._sputc) for _sputc
    printf3.o(i._printf_core) refers to uidiv.o(.text) for __aeabi_uidivmod
    printf4.o(i.__0fprintf$4) refers to printf4.o(i._printf_core) for _printf_core
    printf4.o(i.__0fprintf$4) refers to combuff.o(.text) for fputc
    printf4.o(i.__0printf$4) refers to printf4.o(i._printf_core) for _printf_core
    printf4.o(i.__0printf$4) refers to combuff.o(.text) for fputc
    printf4.o(i.__0printf$4) refers to stdout.o(.data) for __stdout
    printf4.o(i.__0snprintf$4) refers to printf4.o(i._printf_core) for _printf_core
    printf4.o(i.__0snprintf$4) refers to printf4.o(i._snputc) for _snputc
    printf4.o(i.__0sprintf$4) refers to printf4.o(i._printf_core) for _printf_core
    printf4.o(i.__0sprintf$4) refers to printf4.o(i._sputc) for _sputc
    printf4.o(i.__0vfprintf$4) refers to printf4.o(i._printf_core) for _printf_core
    printf4.o(i.__0vfprintf$4) refers to combuff.o(.text) for fputc
    printf4.o(i.__0vprintf$4) refers to printf4.o(i._printf_core) for _printf_core
    printf4.o(i.__0vprintf$4) refers to combuff.o(.text) for fputc
    printf4.o(i.__0vprintf$4) refers to stdout.o(.data) for __stdout
    printf4.o(i.__0vsnprintf$4) refers to printf4.o(i._printf_core) for _printf_core
    printf4.o(i.__0vsnprintf$4) refers to printf4.o(i._snputc) for _snputc
    printf4.o(i.__0vsprintf$4) refers to printf4.o(i._printf_core) for _printf_core
    printf4.o(i.__0vsprintf$4) refers to printf4.o(i._sputc) for _sputc
    printf4.o(i._printf_core) refers to uldiv.o(.text) for __aeabi_uldivmod
    printf5.o(i.__0fprintf$5) refers to printf5.o(i._printf_core) for _printf_core
    printf5.o(i.__0fprintf$5) refers to combuff.o(.text) for fputc
    printf5.o(i.__0printf$5) refers to printf5.o(i._printf_core) for _printf_core
    printf5.o(i.__0printf$5) refers to combuff.o(.text) for fputc
    printf5.o(i.__0printf$5) refers to stdout.o(.data) for __stdout
    printf5.o(i.__0snprintf$5) refers to printf5.o(i._printf_core) for _printf_core
    printf5.o(i.__0snprintf$5) refers to printf5.o(i._snputc) for _snputc
    printf5.o(i.__0sprintf$5) refers to printf5.o(i._printf_core) for _printf_core
    printf5.o(i.__0sprintf$5) refers to printf5.o(i._sputc) for _sputc
    printf5.o(i.__0vfprintf$5) refers to printf5.o(i._printf_core) for _printf_core
    printf5.o(i.__0vfprintf$5) refers to combuff.o(.text) for fputc
    printf5.o(i.__0vprintf$5) refers to printf5.o(i._printf_core) for _printf_core
    printf5.o(i.__0vprintf$5) refers to combuff.o(.text) for fputc
    printf5.o(i.__0vprintf$5) refers to stdout.o(.data) for __stdout
    printf5.o(i.__0vsnprintf$5) refers to printf5.o(i._printf_core) for _printf_core
    printf5.o(i.__0vsnprintf$5) refers to printf5.o(i._snputc) for _snputc
    printf5.o(i.__0vsprintf$5) refers to printf5.o(i._printf_core) for _printf_core
    printf5.o(i.__0vsprintf$5) refers to printf5.o(i._sputc) for _sputc
    printf5.o(i._printf_core) refers to uldiv.o(.text) for __aeabi_uldivmod
    printf6.o(i.__0fprintf$6) refers to printf6.o(i._printf_core) for _printf_core
    printf6.o(i.__0fprintf$6) refers to combuff.o(.text) for fputc
    printf6.o(i.__0printf$6) refers to printf6.o(i._printf_core) for _printf_core
    printf6.o(i.__0printf$6) refers to combuff.o(.text) for fputc
    printf6.o(i.__0printf$6) refers to stdout.o(.data) for __stdout
    printf6.o(i.__0snprintf$6) refers to printf6.o(i._printf_core) for _printf_core
    printf6.o(i.__0snprintf$6) refers to printf6.o(i._snputc) for _snputc
    printf6.o(i.__0sprintf$6) refers to printf6.o(i._printf_core) for _printf_core
    printf6.o(i.__0sprintf$6) refers to printf6.o(i._sputc) for _sputc
    printf6.o(i.__0vfprintf$6) refers to printf6.o(i._printf_core) for _printf_core
    printf6.o(i.__0vfprintf$6) refers to combuff.o(.text) for fputc
    printf6.o(i.__0vprintf$6) refers to printf6.o(i._printf_core) for _printf_core
    printf6.o(i.__0vprintf$6) refers to combuff.o(.text) for fputc
    printf6.o(i.__0vprintf$6) refers to stdout.o(.data) for __stdout
    printf6.o(i.__0vsnprintf$6) refers to printf6.o(i._printf_core) for _printf_core
    printf6.o(i.__0vsnprintf$6) refers to printf6.o(i._snputc) for _snputc
    printf6.o(i.__0vsprintf$6) refers to printf6.o(i._printf_core) for _printf_core
    printf6.o(i.__0vsprintf$6) refers to printf6.o(i._sputc) for _sputc
    printf6.o(i._printf_core) refers to printf6.o(i._printf_pre_padding) for _printf_pre_padding
    printf6.o(i._printf_core) refers to uidiv.o(.text) for __aeabi_uidivmod
    printf6.o(i._printf_core) refers to printf6.o(i._printf_post_padding) for _printf_post_padding
    printf7.o(i.__0fprintf$7) refers to printf7.o(i._printf_core) for _printf_core
    printf7.o(i.__0fprintf$7) refers to combuff.o(.text) for fputc
    printf7.o(i.__0printf$7) refers to printf7.o(i._printf_core) for _printf_core
    printf7.o(i.__0printf$7) refers to combuff.o(.text) for fputc
    printf7.o(i.__0printf$7) refers to stdout.o(.data) for __stdout
    printf7.o(i.__0snprintf$7) refers to printf7.o(i._printf_core) for _printf_core
    printf7.o(i.__0snprintf$7) refers to printf7.o(i._snputc) for _snputc
    printf7.o(i.__0sprintf$7) refers to printf7.o(i._printf_core) for _printf_core
    printf7.o(i.__0sprintf$7) refers to printf7.o(i._sputc) for _sputc
    printf7.o(i.__0vfprintf$7) refers to printf7.o(i._printf_core) for _printf_core
    printf7.o(i.__0vfprintf$7) refers to combuff.o(.text) for fputc
    printf7.o(i.__0vprintf$7) refers to printf7.o(i._printf_core) for _printf_core
    printf7.o(i.__0vprintf$7) refers to combuff.o(.text) for fputc
    printf7.o(i.__0vprintf$7) refers to stdout.o(.data) for __stdout
    printf7.o(i.__0vsnprintf$7) refers to printf7.o(i._printf_core) for _printf_core
    printf7.o(i.__0vsnprintf$7) refers to printf7.o(i._snputc) for _snputc
    printf7.o(i.__0vsprintf$7) refers to printf7.o(i._printf_core) for _printf_core
    printf7.o(i.__0vsprintf$7) refers to printf7.o(i._sputc) for _sputc
    printf7.o(i._printf_core) refers to printf7.o(i._printf_pre_padding) for _printf_pre_padding
    printf7.o(i._printf_core) refers to uldiv.o(.text) for __aeabi_uldivmod
    printf7.o(i._printf_core) refers to printf7.o(i._printf_post_padding) for _printf_post_padding
    printf8.o(i.__0fprintf$8) refers to printf8.o(i._printf_core) for _printf_core
    printf8.o(i.__0fprintf$8) refers to combuff.o(.text) for fputc
    printf8.o(i.__0printf$8) refers to printf8.o(i._printf_core) for _printf_core
    printf8.o(i.__0printf$8) refers to combuff.o(.text) for fputc
    printf8.o(i.__0printf$8) refers to stdout.o(.data) for __stdout
    printf8.o(i.__0snprintf$8) refers to printf8.o(i._printf_core) for _printf_core
    printf8.o(i.__0snprintf$8) refers to printf8.o(i._snputc) for _snputc
    printf8.o(i.__0sprintf$8) refers to printf8.o(i._printf_core) for _printf_core
    printf8.o(i.__0sprintf$8) refers to printf8.o(i._sputc) for _sputc
    printf8.o(i.__0vfprintf$8) refers to printf8.o(i._printf_core) for _printf_core
    printf8.o(i.__0vfprintf$8) refers to combuff.o(.text) for fputc
    printf8.o(i.__0vprintf$8) refers to printf8.o(i._printf_core) for _printf_core
    printf8.o(i.__0vprintf$8) refers to combuff.o(.text) for fputc
    printf8.o(i.__0vprintf$8) refers to stdout.o(.data) for __stdout
    printf8.o(i.__0vsnprintf$8) refers to printf8.o(i._printf_core) for _printf_core
    printf8.o(i.__0vsnprintf$8) refers to printf8.o(i._snputc) for _snputc
    printf8.o(i.__0vsprintf$8) refers to printf8.o(i._printf_core) for _printf_core
    printf8.o(i.__0vsprintf$8) refers to printf8.o(i._sputc) for _sputc
    printf8.o(i._printf_core) refers to printf8.o(i._printf_pre_padding) for _printf_pre_padding
    printf8.o(i._printf_core) refers to uldiv.o(.text) for __aeabi_uldivmod
    printf8.o(i._printf_core) refers to printf8.o(i._printf_post_padding) for _printf_post_padding
    printfa.o(i.__0fprintf) refers (Special) to iusefp.o(.text) for __I$use$fp
    printfa.o(i.__0fprintf) refers to printfa.o(i._printf_core) for _printf_core
    printfa.o(i.__0fprintf) refers to combuff.o(.text) for fputc
    printfa.o(i.__0printf) refers (Special) to iusefp.o(.text) for __I$use$fp
    printfa.o(i.__0printf) refers to printfa.o(i._printf_core) for _printf_core
    printfa.o(i.__0printf) refers to combuff.o(.text) for fputc
    printfa.o(i.__0printf) refers to stdout.o(.data) for __stdout
    printfa.o(i.__0snprintf) refers (Special) to iusefp.o(.text) for __I$use$fp
    printfa.o(i.__0snprintf) refers to printfa.o(i._printf_core) for _printf_core
    printfa.o(i.__0snprintf) refers to printfa.o(i._snputc) for _snputc
    printfa.o(i.__0sprintf) refers (Special) to iusefp.o(.text) for __I$use$fp
    printfa.o(i.__0sprintf) refers to printfa.o(i._printf_core) for _printf_core
    printfa.o(i.__0sprintf) refers to printfa.o(i._sputc) for _sputc
    printfa.o(i.__0vfprintf) refers (Special) to iusefp.o(.text) for __I$use$fp
    printfa.o(i.__0vfprintf) refers to printfa.o(i._printf_core) for _printf_core
    printfa.o(i.__0vfprintf) refers to combuff.o(.text) for fputc
    printfa.o(i.__0vprintf) refers (Special) to iusefp.o(.text) for __I$use$fp
    printfa.o(i.__0vprintf) refers to printfa.o(i._printf_core) for _printf_core
    printfa.o(i.__0vprintf) refers to combuff.o(.text) for fputc
    printfa.o(i.__0vprintf) refers to stdout.o(.data) for __stdout
    printfa.o(i.__0vsnprintf) refers (Special) to iusefp.o(.text) for __I$use$fp
    printfa.o(i.__0vsnprintf) refers to printfa.o(i._printf_core) for _printf_core
    printfa.o(i.__0vsnprintf) refers to printfa.o(i._snputc) for _snputc
    printfa.o(i.__0vsprintf) refers (Special) to iusefp.o(.text) for __I$use$fp
    printfa.o(i.__0vsprintf) refers to printfa.o(i._printf_core) for _printf_core
    printfa.o(i.__0vsprintf) refers to printfa.o(i._sputc) for _sputc
    printfa.o(i._fp_digits) refers (Special) to iusefp.o(.text) for __I$use$fp
    printfa.o(i._fp_digits) refers to dmul.o(.text) for __aeabi_dmul
    printfa.o(i._fp_digits) refers to ddiv.o(.text) for __aeabi_ddiv
    printfa.o(i._fp_digits) refers to cdrcmple.o(.text) for __aeabi_cdrcmple
    printfa.o(i._fp_digits) refers to dadd.o(.text) for __aeabi_dadd
    printfa.o(i._fp_digits) refers to dfixul.o(.text) for __aeabi_d2ulz
    printfa.o(i._fp_digits) refers to uldiv.o(.text) for __aeabi_uldivmod
    printfa.o(i._printf_core) refers (Special) to iusefp.o(.text) for __I$use$fp
    printfa.o(i._printf_core) refers to printfa.o(i._printf_pre_padding) for _printf_pre_padding
    printfa.o(i._printf_core) refers to uldiv.o(.text) for __aeabi_uldivmod
    printfa.o(i._printf_core) refers to printfa.o(i._printf_post_padding) for _printf_post_padding
    printfa.o(i._printf_core) refers to printfa.o(i._fp_digits) for _fp_digits
    printfa.o(i._printf_core) refers to uidiv.o(.text) for __aeabi_uidivmod
    printfa.o(i._printf_post_padding) refers (Special) to iusefp.o(.text) for __I$use$fp
    printfa.o(i._printf_pre_padding) refers (Special) to iusefp.o(.text) for __I$use$fp
    printfa.o(i._snputc) refers (Special) to iusefp.o(.text) for __I$use$fp
    printfa.o(i._sputc) refers (Special) to iusefp.o(.text) for __I$use$fp
    entry2.o(.ARM.Collect$$$$00000001) refers to entry2.o(.ARM.Collect$$$$00002712) for __lit__00000000
    entry2.o(.ARM.Collect$$$$00002712) refers to startup_stm32f10x_hd.o(STACK) for __initial_sp
    entry2.o(__vectab_stack_and_reset_area) refers to startup_stm32f10x_hd.o(STACK) for __initial_sp
    entry2.o(__vectab_stack_and_reset_area) refers to entry.o(.ARM.Collect$$$$00000000) for __main
    entry5.o(.ARM.Collect$$$$00000004) refers to init.o(.text) for __scatterload
    entry9a.o(.ARM.Collect$$$$0000000B) refers to main.o(.text) for main
    entry9b.o(.ARM.Collect$$$$0000000C) refers to main.o(.text) for main
    uldiv.o(.text) refers to llushr.o(.text) for __aeabi_llsr
    uldiv.o(.text) refers to llshl.o(.text) for __aeabi_llsl
    dadd.o(.text) refers to llshl.o(.text) for __aeabi_llsl
    dadd.o(.text) refers to llsshr.o(.text) for __aeabi_lasr
    dadd.o(.text) refers to depilogue.o(.text) for _double_epilogue
    dmul.o(.text) refers to depilogue.o(.text) for _double_epilogue
    ddiv.o(.text) refers to depilogue.o(.text) for _double_round
    dfixul.o(.text) refers to llushr.o(.text) for __aeabi_llsr
    dfixul.o(.text) refers to llshl.o(.text) for __aeabi_llsl
    init.o(.text) refers to entry5.o(.ARM.Collect$$$$00000004) for __main_after_scatterload
    depilogue.o(.text) refers to llshl.o(.text) for __aeabi_llsl
    depilogue.o(.text) refers to llushr.o(.text) for __aeabi_llsr


==============================================================================

Removing Unused input sections from the image.

    Removing core_cm3.o(.emb_text), (32 bytes).
    Removing stm32f10x_spi.o(.text), (780 bytes).
    Removing stm32f10x_tim.o(.text), (3610 bytes).
    Removing startup_stm32f10x_hd.o(HEAP), (512 bytes).
    Removing driver.o(.text), (110 bytes).
    Removing dadd.o(.text), (334 bytes).
    Removing dmul.o(.text), (228 bytes).
    Removing ddiv.o(.text), (222 bytes).
    Removing dfixul.o(.text), (48 bytes).
    Removing cdrcmple.o(.text), (48 bytes).
    Removing depilogue.o(.text), (186 bytes).

11 unused section(s) (total 6110 bytes) removed from the image.

==============================================================================

Image Symbol Table

    Local Symbols

    Symbol Name                              Value     Ov Type        Size  Object(Section)

    ../clib/microlib/division.c              0x00000000   Number         0  uldiv.o ABSOLUTE
    ../clib/microlib/division.c              0x00000000   Number         0  uidiv.o ABSOLUTE
    ../clib/microlib/init/entry.s            0x00000000   Number         0  entry10b.o ABSOLUTE
    ../clib/microlib/init/entry.s            0x00000000   Number         0  entry.o ABSOLUTE
    ../clib/microlib/init/entry.s            0x00000000   Number         0  entry11a.o ABSOLUTE
    ../clib/microlib/init/entry.s            0x00000000   Number         0  entry5.o ABSOLUTE
    ../clib/microlib/init/entry.s            0x00000000   Number         0  entry7a.o ABSOLUTE
    ../clib/microlib/init/entry.s            0x00000000   Number         0  entry7b.o ABSOLUTE
    ../clib/microlib/init/entry.s            0x00000000   Number         0  entry11b.o ABSOLUTE
    ../clib/microlib/init/entry.s            0x00000000   Number         0  entry8b.o ABSOLUTE
    ../clib/microlib/init/entry.s            0x00000000   Number         0  entry9a.o ABSOLUTE
    ../clib/microlib/init/entry.s            0x00000000   Number         0  entry9b.o ABSOLUTE
    ../clib/microlib/init/entry.s            0x00000000   Number         0  entry10a.o ABSOLUTE
    ../clib/microlib/init/entry.s            0x00000000   Number         0  entry8a.o ABSOLUTE
    ../clib/microlib/init/entry.s            0x00000000   Number         0  entry2.o ABSOLUTE
    ../clib/microlib/longlong.c              0x00000000   Number         0  llsshr.o ABSOLUTE
    ../clib/microlib/longlong.c              0x00000000   Number         0  llushr.o ABSOLUTE
    ../clib/microlib/longlong.c              0x00000000   Number         0  llshl.o ABSOLUTE
    ../clib/microlib/printf/printf.c         0x00000000   Number         0  printf8.o ABSOLUTE
    ../clib/microlib/printf/printf.c         0x00000000   Number         0  printf7.o ABSOLUTE
    ../clib/microlib/printf/printf.c         0x00000000   Number         0  printf6.o ABSOLUTE
    ../clib/microlib/printf/printf.c         0x00000000   Number         0  printf4.o ABSOLUTE
    ../clib/microlib/printf/printf.c         0x00000000   Number         0  printf2.o ABSOLUTE
    ../clib/microlib/printf/printf.c         0x00000000   Number         0  printf1.o ABSOLUTE
    ../clib/microlib/printf/printf.c         0x00000000   Number         0  printf0.o ABSOLUTE
    ../clib/microlib/printf/printf.c         0x00000000   Number         0  printfb.o ABSOLUTE
    ../clib/microlib/printf/printf.c         0x00000000   Number         0  printf3.o ABSOLUTE
    ../clib/microlib/printf/printf.c         0x00000000   Number         0  printfa.o ABSOLUTE
    ../clib/microlib/printf/printf.c         0x00000000   Number         0  printf5.o ABSOLUTE
    ../clib/microlib/printf/stubs.s          0x00000000   Number         0  stubs.o ABSOLUTE
    ../clib/microlib/stdio/streams.c         0x00000000   Number         0  stdout.o ABSOLUTE
    ../clib/microlib/string/memcpy.c         0x00000000   Number         0  memcpya.o ABSOLUTE
    ../clib/microlib/string/memcpy.c         0x00000000   Number         0  memcpyb.o ABSOLUTE
    ../clib/microlib/string/memset.c         0x00000000   Number         0  memseta.o ABSOLUTE
    ../clib/microlib/stubs.s                 0x00000000   Number         0  iusefp.o ABSOLUTE
    ../fplib/microlib/fpadd.c                0x00000000   Number         0  dadd.o ABSOLUTE
    ../fplib/microlib/fpdiv.c                0x00000000   Number         0  ddiv.o ABSOLUTE
    ../fplib/microlib/fpepilogue.c           0x00000000   Number         0  depilogue.o ABSOLUTE
    ../fplib/microlib/fpfix.c                0x00000000   Number         0  dfixul.o ABSOLUTE
    ../fplib/microlib/fpmul.c                0x00000000   Number         0  dmul.o ABSOLUTE
    ..\CMSIS\CM3\CoreSupport\core_cm3.c      0x00000000   Number         0  core_cm3.o ABSOLUTE
    ..\CMSIS\CM3\DeviceSupport\ST\STM32F10x\system_stm32f10x.c 0x00000000   Number         0  system_stm32f10x.o ABSOLUTE
    ..\Driver\ComBuff.c                      0x00000000   Number         0  combuff.o ABSOLUTE
    ..\Driver\Driver.c                       0x00000000   Number         0  driver.o ABSOLUTE
    ..\Driver\STM32_DevInit.c                0x00000000   Number         0  stm32_devinit.o ABSOLUTE
    ..\Driver\TaskTimeManager.c              0x00000000   Number         0  tasktimemanager.o ABSOLUTE
    ..\Driver\protocol.c                     0x00000000   Number         0  protocol.o ABSOLUTE
    ..\Driver\tool.c                         0x00000000   Number         0  tool.o ABSOLUTE
    ..\Libraries\src\misc.c                  0x00000000   Number         0  misc.o ABSOLUTE
    ..\Libraries\src\stm32f10x_gpio.c        0x00000000   Number         0  stm32f10x_gpio.o ABSOLUTE
    ..\Libraries\src\stm32f10x_rcc.c         0x00000000   Number         0  stm32f10x_rcc.o ABSOLUTE
    ..\Libraries\src\stm32f10x_spi.c         0x00000000   Number         0  stm32f10x_spi.o ABSOLUTE
    ..\Libraries\src\stm32f10x_tim.c         0x00000000   Number         0  stm32f10x_tim.o ABSOLUTE
    ..\Libraries\src\stm32f10x_usart.c       0x00000000   Number         0  stm32f10x_usart.o ABSOLUTE
    ..\Startup\startup_stm32f10x_hd.s        0x00000000   Number         0  startup_stm32f10x_hd.o ABSOLUTE
    ..\USER\ProtocolHandle.c                 0x00000000   Number         0  protocolhandle.o ABSOLUTE
    ..\USER\main.c                           0x00000000   Number         0  main.o ABSOLUTE
    ..\USER\stm32f10x_it.c                   0x00000000   Number         0  stm32f10x_it.o ABSOLUTE
    ..\\CMSIS\\CM3\\CoreSupport\\core_cm3.c  0x00000000   Number         0  core_cm3.o ABSOLUTE
    cdrcmple.s                               0x00000000   Number         0  cdrcmple.o ABSOLUTE
    dc.s                                     0x00000000   Number         0  dc.o ABSOLUTE
    handlers.s                               0x00000000   Number         0  handlers.o ABSOLUTE
    init.s                                   0x00000000   Number         0  init.o ABSOLUTE
    RESET                                    0x08000000   Section      304  startup_stm32f10x_hd.o(RESET)
    .ARM.Collect$$$$00000000                 0x08000130   Section        0  entry.o(.ARM.Collect$$$$00000000)
    .ARM.Collect$$$$00000001                 0x08000130   Section        4  entry2.o(.ARM.Collect$$$$00000001)
    .ARM.Collect$$$$00000004                 0x08000134   Section        4  entry5.o(.ARM.Collect$$$$00000004)
    .ARM.Collect$$$$00000008                 0x08000138   Section        0  entry7b.o(.ARM.Collect$$$$00000008)
    .ARM.Collect$$$$0000000A                 0x08000138   Section        0  entry8b.o(.ARM.Collect$$$$0000000A)
    .ARM.Collect$$$$0000000B                 0x08000138   Section        8  entry9a.o(.ARM.Collect$$$$0000000B)
    .ARM.Collect$$$$0000000D                 0x08000140   Section        0  entry10a.o(.ARM.Collect$$$$0000000D)
    .ARM.Collect$$$$0000000F                 0x08000140   Section        0  entry11a.o(.ARM.Collect$$$$0000000F)
    .ARM.Collect$$$$00002712                 0x08000140   Section        4  entry2.o(.ARM.Collect$$$$00002712)
    __lit__00000000                          0x08000140   Data           4  entry2.o(.ARM.Collect$$$$00002712)
    .text                                    0x08000144   Section        0  main.o(.text)
    .text                                    0x0800021c   Section        0  stm32f10x_it.o(.text)
    .text                                    0x08000264   Section        0  protocolhandle.o(.text)
    .text                                    0x080002d0   Section        0  system_stm32f10x.o(.text)
    SetSysClockTo72                          0x080002d1   Thumb Code   214  system_stm32f10x.o(.text)
    SetSysClock                              0x080003a7   Thumb Code     8  system_stm32f10x.o(.text)
    .text                                    0x080004b0   Section        0  stm32f10x_gpio.o(.text)
    .text                                    0x0800080c   Section        0  stm32f10x_rcc.o(.text)
    .text                                    0x08000bb0   Section        0  stm32f10x_usart.o(.text)
    .text                                    0x08000fb8   Section        0  misc.o(.text)
    .text                                    0x08001094   Section       36  startup_stm32f10x_hd.o(.text)
    .text                                    0x080010b8   Section        0  stm32_devinit.o(.text)
    .text                                    0x08001274   Section        0  tool.o(.text)
    .text                                    0x08001a3c   Section        0  protocol.o(.text)
    .text                                    0x08001dc0   Section        0  combuff.o(.text)
    .text                                    0x08001ef0   Section        0  tasktimemanager.o(.text)
    .text                                    0x08002488   Section        0  memcpya.o(.text)
    .text                                    0x080024ac   Section        0  memseta.o(.text)
    .text                                    0x080024d0   Section        0  uidiv.o(.text)
    .text                                    0x080024fc   Section       36  init.o(.text)
    i.__0printf$1                            0x08002520   Section        0  printf1.o(i.__0printf$1)
    i.__scatterload_copy                     0x08002540   Section       14  handlers.o(i.__scatterload_copy)
    i.__scatterload_null                     0x0800254e   Section        2  handlers.o(i.__scatterload_null)
    i.__scatterload_zeroinit                 0x08002550   Section       14  handlers.o(i.__scatterload_zeroinit)
    i._printf_core                           0x08002560   Section        0  printf1.o(i._printf_core)
    _printf_core                             0x08002561   Thumb Code   336  printf1.o(i._printf_core)
    .data                                    0x20000000   Section        8  main.o(.data)
    .data                                    0x20000008   Section       20  system_stm32f10x.o(.data)
    .data                                    0x2000001c   Section       20  stm32f10x_rcc.o(.data)
    APBAHBPrescTable                         0x2000001c   Data          16  stm32f10x_rcc.o(.data)
    ADCPrescTable                            0x2000002c   Data           4  stm32f10x_rcc.o(.data)
    .data                                    0x20000030   Section       16  tool.o(.data)
    .data                                    0x20000040   Section       20  protocol.o(.data)
    _recv_index                              0x20000048   Data           1  protocol.o(.data)
    _head                                    0x20000049   Data           1  protocol.o(.data)
    _is_FE                                   0x2000004a   Data           1  protocol.o(.data)
    _is_F8                                   0x2000004b   Data           1  protocol.o(.data)
    _sum                                     0x2000004c   Data           2  protocol.o(.data)
    _send_index                              0x2000004e   Data           1  protocol.o(.data)
    .data                                    0x20000054   Section        4  combuff.o(.data)
    .data                                    0x20000058   Section       20  tasktimemanager.o(.data)
    tmpTaskTime                              0x2000005c   Data           4  tasktimemanager.o(.data)
    prevTaskTime                             0x20000060   Data           4  tasktimemanager.o(.data)
    newTaskTime                              0x20000064   Data           4  tasktimemanager.o(.data)
    nextTaskTime                             0x20000068   Data           4  tasktimemanager.o(.data)
    .data                                    0x2000006c   Section        4  stdout.o(.data)
    .bss                                     0x20000070   Section      884  tool.o(.bss)
    .bss                                     0x200003e4   Section     1327  protocol.o(.bss)
    _recv_buf                                0x200008f4   Data          31  protocol.o(.bss)
    .bss                                     0x20000913   Section     1000  combuff.o(.bss)
    _Uart_Tx_Buff                            0x20000913   Data        1000  combuff.o(.bss)
    .bss                                     0x20000cfc   Section     2084  tasktimemanager.o(.bss)
    TaskTimeLink                             0x20000cfc   Data        2048  tasktimemanager.o(.bss)
    STACK                                    0x20001520   Section     1024  startup_stm32f10x_hd.o(STACK)

    Global Symbols

    Symbol Name                              Value     Ov Type        Size  Object(Section)

    BuildAttributes$$THM_ISAv4$P$D$K$B$S$PE$A:L22UL41UL21$X:L11$S22US41US21$IEEE1$IW$USESV6$~STKCKD$USESV7$~SHL$OSPACE$ROPI$EBA8$MICROLIB$REQ8$PRES8$EABIv2 0x00000000   Number         0  anon$$obj.o ABSOLUTE
    __ARM_use_no_argv                        0x00000000   Number         0  main.o ABSOLUTE
    _printf_a                                0x00000000   Number         0  stubs.o ABSOLUTE
    _printf_c                                0x00000000   Number         0  stubs.o ABSOLUTE
    _printf_charcount                        0x00000000   Number         0  stubs.o ABSOLUTE
    _printf_d                                0x00000000   Number         0  stubs.o ABSOLUTE
    _printf_e                                0x00000000   Number         0  stubs.o ABSOLUTE
    _printf_f                                0x00000000   Number         0  stubs.o ABSOLUTE
    _printf_flags                            0x00000000   Number         0  stubs.o ABSOLUTE
    _printf_fp_dec                           0x00000000   Number         0  stubs.o ABSOLUTE
    _printf_fp_hex                           0x00000000   Number         0  stubs.o ABSOLUTE
    _printf_g                                0x00000000   Number         0  stubs.o ABSOLUTE
    _printf_i                                0x00000000   Number         0  stubs.o ABSOLUTE
    _printf_int_dec                          0x00000000   Number         0  stubs.o ABSOLUTE
    _printf_l                                0x00000000   Number         0  stubs.o ABSOLUTE
    _printf_lc                               0x00000000   Number         0  stubs.o ABSOLUTE
    _printf_ll                               0x00000000   Number         0  stubs.o ABSOLUTE
    _printf_lld                              0x00000000   Number         0  stubs.o ABSOLUTE
    _printf_lli                              0x00000000   Number         0  stubs.o ABSOLUTE
    _printf_llo                              0x00000000   Number         0  stubs.o ABSOLUTE
    _printf_llu                              0x00000000   Number         0  stubs.o ABSOLUTE
    _printf_llx                              0x00000000   Number         0  stubs.o ABSOLUTE
    _printf_longlong_dec                     0x00000000   Number         0  stubs.o ABSOLUTE
    _printf_longlong_hex                     0x00000000   Number         0  stubs.o ABSOLUTE
    _printf_longlong_oct                     0x00000000   Number         0  stubs.o ABSOLUTE
    _printf_ls                               0x00000000   Number         0  stubs.o ABSOLUTE
    _printf_mbtowc                           0x00000000   Number         0  stubs.o ABSOLUTE
    _printf_n                                0x00000000   Number         0  stubs.o ABSOLUTE
    _printf_o                                0x00000000   Number         0  stubs.o ABSOLUTE
    _printf_p                                0x00000000   Number         0  stubs.o ABSOLUTE
    _printf_percent                          0x00000000   Number         0  stubs.o ABSOLUTE
    _printf_pre_padding                      0x00000000   Number         0  stubs.o ABSOLUTE
    _printf_return_value                     0x00000000   Number         0  stubs.o ABSOLUTE
    _printf_s                                0x00000000   Number         0  stubs.o ABSOLUTE
    _printf_sizespec                         0x00000000   Number         0  stubs.o ABSOLUTE
    _printf_str                              0x00000000   Number         0  stubs.o ABSOLUTE
    _printf_truncate_signed                  0x00000000   Number         0  stubs.o ABSOLUTE
    _printf_truncate_unsigned                0x00000000   Number         0  stubs.o ABSOLUTE
    _printf_u                                0x00000000   Number         0  stubs.o ABSOLUTE
    _printf_wc                               0x00000000   Number         0  stubs.o ABSOLUTE
    _printf_wctomb                           0x00000000   Number         0  stubs.o ABSOLUTE
    _printf_widthprec                        0x00000000   Number         0  stubs.o ABSOLUTE
    _printf_x                                0x00000000   Number         0  stubs.o ABSOLUTE
    __cpp_initialize__aeabi_                  - Undefined Weak Reference
    __cxa_finalize                            - Undefined Weak Reference
    __decompress                              - Undefined Weak Reference
    _clock_init                               - Undefined Weak Reference
    _microlib_exit                            - Undefined Weak Reference
    __Vectors_Size                           0x00000130   Number         0  startup_stm32f10x_hd.o ABSOLUTE
    __Vectors                                0x08000000   Data           4  startup_stm32f10x_hd.o(RESET)
    __Vectors_End                            0x08000130   Data           0  startup_stm32f10x_hd.o(RESET)
    __main                                   0x08000131   Thumb Code     0  entry.o(.ARM.Collect$$$$00000000)
    _main_stk                                0x08000131   Thumb Code     0  entry2.o(.ARM.Collect$$$$00000001)
    _main_scatterload                        0x08000135   Thumb Code     0  entry5.o(.ARM.Collect$$$$00000004)
    __main_after_scatterload                 0x08000139   Thumb Code     0  entry5.o(.ARM.Collect$$$$00000004)
    _main_clock                              0x08000139   Thumb Code     0  entry7b.o(.ARM.Collect$$$$00000008)
    _main_cpp_init                           0x08000139   Thumb Code     0  entry8b.o(.ARM.Collect$$$$0000000A)
    _main_init                               0x08000139   Thumb Code     0  entry9a.o(.ARM.Collect$$$$0000000B)
    __rt_final_cpp                           0x08000141   Thumb Code     0  entry10a.o(.ARM.Collect$$$$0000000D)
    __rt_final_exit                          0x08000141   Thumb Code     0  entry11a.o(.ARM.Collect$$$$0000000F)
    LED_TEST                                 0x08000145   Thumb Code    40  main.o(.text)
    test1                                    0x0800016d   Thumb Code    10  main.o(.text)
    test2                                    0x08000177   Thumb Code    10  main.o(.text)
    test3                                    0x08000181   Thumb Code    16  main.o(.text)
    test4                                    0x08000191   Thumb Code    10  main.o(.text)
    main                                     0x0800019b   Thumb Code    70  main.o(.text)
    NMI_Handler                              0x0800021d   Thumb Code     2  stm32f10x_it.o(.text)
    HardFault_Handler                        0x0800021f   Thumb Code     4  stm32f10x_it.o(.text)
    MemManage_Handler                        0x08000223   Thumb Code     4  stm32f10x_it.o(.text)
    BusFault_Handler                         0x08000227   Thumb Code     4  stm32f10x_it.o(.text)
    UsageFault_Handler                       0x0800022b   Thumb Code     4  stm32f10x_it.o(.text)
    SVC_Handler                              0x0800022f   Thumb Code     2  stm32f10x_it.o(.text)
    DebugMon_Handler                         0x08000231   Thumb Code     2  stm32f10x_it.o(.text)
    PendSV_Handler                           0x08000233   Thumb Code     2  stm32f10x_it.o(.text)
    USART1_IRQHandler                        0x08000235   Thumb Code    42  stm32f10x_it.o(.text)
    HeartBeat_P_Handle                       0x08000265   Thumb Code    20  protocolhandle.o(.text)
    Run_P_Handle                             0x08000279   Thumb Code    18  protocolhandle.o(.text)
    Rotate_P_Handle                          0x0800028b   Thumb Code    18  protocolhandle.o(.text)
    SystemInit                               0x080003af   Thumb Code    78  system_stm32f10x.o(.text)
    SystemCoreClockUpdate                    0x080003fd   Thumb Code   142  system_stm32f10x.o(.text)
    GPIO_DeInit                              0x080004b1   Thumb Code   172  stm32f10x_gpio.o(.text)
    GPIO_AFIODeInit                          0x0800055d   Thumb Code    20  stm32f10x_gpio.o(.text)
    GPIO_Init                                0x08000571   Thumb Code   278  stm32f10x_gpio.o(.text)
    GPIO_StructInit                          0x08000687   Thumb Code    16  stm32f10x_gpio.o(.text)
    GPIO_ReadInputDataBit                    0x08000697   Thumb Code    18  stm32f10x_gpio.o(.text)
    GPIO_ReadInputData                       0x080006a9   Thumb Code     8  stm32f10x_gpio.o(.text)
    GPIO_ReadOutputDataBit                   0x080006b1   Thumb Code    18  stm32f10x_gpio.o(.text)
    GPIO_ReadOutputData                      0x080006c3   Thumb Code     8  stm32f10x_gpio.o(.text)
    GPIO_SetBits                             0x080006cb   Thumb Code     4  stm32f10x_gpio.o(.text)
    GPIO_ResetBits                           0x080006cf   Thumb Code     4  stm32f10x_gpio.o(.text)
    GPIO_WriteBit                            0x080006d3   Thumb Code    10  stm32f10x_gpio.o(.text)
    GPIO_Write                               0x080006dd   Thumb Code     4  stm32f10x_gpio.o(.text)
    GPIO_PinLockConfig                       0x080006e1   Thumb Code    18  stm32f10x_gpio.o(.text)
    GPIO_EventOutputConfig                   0x080006f3   Thumb Code    26  stm32f10x_gpio.o(.text)
    GPIO_EventOutputCmd                      0x0800070d   Thumb Code     6  stm32f10x_gpio.o(.text)
    GPIO_PinRemapConfig                      0x08000713   Thumb Code   138  stm32f10x_gpio.o(.text)
    GPIO_EXTILineConfig                      0x0800079d   Thumb Code    66  stm32f10x_gpio.o(.text)
    GPIO_ETH_MediaInterfaceConfig            0x080007df   Thumb Code     8  stm32f10x_gpio.o(.text)
    RCC_DeInit                               0x0800080d   Thumb Code    64  stm32f10x_rcc.o(.text)
    RCC_HSEConfig                            0x0800084d   Thumb Code    70  stm32f10x_rcc.o(.text)
    RCC_GetFlagStatus                        0x08000893   Thumb Code    56  stm32f10x_rcc.o(.text)
    RCC_WaitForHSEStartUp                    0x080008cb   Thumb Code    56  stm32f10x_rcc.o(.text)
    RCC_AdjustHSICalibrationValue            0x08000903   Thumb Code    20  stm32f10x_rcc.o(.text)
    RCC_HSICmd                               0x08000917   Thumb Code     6  stm32f10x_rcc.o(.text)
    RCC_PLLConfig                            0x0800091d   Thumb Code    24  stm32f10x_rcc.o(.text)
    RCC_PLLCmd                               0x08000935   Thumb Code     6  stm32f10x_rcc.o(.text)
    RCC_SYSCLKConfig                         0x0800093b   Thumb Code    18  stm32f10x_rcc.o(.text)
    RCC_GetSYSCLKSource                      0x0800094d   Thumb Code    10  stm32f10x_rcc.o(.text)
    RCC_HCLKConfig                           0x08000957   Thumb Code    18  stm32f10x_rcc.o(.text)
    RCC_PCLK1Config                          0x08000969   Thumb Code    18  stm32f10x_rcc.o(.text)
    RCC_PCLK2Config                          0x0800097b   Thumb Code    20  stm32f10x_rcc.o(.text)
    RCC_ITConfig                             0x0800098f   Thumb Code    26  stm32f10x_rcc.o(.text)
    RCC_USBCLKConfig                         0x080009a9   Thumb Code     8  stm32f10x_rcc.o(.text)
    RCC_ADCCLKConfig                         0x080009b1   Thumb Code    18  stm32f10x_rcc.o(.text)
    RCC_LSEConfig                            0x080009c3   Thumb Code    50  stm32f10x_rcc.o(.text)
    RCC_LSICmd                               0x080009f5   Thumb Code     6  stm32f10x_rcc.o(.text)
    RCC_RTCCLKConfig                         0x080009fb   Thumb Code    12  stm32f10x_rcc.o(.text)
    RCC_RTCCLKCmd                            0x08000a07   Thumb Code     8  stm32f10x_rcc.o(.text)
    RCC_GetClocksFreq                        0x08000a0f   Thumb Code   192  stm32f10x_rcc.o(.text)
    RCC_AHBPeriphClockCmd                    0x08000acf   Thumb Code    26  stm32f10x_rcc.o(.text)
    RCC_APB2PeriphClockCmd                   0x08000ae9   Thumb Code    26  stm32f10x_rcc.o(.text)
    RCC_APB1PeriphClockCmd                   0x08000b03   Thumb Code    26  stm32f10x_rcc.o(.text)
    RCC_APB2PeriphResetCmd                   0x08000b1d   Thumb Code    26  stm32f10x_rcc.o(.text)
    RCC_APB1PeriphResetCmd                   0x08000b37   Thumb Code    26  stm32f10x_rcc.o(.text)
    RCC_BackupResetCmd                       0x08000b51   Thumb Code     8  stm32f10x_rcc.o(.text)
    RCC_ClockSecuritySystemCmd               0x08000b59   Thumb Code     6  stm32f10x_rcc.o(.text)
    RCC_MCOConfig                            0x08000b5f   Thumb Code     6  stm32f10x_rcc.o(.text)
    RCC_ClearFlag                            0x08000b65   Thumb Code    14  stm32f10x_rcc.o(.text)
    RCC_GetITStatus                          0x08000b73   Thumb Code    20  stm32f10x_rcc.o(.text)
    RCC_ClearITPendingBit                    0x08000b87   Thumb Code     6  stm32f10x_rcc.o(.text)
    USART_DeInit                             0x08000bb1   Thumb Code   134  stm32f10x_usart.o(.text)
    USART_Init                               0x08000c37   Thumb Code   210  stm32f10x_usart.o(.text)
    USART_StructInit                         0x08000d09   Thumb Code    24  stm32f10x_usart.o(.text)
    USART_ClockInit                          0x08000d21   Thumb Code    34  stm32f10x_usart.o(.text)
    USART_ClockStructInit                    0x08000d43   Thumb Code    12  stm32f10x_usart.o(.text)
    USART_Cmd                                0x08000d4f   Thumb Code    24  stm32f10x_usart.o(.text)
    USART_ITConfig                           0x08000d67   Thumb Code    74  stm32f10x_usart.o(.text)
    USART_DMACmd                             0x08000db1   Thumb Code    18  stm32f10x_usart.o(.text)
    USART_SetAddress                         0x08000dc3   Thumb Code    18  stm32f10x_usart.o(.text)
    USART_WakeUpConfig                       0x08000dd5   Thumb Code    18  stm32f10x_usart.o(.text)
    USART_ReceiverWakeUpCmd                  0x08000de7   Thumb Code    24  stm32f10x_usart.o(.text)
    USART_LINBreakDetectLengthConfig         0x08000dff   Thumb Code    18  stm32f10x_usart.o(.text)
    USART_LINCmd                             0x08000e11   Thumb Code    24  stm32f10x_usart.o(.text)
    USART_SendData                           0x08000e29   Thumb Code     8  stm32f10x_usart.o(.text)
    USART_ReceiveData                        0x08000e31   Thumb Code    10  stm32f10x_usart.o(.text)
    USART_SendBreak                          0x08000e3b   Thumb Code    10  stm32f10x_usart.o(.text)
    USART_SetGuardTime                       0x08000e45   Thumb Code    16  stm32f10x_usart.o(.text)
    USART_SetPrescaler                       0x08000e55   Thumb Code    16  stm32f10x_usart.o(.text)
    USART_SmartCardCmd                       0x08000e65   Thumb Code    24  stm32f10x_usart.o(.text)
    USART_SmartCardNACKCmd                   0x08000e7d   Thumb Code    24  stm32f10x_usart.o(.text)
    USART_HalfDuplexCmd                      0x08000e95   Thumb Code    24  stm32f10x_usart.o(.text)
    USART_OverSampling8Cmd                   0x08000ead   Thumb Code    22  stm32f10x_usart.o(.text)
    USART_OneBitMethodCmd                    0x08000ec3   Thumb Code    24  stm32f10x_usart.o(.text)
    USART_IrDAConfig                         0x08000edb   Thumb Code    18  stm32f10x_usart.o(.text)
    USART_IrDACmd                            0x08000eed   Thumb Code    24  stm32f10x_usart.o(.text)
    USART_GetFlagStatus                      0x08000f05   Thumb Code    26  stm32f10x_usart.o(.text)
    USART_ClearFlag                          0x08000f1f   Thumb Code    18  stm32f10x_usart.o(.text)
    USART_GetITStatus                        0x08000f31   Thumb Code    84  stm32f10x_usart.o(.text)
    USART_ClearITPendingBit                  0x08000f85   Thumb Code    52  stm32f10x_usart.o(.text)
    NVIC_PriorityGroupConfig                 0x08000fb9   Thumb Code    10  misc.o(.text)
    NVIC_Init                                0x08000fc3   Thumb Code   100  misc.o(.text)
    NVIC_SetVectorTable                      0x08001027   Thumb Code    14  misc.o(.text)
    NVIC_SystemLPConfig                      0x08001035   Thumb Code    34  misc.o(.text)
    SysTick_CLKSourceConfig                  0x08001057   Thumb Code    40  misc.o(.text)
    Reset_Handler                            0x08001095   Thumb Code     8  startup_stm32f10x_hd.o(.text)
    ADC1_2_IRQHandler                        0x080010af   Thumb Code     0  startup_stm32f10x_hd.o(.text)
    ADC3_IRQHandler                          0x080010af   Thumb Code     0  startup_stm32f10x_hd.o(.text)
    CAN1_RX1_IRQHandler                      0x080010af   Thumb Code     0  startup_stm32f10x_hd.o(.text)
    CAN1_SCE_IRQHandler                      0x080010af   Thumb Code     0  startup_stm32f10x_hd.o(.text)
    DMA1_Channel1_IRQHandler                 0x080010af   Thumb Code     0  startup_stm32f10x_hd.o(.text)
    DMA1_Channel2_IRQHandler                 0x080010af   Thumb Code     0  startup_stm32f10x_hd.o(.text)
    DMA1_Channel3_IRQHandler                 0x080010af   Thumb Code     0  startup_stm32f10x_hd.o(.text)
    DMA1_Channel4_IRQHandler                 0x080010af   Thumb Code     0  startup_stm32f10x_hd.o(.text)
    DMA1_Channel5_IRQHandler                 0x080010af   Thumb Code     0  startup_stm32f10x_hd.o(.text)
    DMA1_Channel6_IRQHandler                 0x080010af   Thumb Code     0  startup_stm32f10x_hd.o(.text)
    DMA1_Channel7_IRQHandler                 0x080010af   Thumb Code     0  startup_stm32f10x_hd.o(.text)
    DMA2_Channel1_IRQHandler                 0x080010af   Thumb Code     0  startup_stm32f10x_hd.o(.text)
    DMA2_Channel2_IRQHandler                 0x080010af   Thumb Code     0  startup_stm32f10x_hd.o(.text)
    DMA2_Channel3_IRQHandler                 0x080010af   Thumb Code     0  startup_stm32f10x_hd.o(.text)
    DMA2_Channel4_5_IRQHandler               0x080010af   Thumb Code     0  startup_stm32f10x_hd.o(.text)
    EXTI0_IRQHandler                         0x080010af   Thumb Code     0  startup_stm32f10x_hd.o(.text)
    EXTI15_10_IRQHandler                     0x080010af   Thumb Code     0  startup_stm32f10x_hd.o(.text)
    EXTI1_IRQHandler                         0x080010af   Thumb Code     0  startup_stm32f10x_hd.o(.text)
    EXTI2_IRQHandler                         0x080010af   Thumb Code     0  startup_stm32f10x_hd.o(.text)
    EXTI3_IRQHandler                         0x080010af   Thumb Code     0  startup_stm32f10x_hd.o(.text)
    EXTI4_IRQHandler                         0x080010af   Thumb Code     0  startup_stm32f10x_hd.o(.text)
    EXTI9_5_IRQHandler                       0x080010af   Thumb Code     0  startup_stm32f10x_hd.o(.text)
    FLASH_IRQHandler                         0x080010af   Thumb Code     0  startup_stm32f10x_hd.o(.text)
    FSMC_IRQHandler                          0x080010af   Thumb Code     0  startup_stm32f10x_hd.o(.text)
    I2C1_ER_IRQHandler                       0x080010af   Thumb Code     0  startup_stm32f10x_hd.o(.text)
    I2C1_EV_IRQHandler                       0x080010af   Thumb Code     0  startup_stm32f10x_hd.o(.text)
    I2C2_ER_IRQHandler                       0x080010af   Thumb Code     0  startup_stm32f10x_hd.o(.text)
    I2C2_EV_IRQHandler                       0x080010af   Thumb Code     0  startup_stm32f10x_hd.o(.text)
    PVD_IRQHandler                           0x080010af   Thumb Code     0  startup_stm32f10x_hd.o(.text)
    RCC_IRQHandler                           0x080010af   Thumb Code     0  startup_stm32f10x_hd.o(.text)
    RTCAlarm_IRQHandler                      0x080010af   Thumb Code     0  startup_stm32f10x_hd.o(.text)
    RTC_IRQHandler                           0x080010af   Thumb Code     0  startup_stm32f10x_hd.o(.text)
    SDIO_IRQHandler                          0x080010af   Thumb Code     0  startup_stm32f10x_hd.o(.text)
    SPI1_IRQHandler                          0x080010af   Thumb Code     0  startup_stm32f10x_hd.o(.text)
    SPI2_IRQHandler                          0x080010af   Thumb Code     0  startup_stm32f10x_hd.o(.text)
    SPI3_IRQHandler                          0x080010af   Thumb Code     0  startup_stm32f10x_hd.o(.text)
    TAMPER_IRQHandler                        0x080010af   Thumb Code     0  startup_stm32f10x_hd.o(.text)
    TIM1_BRK_IRQHandler                      0x080010af   Thumb Code     0  startup_stm32f10x_hd.o(.text)
    TIM1_CC_IRQHandler                       0x080010af   Thumb Code     0  startup_stm32f10x_hd.o(.text)
    TIM1_TRG_COM_IRQHandler                  0x080010af   Thumb Code     0  startup_stm32f10x_hd.o(.text)
    TIM1_UP_IRQHandler                       0x080010af   Thumb Code     0  startup_stm32f10x_hd.o(.text)
    TIM2_IRQHandler                          0x080010af   Thumb Code     0  startup_stm32f10x_hd.o(.text)
    TIM3_IRQHandler                          0x080010af   Thumb Code     0  startup_stm32f10x_hd.o(.text)
    TIM4_IRQHandler                          0x080010af   Thumb Code     0  startup_stm32f10x_hd.o(.text)
    TIM5_IRQHandler                          0x080010af   Thumb Code     0  startup_stm32f10x_hd.o(.text)
    TIM6_IRQHandler                          0x080010af   Thumb Code     0  startup_stm32f10x_hd.o(.text)
    TIM7_IRQHandler                          0x080010af   Thumb Code     0  startup_stm32f10x_hd.o(.text)
    TIM8_BRK_IRQHandler                      0x080010af   Thumb Code     0  startup_stm32f10x_hd.o(.text)
    TIM8_CC_IRQHandler                       0x080010af   Thumb Code     0  startup_stm32f10x_hd.o(.text)
    TIM8_TRG_COM_IRQHandler                  0x080010af   Thumb Code     0  startup_stm32f10x_hd.o(.text)
    TIM8_UP_IRQHandler                       0x080010af   Thumb Code     0  startup_stm32f10x_hd.o(.text)
    UART4_IRQHandler                         0x080010af   Thumb Code     0  startup_stm32f10x_hd.o(.text)
    UART5_IRQHandler                         0x080010af   Thumb Code     0  startup_stm32f10x_hd.o(.text)
    USART2_IRQHandler                        0x080010af   Thumb Code     0  startup_stm32f10x_hd.o(.text)
    USART3_IRQHandler                        0x080010af   Thumb Code     0  startup_stm32f10x_hd.o(.text)
    USBWakeUp_IRQHandler                     0x080010af   Thumb Code     0  startup_stm32f10x_hd.o(.text)
    USB_HP_CAN1_TX_IRQHandler                0x080010af   Thumb Code     0  startup_stm32f10x_hd.o(.text)
    USB_LP_CAN1_RX0_IRQHandler               0x080010af   Thumb Code     0  startup_stm32f10x_hd.o(.text)
    WWDG_IRQHandler                          0x080010af   Thumb Code     0  startup_stm32f10x_hd.o(.text)
    GPIO_Configuration                       0x080010b9   Thumb Code    58  stm32_devinit.o(.text)
    SYSTICK_Configuration                    0x080010f3   Thumb Code     2  stm32_devinit.o(.text)
    USART_Configuration                      0x080010f5   Thumb Code   130  stm32_devinit.o(.text)
    TIM_Configuration                        0x08001177   Thumb Code    10  stm32_devinit.o(.text)
    NVIC_Configuration                       0x08001181   Thumb Code    34  stm32_devinit.o(.text)
    Driver_MCU_Init                          0x080011a3   Thumb Code   166  stm32_devinit.o(.text)
    getMicrosecond                           0x08001275   Thumb Code   104  tool.o(.text)
    BaseClock_Init1                          0x080012dd   Thumb Code    84  tool.o(.text)
    UsToSysTickStamp                         0x08001331   Thumb Code    78  tool.o(.text)
    GetSysTickStamp                          0x0800137f   Thumb Code    20  tool.o(.text)
    GetTimeStamp                             0x08001393   Thumb Code     8  tool.o(.text)
    Create_SysTickStamp                      0x0800139b   Thumb Code    68  tool.o(.text)
    Elapse                                   0x080013df   Thumb Code   138  tool.o(.text)
    Elapse_Us                                0x08001469   Thumb Code    18  tool.o(.text)
    SysTickStampToUs                         0x0800147b   Thumb Code    34  tool.o(.text)
    DelayUS1                                 0x0800149d   Thumb Code    32  tool.o(.text)
    DelayMS1                                 0x080014bd   Thumb Code    38  tool.o(.text)
    DelayS1                                  0x080014e3   Thumb Code    46  tool.o(.text)
    DelayX                                   0x08001511   Thumb Code    60  tool.o(.text)
    Queue_Init                               0x0800154d   Thumb Code    68  tool.o(.text)
    Queue_Put                                0x08001591   Thumb Code    92  tool.o(.text)
    Queue_Get                                0x080015ed   Thumb Code    88  tool.o(.text)
    Queue_Size                               0x08001645   Thumb Code     6  tool.o(.text)
    Queue_Empty_Size                         0x0800164b   Thumb Code    54  tool.o(.text)
    Queue_Free                               0x08001681   Thumb Code     6  tool.o(.text)
    TimeTask_Init                            0x08001687   Thumb Code   112  tool.o(.text)
    TimeTask_Add                             0x080016f7   Thumb Code   258  tool.o(.text)
    TimeTask_Remove                          0x080017f9   Thumb Code    70  tool.o(.text)
    TimeTask_Run                             0x0800183f   Thumb Code   204  tool.o(.text)
    TimeOut                                  0x0800190b   Thumb Code    54  tool.o(.text)
    TimeTask_Monitor                         0x08001941   Thumb Code   120  tool.o(.text)
    _clean_recv_buf                          0x08001a3d   Thumb Code    40  protocol.o(.text)
    char_special                             0x08001a65   Thumb Code    38  protocol.o(.text)
    getCheckSum_ByProtocolInfo               0x08001a8b   Thumb Code    38  protocol.o(.text)
    Send_To_Uart                             0x08001ab1   Thumb Code   130  protocol.o(.text)
    Protocol_Init                            0x08001b33   Thumb Code    64  protocol.o(.text)
    Create_Protocol_Info                     0x08001b73   Thumb Code    50  protocol.o(.text)
    put_byte                                 0x08001ba5   Thumb Code   336  protocol.o(.text)
    Protocol_Send                            0x08001cf5   Thumb Code   108  protocol.o(.text)
    FetchProtocolHandle                      0x08001d61   Thumb Code    34  protocol.o(.text)
    WriteByteToUSART                         0x08001dc1   Thumb Code    38  combuff.o(.text)
    fputc                                    0x08001de7   Thumb Code    18  combuff.o(.text)
    Send_To_Buff                             0x08001df9   Thumb Code   146  combuff.o(.text)
    Buff_To_Uart                             0x08001e8b   Thumb Code    68  combuff.o(.text)
    ComBuff_Init                             0x08001ecf   Thumb Code    20  combuff.o(.text)
    TaskTime_Check_ID                        0x08001ef1   Thumb Code    30  tasktimemanager.o(.text)
    BaseClock_Init                           0x08001f0f   Thumb Code    94  tasktimemanager.o(.text)
    TaskTime_Init                            0x08001f6d   Thumb Code   124  tasktimemanager.o(.text)
    TaskTime_Add                             0x08001fe9   Thumb Code   410  tasktimemanager.o(.text)
    _TaskTime_Remove                         0x08002183   Thumb Code   188  tasktimemanager.o(.text)
    TaskTime_Remove                          0x0800223f   Thumb Code    34  tasktimemanager.o(.text)
    TaskTime_SuspendTask                     0x08002261   Thumb Code    34  tasktimemanager.o(.text)
    TaskTime_RecoverTask                     0x08002283   Thumb Code    34  tasktimemanager.o(.text)
    SysTick_Handler                          0x080022a5   Thumb Code   132  tasktimemanager.o(.text)
    TaskTime_Run                             0x08002329   Thumb Code    98  tasktimemanager.o(.text)
    DelayUS                                  0x0800238b   Thumb Code    82  tasktimemanager.o(.text)
    DelayMS                                  0x080023dd   Thumb Code    78  tasktimemanager.o(.text)
    DelayS                                   0x0800242b   Thumb Code    80  tasktimemanager.o(.text)
    __aeabi_memcpy                           0x08002489   Thumb Code    36  memcpya.o(.text)
    __aeabi_memcpy4                          0x08002489   Thumb Code     0  memcpya.o(.text)
    __aeabi_memcpy8                          0x08002489   Thumb Code     0  memcpya.o(.text)
    __aeabi_memset                           0x080024ad   Thumb Code    14  memseta.o(.text)
    __aeabi_memset4                          0x080024ad   Thumb Code     0  memseta.o(.text)
    __aeabi_memset8                          0x080024ad   Thumb Code     0  memseta.o(.text)
    __aeabi_memclr                           0x080024bb   Thumb Code     4  memseta.o(.text)
    __aeabi_memclr4                          0x080024bb   Thumb Code     0  memseta.o(.text)
    __aeabi_memclr8                          0x080024bb   Thumb Code     0  memseta.o(.text)
    _memset$wrapper                          0x080024bf   Thumb Code    18  memseta.o(.text)
    __aeabi_uidiv                            0x080024d1   Thumb Code     0  uidiv.o(.text)
    __aeabi_uidivmod                         0x080024d1   Thumb Code    44  uidiv.o(.text)
    __scatterload                            0x080024fd   Thumb Code    28  init.o(.text)
    __scatterload_rt2                        0x080024fd   Thumb Code     0  init.o(.text)
    __0printf$1                              0x08002521   Thumb Code    22  printf1.o(i.__0printf$1)
    __1printf$1                              0x08002521   Thumb Code     0  printf1.o(i.__0printf$1)
    __2printf                                0x08002521   Thumb Code     0  printf1.o(i.__0printf$1)
    __scatterload_copy                       0x08002541   Thumb Code    14  handlers.o(i.__scatterload_copy)
    __scatterload_null                       0x0800254f   Thumb Code     2  handlers.o(i.__scatterload_null)
    __scatterload_zeroinit                   0x08002551   Thumb Code    14  handlers.o(i.__scatterload_zeroinit)
    Region$$Table$$Base                      0x080026b4   Number         0  anon$$obj.o(Region$$Table)
    Region$$Table$$Limit                     0x080026d4   Number         0  anon$$obj.o(Region$$Table)
    taskid                                   0x20000000   Data           1  main.o(.data)
    led_flag                                 0x20000001   Data           1  main.o(.data)
    test                                     0x20000004   Data           4  main.o(.data)
    SystemCoreClock                          0x20000008   Data           4  system_stm32f10x.o(.data)
    AHBPrescTable                            0x2000000c   Data          16  system_stm32f10x.o(.data)
    second                                   0x20000030   Data           4  tool.o(.data)
    SysTick_Flag                             0x20000034   Data           1  tool.o(.data)
    queue_locd                               0x20000035   Data           1  tool.o(.data)
    _timeTask_head                           0x20000038   Data           4  tool.o(.data)
    last_microsecond                         0x2000003c   Data           4  tool.o(.data)
    heart_flag                               0x20000040   Data           1  protocol.o(.data)
    tmp_pi                                   0x20000044   Data           4  protocol.o(.data)
    Recv_Protocol_Queue                      0x20000050   Data           4  protocol.o(.data)
    Uart_Tx_Queue                            0x20000054   Data           4  combuff.o(.data)
    TaskTime_Head                            0x20000058   Data           4  tasktimemanager.o(.data)
    __stdout                                 0x2000006c   Data           4  stdout.o(.data)
    queue_list                               0x20000070   Data         160  tool.o(.bss)
    TimeTaskList                             0x20000110   Data         660  tool.o(.bss)
    TimeTaskInfo                             0x200003a4   Data          64  tool.o(.bss)
    recv_protocol_infos                      0x200003e4   Data          72  protocol.o(.bss)
    _Recv_Protocol_Buff                      0x2000042c   Data        1200  protocol.o(.bss)
    _tmp_pi                                  0x200008dc   Data          24  protocol.o(.bss)
    OSInfo                                   0x200014fc   Data          36  tasktimemanager.o(.bss)
    __initial_sp                             0x20001920   Data           0  startup_stm32f10x_hd.o(STACK)



==============================================================================

Memory Map of the image

  Image Entry point : 0x08000131

  Load Region LR_IROM1 (Base: 0x08000000, Size: 0x00002744, Max: 0x00040000, ABSOLUTE)

    Execution Region ER_IROM1 (Base: 0x08000000, Size: 0x000026d4, Max: 0x00040000, ABSOLUTE)

    Base Addr    Size         Type   Attr      Idx    E Section Name        Object

    0x08000000   0x00000130   Data   RO          222    RESET               startup_stm32f10x_hd.o
    0x08000130   0x00000000   Code   RO          339  * .ARM.Collect$$$$00000000  mc_w.l(entry.o)
    0x08000130   0x00000004   Code   RO          609    .ARM.Collect$$$$00000001  mc_w.l(entry2.o)
    0x08000134   0x00000004   Code   RO          612    .ARM.Collect$$$$00000004  mc_w.l(entry5.o)
    0x08000138   0x00000000   Code   RO          614    .ARM.Collect$$$$00000008  mc_w.l(entry7b.o)
    0x08000138   0x00000000   Code   RO          616    .ARM.Collect$$$$0000000A  mc_w.l(entry8b.o)
    0x08000138   0x00000008   Code   RO          617    .ARM.Collect$$$$0000000B  mc_w.l(entry9a.o)
    0x08000140   0x00000000   Code   RO          619    .ARM.Collect$$$$0000000D  mc_w.l(entry10a.o)
    0x08000140   0x00000000   Code   RO          621    .ARM.Collect$$$$0000000F  mc_w.l(entry11a.o)
    0x08000140   0x00000004   Code   RO          610    .ARM.Collect$$$$00002712  mc_w.l(entry2.o)
    0x08000144   0x000000d8   Code   RO            1    .text               main.o
    0x0800021c   0x00000048   Code   RO           87    .text               stm32f10x_it.o
    0x08000264   0x0000006c   Code   RO          102    .text               protocolhandle.o
    0x080002d0   0x000001e0   Code   RO          125    .text               system_stm32f10x.o
    0x080004b0   0x0000035c   Code   RO          143    .text               stm32f10x_gpio.o
    0x0800080c   0x000003a4   Code   RO          155    .text               stm32f10x_rcc.o
    0x08000bb0   0x00000408   Code   RO          184    .text               stm32f10x_usart.o
    0x08000fb8   0x000000dc   Code   RO          196    .text               misc.o
    0x08001094   0x00000024   Code   RO          223    .text               startup_stm32f10x_hd.o
    0x080010b8   0x000001bc   Code   RO          249    .text               stm32_devinit.o
    0x08001274   0x000007c8   Code   RO          261    .text               tool.o
    0x08001a3c   0x00000384   Code   RO          284    .text               protocol.o
    0x08001dc0   0x00000130   Code   RO          303    .text               combuff.o
    0x08001ef0   0x00000598   Code   RO          323    .text               tasktimemanager.o
    0x08002488   0x00000024   Code   RO          342    .text               mc_w.l(memcpya.o)
    0x080024ac   0x00000024   Code   RO          344    .text               mc_w.l(memseta.o)
    0x080024d0   0x0000002c   Code   RO          624    .text               mc_w.l(uidiv.o)
    0x080024fc   0x00000024   Code   RO          639    .text               mc_w.l(init.o)
    0x08002520   0x00000020   Code   RO          393    i.__0printf$1       mc_w.l(printf1.o)
    0x08002540   0x0000000e   Code   RO          651    i.__scatterload_copy  mc_w.l(handlers.o)
    0x0800254e   0x00000002   Code   RO          652    i.__scatterload_null  mc_w.l(handlers.o)
    0x08002550   0x0000000e   Code   RO          653    i.__scatterload_zeroinit  mc_w.l(handlers.o)
    0x0800255e   0x00000002   PAD
    0x08002560   0x00000154   Code   RO          400    i._printf_core      mc_w.l(printf1.o)
    0x080026b4   0x00000020   Data   RO          649    Region$$Table       anon$$obj.o


    Execution Region RW_IRAM1 (Base: 0x20000000, Size: 0x00001920, Max: 0x0000c000, ABSOLUTE)

    Base Addr    Size         Type   Attr      Idx    E Section Name        Object

    0x20000000   0x00000008   Data   RW            2    .data               main.o
    0x20000008   0x00000014   Data   RW          126    .data               system_stm32f10x.o
    0x2000001c   0x00000014   Data   RW          156    .data               stm32f10x_rcc.o
    0x20000030   0x00000010   Data   RW          263    .data               tool.o
    0x20000040   0x00000014   Data   RW          286    .data               protocol.o
    0x20000054   0x00000004   Data   RW          305    .data               combuff.o
    0x20000058   0x00000014   Data   RW          325    .data               tasktimemanager.o
    0x2000006c   0x00000004   Data   RW          623    .data               mc_w.l(stdout.o)
    0x20000070   0x00000374   Zero   RW          262    .bss                tool.o
    0x200003e4   0x0000052f   Zero   RW          285    .bss                protocol.o
    0x20000913   0x000003e8   Zero   RW          304    .bss                combuff.o
    0x20000cfb   0x00000001   PAD
    0x20000cfc   0x00000824   Zero   RW          324    .bss                tasktimemanager.o
    0x20001520   0x00000400   Zero   RW          220    STACK               startup_stm32f10x_hd.o


==============================================================================

Image component sizes


      Code (inc. data)   RO Data    RW Data    ZI Data      Debug   Object Name

       304         14          0          4       1000       2032   combuff.o
         0          0          0          0          0         32   core_cm3.o
       216         60          0          8          0     239371   main.o
       220         22          0          0          0       1781   misc.o
       900         62          0         20       1327       5549   protocol.o
       108         52          0          0          0        918   protocolhandle.o
        36          8        304          0       1024        800   startup_stm32f10x_hd.o
       444         44          0          0          0       1560   stm32_devinit.o
       860         38          0          0          0       5721   stm32f10x_gpio.o
        72          6          0          0          0       1356   stm32f10x_it.o
       932         36          0         20          0       8904   stm32f10x_rcc.o
      1032         22          0          0          0       8440   stm32f10x_usart.o
       480         38          0         20          0       2003   system_stm32f10x.o
      1432         68          0         20       2084       4712   tasktimemanager.o
      1992        174          0         16        884      24910   tool.o

    ----------------------------------------------------------------------
      9028        644        336        108       6320     308089   Object Totals
         0          0         32          0          0          0   (incl. Generated)
         0          0          0          0          1          0   (incl. Padding)

    ----------------------------------------------------------------------

      Code (inc. data)   RO Data    RW Data    ZI Data      Debug   Library Member Name

         0          0          0          0          0          0   entry.o
         0          0          0          0          0          0   entry10a.o
         0          0          0          0          0          0   entry11a.o
         8          4          0          0          0          0   entry2.o
         4          0          0          0          0          0   entry5.o
         0          0          0          0          0          0   entry7b.o
         0          0          0          0          0          0   entry8b.o
         8          4          0          0          0          0   entry9a.o
        30          0          0          0          0          0   handlers.o
        36          8          0          0          0         68   init.o
        36          0          0          0          0         68   memcpya.o
        36          0          0          0          0        108   memseta.o
       372         14          0          0          0        184   printf1.o
         0          0          0          4          0          0   stdout.o
        44          0          0          0          0         80   uidiv.o

    ----------------------------------------------------------------------
       576         30          0          4          0        508   Library Totals
         2          0          0          0          0          0   (incl. Padding)

    ----------------------------------------------------------------------

      Code (inc. data)   RO Data    RW Data    ZI Data      Debug   Library Name

       574         30          0          4          0        508   mc_w.l

    ----------------------------------------------------------------------
       576         30          0          4          0        508   Library Totals

    ----------------------------------------------------------------------

==============================================================================


      Code (inc. data)   RO Data    RW Data    ZI Data      Debug   

      9604        674        336        112       6320     307293   Grand Totals
      9604        674        336        112       6320     307293   ELF Image Totals
      9604        674        336        112          0          0   ROM Totals

==============================================================================

    Total RO  Size (Code + RO Data)                 9940 (   9.71kB)
    Total RW  Size (RW Data + ZI Data)              6432 (   6.28kB)
    Total ROM Size (Code + RO Data + RW Data)      10052 (   9.82kB)

==============================================================================

