Component: ARM Compiler 5.06 (build 20) Tool: armlink [4d35a3]

==============================================================================

Section Cross References

    main.o(i.PIDPeriodTask) refers to strategy.o(i.Speed_PID) for Speed_PID
    main.o(i.PIDPeriodTask) refers to motordriver.o(.bss) for Motor1
    main.o(i.PIDPeriodTask) refers to strategy.o(.bss) for Pids
    main.o(i.RealTimeFunc) refers to motordriver.o(i.ExecuteMotorSpeed) for ExecuteMotorSpeed
    main.o(i.RealTimeFunc) refers to motordriver.o(.bss) for Motor1
    main.o(i.RealTimeFunc) refers to strategy.o(.bss) for Pids
    main.o(i.SpeedPeriodTask) refers to sensors.o(i.GetSpeed) for GetSpeed
    main.o(i.SpeedPeriodTask) refers to usartsentdata.o(i.UpLoadState) for UpLoadState
    main.o(i.SpeedPeriodTask) refers to motordriver.o(.bss) for Motor1
    main.o(i.UpdatePeriodTask) refers to sensors.o(i.DealSensors) for DealSensors
    main.o(i.UpdatePeriodTask) refers to usartcmd.o(i.DealUsartCMD) for DealUsartCMD
    main.o(i.heart_check) refers to troubleshoot.o(i.ResetSYS) for ResetSYS
    main.o(i.heart_check) refers to printf1.o(i.__0printf$1) for __2printf
    main.o(i.heart_check) refers to troubleshoot.o(i.Scram) for Scram
    main.o(i.heart_check) refers to protocol.o(.data) for heart_flag
    main.o(i.heart_check) refers to troubleshoot.o(.data) for ScramFlag
    main.o(i.heart_check) refers to motordriver.o(.bss) for Motor1
    main.o(i.heart_check) refers to strategy.o(.bss) for Pids
    main.o(i.main) refers to stm32_devinit.o(i.STM32_DevInit) for STM32_DevInit
    main.o(i.main) refers to motordriver.o(i.MotorInt) for MotorInt
    main.o(i.main) refers to strategy.o(i.PIDInt) for PIDInt
    main.o(i.main) refers to protocol.o(i.Protocol_Init) for Protocol_Init
    main.o(i.main) refers to tool.o(i.TimeTask_Init) for TimeTask_Init
    main.o(i.main) refers to pid.o(i.PID_Init) for PID_Init
    main.o(i.main) refers to tool.o(i.create_SysTickStamp) for create_SysTickStamp
    main.o(i.main) refers to tool.o(i.TimeTask_add) for TimeTask_add
    main.o(i.main) refers to tool.o(i.TimeTask_Run) for TimeTask_Run
    main.o(i.main) refers to protocol.o(i.Buff_To_Uart) for Buff_To_Uart
    main.o(i.main) refers to pid.o(i.ReadEncode) for ReadEncode
    main.o(i.test) refers to stm32f0xx_gpio.o(i.GPIO_ReadInputDataBit) for GPIO_ReadInputDataBit
    main.o(i.test) refers to printf1.o(i.__0printf$1) for __2printf
    main.o(i.test) refers to main.o(.data) for .data
    stm32f0xx_it.o(i.EXTI4_15_IRQHandler) refers to stm32f0xx_exti.o(i.EXTI_GetITStatus) for EXTI_GetITStatus
    stm32f0xx_it.o(i.EXTI4_15_IRQHandler) refers to stm32f0xx_exti.o(i.EXTI_ClearITPendingBit) for EXTI_ClearITPendingBit
    stm32f0xx_it.o(i.EXTI4_15_IRQHandler) refers to stm32f0xx_gpio.o(i.GPIO_ReadInputDataBit) for GPIO_ReadInputDataBit
    stm32f0xx_it.o(i.EXTI4_15_IRQHandler) refers to motordriver.o(.bss) for Motor1
    stm32f0xx_it.o(i.SysTick_Handler) refers to uidiv.o(.text) for __aeabi_uidivmod
    stm32f0xx_it.o(i.SysTick_Handler) refers to tool.o(.data) for microsecond
    stm32f0xx_it.o(i.SysTick_Handler) refers to main.o(.data) for timeTickLast
    stm32f0xx_it.o(i.SysTick_Handler) refers to main.o(.data) for timeTick
    stm32f0xx_it.o(i.USART1_IRQHandler) refers to stm32f0xx_usart.o(i.USART_GetITStatus) for USART_GetITStatus
    stm32f0xx_it.o(i.USART1_IRQHandler) refers to stm32f0xx_usart.o(i.USART_ClearFlag) for USART_ClearFlag
    stm32f0xx_it.o(i.USART1_IRQHandler) refers to stm32f0xx_usart.o(i.USART_ReceiveData) for USART_ReceiveData
    stm32f0xx_it.o(i.USART1_IRQHandler) refers to protocol.o(i.put_byte) for put_byte
    stm32_devinit.o(i.ADC_Configuration) refers to stm32f0xx_adc.o(i.ADC_StructInit) for ADC_StructInit
    stm32_devinit.o(i.ADC_Configuration) refers to stm32f0xx_adc.o(i.ADC_Init) for ADC_Init
    stm32_devinit.o(i.ADC_Configuration) refers to stm32f0xx_adc.o(i.ADC_ChannelConfig) for ADC_ChannelConfig
    stm32_devinit.o(i.ADC_Configuration) refers to stm32f0xx_adc.o(i.ADC_GetCalibrationFactor) for ADC_GetCalibrationFactor
    stm32_devinit.o(i.ADC_Configuration) refers to stm32f0xx_adc.o(i.ADC_DMARequestModeConfig) for ADC_DMARequestModeConfig
    stm32_devinit.o(i.ADC_Configuration) refers to stm32f0xx_adc.o(i.ADC_DMACmd) for ADC_DMACmd
    stm32_devinit.o(i.ADC_Configuration) refers to stm32f0xx_adc.o(i.ADC_Cmd) for ADC_Cmd
    stm32_devinit.o(i.ADC_Configuration) refers to stm32f0xx_adc.o(i.ADC_GetFlagStatus) for ADC_GetFlagStatus
    stm32_devinit.o(i.ADC_Configuration) refers to stm32f0xx_adc.o(i.ADC_StartOfConversion) for ADC_StartOfConversion
    stm32_devinit.o(i.DMA_Configuration) refers to stm32f0xx_dma.o(i.DMA_DeInit) for DMA_DeInit
    stm32_devinit.o(i.DMA_Configuration) refers to stm32f0xx_dma.o(i.DMA_Init) for DMA_Init
    stm32_devinit.o(i.DMA_Configuration) refers to stm32f0xx_dma.o(i.DMA_Cmd) for DMA_Cmd
    stm32_devinit.o(i.DMA_Configuration) refers to main.o(.bss) for ADC_valueBuf
[...]
    printf7.o(i.__0vsprintf$7) refers to printf7.o(i._printf_core) for _printf_core
    printf7.o(i.__0vsprintf$7) refers to printf7.o(i._sputc) for _sputc
    printf7.o(i._printf_core) refers to printf7.o(i._printf_pre_padding) for _printf_pre_padding
    printf7.o(i._printf_core) refers to printf7.o(i._printf_post_padding) for _printf_post_padding
    printf7.o(i._printf_core) refers to uldiv.o(.text) for __aeabi_uldivmod
    printf8.o(i.__0fprintf$8) refers to printf8.o(i._printf_core) for _printf_core
    printf8.o(i.__0fprintf$8) refers to protocol.o(i.fputc) for fputc
    printf8.o(i.__0printf$8) refers to printf8.o(i._printf_core) for _printf_core
    printf8.o(i.__0printf$8) refers to protocol.o(i.fputc) for fputc
    printf8.o(i.__0printf$8) refers to stdout.o(.data) for __stdout
    printf8.o(i.__0snprintf$8) refers to printf8.o(i._printf_core) for _printf_core
    printf8.o(i.__0snprintf$8) refers to printf8.o(i._snputc) for _snputc
    printf8.o(i.__0sprintf$8) refers to printf8.o(i._printf_core) for _printf_core
    printf8.o(i.__0sprintf$8) refers to printf8.o(i._sputc) for _sputc
    printf8.o(i.__0vfprintf$8) refers to printf8.o(i._printf_core) for _printf_core
    printf8.o(i.__0vfprintf$8) refers to protocol.o(i.fputc) for fputc
    printf8.o(i.__0vprintf$8) refers to printf8.o(i._printf_core) for _printf_core
    printf8.o(i.__0vprintf$8) refers to protocol.o(i.fputc) for fputc
    printf8.o(i.__0vprintf$8) refers to stdout.o(.data) for __stdout
    printf8.o(i.__0vsnprintf$8) refers to printf8.o(i._printf_core) for _printf_core
    printf8.o(i.__0vsnprintf$8) refers to printf8.o(i._snputc) for _snputc
    printf8.o(i.__0vsprintf$8) refers to printf8.o(i._printf_core) for _printf_core
    printf8.o(i.__0vsprintf$8) refers to printf8.o(i._sputc) for _sputc
    printf8.o(i._printf_core) refers to printf8.o(i._printf_pre_padding) for _printf_pre_padding
    printf8.o(i._printf_core) refers to printf8.o(i._printf_post_padding) for _printf_post_padding
    printf8.o(i._printf_core) refers to uldiv.o(.text) for __aeabi_uldivmod
    printfa.o(i.__0fprintf) refers (Special) to iusefp.o(.text) for __I$use$fp
    printfa.o(i.__0fprintf) refers to printfa.o(i._printf_core) for _printf_core
    printfa.o(i.__0fprintf) refers to protocol.o(i.fputc) for fputc
    printfa.o(i.__0printf) refers (Special) to iusefp.o(.text) for __I$use$fp
    printfa.o(i.__0printf) refers to printfa.o(i._printf_core) for _printf_core
    printfa.o(i.__0printf) refers to protocol.o(i.fputc) for fputc
    printfa.o(i.__0printf) refers to stdout.o(.data) for __stdout
    printfa.o(i.__0snprintf) refers (Special) to iusefp.o(.text) for __I$use$fp
    printfa.o(i.__0snprintf) refers to printfa.o(i._printf_core) for _printf_core
    printfa.o(i.__0snprintf) refers to printfa.o(i._snputc) for _snputc
    printfa.o(i.__0sprintf) refers (Special) to iusefp.o(.text) for __I$use$fp
    printfa.o(i.__0sprintf) refers to printfa.o(i._printf_core) for _printf_core
    printfa.o(i.__0sprintf) refers to printfa.o(i._sputc) for _sputc
    printfa.o(i.__0vfprintf) refers (Special) to iusefp.o(.text) for __I$use$fp
    printfa.o(i.__0vfprintf) refers to printfa.o(i._printf_core) for _printf_core
    printfa.o(i.__0vfprintf) refers to protocol.o(i.fputc) for fputc
    printfa.o(i.__0vprintf) refers (Special) to iusefp.o(.text) for __I$use$fp
    printfa.o(i.__0vprintf) refers to printfa.o(i._printf_core) for _printf_core
    printfa.o(i.__0vprintf) refers to protocol.o(i.fputc) for fputc
    printfa.o(i.__0vprintf) refers to stdout.o(.data) for __stdout
    printfa.o(i.__0vsnprintf) refers (Special) to iusefp.o(.text) for __I$use$fp
    printfa.o(i.__0vsnprintf) refers to printfa.o(i._printf_core) for _printf_core
    printfa.o(i.__0vsnprintf) refers to printfa.o(i._snputc) for _snputc
    printfa.o(i.__0vsprintf) refers (Special) to iusefp.o(.text) for __I$use$fp
    printfa.o(i.__0vsprintf) refers to printfa.o(i._printf_core) for _printf_core
    printfa.o(i.__0vsprintf) refers to printfa.o(i._sputc) for _sputc
    printfa.o(i._fp_digits) refers (Special) to iusefp.o(.text) for __I$use$fp
    printfa.o(i._fp_digits) refers to dmul.o(.text) for __aeabi_dmul
    printfa.o(i._fp_digits) refers to ddiv.o(.text) for __aeabi_ddiv
    printfa.o(i._fp_digits) refers to cdrcmple.o(.text) for __aeabi_cdrcmple
    printfa.o(i._fp_digits) refers to dadd.o(.text) for __aeabi_dadd
    printfa.o(i._fp_digits) refers to dfixul.o(.text) for __aeabi_d2ulz
    printfa.o(i._fp_digits) refers to uldiv.o(.text) for __aeabi_uldivmod
    printfa.o(i._printf_core) refers (Special) to iusefp.o(.text) for __I$use$fp
    printfa.o(i._printf_core) refers to printfa.o(i._printf_pre_padding) for _printf_pre_padding
    printfa.o(i._printf_core) refers to uldiv.o(.text) for __aeabi_uldivmod
    printfa.o(i._printf_core) refers to printfa.o(i._printf_post_padding) for _printf_post_padding
    printfa.o(i._printf_core) refers to printfa.o(i._fp_digits) for _fp_digits
    printfa.o(i._printf_core) refers to uidiv.o(.text) for __aeabi_uidivmod
    printfa.o(i._printf_post_padding) refers (Special) to iusefp.o(.text) for __I$use$fp
    printfa.o(i._printf_pre_padding) refers (Special) to iusefp.o(.text) for __I$use$fp
    printfa.o(i._snputc) refers (Special) to iusefp.o(.text) for __I$use$fp
    printfa.o(i._sputc) refers (Special) to iusefp.o(.text) for __I$use$fp
    dmul.o(.text) refers (Special) to iusefp.o(.text) for __I$use$fp
    dmul.o(.text) refers to depilogue.o(.text) for _double_epilogue
    dflti.o(.text) refers (Special) to iusefp.o(.text) for __I$use$fp
    dflti.o(.text) refers to depilogue.o(.text) for _double_epilogue
    dfixi.o(.text) refers (Special) to iusefp.o(.text) for __I$use$fp
    dfixi.o(.text) refers to llushr.o(.text) for __aeabi_llsr
    entry2.o(.ARM.Collect$$$$00000001) refers to entry2.o(.ARM.Collect$$$$00002712) for __lit__00000000
    entry2.o(.ARM.Collect$$$$00002712) refers to startup_stm32f030.o(STACK) for __initial_sp
    entry2.o(__vectab_stack_and_reset_area) refers to startup_stm32f030.o(STACK) for __initial_sp
    entry2.o(__vectab_stack_and_reset_area) refers to entry.o(.ARM.Collect$$$$00000000) for __main
    entry5.o(.ARM.Collect$$$$00000004) refers to init.o(.text) for __scatterload
    entry9a.o(.ARM.Collect$$$$0000000B) refers to main.o(i.main) for main
    entry9b.o(.ARM.Collect$$$$0000000C) refers to main.o(i.main) for main
    uldiv.o(.text) refers to llushr.o(.text) for __aeabi_llsr
    uldiv.o(.text) refers to llshl.o(.text) for __aeabi_llsl
    depilogue.o(.text) refers to depilogue.o(i.__ARM_clz) for __ARM_clz
    depilogue.o(.text) refers to llshl.o(.text) for __aeabi_llsl
    depilogue.o(.text) refers to llushr.o(.text) for __aeabi_llsr
    dadd.o(.text) refers to llshl.o(.text) for __aeabi_llsl
    dadd.o(.text) refers to llsshr.o(.text) for __aeabi_lasr
    dadd.o(.text) refers to depilogue.o(.text) for _double_epilogue
    ddiv.o(.text) refers to depilogue.o(.text) for _double_round
    dfixul.o(.text) refers to llushr.o(.text) for __aeabi_llsr
    dfixul.o(.text) refers to llshl.o(.text) for __aeabi_llsl
    init.o(.text) refers to entry5.o(.ARM.Collect$$$$00000004) for __main_after_scatterload


==============================================================================

Removing Unused input sections from the image.

    Removing main.o(.rev16_text), (4 bytes).
    Removing main.o(.revsh_text), (4 bytes).
    Removing main.o(i.PIDPeriodTask), (36 bytes).
    Removing main.o(i.RealTimeFunc), (76 bytes).
    Removing main.o(i.SpeedPeriodTask), (28 bytes).
    Removing main.o(i.UpdatePeriodTask), (12 bytes).
    Removing main.o(i.heart_check), (116 bytes).
    Removing main.o(i.test), (72 bytes).
    Removing main.o(.data), (1 bytes).
    Removing main.o(.data), (2 bytes).
    Removing main.o(.data), (1 bytes).
    Removing main.o(.data), (1 bytes).
    Removing main.o(.data), (1 bytes).
    Removing main.o(.data), (1 bytes).
    Removing main.o(.data), (2 bytes).
    Removing main.o(.data), (2 bytes).
    Removing main.o(.data), (2 bytes).
    Removing main.o(.data), (1 bytes).
    Removing main.o(.data), (1 bytes).
    Removing stm32f0xx_it.o(.rev16_text), (4 bytes).
    Removing stm32f0xx_it.o(.revsh_text), (4 bytes).
    Removing stm32_devinit.o(.rev16_text), (4 bytes).
    Removing stm32_devinit.o(.revsh_text), (4 bytes).
    Removing motordriver.o(.rev16_text), (4 bytes).
    Removing motordriver.o(.revsh_text), (4 bytes).
    Removing motordriver.o(i.ExecuteMotorSpeed), (408 bytes).
    Removing motordriver.o(i.ScanMotorLimit), (12 bytes).
    Removing motordriver.o(i.SetMotorParam2), (34 bytes).
    Removing sensors.o(.rev16_text), (4 bytes).
    Removing sensors.o(.revsh_text), (4 bytes).
    Removing sensors.o(i.DealSensors), (8 bytes).
    Removing sensors.o(i.GetSpeed), (48 bytes).
    Removing sensors.o(i.ReadCurrent), (236 bytes).
    Removing sensors.o(i.ReadFuse), (96 bytes).
    Removing sensors.o(i.SensorsInt), (2 bytes).
    Removing sensors.o(.bss), (20 bytes).
    Removing usartcmd.o(.rev16_text), (4 bytes).
    Removing usartcmd.o(.revsh_text), (4 bytes).
    Removing usartcmd.o(i.DealUsartCMD), (40 bytes).
    Removing usartcmd.o(i.UsartCMDManual), (108 bytes).
    Removing usartcmd.o(i.UsartCMDManualInt), (236 bytes).
    Removing usartcmd.o(i.UsartCMDRxBufInt), (28 bytes).
    Removing usartcmd.o(.bss), (162 bytes).
    Removing usartcmd.o(.data), (2 bytes).
    Removing usartsentdata.o(.rev16_text), (4 bytes).
    Removing usartsentdata.o(.revsh_text), (4 bytes).
    Removing usartsentdata.o(i.Uart1WriteBuf), (200 bytes).
    Removing usartsentdata.o(i.UpLoadState), (128 bytes).
    Removing usartsentdata.o(i.UsartSentDataBuf), (68 bytes).
    Removing usartsentdata.o(.bss), (100 bytes).
    Removing usartsentdata.o(.data), (6 bytes).
    Removing strategy.o(.rev16_text), (4 bytes).
    Removing strategy.o(.revsh_text), (4 bytes).
    Removing strategy.o(i.Current_Strategy), (60 bytes).
    Removing strategy.o(i.PID_PI), (112 bytes).
    Removing strategy.o(i.PID_PID), (40 bytes).
    Removing strategy.o(i.PID_PI_D_S), (76 bytes).
    Removing strategy.o(i.PID_Strategy), (60 bytes).
    Removing strategy.o(i.Speed_PID), (164 bytes).
    Removing strategy.o(i.Speed_Strategy), (32 bytes).
    Removing strategy.o(.constdata), (6 bytes).
    Removing strategy.o(.constdata), (6 bytes).
    Removing strategy.o(.constdata), (6 bytes).
    Removing strategy.o(.constdata), (6 bytes).
    Removing strategy.o(.constdata), (6 bytes).
    Removing strategy.o(.constdata), (6 bytes).
    Removing strategy.o(.constdata), (6 bytes).
    Removing protocol.o(.rev16_text), (4 bytes).
    Removing protocol.o(.revsh_text), (4 bytes).
    Removing protocol.o(i.Send_To_Buff), (80 bytes).
    Removing protocol.o(i.Send_To_Uart), (144 bytes).
    Removing protocol.o(i.ask_send), (44 bytes).
    Removing protocol.o(i.char_special), (32 bytes).
    Removing protocol.o(i.getProtocolInfo_Bychecksum), (32 bytes).
    Removing protocol.o(i.getProtocolInfo_Bytype), (40 bytes).
    Removing protocol.o(i.is_special), (20 bytes).
    Removing protocol.o(i.state_protocol_send), (20 bytes).
    Removing protocol.o(.data), (1 bytes).
    Removing tool.o(.rev16_text), (4 bytes).
    Removing tool.o(.revsh_text), (4 bytes).
    Removing tool.o(i.TimeTask_Monitor), (220 bytes).
    Removing tool.o(i.TimeTask_addS), (12 bytes).
    Removing tool.o(i.TimeTask_remove), (48 bytes).
    Removing tool.o(i.UsToSysTickStamp), (68 bytes).
    Removing tool.o(i.delayMS), (36 bytes).
    Removing tool.o(i.delayS), (48 bytes).
    Removing tool.o(i.delayUS), (32 bytes).
    Removing tool.o(i.delayX), (56 bytes).
    Removing tool.o(i.elapse), (94 bytes).
    Removing tool.o(i.getSysTickStamp), (16 bytes).
    Removing tool.o(i.queue_empty_size), (10 bytes).
    Removing tool.o(i.queue_free), (6 bytes).
    Removing tool.o(i.queue_size), (4 bytes).
    Removing troubleshoot.o(.rev16_text), (4 bytes).
    Removing troubleshoot.o(.revsh_text), (4 bytes).
    Removing troubleshoot.o(i.ResetSYS), (12 bytes).
    Removing troubleshoot.o(i.Scram), (12 bytes).
    Removing troubleshoot.o(.data), (1 bytes).
    Removing motorwingdriver.o(.rev16_text), (4 bytes).
    Removing motorwingdriver.o(.revsh_text), (4 bytes).
    Removing motorwingdriver.o(i.ScanWingMotorLimit), (128 bytes).
    Removing motorwingdriver.o(i.SetWingMotorParam), (40 bytes).
    Removing motorwingdriver.o(i.Wing_Self_Inspection), (400 bytes).
    Removing motorwingdriver.o(.conststring), (80 bytes).
    Removing motorheaddriver.o(.rev16_text), (4 bytes).
    Removing motorheaddriver.o(.revsh_text), (4 bytes).
    Removing motorheaddriver.o(i.Head_Self_Inspection), (324 bytes).
    Removing motorheaddriver.o(i.ScanHeadMotorLimit), (224 bytes).
    Removing motorheaddriver.o(i.SetHeadMotorParam), (46 bytes).
    Removing pid.o(.rev16_text), (4 bytes).
    Removing pid.o(.revsh_text), (4 bytes).
    Removing stm32f0xx_gpio.o(.rev16_text), (4 bytes).
    Removing stm32f0xx_gpio.o(.revsh_text), (4 bytes).
    Removing stm32f0xx_gpio.o(i.GPIO_DeInit), (112 bytes).
    Removing stm32f0xx_gpio.o(i.GPIO_PinLockConfig), (26 bytes).
    Removing stm32f0xx_gpio.o(i.GPIO_ReadInputData), (4 bytes).
    Removing stm32f0xx_gpio.o(i.GPIO_ReadOutputData), (4 bytes).
    Removing stm32f0xx_gpio.o(i.GPIO_ReadOutputDataBit), (14 bytes).
    Removing stm32f0xx_gpio.o(i.GPIO_ResetBits), (4 bytes).
    Removing stm32f0xx_gpio.o(i.GPIO_SetBits), (4 bytes).
    Removing stm32f0xx_gpio.o(i.GPIO_StructInit), (24 bytes).
    Removing stm32f0xx_gpio.o(i.GPIO_Write), (4 bytes).
    Removing stm32f0xx_rcc.o(.rev16_text), (4 bytes).
    Removing stm32f0xx_rcc.o(.revsh_text), (4 bytes).
    Removing stm32f0xx_rcc.o(i.RCC_ADCCLKConfig), (44 bytes).
    Removing stm32f0xx_rcc.o(i.RCC_AHBPeriphResetCmd), (24 bytes).
    Removing stm32f0xx_rcc.o(i.RCC_APB1PeriphResetCmd), (24 bytes).
    Removing stm32f0xx_rcc.o(i.RCC_APB2PeriphResetCmd), (24 bytes).
    Removing stm32f0xx_rcc.o(i.RCC_AdjustHSI14CalibrationValue), (20 bytes).
    Removing stm32f0xx_rcc.o(i.RCC_AdjustHSICalibrationValue), (20 bytes).
    Removing stm32f0xx_rcc.o(i.RCC_BackupResetCmd), (28 bytes).
    Removing stm32f0xx_rcc.o(i.RCC_CECCLKConfig), (24 bytes).
    Removing stm32f0xx_rcc.o(i.RCC_ClearFlag), (20 bytes).
    Removing stm32f0xx_rcc.o(i.RCC_ClearITPendingBit), (12 bytes).
    Removing stm32f0xx_rcc.o(i.RCC_ClockSecuritySystemCmd), (28 bytes).
    Removing stm32f0xx_rcc.o(i.RCC_DeInit), (92 bytes).
    Removing stm32f0xx_rcc.o(i.RCC_GetFlagStatus), (52 bytes).
    Removing stm32f0xx_rcc.o(i.RCC_GetITStatus), (20 bytes).
    Removing stm32f0xx_rcc.o(i.RCC_GetSYSCLKSource), (16 bytes).
    Removing stm32f0xx_rcc.o(i.RCC_HCLKConfig), (20 bytes).
    Removing stm32f0xx_rcc.o(i.RCC_HSEConfig), (16 bytes).
    Removing stm32f0xx_rcc.o(i.RCC_HSI14ADCRequestCmd), (24 bytes).
    Removing stm32f0xx_rcc.o(i.RCC_HSI14Cmd), (28 bytes).
    Removing stm32f0xx_rcc.o(i.RCC_HSI48Cmd), (28 bytes).
    Removing stm32f0xx_rcc.o(i.RCC_HSICmd), (28 bytes).
    Removing stm32f0xx_rcc.o(i.RCC_I2CCLKConfig), (24 bytes).
    Removing stm32f0xx_rcc.o(i.RCC_ITConfig), (24 bytes).
    Removing stm32f0xx_rcc.o(i.RCC_LSEConfig), (32 bytes).
    Removing stm32f0xx_rcc.o(i.RCC_LSEDriveConfig), (24 bytes).
    Removing stm32f0xx_rcc.o(i.RCC_LSICmd), (28 bytes).
    Removing stm32f0xx_rcc.o(i.RCC_MCOConfig), (24 bytes).
    Removing stm32f0xx_rcc.o(i.RCC_PCLKConfig), (20 bytes).
    Removing stm32f0xx_rcc.o(i.RCC_PLLCmd), (28 bytes).
    Removing stm32f0xx_rcc.o(i.RCC_PLLConfig), (28 bytes).
    Removing stm32f0xx_rcc.o(i.RCC_PREDIV1Config), (20 bytes).
    Removing stm32f0xx_rcc.o(i.RCC_RTCCLKCmd), (28 bytes).
    Removing stm32f0xx_rcc.o(i.RCC_RTCCLKConfig), (16 bytes).
    Removing stm32f0xx_rcc.o(i.RCC_SYSCLKConfig), (20 bytes).
    Removing stm32f0xx_rcc.o(i.RCC_USARTCLKConfig), (48 bytes).
    Removing stm32f0xx_rcc.o(i.RCC_USBCLKConfig), (24 bytes).
    Removing stm32f0xx_rcc.o(i.RCC_WaitForHSEStartUp), (44 bytes).
    Removing stm32f0xx_misc.o(.rev16_text), (4 bytes).
    Removing stm32f0xx_misc.o(.revsh_text), (4 bytes).
    Removing stm32f0xx_misc.o(i.NVIC_SystemLPConfig), (24 bytes).
    Removing stm32f0xx_misc.o(i.SysTick_CLKSourceConfig), (24 bytes).
    Removing stm32f0xx_tim.o(.rev16_text), (4 bytes).
    Removing stm32f0xx_tim.o(.revsh_text), (4 bytes).
    Removing stm32f0xx_tim.o(i.TI1_Config), (40 bytes).
    Removing stm32f0xx_tim.o(i.TI2_Config), (48 bytes).
    Removing stm32f0xx_tim.o(i.TIM_BDTRConfig), (34 bytes).
    Removing stm32f0xx_tim.o(i.TIM_BDTRStructInit), (18 bytes).
    Removing stm32f0xx_tim.o(i.TIM_CCPreloadControl), (20 bytes).
    Removing stm32f0xx_tim.o(i.TIM_CCxCmd), (22 bytes).
    Removing stm32f0xx_tim.o(i.TIM_CCxNCmd), (22 bytes).
    Removing stm32f0xx_tim.o(i.TIM_ClearFlag), (6 bytes).
    Removing stm32f0xx_tim.o(i.TIM_ClearITPendingBit), (6 bytes).
    Removing stm32f0xx_tim.o(i.TIM_ClearOC1Ref), (12 bytes).
    Removing stm32f0xx_tim.o(i.TIM_ClearOC2Ref), (14 bytes).
    Removing stm32f0xx_tim.o(i.TIM_ClearOC3Ref), (12 bytes).
    Removing stm32f0xx_tim.o(i.TIM_ClearOC4Ref), (14 bytes).
    Removing stm32f0xx_tim.o(i.TIM_CounterModeConfig), (12 bytes).
    Removing stm32f0xx_tim.o(i.TIM_DMACmd), (16 bytes).
    Removing stm32f0xx_tim.o(i.TIM_DMAConfig), (8 bytes).
    Removing stm32f0xx_tim.o(i.TIM_DeInit), (204 bytes).
    Removing stm32f0xx_tim.o(i.TIM_ETRClockMode1Config), (28 bytes).
    Removing stm32f0xx_tim.o(i.TIM_ETRClockMode2Config), (20 bytes).
    Removing stm32f0xx_tim.o(i.TIM_ETRConfig), (18 bytes).
    Removing stm32f0xx_tim.o(i.TIM_EncoderInterfaceConfig), (48 bytes).
    Removing stm32f0xx_tim.o(i.TIM_ForcedOC1Config), (12 bytes).
    Removing stm32f0xx_tim.o(i.TIM_ForcedOC2Config), (20 bytes).
    Removing stm32f0xx_tim.o(i.TIM_ForcedOC3Config), (12 bytes).
    Removing stm32f0xx_tim.o(i.TIM_ForcedOC4Config), (20 bytes).
    Removing stm32f0xx_tim.o(i.TIM_GenerateEvent), (4 bytes).
    Removing stm32f0xx_tim.o(i.TIM_GetCapture1), (4 bytes).
    Removing stm32f0xx_tim.o(i.TIM_GetCapture2), (4 bytes).
    Removing stm32f0xx_tim.o(i.TIM_GetCapture3), (4 bytes).
    Removing stm32f0xx_tim.o(i.TIM_GetCapture4), (4 bytes).
    Removing stm32f0xx_tim.o(i.TIM_GetCounter), (4 bytes).
    Removing stm32f0xx_tim.o(i.TIM_GetFlagStatus), (14 bytes).
    Removing stm32f0xx_tim.o(i.TIM_GetITStatus), (24 bytes).
    Removing stm32f0xx_tim.o(i.TIM_GetPrescaler), (4 bytes).
    Removing stm32f0xx_tim.o(i.TIM_ICInit), (184 bytes).
    Removing stm32f0xx_tim.o(i.TIM_ICStructInit), (16 bytes).
    Removing stm32f0xx_tim.o(i.TIM_ITConfig), (16 bytes).
    Removing stm32f0xx_tim.o(i.TIM_ITRxExternalClockConfig), (18 bytes).
    Removing stm32f0xx_tim.o(i.TIM_InternalClockConfig), (10 bytes).
    Removing stm32f0xx_tim.o(i.TIM_OC1FastConfig), (12 bytes).
    Removing stm32f0xx_tim.o(i.TIM_OC1NPolarityConfig), (12 bytes).
    Removing stm32f0xx_tim.o(i.TIM_OC1PolarityConfig), (12 bytes).
    Removing stm32f0xx_tim.o(i.TIM_OC1PreloadConfig), (12 bytes).
    Removing stm32f0xx_tim.o(i.TIM_OC2FastConfig), (20 bytes).
    Removing stm32f0xx_tim.o(i.TIM_OC2NPolarityConfig), (14 bytes).
    Removing stm32f0xx_tim.o(i.TIM_OC2PolarityConfig), (14 bytes).
    Removing stm32f0xx_tim.o(i.TIM_OC2PreloadConfig), (20 bytes).
    Removing stm32f0xx_tim.o(i.TIM_OC3FastConfig), (12 bytes).
    Removing stm32f0xx_tim.o(i.TIM_OC3Init), (136 bytes).
    Removing stm32f0xx_tim.o(i.TIM_OC3NPolarityConfig), (20 bytes).
    Removing stm32f0xx_tim.o(i.TIM_OC3PolarityConfig), (20 bytes).
    Removing stm32f0xx_tim.o(i.TIM_OC3PreloadConfig), (12 bytes).
    Removing stm32f0xx_tim.o(i.TIM_OC4FastConfig), (20 bytes).
    Removing stm32f0xx_tim.o(i.TIM_OC4Init), (100 bytes).
    Removing stm32f0xx_tim.o(i.TIM_OC4PolarityConfig), (20 bytes).
    Removing stm32f0xx_tim.o(i.TIM_OC4PreloadConfig), (20 bytes).
    Removing stm32f0xx_tim.o(i.TIM_OCStructInit), (20 bytes).
    Removing stm32f0xx_tim.o(i.TIM_PWMIConfig), (104 bytes).
    Removing stm32f0xx_tim.o(i.TIM_PrescalerConfig), (6 bytes).
    Removing stm32f0xx_tim.o(i.TIM_RemapConfig), (6 bytes).
    Removing stm32f0xx_tim.o(i.TIM_SelectCCDMA), (18 bytes).
    Removing stm32f0xx_tim.o(i.TIM_SelectCOM), (18 bytes).
    Removing stm32f0xx_tim.o(i.TIM_SelectHallSensor), (18 bytes).
    Removing stm32f0xx_tim.o(i.TIM_SelectInputTrigger), (12 bytes).
    Removing stm32f0xx_tim.o(i.TIM_SelectMasterSlaveMode), (16 bytes).
    Removing stm32f0xx_tim.o(i.TIM_SelectOCREFClear), (16 bytes).
    Removing stm32f0xx_tim.o(i.TIM_SelectOCxM), (70 bytes).
    Removing stm32f0xx_tim.o(i.TIM_SelectOnePulseMode), (16 bytes).
    Removing stm32f0xx_tim.o(i.TIM_SelectOutputTrigger), (16 bytes).
    Removing stm32f0xx_tim.o(i.TIM_SelectSlaveMode), (16 bytes).
    Removing stm32f0xx_tim.o(i.TIM_SetAutoreload), (4 bytes).
    Removing stm32f0xx_tim.o(i.TIM_SetClockDivision), (20 bytes).
    Removing stm32f0xx_tim.o(i.TIM_SetCompare3), (4 bytes).
    Removing stm32f0xx_tim.o(i.TIM_SetCompare4), (4 bytes).
    Removing stm32f0xx_tim.o(i.TIM_SetCounter), (4 bytes).
    Removing stm32f0xx_tim.o(i.TIM_SetIC1Prescaler), (16 bytes).
    Removing stm32f0xx_tim.o(i.TIM_SetIC2Prescaler), (24 bytes).
    Removing stm32f0xx_tim.o(i.TIM_SetIC3Prescaler), (16 bytes).
    Removing stm32f0xx_tim.o(i.TIM_SetIC4Prescaler), (24 bytes).
    Removing stm32f0xx_tim.o(i.TIM_TIxExternalClockConfig), (48 bytes).
    Removing stm32f0xx_tim.o(i.TIM_UpdateDisableConfig), (18 bytes).
    Removing stm32f0xx_tim.o(i.TIM_UpdateRequestConfig), (18 bytes).
    Removing stm32f0xx_usart.o(.rev16_text), (4 bytes).
    Removing stm32f0xx_usart.o(.revsh_text), (4 bytes).
    Removing stm32f0xx_usart.o(i.USART_AddressDetectionConfig), (16 bytes).
    Removing stm32f0xx_usart.o(i.USART_AutoBaudRateCmd), (20 bytes).
    Removing stm32f0xx_usart.o(i.USART_AutoBaudRateConfig), (18 bytes).
    Removing stm32f0xx_usart.o(i.USART_ClearITPendingBit), (10 bytes).
    Removing stm32f0xx_usart.o(i.USART_ClockInit), (28 bytes).
    Removing stm32f0xx_usart.o(i.USART_ClockStructInit), (12 bytes).
    Removing stm32f0xx_usart.o(i.USART_DECmd), (20 bytes).
    Removing stm32f0xx_usart.o(i.USART_DEPolarityConfig), (18 bytes).
    Removing stm32f0xx_usart.o(i.USART_DMACmd), (16 bytes).
    Removing stm32f0xx_usart.o(i.USART_DMAReceptionErrorConfig), (18 bytes).
    Removing stm32f0xx_usart.o(i.USART_DataInvCmd), (20 bytes).
    Removing stm32f0xx_usart.o(i.USART_DeInit), (184 bytes).
    Removing stm32f0xx_usart.o(i.USART_DirectionModeCmd), (16 bytes).
    Removing stm32f0xx_usart.o(i.USART_HalfDuplexCmd), (18 bytes).
    Removing stm32f0xx_usart.o(i.USART_InvPinCmd), (16 bytes).
    Removing stm32f0xx_usart.o(i.USART_IrDACmd), (18 bytes).
    Removing stm32f0xx_usart.o(i.USART_IrDAConfig), (16 bytes).
    Removing stm32f0xx_usart.o(i.USART_LINBreakDetectLengthConfig), (16 bytes).
    Removing stm32f0xx_usart.o(i.USART_LINCmd), (20 bytes).
    Removing stm32f0xx_usart.o(i.USART_MSBFirstCmd), (20 bytes).
    Removing stm32f0xx_usart.o(i.USART_MuteModeCmd), (20 bytes).
    Removing stm32f0xx_usart.o(i.USART_MuteModeWakeUpConfig), (18 bytes).
    Removing stm32f0xx_usart.o(i.USART_OneBitMethodCmd), (20 bytes).
    Removing stm32f0xx_usart.o(i.USART_OverSampling8Cmd), (20 bytes).
    Removing stm32f0xx_usart.o(i.USART_OverrunDetectionConfig), (18 bytes).
    Removing stm32f0xx_usart.o(i.USART_ReceiverTimeOutCmd), (20 bytes).
    Removing stm32f0xx_usart.o(i.USART_RequestCmd), (16 bytes).
    Removing stm32f0xx_usart.o(i.USART_STOPModeCmd), (18 bytes).
    Removing stm32f0xx_usart.o(i.USART_SWAPPinCmd), (20 bytes).
    Removing stm32f0xx_usart.o(i.USART_SetAddress), (18 bytes).
    Removing stm32f0xx_usart.o(i.USART_SetAutoRetryCount), (20 bytes).
    Removing stm32f0xx_usart.o(i.USART_SetBlockLength), (18 bytes).
    Removing stm32f0xx_usart.o(i.USART_SetDEAssertionTime), (20 bytes).
    Removing stm32f0xx_usart.o(i.USART_SetDEDeassertionTime), (20 bytes).
    Removing stm32f0xx_usart.o(i.USART_SetGuardTime), (16 bytes).
    Removing stm32f0xx_usart.o(i.USART_SetPrescaler), (16 bytes).
    Removing stm32f0xx_usart.o(i.USART_SetReceiverTimeOut), (16 bytes).
    Removing stm32f0xx_usart.o(i.USART_SmartCardCmd), (18 bytes).
    Removing stm32f0xx_usart.o(i.USART_SmartCardNACKCmd), (18 bytes).
    Removing stm32f0xx_usart.o(i.USART_StopModeWakeUpSourceConfig), (18 bytes).
    Removing stm32f0xx_usart.o(i.USART_StructInit), (22 bytes).
    Removing stm32f0xx_adc.o(.rev16_text), (4 bytes).
    Removing stm32f0xx_adc.o(.revsh_text), (4 bytes).
    Removing stm32f0xx_adc.o(i.ADC_AnalogWatchdogCmd), (20 bytes).
    Removing stm32f0xx_adc.o(i.ADC_AnalogWatchdogSingleChannelCmd), (20 bytes).
    Removing stm32f0xx_adc.o(i.ADC_AnalogWatchdogSingleChannelConfig), (14 bytes).
    Removing stm32f0xx_adc.o(i.ADC_AnalogWatchdogThresholdsConfig), (8 bytes).
    Removing stm32f0xx_adc.o(i.ADC_AutoPowerOffCmd), (20 bytes).
    Removing stm32f0xx_adc.o(i.ADC_ClearFlag), (4 bytes).
    Removing stm32f0xx_adc.o(i.ADC_ClearITPendingBit), (4 bytes).
    Removing stm32f0xx_adc.o(i.ADC_ClockModeConfig), (4 bytes).
    Removing stm32f0xx_adc.o(i.ADC_ContinuousModeCmd), (20 bytes).
    Removing stm32f0xx_adc.o(i.ADC_DeInit), (32 bytes).
    Removing stm32f0xx_adc.o(i.ADC_DiscModeCmd), (20 bytes).
    Removing stm32f0xx_adc.o(i.ADC_GetConversionValue), (6 bytes).
    Removing stm32f0xx_adc.o(i.ADC_GetITStatus), (22 bytes).
    Removing stm32f0xx_adc.o(i.ADC_ITConfig), (16 bytes).
    Removing stm32f0xx_adc.o(i.ADC_JitterCmd), (16 bytes).
    Removing stm32f0xx_adc.o(i.ADC_OverrunModeCmd), (20 bytes).
    Removing stm32f0xx_adc.o(i.ADC_StopOfConversion), (10 bytes).
    Removing stm32f0xx_adc.o(i.ADC_TempSensorCmd), (28 bytes).
    Removing stm32f0xx_adc.o(i.ADC_VbatCmd), (28 bytes).
    Removing stm32f0xx_adc.o(i.ADC_VrefintCmd), (28 bytes).
    Removing stm32f0xx_adc.o(i.ADC_WaitModeCmd), (20 bytes).
    Removing stm32f0xx_exti.o(.rev16_text), (4 bytes).
    Removing stm32f0xx_exti.o(.revsh_text), (4 bytes).
    Removing stm32f0xx_exti.o(i.EXTI_ClearFlag), (12 bytes).
    Removing stm32f0xx_exti.o(i.EXTI_DeInit), (32 bytes).
    Removing stm32f0xx_exti.o(i.EXTI_GenerateSWInterrupt), (16 bytes).
    Removing stm32f0xx_exti.o(i.EXTI_GetFlagStatus), (20 bytes).
    Removing stm32f0xx_exti.o(i.EXTI_StructInit), (14 bytes).
    Removing stm32f0xx_dma.o(.rev16_text), (4 bytes).
    Removing stm32f0xx_dma.o(.revsh_text), (4 bytes).
    Removing stm32f0xx_dma.o(i.DMA_ClearFlag), (24 bytes).
    Removing stm32f0xx_dma.o(i.DMA_ClearITPendingBit), (24 bytes).
    Removing stm32f0xx_dma.o(i.DMA_GetCurrDataCounter), (6 bytes).
    Removing stm32f0xx_dma.o(i.DMA_GetFlagStatus), (32 bytes).
    Removing stm32f0xx_dma.o(i.DMA_GetITStatus), (32 bytes).
    Removing stm32f0xx_dma.o(i.DMA_ITConfig), (16 bytes).
    Removing stm32f0xx_dma.o(i.DMA_RemapConfig), (30 bytes).
    Removing stm32f0xx_dma.o(i.DMA_SetCurrDataCounter), (4 bytes).
    Removing stm32f0xx_dma.o(i.DMA_StructInit), (26 bytes).
    Removing stm32f0xx_syscfg.o(.rev16_text), (4 bytes).
    Removing stm32f0xx_syscfg.o(.revsh_text), (4 bytes).
    Removing stm32f0xx_syscfg.o(i.SYSCFG_BreakConfig), (16 bytes).
    Removing stm32f0xx_syscfg.o(i.SYSCFG_ClearFlag), (16 bytes).
    Removing stm32f0xx_syscfg.o(i.SYSCFG_DMAChannelRemapConfig), (24 bytes).
    Removing stm32f0xx_syscfg.o(i.SYSCFG_DeInit), (36 bytes).
    Removing stm32f0xx_syscfg.o(i.SYSCFG_GetFlagStatus), (20 bytes).
    Removing stm32f0xx_syscfg.o(i.SYSCFG_GetPendingIT), (24 bytes).
    Removing stm32f0xx_syscfg.o(i.SYSCFG_I2CFastModePlusConfig), (24 bytes).
    Removing stm32f0xx_syscfg.o(i.SYSCFG_IRDAEnvSelection), (24 bytes).
    Removing stm32f0xx_syscfg.o(i.SYSCFG_MemoryRemapConfig), (20 bytes).
    Removing system_stm32f0xx.o(.rev16_text), (4 bytes).
    Removing system_stm32f0xx.o(.revsh_text), (4 bytes).
    Removing system_stm32f0xx.o(i.SystemCoreClockUpdate), (108 bytes).
    Removing startup_stm32f030.o(HEAP), (512 bytes).
    Removing dmul.o(.text), (208 bytes).
    Removing dflti.o(.text), (40 bytes).
    Removing dfixi.o(.text), (72 bytes).
    Removing depilogue.o(.text), (190 bytes).
    Removing dadd.o(.text), (356 bytes).
    Removing ddiv.o(.text), (240 bytes).
    Removing dfixul.o(.text), (64 bytes).
    Removing cdrcmple.o(.text), (40 bytes).
    Removing depilogue.o(i.__ARM_clz), (46 bytes).

357 unused section(s) (total 12335 bytes) removed from the image.

==============================================================================

Image Symbol Table

    Local Symbols

    Symbol Name                              Value     Ov Type        Size  Object(Section)

    ../clib/microlib/division.c              0x00000000   Number         0  uidiv.o ABSOLUTE
    ../clib/microlib/division.c              0x00000000   Number         0  uldiv.o ABSOLUTE
    ../clib/microlib/division.c              0x00000000   Number         0  idiv.o ABSOLUTE
    ../clib/microlib/init/entry.s            0x00000000   Number         0  entry8a.o ABSOLUTE
    ../clib/microlib/init/entry.s            0x00000000   Number         0  entry7a.o ABSOLUTE
    ../clib/microlib/init/entry.s            0x00000000   Number         0  entry11b.o ABSOLUTE
    ../clib/microlib/init/entry.s            0x00000000   Number         0  entry11a.o ABSOLUTE
    ../clib/microlib/init/entry.s            0x00000000   Number         0  entry7b.o ABSOLUTE
    ../clib/microlib/init/entry.s            0x00000000   Number         0  entry.o ABSOLUTE
    ../clib/microlib/init/entry.s            0x00000000   Number         0  entry8b.o ABSOLUTE
    ../clib/microlib/init/entry.s            0x00000000   Number         0  entry10b.o ABSOLUTE
    ../clib/microlib/init/entry.s            0x00000000   Number         0  entry10a.o ABSOLUTE
    ../clib/microlib/init/entry.s            0x00000000   Number         0  entry9b.o ABSOLUTE
    ../clib/microlib/init/entry.s            0x00000000   Number         0  entry9a.o ABSOLUTE
    ../clib/microlib/init/entry.s            0x00000000   Number         0  entry5.o ABSOLUTE
    ../clib/microlib/init/entry.s            0x00000000   Number         0  entry2.o ABSOLUTE
    ../clib/microlib/longlong.c              0x00000000   Number         0  llshl.o ABSOLUTE
    ../clib/microlib/longlong.c              0x00000000   Number         0  llushr.o ABSOLUTE
    ../clib/microlib/longlong.c              0x00000000   Number         0  llsshr.o ABSOLUTE
    ../clib/microlib/printf/printf.c         0x00000000   Number         0  printf2.o ABSOLUTE
    ../clib/microlib/printf/printf.c         0x00000000   Number         0  printf3.o ABSOLUTE
    ../clib/microlib/printf/printf.c         0x00000000   Number         0  printf4.o ABSOLUTE
    ../clib/microlib/printf/printf.c         0x00000000   Number         0  printf5.o ABSOLUTE
    ../clib/microlib/printf/printf.c         0x00000000   Number         0  printf6.o ABSOLUTE
    ../clib/microlib/printf/printf.c         0x00000000   Number         0  printf8.o ABSOLUTE
    ../clib/microlib/printf/printf.c         0x00000000   Number         0  printf7.o ABSOLUTE
    ../clib/microlib/printf/printf.c         0x00000000   Number         0  printf0.o ABSOLUTE
    ../clib/microlib/printf/printf.c         0x00000000   Number         0  printfa.o ABSOLUTE
    ../clib/microlib/printf/printf.c         0x00000000   Number         0  printf1.o ABSOLUTE
    ../clib/microlib/printf/printf.c         0x00000000   Number         0  printfb.o ABSOLUTE
    ../clib/microlib/printf/stubs.s          0x00000000   Number         0  stubs.o ABSOLUTE
    ../clib/microlib/stdio/streams.c         0x00000000   Number         0  stdout.o ABSOLUTE
    ../clib/microlib/string/memcpy.c         0x00000000   Number         0  memcpya.o ABSOLUTE
    ../clib/microlib/string/memcpy.c         0x00000000   Number         0  memcpyb.o ABSOLUTE
    ../clib/microlib/string/memset.c         0x00000000   Number         0  memseta.o ABSOLUTE
    ../clib/microlib/stubs.s                 0x00000000   Number         0  iusefp.o ABSOLUTE
    ../clib/microlib/unhosted.c              0x00000000   Number         0  uread4.o ABSOLUTE
    ../fplib/microlib/fpadd.c                0x00000000   Number         0  dadd.o ABSOLUTE
    ../fplib/microlib/fpdiv.c                0x00000000   Number         0  ddiv.o ABSOLUTE
    ../fplib/microlib/fpepilogue.c           0x00000000   Number         0  depilogue.o ABSOLUTE
    ../fplib/microlib/fpfix.c                0x00000000   Number         0  dfixi.o ABSOLUTE
    ../fplib/microlib/fpfix.c                0x00000000   Number         0  dfixul.o ABSOLUTE
    ../fplib/microlib/fpflt.c                0x00000000   Number         0  dflti.o ABSOLUTE
    ../fplib/microlib/fpmul.c                0x00000000   Number         0  dmul.o ABSOLUTE
    ..\..\library\STM32F0xx_StdPeriph_Lib_V1.5.0\CMSIS\Device\ST\STM32F0xx\Source\Templates\arm\startup_stm32f030.s 0x00000000   Number         0  startup_stm32f030.o ABSOLUTE
    ..\..\library\STM32F0xx_StdPeriph_Lib_V1.5.0\STM32F0xx_StdPeriph_Driver\src\stm32f0xx_adc.c 0x00000000   Number         0  stm32f0xx_adc.o ABSOLUTE
    ..\..\library\STM32F0xx_StdPeriph_Lib_V1.5.0\STM32F0xx_StdPeriph_Driver\src\stm32f0xx_dma.c 0x00000000   Number         0  stm32f0xx_dma.o ABSOLUTE
    ..\..\library\STM32F0xx_StdPeriph_Lib_V1.5.0\STM32F0xx_StdPeriph_Driver\src\stm32f0xx_exti.c 0x00000000   Number         0  stm32f0xx_exti.o ABSOLUTE
    ..\..\library\STM32F0xx_StdPeriph_Lib_V1.5.0\STM32F0xx_StdPeriph_Driver\src\stm32f0xx_gpio.c 0x00000000   Number         0  stm32f0xx_gpio.o ABSOLUTE
    ..\..\library\STM32F0xx_StdPeriph_Lib_V1.5.0\STM32F0xx_StdPeriph_Driver\src\stm32f0xx_misc.c 0x00000000   Number         0  stm32f0xx_misc.o ABSOLUTE
    ..\..\library\STM32F0xx_StdPeriph_Lib_V1.5.0\STM32F0xx_StdPeriph_Driver\src\stm32f0xx_rcc.c 0x00000000   Number         0  stm32f0xx_rcc.o ABSOLUTE
    ..\..\library\STM32F0xx_StdPeriph_Lib_V1.5.0\STM32F0xx_StdPeriph_Driver\src\stm32f0xx_syscfg.c 0x00000000   Number         0  stm32f0xx_syscfg.o ABSOLUTE
    ..\..\library\STM32F0xx_StdPeriph_Lib_V1.5.0\STM32F0xx_StdPeriph_Driver\src\stm32f0xx_tim.c 0x00000000   Number         0  stm32f0xx_tim.o ABSOLUTE
    ..\..\library\STM32F0xx_StdPeriph_Lib_V1.5.0\STM32F0xx_StdPeriph_Driver\src\stm32f0xx_usart.c 0x00000000   Number         0  stm32f0xx_usart.o ABSOLUTE
    ..\MotorDriver.c                         0x00000000   Number         0  motordriver.o ABSOLUTE
    ..\MotorHeadDriver.c                     0x00000000   Number         0  motorheaddriver.o ABSOLUTE
    ..\MotorWingDriver.c                     0x00000000   Number         0  motorwingdriver.o ABSOLUTE
    ..\PID.c                                 0x00000000   Number         0  pid.o ABSOLUTE
    ..\STM32_DevInit.c                       0x00000000   Number         0  stm32_devinit.o ABSOLUTE
    ..\Sensors.c                             0x00000000   Number         0  sensors.o ABSOLUTE
    ..\USARTCMD.c                            0x00000000   Number         0  usartcmd.o ABSOLUTE
    ..\USARTSentData.c                       0x00000000   Number         0  usartsentdata.o ABSOLUTE
    ..\\..\\library\\STM32F0xx_StdPeriph_Lib_V1.5.0\\STM32F0xx_StdPeriph_Driver\\src\\stm32f0xx_adc.c 0x00000000   Number         0  stm32f0xx_adc.o ABSOLUTE
    ..\\..\\library\\STM32F0xx_StdPeriph_Lib_V1.5.0\\STM32F0xx_StdPeriph_Driver\\src\\stm32f0xx_dma.c 0x00000000   Number         0  stm32f0xx_dma.o ABSOLUTE
    ..\\..\\library\\STM32F0xx_StdPeriph_Lib_V1.5.0\\STM32F0xx_StdPeriph_Driver\\src\\stm32f0xx_exti.c 0x00000000   Number         0  stm32f0xx_exti.o ABSOLUTE
    ..\\..\\library\\STM32F0xx_StdPeriph_Lib_V1.5.0\\STM32F0xx_StdPeriph_Driver\\src\\stm32f0xx_gpio.c 0x00000000   Number         0  stm32f0xx_gpio.o ABSOLUTE
    ..\\..\\library\\STM32F0xx_StdPeriph_Lib_V1.5.0\\STM32F0xx_StdPeriph_Driver\\src\\stm32f0xx_misc.c 0x00000000   Number         0  stm32f0xx_misc.o ABSOLUTE
    ..\\..\\library\\STM32F0xx_StdPeriph_Lib_V1.5.0\\STM32F0xx_StdPeriph_Driver\\src\\stm32f0xx_rcc.c 0x00000000   Number         0  stm32f0xx_rcc.o ABSOLUTE
    ..\\..\\library\\STM32F0xx_StdPeriph_Lib_V1.5.0\\STM32F0xx_StdPeriph_Driver\\src\\stm32f0xx_syscfg.c 0x00000000   Number         0  stm32f0xx_syscfg.o ABSOLUTE
    ..\\..\\library\\STM32F0xx_StdPeriph_Lib_V1.5.0\\STM32F0xx_StdPeriph_Driver\\src\\stm32f0xx_tim.c 0x00000000   Number         0  stm32f0xx_tim.o ABSOLUTE
    ..\\..\\library\\STM32F0xx_StdPeriph_Lib_V1.5.0\\STM32F0xx_StdPeriph_Driver\\src\\stm32f0xx_usart.c 0x00000000   Number         0  stm32f0xx_usart.o ABSOLUTE
    ..\\MotorDriver.c                        0x00000000   Number         0  motordriver.o ABSOLUTE
    ..\\MotorHeadDriver.c                    0x00000000   Number         0  motorheaddriver.o ABSOLUTE
    ..\\MotorWingDriver.c                    0x00000000   Number         0  motorwingdriver.o ABSOLUTE
    ..\\PID.c                                0x00000000   Number         0  pid.o ABSOLUTE
    ..\\STM32_DevInit.c                      0x00000000   Number         0  stm32_devinit.o ABSOLUTE
    ..\\Sensors.c                            0x00000000   Number         0  sensors.o ABSOLUTE
    ..\\USARTCMD.c                           0x00000000   Number         0  usartcmd.o ABSOLUTE
    ..\\USARTSentData.c                      0x00000000   Number         0  usartsentdata.o ABSOLUTE
    ..\\main.c                               0x00000000   Number         0  main.o ABSOLUTE
    ..\\protocol.c                           0x00000000   Number         0  protocol.o ABSOLUTE
    ..\\stm32f0xx_it.c                       0x00000000   Number         0  stm32f0xx_it.o ABSOLUTE
    ..\\system_stm32f0xx.c                   0x00000000   Number         0  system_stm32f0xx.o ABSOLUTE
    ..\\tool.c                               0x00000000   Number         0  tool.o ABSOLUTE
    ..\main.c                                0x00000000   Number         0  main.o ABSOLUTE
    ..\protocol.c                            0x00000000   Number         0  protocol.o ABSOLUTE
    ..\stm32f0xx_it.c                        0x00000000   Number         0  stm32f0xx_it.o ABSOLUTE
    ..\system_stm32f0xx.c                    0x00000000   Number         0  system_stm32f0xx.o ABSOLUTE
    ..\tool.c                                0x00000000   Number         0  tool.o ABSOLUTE
    Strategy.c                               0x00000000   Number         0  strategy.o ABSOLUTE
    Strategy.c                               0x00000000   Number         0  strategy.o ABSOLUTE
    cdrcmple.s                               0x00000000   Number         0  cdrcmple.o ABSOLUTE
    dc.s                                     0x00000000   Number         0  dc.o ABSOLUTE
    handlers.s                               0x00000000   Number         0  handlers.o ABSOLUTE
    init.s                                   0x00000000   Number         0  init.o ABSOLUTE
    troubleshoot.c                           0x00000000   Number         0  troubleshoot.o ABSOLUTE
    troubleshoot.c                           0x00000000   Number         0  troubleshoot.o ABSOLUTE
    RESET                                    0x08000000   Section      180  startup_stm32f030.o(RESET)
    .ARM.Collect$$$$00000000                 0x080000b4   Section        0  entry.o(.ARM.Collect$$$$00000000)
    .ARM.Collect$$$$00000001                 0x080000b4   Section        4  entry2.o(.ARM.Collect$$$$00000001)
    .ARM.Collect$$$$00000004                 0x080000b8   Section        4  entry5.o(.ARM.Collect$$$$00000004)
    .ARM.Collect$$$$00000008                 0x080000bc   Section        0  entry7b.o(.ARM.Collect$$$$00000008)
    .ARM.Collect$$$$0000000A                 0x080000bc   Section        0  entry8b.o(.ARM.Collect$$$$0000000A)
    .ARM.Collect$$$$0000000B                 0x080000bc   Section        8  entry9a.o(.ARM.Collect$$$$0000000B)
    .ARM.Collect$$$$0000000D                 0x080000c4   Section        0  entry10a.o(.ARM.Collect$$$$0000000D)
    .ARM.Collect$$$$0000000F                 0x080000c4   Section        0  entry11a.o(.ARM.Collect$$$$0000000F)
    .ARM.Collect$$$$00002712                 0x080000c4   Section        4  entry2.o(.ARM.Collect$$$$00002712)
    __lit__00000000                          0x080000c4   Data           4  entry2.o(.ARM.Collect$$$$00002712)
    .text                                    0x080000c8   Section       88  startup_stm32f030.o(.text)
    .text                                    0x08000120   Section        0  uidiv.o(.text)
    .text                                    0x0800014c   Section        0  idiv.o(.text)
    .text                                    0x08000174   Section        0  memcpya.o(.text)
    .text                                    0x08000198   Section        0  memseta.o(.text)
    .text                                    0x080001bc   Section       36  init.o(.text)
    i.ADC_ChannelConfig                      0x080001e0   Section        0  stm32f0xx_adc.o(i.ADC_ChannelConfig)
    i.ADC_Cmd                                0x080001ea   Section        0  stm32f0xx_adc.o(i.ADC_Cmd)
    i.ADC_Configuration                      0x080001fc   Section        0  stm32_devinit.o(i.ADC_Configuration)
    i.ADC_DMACmd                             0x0800028c   Section        0  stm32f0xx_adc.o(i.ADC_DMACmd)
    i.ADC_DMARequestModeConfig               0x080002a0   Section        0  stm32f0xx_adc.o(i.ADC_DMARequestModeConfig)
    i.ADC_GetCalibrationFactor               0x080002b0   Section        0  stm32f0xx_adc.o(i.ADC_GetCalibrationFactor)
    i.ADC_GetFlagStatus                      0x080002de   Section        0  stm32f0xx_adc.o(i.ADC_GetFlagStatus)
    i.ADC_Init                               0x080002fc   Section        0  stm32f0xx_adc.o(i.ADC_Init)
    i.ADC_StartOfConversion                  0x08000328   Section        0  stm32f0xx_adc.o(i.ADC_StartOfConversion)
    i.ADC_StructInit                         0x08000332   Section        0  stm32f0xx_adc.o(i.ADC_StructInit)
    i.Buff_To_Uart                           0x08000344   Section        0  protocol.o(i.Buff_To_Uart)
    i.DMA_Cmd                                0x08000380   Section        0  stm32f0xx_dma.o(i.DMA_Cmd)
    i.DMA_Configuration                      0x08000398   Section        0  stm32_devinit.o(i.DMA_Configuration)
    i.DMA_DeInit                             0x080003ec   Section        0  stm32f0xx_dma.o(i.DMA_DeInit)
    i.DMA_Init                               0x080004ac   Section        0  stm32f0xx_dma.o(i.DMA_Init)
    i.EXTI4_15_IRQHandler                    0x080004e8   Section        0  stm32f0xx_it.o(i.EXTI4_15_IRQHandler)
    i.EXTI_ClearITPendingBit                 0x080005c4   Section        0  stm32f0xx_exti.o(i.EXTI_ClearITPendingBit)
    i.EXTI_Configuration                     0x080005d0   Section        0  stm32_devinit.o(i.EXTI_Configuration)
    i.EXTI_GetITStatus                       0x0800063c   Section        0  stm32f0xx_exti.o(i.EXTI_GetITStatus)
    i.EXTI_Init                              0x08000650   Section        0  stm32f0xx_exti.o(i.EXTI_Init)
    i.ExecuteHeadMotor                       0x080006bc   Section        0  motorheaddriver.o(i.ExecuteHeadMotor)
    i.ExecuteWingMotor                       0x080006f0   Section        0  motorwingdriver.o(i.ExecuteWingMotor)
    i.GPIO_Configuration                     0x08000724   Section        0  stm32_devinit.o(i.GPIO_Configuration)
    i.GPIO_Init                              0x0800085c   Section        0  stm32f0xx_gpio.o(i.GPIO_Init)
    i.GPIO_PinAFConfig                       0x080008cc   Section        0  stm32f0xx_gpio.o(i.GPIO_PinAFConfig)
    i.GPIO_ReadInputDataBit                  0x080008ec   Section        0  stm32f0xx_gpio.o(i.GPIO_ReadInputDataBit)
    i.GPIO_WriteBit                          0x080008fa   Section        0  stm32f0xx_gpio.o(i.GPIO_WriteBit)
    i.HardFault_Handler                      0x08000906   Section        0  stm32f0xx_it.o(i.HardFault_Handler)
    i.MotorGeneralInit                       0x08000908   Section        0  motordriver.o(i.MotorGeneralInit)
    i.MotorInt                               0x08000978   Section        0  motordriver.o(i.MotorInt)
    i.NMI_Handler                            0x08000a6c   Section        0  stm32f0xx_it.o(i.NMI_Handler)
    i.NVIC_Configuration                     0x08000a6e   Section        0  stm32_devinit.o(i.NVIC_Configuration)
    i.NVIC_Init                              0x08000a94   Section        0  stm32f0xx_misc.o(i.NVIC_Init)
    i.PIDInt                                 0x08000ae4   Section        0  strategy.o(i.PIDInt)
    i.PID_Init                               0x08000b20   Section        0  pid.o(i.PID_Init)
    i.PID_Realize                            0x08000b40   Section        0  pid.o(i.PID_Realize)
    i.PendSV_Handler                         0x08000b9c   Section        0  stm32f0xx_it.o(i.PendSV_Handler)
    i.Protocol_Init                          0x08000ba0   Section        0  protocol.o(i.Protocol_Init)
    i.RCC_AHBPeriphClockCmd                  0x08000c4c   Section        0  stm32f0xx_rcc.o(i.RCC_AHBPeriphClockCmd)
    i.RCC_APB1PeriphClockCmd                 0x08000c64   Section        0  stm32f0xx_rcc.o(i.RCC_APB1PeriphClockCmd)
    i.RCC_APB2PeriphClockCmd                 0x08000c7c   Section        0  stm32f0xx_rcc.o(i.RCC_APB2PeriphClockCmd)
    i.RCC_GetClocksFreq                      0x08000c94   Section        0  stm32f0xx_rcc.o(i.RCC_GetClocksFreq)
    i.ReadEncode                             0x08000e0c   Section        0  pid.o(i.ReadEncode)
    i.STM32_DevInit                          0x08000e40   Section        0  stm32_devinit.o(i.STM32_DevInit)
    i.SVC_Handler                            0x08000e88   Section        0  stm32f0xx_it.o(i.SVC_Handler)
    i.SYSCFG_EXTILineConfig                  0x08000e8c   Section        0  stm32f0xx_syscfg.o(i.SYSCFG_EXTILineConfig)
    i.SetMotorParam                          0x08000eb4   Section        0  motordriver.o(i.SetMotorParam)
    i.SetSysClock                            0x08000ed8   Section        0  system_stm32f0xx.o(i.SetSysClock)
    SetSysClock                              0x08000ed9   Thumb Code   142  system_stm32f0xx.o(i.SetSysClock)
    i.StopHeadMotor                          0x08000f70   Section        0  motorheaddriver.o(i.StopHeadMotor)
    i.StopWingMotor                          0x08000f7c   Section        0  motorwingdriver.o(i.StopWingMotor)
    i.SysTickStampToUs                       0x08000f9c   Section        0  tool.o(i.SysTickStampToUs)
    i.SysTick_Configuration                  0x08000fbc   Section        0  stm32_devinit.o(i.SysTick_Configuration)
    i.SysTick_Handler                        0x08001004   Section        0  stm32f0xx_it.o(i.SysTick_Handler)
    i.SystemInit                             0x0800109c   Section        0  system_stm32f0xx.o(i.SystemInit)
    i.TIM_ARRPreloadConfig                   0x080010fc   Section        0  stm32f0xx_tim.o(i.TIM_ARRPreloadConfig)
    i.TIM_Cmd                                0x0800110e   Section        0  stm32f0xx_tim.o(i.TIM_Cmd)
    i.TIM_Configuration                      0x08001124   Section        0  stm32_devinit.o(i.TIM_Configuration)
    i.TIM_CtrlPWMOutputs                     0x08001240   Section        0  stm32f0xx_tim.o(i.TIM_CtrlPWMOutputs)
    i.TIM_OC1Init                            0x08001258   Section        0  stm32f0xx_tim.o(i.TIM_OC1Init)
    i.TIM_OC2Init                            0x080012d4   Section        0  stm32f0xx_tim.o(i.TIM_OC2Init)
    i.TIM_SetCompare1                        0x08001364   Section        0  stm32f0xx_tim.o(i.TIM_SetCompare1)
    i.TIM_SetCompare2                        0x08001368   Section        0  stm32f0xx_tim.o(i.TIM_SetCompare2)
    i.TIM_TimeBaseInit                       0x0800136c   Section        0  stm32f0xx_tim.o(i.TIM_TimeBaseInit)
    i.TIM_TimeBaseStructInit                 0x080013e0   Section        0  stm32f0xx_tim.o(i.TIM_TimeBaseStructInit)
    i.TimeTask_Init                          0x080013f4   Section        0  tool.o(i.TimeTask_Init)
    i.TimeTask_Run                           0x08001428   Section        0  tool.o(i.TimeTask_Run)
    i.TimeTask_add                           0x080014ec   Section        0  tool.o(i.TimeTask_add)
    i.USART1_IRQHandler                      0x08001584   Section        0  stm32f0xx_it.o(i.USART1_IRQHandler)
    i.USART_ClearFlag                        0x080015b8   Section        0  stm32f0xx_usart.o(i.USART_ClearFlag)
    i.USART_Cmd                              0x080015bc   Section        0  stm32f0xx_usart.o(i.USART_Cmd)
    i.USART_Configuration                    0x080015d0   Section        0  stm32_devinit.o(i.USART_Configuration)
    i.USART_GetFlagStatus                    0x08001610   Section        0  stm32f0xx_usart.o(i.USART_GetFlagStatus)
    i.USART_GetITStatus                      0x0800161e   Section        0  stm32f0xx_usart.o(i.USART_GetITStatus)
    i.USART_ITConfig                         0x08001656   Section        0  stm32f0xx_usart.o(i.USART_ITConfig)
    i.USART_Init                             0x08001680   Section        0  stm32f0xx_usart.o(i.USART_Init)
    i.USART_ReceiveData                      0x08001728   Section        0  stm32f0xx_usart.o(i.USART_ReceiveData)
    i.USART_SendData                         0x08001730   Section        0  stm32f0xx_usart.o(i.USART_SendData)
    i.__0printf$1                            0x08001738   Section        0  printf1.o(i.__0printf$1)
    i.__scatterload_copy                     0x08001758   Section       14  handlers.o(i.__scatterload_copy)
    i.__scatterload_null                     0x08001766   Section        2  handlers.o(i.__scatterload_null)
    i.__scatterload_zeroinit                 0x08001768   Section       14  handlers.o(i.__scatterload_zeroinit)
    i._clean_recv_buf                        0x08001778   Section        0  protocol.o(i._clean_recv_buf)
    i._printf_core                           0x0800179c   Section        0  printf1.o(i._printf_core)
    _printf_core                             0x0800179d   Thumb Code   332  printf1.o(i._printf_core)
    i.angle_protocol_check                   0x080018ec   Section        0  protocol.o(i.angle_protocol_check)
    i.create_SysTickStamp                    0x08001900   Section        0  tool.o(i.create_SysTickStamp)
    i.elapse_us                              0x08001934   Section        0  tool.o(i.elapse_us)
    i.fputc                                  0x08001948   Section        0  protocol.o(i.fputc)
    i.head_protocol_check                    0x08001960   Section        0  protocol.o(i.head_protocol_check)
    i.main                                   0x08001988   Section        0  main.o(i.main)
    i.put_byte                               0x080019e4   Section        0  protocol.o(i.put_byte)
    i.queue_get                              0x08001ac8   Section        0  tool.o(i.queue_get)
    i.queue_init                             0x08001b38   Section        0  tool.o(i.queue_init)
    i.queue_put                              0x08001b74   Section        0  tool.o(i.queue_put)
    i.run_protocol_check                     0x08001bc4   Section        0  protocol.o(i.run_protocol_check)
    i.wing_protocol_check                    0x08001c7c   Section        0  protocol.o(i.wing_protocol_check)
    .conststring                             0x08001cac   Section       73  protocol.o(.conststring)
    .data                                    0x20000000   Section        4  main.o(.data)
    .data                                    0x20000004   Section        4  main.o(.data)
    .data                                    0x20000008   Section       25  protocol.o(.data)
    _recv_index                              0x20000009   Data           1  protocol.o(.data)
    _is_F8                                   0x2000000a   Data           1  protocol.o(.data)
    _head                                    0x2000000b   Data           1  protocol.o(.data)
    _is_FE                                   0x2000000c   Data           1  protocol.o(.data)
    _sum                                     0x2000000e   Data           2  protocol.o(.data)
    _queue                                   0x20000010   Data           4  protocol.o(.data)
    _ask_protocol                            0x20000014   Data           5  protocol.o(.data)
    _head_protocol                           0x20000019   Data           8  protocol.o(.data)
    .data                                    0x20000024   Section       12  tool.o(.data)
    .data                                    0x20000030   Section        4  pid.o(.data)
    .data                                    0x20000034   Section       16  stm32f0xx_rcc.o(.data)
    APBAHBPrescTable                         0x20000034   Data          16  stm32f0xx_rcc.o(.data)
    .data                                    0x20000044   Section       20  system_stm32f0xx.o(.data)
    .data                                    0x20000058   Section        4  stdout.o(.data)
    .bss                                     0x2000005c   Section      200  main.o(.bss)
    .bss                                     0x20000124   Section      540  motordriver.o(.bss)
    .bss                                     0x20000340   Section      180  strategy.o(.bss)
    .bss                                     0x200003f4   Section      706  protocol.o(.bss)
    _recv_buf                                0x20000454   Data          50  protocol.o(.bss)
    _Uart_Tx_Buff                            0x20000486   Data         500  protocol.o(.bss)
    _state_protocol                          0x2000067a   Data          18  protocol.o(.bss)
    _run_protocol                            0x2000068c   Data          12  protocol.o(.bss)
    _angle_protocol                          0x20000698   Data          20  protocol.o(.bss)
    _wing_protocol                           0x200006ac   Data          10  protocol.o(.bss)
    .bss                                     0x200006b8   Section      600  tool.o(.bss)
    .bss                                     0x20000910   Section       36  pid.o(.bss)
    STACK                                    0x20000938   Section     1024  startup_stm32f030.o(STACK)

    Global Symbols

    Symbol Name                              Value     Ov Type        Size  Object(Section)

    BuildAttributes$$THM_ISAv3M$S$PE$A:L22$X:L11$S22$IEEE1$IW$USESV6$~STKCKD$USESV7$~SHL$OSPACE$ROPI$EBA8$MICROLIB$REQ8$PRES8$EABIv2 0x00000000   Number         0  anon$$obj.o ABSOLUTE
    __ARM_use_no_argv                        0x00000000   Number         0  main.o ABSOLUTE
    _printf_a                                0x00000000   Number         0  stubs.o ABSOLUTE
    _printf_c                                0x00000000   Number         0  stubs.o ABSOLUTE
    _printf_charcount                        0x00000000   Number         0  stubs.o ABSOLUTE
    _printf_d                                0x00000000   Number         0  stubs.o ABSOLUTE
    _printf_e                                0x00000000   Number         0  stubs.o ABSOLUTE
    _printf_f                                0x00000000   Number         0  stubs.o ABSOLUTE
    _printf_flags                            0x00000000   Number         0  stubs.o ABSOLUTE
    _printf_fp_dec                           0x00000000   Number         0  stubs.o ABSOLUTE
    _printf_fp_hex                           0x00000000   Number         0  stubs.o ABSOLUTE
    _printf_g                                0x00000000   Number         0  stubs.o ABSOLUTE
    _printf_i                                0x00000000   Number         0  stubs.o ABSOLUTE
    _printf_int_dec                          0x00000000   Number         0  stubs.o ABSOLUTE
    _printf_l                                0x00000000   Number         0  stubs.o ABSOLUTE
    _printf_lc                               0x00000000   Number         0  stubs.o ABSOLUTE
    _printf_ll                               0x00000000   Number         0  stubs.o ABSOLUTE
    _printf_lld                              0x00000000   Number         0  stubs.o ABSOLUTE
    _printf_lli                              0x00000000   Number         0  stubs.o ABSOLUTE
    _printf_llo                              0x00000000   Number         0  stubs.o ABSOLUTE
    _printf_llu                              0x00000000   Number         0  stubs.o ABSOLUTE
    _printf_llx                              0x00000000   Number         0  stubs.o ABSOLUTE
    _printf_longlong_dec                     0x00000000   Number         0  stubs.o ABSOLUTE
    _printf_longlong_hex                     0x00000000   Number         0  stubs.o ABSOLUTE
    _printf_longlong_oct                     0x00000000   Number         0  stubs.o ABSOLUTE
    _printf_ls                               0x00000000   Number         0  stubs.o ABSOLUTE
    _printf_mbtowc                           0x00000000   Number         0  stubs.o ABSOLUTE
    _printf_n                                0x00000000   Number         0  stubs.o ABSOLUTE
    _printf_o                                0x00000000   Number         0  stubs.o ABSOLUTE
    _printf_p                                0x00000000   Number         0  stubs.o ABSOLUTE
    _printf_percent                          0x00000000   Number         0  stubs.o ABSOLUTE
    _printf_pre_padding                      0x00000000   Number         0  stubs.o ABSOLUTE
    _printf_return_value                     0x00000000   Number         0  stubs.o ABSOLUTE
    _printf_s                                0x00000000   Number         0  stubs.o ABSOLUTE
    _printf_sizespec                         0x00000000   Number         0  stubs.o ABSOLUTE
    _printf_str                              0x00000000   Number         0  stubs.o ABSOLUTE
    _printf_truncate_signed                  0x00000000   Number         0  stubs.o ABSOLUTE
    _printf_truncate_unsigned                0x00000000   Number         0  stubs.o ABSOLUTE
    _printf_u                                0x00000000   Number         0  stubs.o ABSOLUTE
    _printf_wc                               0x00000000   Number         0  stubs.o ABSOLUTE
    _printf_wctomb                           0x00000000   Number         0  stubs.o ABSOLUTE
    _printf_widthprec                        0x00000000   Number         0  stubs.o ABSOLUTE
    _printf_x                                0x00000000   Number         0  stubs.o ABSOLUTE
    __cpp_initialize__aeabi_                  - Undefined Weak Reference
    __cxa_finalize                            - Undefined Weak Reference
    __decompress                              - Undefined Weak Reference
    _clock_init                               - Undefined Weak Reference
    _microlib_exit                            - Undefined Weak Reference
    __Vectors_Size                           0x000000b4   Number         0  startup_stm32f030.o ABSOLUTE
    __Vectors                                0x08000000   Data           4  startup_stm32f030.o(RESET)
    __Vectors_End                            0x080000b4   Data           0  startup_stm32f030.o(RESET)
    __main                                   0x080000b5   Thumb Code     0  entry.o(.ARM.Collect$$$$00000000)
    _main_stk                                0x080000b5   Thumb Code     0  entry2.o(.ARM.Collect$$$$00000001)
    _main_scatterload                        0x080000b9   Thumb Code     0  entry5.o(.ARM.Collect$$$$00000004)
    __main_after_scatterload                 0x080000bd   Thumb Code     0  entry5.o(.ARM.Collect$$$$00000004)
    _main_clock                              0x080000bd   Thumb Code     0  entry7b.o(.ARM.Collect$$$$00000008)
    _main_cpp_init                           0x080000bd   Thumb Code     0  entry8b.o(.ARM.Collect$$$$0000000A)
    _main_init                               0x080000bd   Thumb Code     0  entry9a.o(.ARM.Collect$$$$0000000B)
    __rt_final_cpp                           0x080000c5   Thumb Code     0  entry10a.o(.ARM.Collect$$$$0000000D)
    __rt_final_exit                          0x080000c5   Thumb Code     0  entry11a.o(.ARM.Collect$$$$0000000F)
    Reset_Handler                            0x080000c9   Thumb Code    38  startup_stm32f030.o(.text)
    ADC1_IRQHandler                          0x080000f9   Thumb Code     0  startup_stm32f030.o(.text)
    DMA1_Channel1_IRQHandler                 0x080000f9   Thumb Code     0  startup_stm32f030.o(.text)
    DMA1_Channel2_3_IRQHandler               0x080000f9   Thumb Code     0  startup_stm32f030.o(.text)
    DMA1_Channel4_5_IRQHandler               0x080000f9   Thumb Code     0  startup_stm32f030.o(.text)
    EXTI0_1_IRQHandler                       0x080000f9   Thumb Code     0  startup_stm32f030.o(.text)
    EXTI2_3_IRQHandler                       0x080000f9   Thumb Code     0  startup_stm32f030.o(.text)
    FLASH_IRQHandler                         0x080000f9   Thumb Code     0  startup_stm32f030.o(.text)
    I2C1_IRQHandler                          0x080000f9   Thumb Code     0  startup_stm32f030.o(.text)
    I2C2_IRQHandler                          0x080000f9   Thumb Code     0  startup_stm32f030.o(.text)
    RCC_IRQHandler                           0x080000f9   Thumb Code     0  startup_stm32f030.o(.text)
    RTC_IRQHandler                           0x080000f9   Thumb Code     0  startup_stm32f030.o(.text)
    SPI1_IRQHandler                          0x080000f9   Thumb Code     0  startup_stm32f030.o(.text)
    SPI2_IRQHandler                          0x080000f9   Thumb Code     0  startup_stm32f030.o(.text)
    TIM14_IRQHandler                         0x080000f9   Thumb Code     0  startup_stm32f030.o(.text)
    TIM15_IRQHandler                         0x080000f9   Thumb Code     0  startup_stm32f030.o(.text)
    TIM16_IRQHandler                         0x080000f9   Thumb Code     0  startup_stm32f030.o(.text)
    TIM17_IRQHandler                         0x080000f9   Thumb Code     0  startup_stm32f030.o(.text)
    TIM1_BRK_UP_TRG_COM_IRQHandler           0x080000f9   Thumb Code     0  startup_stm32f030.o(.text)
    TIM1_CC_IRQHandler                       0x080000f9   Thumb Code     0  startup_stm32f030.o(.text)
    TIM3_IRQHandler                          0x080000f9   Thumb Code     0  startup_stm32f030.o(.text)
    USART2_IRQHandler                        0x080000f9   Thumb Code     0  startup_stm32f030.o(.text)
    WWDG_IRQHandler                          0x080000f9   Thumb Code     0  startup_stm32f030.o(.text)
    __aeabi_uidiv                            0x08000121   Thumb Code     0  uidiv.o(.text)
    __aeabi_uidivmod                         0x08000121   Thumb Code    44  uidiv.o(.text)
    __aeabi_idiv                             0x0800014d   Thumb Code     0  idiv.o(.text)
    __aeabi_idivmod                          0x0800014d   Thumb Code    40  idiv.o(.text)
    __aeabi_memcpy                           0x08000175   Thumb Code    36  memcpya.o(.text)
    __aeabi_memcpy4                          0x08000175   Thumb Code     0  memcpya.o(.text)
    __aeabi_memcpy8                          0x08000175   Thumb Code     0  memcpya.o(.text)
    __aeabi_memset                           0x08000199   Thumb Code    14  memseta.o(.text)
    __aeabi_memset4                          0x08000199   Thumb Code     0  memseta.o(.text)
    __aeabi_memset8                          0x08000199   Thumb Code     0  memseta.o(.text)
    __aeabi_memclr                           0x080001a7   Thumb Code     4  memseta.o(.text)
    __aeabi_memclr4                          0x080001a7   Thumb Code     0  memseta.o(.text)
    __aeabi_memclr8                          0x080001a7   Thumb Code     0  memseta.o(.text)
    _memset$wrapper                          0x080001ab   Thumb Code    18  memseta.o(.text)
    __scatterload                            0x080001bd   Thumb Code    28  init.o(.text)
    __scatterload_rt2                        0x080001bd   Thumb Code     0  init.o(.text)
    ADC_ChannelConfig                        0x080001e1   Thumb Code    10  stm32f0xx_adc.o(i.ADC_ChannelConfig)
    ADC_Cmd                                  0x080001eb   Thumb Code    18  stm32f0xx_adc.o(i.ADC_Cmd)
    ADC_Configuration                        0x080001fd   Thumb Code   140  stm32_devinit.o(i.ADC_Configuration)
    ADC_DMACmd                               0x0800028d   Thumb Code    20  stm32f0xx_adc.o(i.ADC_DMACmd)
    ADC_DMARequestModeConfig                 0x080002a1   Thumb Code    16  stm32f0xx_adc.o(i.ADC_DMARequestModeConfig)
    ADC_GetCalibrationFactor                 0x080002b1   Thumb Code    46  stm32f0xx_adc.o(i.ADC_GetCalibrationFactor)
    ADC_GetFlagStatus                        0x080002df   Thumb Code    28  stm32f0xx_adc.o(i.ADC_GetFlagStatus)
    ADC_Init                                 0x080002fd   Thumb Code    38  stm32f0xx_adc.o(i.ADC_Init)
    ADC_StartOfConversion                    0x08000329   Thumb Code    10  stm32f0xx_adc.o(i.ADC_StartOfConversion)
    ADC_StructInit                           0x08000333   Thumb Code    16  stm32f0xx_adc.o(i.ADC_StructInit)
    Buff_To_Uart                             0x08000345   Thumb Code    50  protocol.o(i.Buff_To_Uart)
    DMA_Cmd                                  0x08000381   Thumb Code    20  stm32f0xx_dma.o(i.DMA_Cmd)
    DMA_Configuration                        0x08000399   Thumb Code    72  stm32_devinit.o(i.DMA_Configuration)
    DMA_DeInit                               0x080003ed   Thumb Code   178  stm32f0xx_dma.o(i.DMA_DeInit)
    DMA_Init                                 0x080004ad   Thumb Code    56  stm32f0xx_dma.o(i.DMA_Init)
    EXTI4_15_IRQHandler                      0x080004e9   Thumb Code   204  stm32f0xx_it.o(i.EXTI4_15_IRQHandler)
    EXTI_ClearITPendingBit                   0x080005c5   Thumb Code     6  stm32f0xx_exti.o(i.EXTI_ClearITPendingBit)
    EXTI_Configuration                       0x080005d1   Thumb Code   106  stm32_devinit.o(i.EXTI_Configuration)
    EXTI_GetITStatus                         0x0800063d   Thumb Code    16  stm32f0xx_exti.o(i.EXTI_GetITStatus)
    EXTI_Init                                0x08000651   Thumb Code   102  stm32f0xx_exti.o(i.EXTI_Init)
    ExecuteHeadMotor                         0x080006bd   Thumb Code    52  motorheaddriver.o(i.ExecuteHeadMotor)
    ExecuteWingMotor                         0x080006f1   Thumb Code    52  motorwingdriver.o(i.ExecuteWingMotor)
    GPIO_Configuration                       0x08000725   Thumb Code   304  stm32_devinit.o(i.GPIO_Configuration)
    GPIO_Init                                0x0800085d   Thumb Code   112  stm32f0xx_gpio.o(i.GPIO_Init)
    GPIO_PinAFConfig                         0x080008cd   Thumb Code    32  stm32f0xx_gpio.o(i.GPIO_PinAFConfig)
    GPIO_ReadInputDataBit                    0x080008ed   Thumb Code    14  stm32f0xx_gpio.o(i.GPIO_ReadInputDataBit)
    GPIO_WriteBit                            0x080008fb   Thumb Code    12  stm32f0xx_gpio.o(i.GPIO_WriteBit)
    HardFault_Handler                        0x08000907   Thumb Code     2  stm32f0xx_it.o(i.HardFault_Handler)
    MotorGeneralInit                         0x08000909   Thumb Code   106  motordriver.o(i.MotorGeneralInit)
    MotorInt                                 0x08000979   Thumb Code   198  motordriver.o(i.MotorInt)
    NMI_Handler                              0x08000a6d   Thumb Code     2  stm32f0xx_it.o(i.NMI_Handler)
    NVIC_Configuration                       0x08000a6f   Thumb Code    38  stm32_devinit.o(i.NVIC_Configuration)
    NVIC_Init                                0x08000a95   Thumb Code    70  stm32f0xx_misc.o(i.NVIC_Init)
    PIDInt                                   0x08000ae5   Thumb Code    56  strategy.o(i.PIDInt)
    PID_Init                                 0x08000b21   Thumb Code    26  pid.o(i.PID_Init)
    PID_Realize                              0x08000b41   Thumb Code    74  pid.o(i.PID_Realize)
    PendSV_Handler                           0x08000b9d   Thumb Code     2  stm32f0xx_it.o(i.PendSV_Handler)
    Protocol_Init                            0x08000ba1   Thumb Code   144  protocol.o(i.Protocol_Init)
    RCC_AHBPeriphClockCmd                    0x08000c4d   Thumb Code    18  stm32f0xx_rcc.o(i.RCC_AHBPeriphClockCmd)
    RCC_APB1PeriphClockCmd                   0x08000c65   Thumb Code    18  stm32f0xx_rcc.o(i.RCC_APB1PeriphClockCmd)
    RCC_APB2PeriphClockCmd                   0x08000c7d   Thumb Code    18  stm32f0xx_rcc.o(i.RCC_APB2PeriphClockCmd)
    RCC_GetClocksFreq                        0x08000c95   Thumb Code   346  stm32f0xx_rcc.o(i.RCC_GetClocksFreq)
    ReadEncode                               0x08000e0d   Thumb Code    36  pid.o(i.ReadEncode)
    STM32_DevInit                            0x08000e41   Thumb Code    60  stm32_devinit.o(i.STM32_DevInit)
    SVC_Handler                              0x08000e89   Thumb Code     2  stm32f0xx_it.o(i.SVC_Handler)
    SYSCFG_EXTILineConfig                    0x08000e8d   Thumb Code    34  stm32f0xx_syscfg.o(i.SYSCFG_EXTILineConfig)
    SetMotorParam                            0x08000eb5   Thumb Code    34  motordriver.o(i.SetMotorParam)
    StopHeadMotor                            0x08000f71   Thumb Code    12  motorheaddriver.o(i.StopHeadMotor)
    StopWingMotor                            0x08000f7d   Thumb Code    32  motorwingdriver.o(i.StopWingMotor)
    SysTickStampToUs                         0x08000f9d   Thumb Code    28  tool.o(i.SysTickStampToUs)
    SysTick_Configuration                    0x08000fbd   Thumb Code    50  stm32_devinit.o(i.SysTick_Configuration)
    SysTick_Handler                          0x08001005   Thumb Code   118  stm32f0xx_it.o(i.SysTick_Handler)
    SystemInit                               0x0800109d   Thumb Code    84  system_stm32f0xx.o(i.SystemInit)
    TIM_ARRPreloadConfig                     0x080010fd   Thumb Code    18  stm32f0xx_tim.o(i.TIM_ARRPreloadConfig)
    TIM_Cmd                                  0x0800110f   Thumb Code    20  stm32f0xx_tim.o(i.TIM_Cmd)
    TIM_Configuration                        0x08001125   Thumb Code   256  stm32_devinit.o(i.TIM_Configuration)
    TIM_CtrlPWMOutputs                       0x08001241   Thumb Code    24  stm32f0xx_tim.o(i.TIM_CtrlPWMOutputs)
    TIM_OC1Init                              0x08001259   Thumb Code   104  stm32f0xx_tim.o(i.TIM_OC1Init)
    TIM_OC2Init                              0x080012d5   Thumb Code   124  stm32f0xx_tim.o(i.TIM_OC2Init)
    TIM_SetCompare1                          0x08001365   Thumb Code     4  stm32f0xx_tim.o(i.TIM_SetCompare1)
    TIM_SetCompare2                          0x08001369   Thumb Code     4  stm32f0xx_tim.o(i.TIM_SetCompare2)
    TIM_TimeBaseInit                         0x0800136d   Thumb Code    88  stm32f0xx_tim.o(i.TIM_TimeBaseInit)
    TIM_TimeBaseStructInit                   0x080013e1   Thumb Code    18  stm32f0xx_tim.o(i.TIM_TimeBaseStructInit)
    TimeTask_Init                            0x080013f5   Thumb Code    42  tool.o(i.TimeTask_Init)
    TimeTask_Run                             0x08001429   Thumb Code   182  tool.o(i.TimeTask_Run)
    TimeTask_add                             0x080014ed   Thumb Code   138  tool.o(i.TimeTask_add)
    USART1_IRQHandler                        0x08001585   Thumb Code    42  stm32f0xx_it.o(i.USART1_IRQHandler)
    USART_ClearFlag                          0x080015b9   Thumb Code     4  stm32f0xx_usart.o(i.USART_ClearFlag)
    USART_Cmd                                0x080015bd   Thumb Code    20  stm32f0xx_usart.o(i.USART_Cmd)
    USART_Configuration                      0x080015d1   Thumb Code    56  stm32_devinit.o(i.USART_Configuration)
    USART_GetFlagStatus                      0x08001611   Thumb Code    14  stm32f0xx_usart.o(i.USART_GetFlagStatus)
    USART_GetITStatus                        0x0800161f   Thumb Code    56  stm32f0xx_usart.o(i.USART_GetITStatus)
    USART_ITConfig                           0x08001657   Thumb Code    42  stm32f0xx_usart.o(i.USART_ITConfig)
    USART_Init                               0x08001681   Thumb Code   148  stm32f0xx_usart.o(i.USART_Init)
    USART_ReceiveData                        0x08001729   Thumb Code     8  stm32f0xx_usart.o(i.USART_ReceiveData)
    USART_SendData                           0x08001731   Thumb Code     8  stm32f0xx_usart.o(i.USART_SendData)
    __0printf$1                              0x08001739   Thumb Code    24  printf1.o(i.__0printf$1)
    __1printf$1                              0x08001739   Thumb Code     0  printf1.o(i.__0printf$1)
    __2printf                                0x08001739   Thumb Code     0  printf1.o(i.__0printf$1)
    __scatterload_copy                       0x08001759   Thumb Code    14  handlers.o(i.__scatterload_copy)
    __scatterload_null                       0x08001767   Thumb Code     2  handlers.o(i.__scatterload_null)
    __scatterload_zeroinit                   0x08001769   Thumb Code    14  handlers.o(i.__scatterload_zeroinit)
    _clean_recv_buf                          0x08001779   Thumb Code    28  protocol.o(i._clean_recv_buf)
    angle_protocol_check                     0x080018ed   Thumb Code    18  protocol.o(i.angle_protocol_check)
    create_SysTickStamp                      0x08001901   Thumb Code    46  tool.o(i.create_SysTickStamp)
    elapse_us                                0x08001935   Thumb Code    14  tool.o(i.elapse_us)
    fputc                                    0x08001949   Thumb Code    18  protocol.o(i.fputc)
    head_protocol_check                      0x08001961   Thumb Code    40  protocol.o(i.head_protocol_check)
    main                                     0x08001989   Thumb Code    82  main.o(i.main)
    put_byte                                 0x080019e5   Thumb Code   218  protocol.o(i.put_byte)
    queue_get                                0x08001ac9   Thumb Code   112  tool.o(i.queue_get)
    queue_init                               0x08001b39   Thumb Code    54  tool.o(i.queue_init)
    queue_put                                0x08001b75   Thumb Code    80  tool.o(i.queue_put)
    run_protocol_check                       0x08001bc5   Thumb Code   108  protocol.o(i.run_protocol_check)
    wing_protocol_check                      0x08001c7d   Thumb Code    46  protocol.o(i.wing_protocol_check)
    Region$$Table$$Base                      0x08001cf8   Number         0  anon$$obj.o(Region$$Table)
    Region$$Table$$Limit                     0x08001d18   Number         0  anon$$obj.o(Region$$Table)
    timeTick                                 0x20000000   Data           4  main.o(.data)
    timeTickLast                             0x20000004   Data           4  main.o(.data)
    protocol_flag                            0x20000008   Data           1  protocol.o(.data)
    TimeTaskFlag                             0x20000024   Data           1  tool.o(.data)
    TimeTaskBusy                             0x20000026   Data           2  tool.o(.data)
    TimeTaskFree                             0x20000028   Data           2  tool.o(.data)
    microsecond                              0x2000002c   Data           4  tool.o(.data)
    speed                                    0x20000030   Data           4  pid.o(.data)
    SystemCoreClock                          0x20000044   Data           4  system_stm32f0xx.o(.data)
    AHBPrescTable                            0x20000048   Data          16  system_stm32f0xx.o(.data)
    __stdout                                 0x20000058   Data           4  stdout.o(.data)
    ADC_valueBuf                             0x2000005c   Data         200  main.o(.bss)
    Motor1                                   0x20000124   Data         108  motordriver.o(.bss)
    Motor2                                   0x20000190   Data         108  motordriver.o(.bss)
    Motor3                                   0x200001fc   Data         108  motordriver.o(.bss)
    Motor4                                   0x20000268   Data         108  motordriver.o(.bss)
    Motor5                                   0x200002d4   Data         108  motordriver.o(.bss)
    Pids                                     0x20000340   Data         180  strategy.o(.bss)
    protocol_send_infos                      0x200003f4   Data          32  protocol.o(.bss)
    recv_protocol_infos                      0x20000414   Data          64  protocol.o(.bss)
    queue_list                               0x200006b8   Data         160  tool.o(.bss)
    TimeTaskList                             0x20000758   Data         400  tool.o(.bss)
    _timeTask_head                           0x200008e8   Data          40  tool.o(.bss)
    pid                                      0x20000910   Data          36  pid.o(.bss)
    __initial_sp                             0x20000d38   Data           0  startup_stm32f030.o(STACK)



==============================================================================

Memory Map of the image

  Image Entry point : 0x080000b5

  Load Region LR_IROM1 (Base: 0x08000000, Size: 0x00001d74, Max: 0x00010000, ABSOLUTE)

    Execution Region ER_IROM1 (Base: 0x08000000, Size: 0x00001d18, Max: 0x00010000, ABSOLUTE)

    Base Addr    Size         Type   Attr      Idx    E Section Name        Object

    0x08000000   0x000000b4   Data   RO         2714    RESET               startup_stm32f030.o
    0x080000b4   0x00000000   Code   RO         2719  * .ARM.Collect$$$$00000000  mc_p.l(entry.o)
    0x080000b4   0x00000004   Code   RO         3001    .ARM.Collect$$$$00000001  mc_p.l(entry2.o)
    0x080000b8   0x00000004   Code   RO         3004    .ARM.Collect$$$$00000004  mc_p.l(entry5.o)
    0x080000bc   0x00000000   Code   RO         3006    .ARM.Collect$$$$00000008  mc_p.l(entry7b.o)
    0x080000bc   0x00000000   Code   RO         3008    .ARM.Collect$$$$0000000A  mc_p.l(entry8b.o)
    0x080000bc   0x00000008   Code   RO         3009    .ARM.Collect$$$$0000000B  mc_p.l(entry9a.o)
    0x080000c4   0x00000000   Code   RO         3011    .ARM.Collect$$$$0000000D  mc_p.l(entry10a.o)
    0x080000c4   0x00000000   Code   RO         3013    .ARM.Collect$$$$0000000F  mc_p.l(entry11a.o)
    0x080000c4   0x00000004   Code   RO         3002    .ARM.Collect$$$$00002712  mc_p.l(entry2.o)
    0x080000c8   0x00000058   Code   RO         2715    .text               startup_stm32f030.o
    0x08000120   0x0000002c   Code   RO         2722    .text               mc_p.l(uidiv.o)
    0x0800014c   0x00000028   Code   RO         2724    .text               mc_p.l(idiv.o)
    0x08000174   0x00000024   Code   RO         2726    .text               mc_p.l(memcpya.o)
    0x08000198   0x00000024   Code   RO         2728    .text               mc_p.l(memseta.o)
    0x080001bc   0x00000024   Code   RO         3033    .text               mc_p.l(init.o)
    0x080001e0   0x0000000a   Code   RO         2266    i.ADC_ChannelConfig  stm32f0xx_adc.o
    0x080001ea   0x00000012   Code   RO         2270    i.ADC_Cmd           stm32f0xx_adc.o
    0x080001fc   0x00000090   Code   RO          251    i.ADC_Configuration  stm32_devinit.o
    0x0800028c   0x00000014   Code   RO         2272    i.ADC_DMACmd        stm32f0xx_adc.o
    0x080002a0   0x00000010   Code   RO         2273    i.ADC_DMARequestModeConfig  stm32f0xx_adc.o
    0x080002b0   0x0000002e   Code   RO         2276    i.ADC_GetCalibrationFactor  stm32f0xx_adc.o
    0x080002de   0x0000001c   Code   RO         2278    i.ADC_GetFlagStatus  stm32f0xx_adc.o
    0x080002fa   0x00000002   PAD
    0x080002fc   0x0000002c   Code   RO         2281    i.ADC_Init          stm32f0xx_adc.o
    0x08000328   0x0000000a   Code   RO         2284    i.ADC_StartOfConversion  stm32f0xx_adc.o
    0x08000332   0x00000010   Code   RO         2286    i.ADC_StructInit    stm32f0xx_adc.o
    0x08000342   0x00000002   PAD
    0x08000344   0x0000003c   Code   RO          582    i.Buff_To_Uart      protocol.o
    0x08000380   0x00000018   Code   RO         2519    i.DMA_Cmd           stm32f0xx_dma.o
    0x08000398   0x00000054   Code   RO          252    i.DMA_Configuration  stm32_devinit.o
    0x080003ec   0x000000c0   Code   RO         2520    i.DMA_DeInit        stm32f0xx_dma.o
    0x080004ac   0x0000003c   Code   RO         2525    i.DMA_Init          stm32f0xx_dma.o
    0x080004e8   0x000000dc   Code   RO          180    i.EXTI4_15_IRQHandler  stm32f0xx_it.o
    0x080005c4   0x0000000c   Code   RO         2456    i.EXTI_ClearITPendingBit  stm32f0xx_exti.o
    0x080005d0   0x0000006a   Code   RO          253    i.EXTI_Configuration  stm32_devinit.o
    0x0800063a   0x00000002   PAD
    0x0800063c   0x00000014   Code   RO         2460    i.EXTI_GetITStatus  stm32f0xx_exti.o
    0x08000650   0x0000006c   Code   RO         2461    i.EXTI_Init         stm32f0xx_exti.o
    0x080006bc   0x00000034   Code   RO          931    i.ExecuteHeadMotor  motorheaddriver.o
    0x080006f0   0x00000034   Code   RO          886    i.ExecuteWingMotor  motorwingdriver.o
    0x08000724   0x00000138   Code   RO          254    i.GPIO_Configuration  stm32_devinit.o
    0x0800085c   0x00000070   Code   RO         1015    i.GPIO_Init         stm32f0xx_gpio.o
    0x080008cc   0x00000020   Code   RO         1016    i.GPIO_PinAFConfig  stm32f0xx_gpio.o
    0x080008ec   0x0000000e   Code   RO         1019    i.GPIO_ReadInputDataBit  stm32f0xx_gpio.o
    0x080008fa   0x0000000c   Code   RO         1026    i.GPIO_WriteBit     stm32f0xx_gpio.o
    0x08000906   0x00000002   Code   RO          181    i.HardFault_Handler  stm32f0xx_it.o
    0x08000908   0x00000070   Code   RO          323    i.MotorGeneralInit  motordriver.o
    0x08000978   0x000000f4   Code   RO          324    i.MotorInt          motordriver.o
    0x08000a6c   0x00000002   Code   RO          182    i.NMI_Handler       stm32f0xx_it.o
    0x08000a6e   0x00000026   Code   RO          255    i.NVIC_Configuration  stm32_devinit.o
    0x08000a94   0x00000050   Code   RO         1368    i.NVIC_Init         stm32f0xx_misc.o
    0x08000ae4   0x0000003c   Code   RO          508    i.PIDInt            strategy.o
    0x08000b20   0x00000020   Code   RO          975    i.PID_Init          pid.o
    0x08000b40   0x0000005c   Code   RO          976    i.PID_Realize       pid.o
    0x08000b9c   0x00000002   Code   RO          183    i.PendSV_Handler    stm32f0xx_it.o
    0x08000b9e   0x00000002   PAD
    0x08000ba0   0x000000ac   Code   RO          583    i.Protocol_Init     protocol.o
    0x08000c4c   0x00000018   Code   RO         1107    i.RCC_AHBPeriphClockCmd  stm32f0xx_rcc.o
    0x08000c64   0x00000018   Code   RO         1109    i.RCC_APB1PeriphClockCmd  stm32f0xx_rcc.o
    0x08000c7c   0x00000018   Code   RO         1111    i.RCC_APB2PeriphClockCmd  stm32f0xx_rcc.o
    0x08000c94   0x00000178   Code   RO         1121    i.RCC_GetClocksFreq  stm32f0xx_rcc.o
    0x08000e0c   0x00000034   Code   RO          977    i.ReadEncode        pid.o
    0x08000e40   0x00000048   Code   RO          256    i.STM32_DevInit     stm32_devinit.o
    0x08000e88   0x00000002   Code   RO          184    i.SVC_Handler       stm32f0xx_it.o
    0x08000e8a   0x00000002   PAD
    0x08000e8c   0x00000028   Code   RO         2607    i.SYSCFG_EXTILineConfig  stm32f0xx_syscfg.o
    0x08000eb4   0x00000022   Code   RO          326    i.SetMotorParam     motordriver.o
    0x08000ed6   0x00000002   PAD
    0x08000ed8   0x00000098   Code   RO         2677    i.SetSysClock       system_stm32f0xx.o
    0x08000f70   0x0000000c   Code   RO          935    i.StopHeadMotor     motorheaddriver.o
    0x08000f7c   0x00000020   Code   RO          889    i.StopWingMotor     motorwingdriver.o
    0x08000f9c   0x00000020   Code   RO          704    i.SysTickStampToUs  tool.o
    0x08000fbc   0x00000048   Code   RO          257    i.SysTick_Configuration  stm32_devinit.o
    0x08001004   0x00000098   Code   RO          185    i.SysTick_Handler   stm32f0xx_it.o
    0x0800109c   0x00000060   Code   RO         2679    i.SystemInit        system_stm32f0xx.o
    0x080010fc   0x00000012   Code   RO         1402    i.TIM_ARRPreloadConfig  stm32f0xx_tim.o
    0x0800110e   0x00000014   Code   RO         1414    i.TIM_Cmd           stm32f0xx_tim.o
    0x08001122   0x00000002   PAD
    0x08001124   0x0000011c   Code   RO          258    i.TIM_Configuration  stm32_devinit.o
    0x08001240   0x00000018   Code   RO         1416    i.TIM_CtrlPWMOutputs  stm32f0xx_tim.o
    0x08001258   0x0000007c   Code   RO         1443    i.TIM_OC1Init       stm32f0xx_tim.o
    0x080012d4   0x00000090   Code   RO         1448    i.TIM_OC2Init       stm32f0xx_tim.o
    0x08001364   0x00000004   Code   RO         1477    i.TIM_SetCompare1   stm32f0xx_tim.o
    0x08001368   0x00000004   Code   RO         1478    i.TIM_SetCompare2   stm32f0xx_tim.o
    0x0800136c   0x00000074   Code   RO         1487    i.TIM_TimeBaseInit  stm32f0xx_tim.o
    0x080013e0   0x00000012   Code   RO         1488    i.TIM_TimeBaseStructInit  stm32f0xx_tim.o
    0x080013f2   0x00000002   PAD
    0x080013f4   0x00000034   Code   RO          705    i.TimeTask_Init     tool.o
    0x08001428   0x000000c4   Code   RO          707    i.TimeTask_Run      tool.o
    0x080014ec   0x00000098   Code   RO          708    i.TimeTask_add      tool.o
    0x08001584   0x00000034   Code   RO          186    i.USART1_IRQHandler  stm32f0xx_it.o
    0x080015b8   0x00000004   Code   RO         1956    i.USART_ClearFlag   stm32f0xx_usart.o
    0x080015bc   0x00000014   Code   RO         1960    i.USART_Cmd         stm32f0xx_usart.o
    0x080015d0   0x00000040   Code   RO          259    i.USART_Configuration  stm32_devinit.o
    0x08001610   0x0000000e   Code   RO         1968    i.USART_GetFlagStatus  stm32f0xx_usart.o
    0x0800161e   0x00000038   Code   RO         1969    i.USART_GetITStatus  stm32f0xx_usart.o
    0x08001656   0x0000002a   Code   RO         1971    i.USART_ITConfig    stm32f0xx_usart.o
    0x08001680   0x000000a8   Code   RO         1972    i.USART_Init        stm32f0xx_usart.o
    0x08001728   0x00000008   Code   RO         1984    i.USART_ReceiveData  stm32f0xx_usart.o
    0x08001730   0x00000008   Code   RO         1989    i.USART_SendData    stm32f0xx_usart.o
    0x08001738   0x00000020   Code   RO         2777    i.__0printf$1       mc_p.l(printf1.o)
    0x08001758   0x0000000e   Code   RO         3041    i.__scatterload_copy  mc_p.l(handlers.o)
    0x08001766   0x00000002   Code   RO         3042    i.__scatterload_null  mc_p.l(handlers.o)
    0x08001768   0x0000000e   Code   RO         3043    i.__scatterload_zeroinit  mc_p.l(handlers.o)
    0x08001776   0x00000002   PAD
    0x08001778   0x00000024   Code   RO          586    i._clean_recv_buf   protocol.o
    0x0800179c   0x00000150   Code   RO         2784    i._printf_core      mc_p.l(printf1.o)
    0x080018ec   0x00000012   Code   RO          587    i.angle_protocol_check  protocol.o
    0x080018fe   0x00000002   PAD
    0x08001900   0x00000034   Code   RO          712    i.create_SysTickStamp  tool.o
    0x08001934   0x00000014   Code   RO          718    i.elapse_us         tool.o
    0x08001948   0x00000018   Code   RO          590    i.fputc             protocol.o
    0x08001960   0x00000028   Code   RO          593    i.head_protocol_check  protocol.o
    0x08001988   0x0000005c   Code   RO            8    i.main              main.o
    0x080019e4   0x000000e4   Code   RO          595    i.put_byte          protocol.o
    0x08001ac8   0x00000070   Code   RO          722    i.queue_get         tool.o
    0x08001b38   0x0000003c   Code   RO          723    i.queue_init        tool.o
    0x08001b74   0x00000050   Code   RO          724    i.queue_put         tool.o
    0x08001bc4   0x000000b8   Code   RO          596    i.run_protocol_check  protocol.o
    0x08001c7c   0x0000002e   Code   RO          598    i.wing_protocol_check  protocol.o
    0x08001caa   0x00000002   PAD
    0x08001cac   0x00000049   Data   RO          600    .conststring        protocol.o
    0x08001cf5   0x00000003   PAD
    0x08001cf8   0x00000020   Data   RO         3039    Region$$Table       anon$$obj.o


    Execution Region RW_IRAM1 (Base: 0x20000000, Size: 0x00000d38, Max: 0x00002000, ABSOLUTE)

    Base Addr    Size         Type   Attr      Idx    E Section Name        Object

    0x20000000   0x00000004   Data   RW           11    .data               main.o
    0x20000004   0x00000004   Data   RW           13    .data               main.o
    0x20000008   0x00000019   Data   RW          602    .data               protocol.o
    0x20000021   0x00000003   PAD
    0x20000024   0x0000000c   Data   RW          727    .data               tool.o
    0x20000030   0x00000004   Data   RW          979    .data               pid.o
    0x20000034   0x00000010   Data   RW         1147    .data               stm32f0xx_rcc.o
    0x20000044   0x00000014   Data   RW         2680    .data               system_stm32f0xx.o
    0x20000058   0x00000004   Data   RW         3015    .data               mc_p.l(stdout.o)
    0x2000005c   0x000000c8   Zero   RW           10    .bss                main.o
    0x20000124   0x0000021c   Zero   RW          328    .bss                motordriver.o
    0x20000340   0x000000b4   Zero   RW          515    .bss                strategy.o
    0x200003f4   0x000002c2   Zero   RW          599    .bss                protocol.o
    0x200006b6   0x00000002   PAD
    0x200006b8   0x00000258   Zero   RW          726    .bss                tool.o
    0x20000910   0x00000024   Zero   RW          978    .bss                pid.o
    0x20000934   0x00000004   PAD
    0x20000938   0x00000400   Zero   RW         2712    STACK               startup_stm32f030.o


==============================================================================

Image component sizes


      Code (inc. data)   RO Data    RW Data    ZI Data      Debug   Object Name

        92         10          0          8        200     259032   main.o
       390         52          0          0        540       6745   motordriver.o
        64          0          0          0          0        987   motorheaddriver.o
        84          0          0          0          0       1031   motorwingdriver.o
       176         40          0          4         36       1962   pid.o
       808        138         73         25        706       8695   protocol.o
        88         38        180          0       1024        780   startup_stm32f030.o
      1176         94          0          0          0      11233   stm32_devinit.o
       208          6          0          0          0       6625   stm32f0xx_adc.o
       276         22          0          0          0       3938   stm32f0xx_dma.o
       140         16          0          0          0       2536   stm32f0xx_exti.o
       170          0          0          0          0       3487   stm32f0xx_gpio.o
       432         60          0          0          0       7738   stm32f0xx_it.o
        80         10          0          0          0       1168   stm32f0xx_misc.o
       448         48          0         16          0       4186   stm32f0xx_rcc.o
        40          6          0          0          0        736   stm32f0xx_syscfg.o
       472         68          0          0          0       7677   stm32f0xx_tim.o
       320         20          0          0          0       6799   stm32f0xx_usart.o
        60          4          0          0        180       2565   strategy.o
       248         22          0         20          0       1633   system_stm32f0xx.o
       756         60          0         12        600       7813   tool.o

    ----------------------------------------------------------------------
      6548        714        288         88       3292     347366   Object Totals
         0          0         32          0          0          0   (incl. Generated)
        20          0          3          3          6          0   (incl. Padding)

    ----------------------------------------------------------------------

      Code (inc. data)   RO Data    RW Data    ZI Data      Debug   Library Member Name

         0          0          0          0          0          0   entry.o
         0          0          0          0          0          0   entry10a.o
         0          0          0          0          0          0   entry11a.o
         8          4          0          0          0          0   entry2.o
         4          0          0          0          0          0   entry5.o
         0          0          0          0          0          0   entry7b.o
         0          0          0          0          0          0   entry8b.o
         8          4          0          0          0          0   entry9a.o
        30          0          0          0          0          0   handlers.o
        40          0          0          0          0         72   idiv.o
        36          8          0          0          0         68   init.o
        36          0          0          0          0         60   memcpya.o
        36          0          0          0          0        100   memseta.o
       368         12          0          0          0        168   printf1.o
         0          0          0          4          0          0   stdout.o
        44          0          0          0          0         72   uidiv.o

    ----------------------------------------------------------------------
       612         28          0          4          0        540   Library Totals
         2          0          0          0          0          0   (incl. Padding)

    ----------------------------------------------------------------------

      Code (inc. data)   RO Data    RW Data    ZI Data      Debug   Library Name

       610         28          0          4          0        540   mc_p.l

    ----------------------------------------------------------------------
       612         28          0          4          0        540   Library Totals

    ----------------------------------------------------------------------

==============================================================================


      Code (inc. data)   RO Data    RW Data    ZI Data      Debug   

      7160        742        288         92       3292     344098   Grand Totals
      7160        742        288         92       3292     344098   ELF Image Totals
      7160        742        288         92          0          0   ROM Totals

==============================================================================

    Total RO  Size (Code + RO Data)                 7448 (   7.27kB)
    Total RW  Size (RW Data + ZI Data)              3384 (   3.30kB)
    Total ROM Size (Code + RO Data + RW Data)       7540 (   7.36kB)

==============================================================================

