<html>
<body>
<pre>
<h1>礦ision Build Log</h1>
<h2>Project:</h2>
D:\我的文档\keil_project\stm32出厂程序\Project\LED.uvproj
Project File Date:  11/30/2013

<h2>Output:</h2>
Rebuild target 'Target 1'
compiling main.c...
compiling stm32f10x_it.c...
compiling system_stm32f10x.c...
compiling core_cm3.c...
compiling misc.c...
compiling stm32f10x_rcc.c...
compiling stm32f10x_gpio.c...
assembling startup_stm32f10x_hd.s...
compiling Driver.c...
linking...
Program Size: Code=2876 RO-data=336 RW-data=44 ZI-data=1636  
FromELF: creating hex file...
"LED.axf" - 0 Error(s), 0 Warning(s).
Build target 'Target 1'
compiling main.c...
compiling stm32f10x_it.c...
compiling system_stm32f10x.c...
compiling core_cm3.c...
compiling misc.c...
compiling stm32f10x_rcc.c...
compiling stm32f10x_gpio.c...
assembling startup_stm32f10x_hd.s...
compiling Driver.c...
linking...
Program Size: Code=2876 RO-data=336 RW-data=44 ZI-data=1636  
FromELF: creating hex file...
".\output\LED.axf" - 0 Error(s), 0 Warning(s).
