<html>
<body>
<pre>
<h1>礦ision Build Log</h1>
<h2>Project:</h2>
E:\#个人资料\keil_project\6_TIM_DEMO_ST3.5.0_车send\Project\DEMO.uvproj
Project File Date:  03/25/2014

<h2>Output:</h2>
Build target 'flash'
compiling main.c...
..\USER\main.c(54): error:  #20: identifier "Tx_Buf" is undefined
Target not created
Build target 'flash'
compiling main.c...
linking...
Program Size: Code=14952 RO-data=336 RW-data=168 ZI-data=1088  
FromELF: creating hex file...
"DEMO.axf" - 0 Error(s), 0 Warning(s).
Build target 'flash'
linking...
Program Size: Code=14952 RO-data=336 RW-data=168 ZI-data=1088  
FromELF: creating hex file...
"DEMO.axf" - 0 Error(s), 0 Warning(s).
Load "E:\\#个人资料\\keil_project\\6_TIM_DEMO_ST3.5.0_车send\\Project\\DEMO.AXF" 
Build target 'flash'
linking...
Program Size: Code=14952 RO-data=336 RW-data=168 ZI-data=1088  
FromELF: creating hex file...
"DEMO.axf" - 0 Error(s), 0 Warning(s).
Load "E:\\#个人资料\\keil_project\\6_TIM_DEMO_ST3.5.0_车send\\Project\\DEMO.AXF" 
Build target 'flash'
linking...
Program Size: Code=14952 RO-data=336 RW-data=168 ZI-data=1088  
FromELF: creating hex file...
"DEMO.axf" - 0 Error(s), 0 Warning(s).
Load "E:\\#个人资料\\keil_project\\6_TIM_DEMO_ST3.5.0_车send\\Project\\DEMO.AXF" 
Set JLink Project File to "E:\#个人资料\keil_project\6_TIM_DEMO_ST3.5.0_车send\Project\JLinkSettings.ini"
* JLink Info: Device "STM32F103RC" selected (256 KB flash, 48 KB RAM).
 
JLink info:
------------
DLL: V4.54a, compiled Sep 17 2012 15:58:45
Firmware: J-Link ARM V8 compiled Nov 28 2014 13:44:46
Hardware: V8.00
S/N : 286370559 
Feature(s) : RDI,FlashDL,FlashBP,JFlash 
 
* JLink Info: Found SWD-DP with ID 0x1BA01477
* JLink Info: Found SWD-DP with ID 0x1BA01477
* JLink Info: TPIU fitted.
* JLink Info: ETM fitted.
* JLink Info: FPUnit: 6 code (BP) slots and 2 literal slots
* JLink Info: Found Cortex-M3 r1p1, Little endian.
ROMTableAddr = 0xE00FF003
 
Target info:
------------
Device: STM32F103RC
VTarget = 3.274V
State of Pins: 
TCK: 0, TDI: 1, TDO: 0, TMS: 1, TRES: 1, TRST: 1
Hardware-Breakpoints: 6
Software-Breakpoints: 8192
Watchpoints:          4
JTAG speed: 2000 kHz
 
Erase Done.
Programming Done.
Verify OK.
Application running ...
Build target 'flash'
compiling main.c...
compiling stm32f10x_it.c...
compiling System_Init.c...
compiling NRF24L01_Driver.c...
compiling NRF24L01_Driver_send.c...
linking...
Program Size: Code=14952 RO-data=336 RW-data=168 ZI-data=1088  
FromELF: creating hex file...
"DEMO.axf" - 0 Error(s), 0 Warning(s).
Load "E:\\#个人资料\\keil_project\\6_TIM_DEMO_ST3.5.0_车send\\Project\\DEMO.AXF" 
Set JLink Project File to "E:\#个人资料\keil_project\6_TIM_DEMO_ST3.5.0_车send\Project\JLinkSettings.ini"
* JLink Info: Device "STM32F103RC" selected (256 KB flash, 48 KB RAM).
 
JLink info:
------------
DLL: V4.54a, compiled Sep 17 2012 15:58:45
Firmware: J-Link ARM V8 compiled Nov 28 2014 13:44:46
Hardware: V8.00
S/N : 286370559 
Feature(s) : RDI,FlashDL,FlashBP,JFlash 
 
* JLink Info: Found SWD-DP with ID 0x1BA01477
* JLink Info: Found SWD-DP with ID 0x1BA01477
* JLink Info: TPIU fitted.
* JLink Info: ETM fitted.
* JLink Info: FPUnit: 6 code (BP) slots and 2 literal slots
* JLink Info: Found Cortex-M3 r1p1, Little endian.
ROMTableAddr = 0xE00FF003
 
Target info:
------------
Device: STM32F103RC
VTarget = 3.267V
State of Pins: 
TCK: 0, TDI: 1, TDO: 1, TMS: 1, TRES: 1, TRST: 1
Hardware-Breakpoints: 6
Software-Breakpoints: 8192
Watchpoints:          4
JTAG speed: 2000 kHz
 
Erase Done.
Programming Done.
Verify OK.
Application running ...
