<html>
<body>
<pre>
<h1>礦ision Build Log</h1>
<h2>Project:</h2>
D:\Desktop\STM32F103_壁障小车\STM32F103_bate1.3\Project\DEMO.uvproj
Project File Date:  12/02/2015

<h2>Output:</h2>
Build target 'simulator'
compiling main.c...
compiling MotorControl.c...
linking...
Program Size: Code=15988 RO-data=336 RW-data=120 ZI-data=5096  
FromELF: creating hex file...
"DEMO.axf" - 0 Error(s), 0 Warning(s).
Build target 'simulator'
compiling MotorControl.c...
linking...
Program Size: Code=15988 RO-data=336 RW-data=120 ZI-data=5096  
FromELF: creating hex file...
"DEMO.axf" - 0 Error(s), 0 Warning(s).
Load "D:\\Desktop\\STM32F103_壁障小车\\STM32F103_bate1.3\\Project\\DEMO.AXF" 
Set JLink Project File to "D:\Desktop\STM32F103_壁障小车\STM32F103_bate1.3\Project\JLinkSettings.ini"
* JLink Info: Device "STM32F103RC" selected (256 KB flash, 48 KB RAM).
 
JLink info:
------------
DLL: V4.54a, compiled Sep 17 2012 15:58:45
Firmware: J-Link ARM V8 compiled Nov 25 2013 19:20:08
Hardware: V8.00
S/N : 99999994 
Feature(s) : RDI,FlashDL,FlashBP,JFlash,GDBFULL 
 
* JLink Info: Found SWD-DP with ID 0x1BA01477
* JLink Info: Found SWD-DP with ID 0x1BA01477
* JLink Info: TPIU fitted.
* JLink Info: ETM fitted.
* JLink Info: FPUnit: 6 code (BP) slots and 2 literal slots
* JLink Info: Found Cortex-M3 r1p1, Little endian.
ROMTableAddr = 0xE00FF003
**JLink Warning: Could not set S_RESET_ST
 
Target info:
------------
Device: STM32F103RC
VTarget = 3.313V
State of Pins: 
TCK: 0, TDI: 1, TDO: 1, TMS: 1, TRES: 1, TRST: 1
Hardware-Breakpoints: 6
Software-Breakpoints: 8192
Watchpoints:          4
JTAG speed: 4000 kHz
 
Erase Done.
Programming Done.
Verify OK.
**JLink Warning: Could not set S_RESET_ST
Application running ...
Build target 'simulator'
compiling UltrasonicControl.c...
linking...
Program Size: Code=16028 RO-data=336 RW-data=120 ZI-data=5096  
FromELF: creating hex file...
"DEMO.axf" - 0 Error(s), 0 Warning(s).
Load "D:\\Desktop\\STM32F103_壁障小车\\STM32F103_bate1.3\\Project\\DEMO.AXF" 
Set JLink Project File to "D:\Desktop\STM32F103_壁障小车\STM32F103_bate1.3\Project\JLinkSettings.ini"
* JLink Info: Device "STM32F103RC" selected (256 KB flash, 48 KB RAM).
 
JLink info:
------------
DLL: V4.54a, compiled Sep 17 2012 15:58:45
Firmware: J-Link ARM V8 compiled Nov 25 2013 19:20:08
Hardware: V8.00
S/N : 99999994 
Feature(s) : RDI,FlashDL,FlashBP,JFlash,GDBFULL 
 
* JLink Info: Found SWD-DP with ID 0x1BA01477
* JLink Info: Found SWD-DP with ID 0x1BA01477
* JLink Info: TPIU fitted.
* JLink Info: ETM fitted.
* JLink Info: FPUnit: 6 code (BP) slots and 2 literal slots
* JLink Info: Found Cortex-M3 r1p1, Little endian.
ROMTableAddr = 0xE00FF003
**JLink Warning: Could not set S_RESET_ST
 
Target info:
------------
Device: STM32F103RC
VTarget = 3.313V
State of Pins: 
TCK: 0, TDI: 1, TDO: 1, TMS: 1, TRES: 1, TRST: 1
Hardware-Breakpoints: 6
Software-Breakpoints: 8192
Watchpoints:          4
JTAG speed: 4000 kHz
 
Erase Done.
Programming Done.
Verify OK.
**JLink Warning: Could not set S_RESET_ST
Application running ...
