<html>
<body>
<pre>
<h1>礦ision Build Log</h1>
<h2>Project:</h2>
E:\资源(G：)\#个人项目\keil_project\DEMO_STM32F103-V2.0\Project\DEMO.uvproj
Project File Date:  04/04/2016

<h2>Output:</h2>
Build target 'simulator'
compiling main.c...
compiling stm32f10x_it.c...
compiling ProtocolHandle.c...
..\USER\ProtocolHandle.c(9): warning:  #177-D: variable "rp" was declared but never referenced
..\USER\ProtocolHandle.c:       RUN_PROTOCOL_T rp = pi->protocol.Run_P;
..\USER\ProtocolHandle.c:                      ^
..\USER\ProtocolHandle.c(14): warning:  #177-D: variable "rop" was declared but never referenced
..\USER\ProtocolHandle.c:       ROTATE_PROTOCOL_T rop = pi->protocol.Rotate_P;
..\USER\ProtocolHandle.c:                         ^
..\USER\ProtocolHandle.c: ..\USER\ProtocolHandle.c: 2 warnings, 0 errors
compiling system_stm32f10x.c...
compiling stm32f10x_gpio.c...
compiling stm32f10x_rcc.c...
compiling stm32f10x_spi.c...
compiling stm32f10x_usart.c...
compiling misc.c...
compiling stm32f10x_tim.c...
compiling Driver.c...
compiling STM32_DevInit.c...
compiling tool.c...
compiling protocol.c...
compiling ComBuff.c...
linking...
Program Size: Code=8108 RO-data=336 RW-data=88 ZI-data=4240  
FromELF: creating hex file...
"DEMO.axf" - 0 Error(s), 2 Warning(s).
Load "E:\\资源(G：)\\#个人项目\\keil_project\\DEMO_STM32F103-V2.0\\Project\\DEMO.AXF" 
Set JLink Project File to "E:\资源(G：)\#个人项目\keil_project\DEMO_STM32F103-V2.0\Project\JLinkSettings.ini"
 
JLink info:
------------
DLL: V4.15n, compiled Jun 18 2010 19:55:09
Firmware: J-Link ARM V8 compiled Nov 25 2013 19:20:08
Hardware: V8.00
Feature(s) : RDI,FlashDL,FlashBP,JFlash,GDBFULL 
 
* JLink Info: Found SWD-DP with ID 0x1BA01477
* JLink Info: TPIU fitted.
* JLink Info: ETM fitted.
* JLink Info:   FPUnit: 6 code (BP) slots and 2 literal slots
ROMTableAddr = 0xE00FF003
