<html>
<body>
<pre>
<h1>礦ision Build Log</h1>
<h2>Project:</h2>
D:\我的文档\keil_project\DEMO_MPU6050_ST3.5.0_中文\Project\DEMO.uvproj
Project File Date:  02/26/2014

<h2>Output:</h2>
Build target 'simulator'
compiling main.c...
compiling Control.c...
linking...
Program Size: Code=10196 RO-data=336 RW-data=68 ZI-data=1036  
FromELF: creating hex file...
"DEMO.axf" - 0 Error(s), 0 Warning(s).
Rebuild target 'SRAM'
compiling main.c...
compiling stm32f10x_it.c...
compiling core_cm3.c...
compiling system_stm32f10x.c...
compiling stm32f10x_gpio.c...
compiling stm32f10x_rcc.c...
compiling stm32f10x_spi.c...
compiling stm32f10x_usart.c...
compiling misc.c...
compiling stm32f10x_exti.c...
compiling stm32f10x_flash.c...
compiling stm32f10x_i2c.c...
compiling stm32f10x_wwdg.c...
compiling stm32f10x_systick.c...
assembling startup_stm32f10x_hd.s...
compiling Driver.c...
compiling I2C_driver.c...
compiling ImitateI2C.c...
compiling mpu6050_driver.c...
compiling System_Init.c...
compiling Control.c...
linking...
Program Size: Code=10196 RO-data=336 RW-data=68 ZI-data=1036  
FromELF: creating hex file...
"DEMO.axf" - 0 Error(s), 0 Warning(s).
