<html>
<body>
<pre>
<h1>礦ision Build Log</h1>
<h2>Project:</h2>
E:\资源\个人项目\keil_project\STM32F103_避障小车\STM32F103_bate1.6\Project\DEMO.uvproj
Project File Date:  01/26/2016

<h2>Output:</h2>
Build target 'simulator'
compiling main.c...
..\USER\main.c(31): warning:  #188-D: enumerated type mixed with another type
..\USER\main.c:         motor_L->Motor_Custom(motor_L, 1, 20, motor_L->Enc_Angle_Code * 180);
..\USER\main.c:                                        ^
..\USER\main.c(32): warning:  #188-D: enumerated type mixed with another type
..\USER\main.c:         motor_R->Motor_Custom(motor_R, 2, 20, motor_R->Enc_Angle_Code * 180);
..\USER\main.c:                                        ^
..\USER\main.c: ..\USER\main.c: 2 warnings, 0 errors
compiling stm32f10x_it.c...
compiling core_cm3.c...
compiling system_stm32f10x.c...
compiling stm32f10x_gpio.c...
compiling stm32f10x_rcc.c...
compiling stm32f10x_spi.c...
compiling stm32f10x_usart.c...
compiling misc.c...
compiling stm32f10x_tim.c...
compiling stm32f10x_exti.c...
assembling startup_stm32f10x_hd.s...
compiling Driver.c...
compiling STM32_DevInit.c...
compiling tool.c...
compiling protocol.c...
compiling RudderControl.c...
compiling UltrasonicControl.c...
compiling MotorControl.c...
compiling PID.c...
compiling UartCMD.c...
compiling MPU6050.c...
compiling Filter.c...
compiling Strategy.c...
compiling oled.c...
linking...
Program Size: Code=22312 RO-data=2504 RW-data=888 ZI-data=5440  
FromELF: creating hex file...
"DEMO.axf" - 0 Error(s), 2 Warning(s).
Clean started: Project: 'DEMO'
   deleting intermediate output files for target 'simulator'
   deleting intermediate output files for target 'SRAM'
   deleting intermediate output files for target 'flash'
Build target 'simulator'
compiling main.c...
..\USER\main.c(31): warning:  #188-D: enumerated type mixed with another type
..\USER\main.c:         motor_L->Motor_Custom(motor_L, 1, 20, motor_L->Enc_Angle_Code * 180);
..\USER\main.c:                                        ^
..\USER\main.c(32): warning:  #188-D: enumerated type mixed with another type
..\USER\main.c:         motor_R->Motor_Custom(motor_R, 2, 20, motor_R->Enc_Angle_Code * 180);
..\USER\main.c:                                        ^
..\USER\main.c: ..\USER\main.c: 2 warnings, 0 errors
compiling stm32f10x_it.c...
compiling core_cm3.c...
compiling system_stm32f10x.c...
compiling stm32f10x_gpio.c...
compiling stm32f10x_rcc.c...
compiling stm32f10x_spi.c...
compiling stm32f10x_usart.c...
compiling misc.c...
compiling stm32f10x_tim.c...
compiling stm32f10x_exti.c...
assembling startup_stm32f10x_hd.s...
compiling Driver.c...
compiling STM32_DevInit.c...
compiling tool.c...
compiling protocol.c...
compiling RudderControl.c...
compiling UltrasonicControl.c...
compiling MotorControl.c...
compiling PID.c...
compiling UartCMD.c...
compiling MPU6050.c...
compiling Filter.c...
compiling Strategy.c...
compiling oled.c...
linking...
Program Size: Code=22312 RO-data=2504 RW-data=888 ZI-data=5440  
FromELF: creating hex file...
"DEMO.axf" - 0 Error(s), 2 Warning(s).
