<html>
<body>
<pre>
<h1>礦ision Build Log</h1>
<h2>Tool Versions:</h2>
IDE-Version: μVision V5.16.0.0
Copyright (C) 2015 ARM Ltd and ARM Germany GmbH. All rights reserved.
License Information: li yao, 1, LIC=65IBS-LCQGP-BQ10K-ZCPAL-TU5X7-YS4RX
 
Tool Versions:
Toolchain:       MDK-ARM Standard  Version: 5.16.0.0
Toolchain Path:  C:\Keil_v5\ARM\ARMCC\Bin
C Compiler:      Armcc.exe V5.06 (build 20)
Assembler:       Armasm.exe V5.06 (build 20)
Linker/Locator:  ArmLink.exe V5.06 (build 20)
Library Manager: ArmAr.exe V5.06 (build 20)
Hex Converter:   FromElf.exe V5.06 (build 20)
CPU DLL:         SARMCM3.DLL V5.16.0.0
Dialog DLL:      DCM.DLL V1.13.2.0
Target DLL:      Segger\JL2CM3.dll V2.99.15.2
Dialog DLL:      TCM.DLL V1.14.5.0
 
<h2>Project:</h2>
E:\LiyaoProject\Keil_Project\STM32F103_避障小车\STM32F103_beta1.9集成PCB1.4\Project\DEMO.uvprojx
Project File Date:  06/29/2016

<h2>Output:</h2>
*** Using Compiler 'V5.06 (build 20)', folder: 'C:\Keil_v5\ARM\ARMCC\Bin'
Build target 'simulator'
compiling main.c...
compiling stm32f10x_it.c...
..\USER\stm32f10x_it.c(186): warning:  #550-D: variable "data" was set but never used
  	uint8_t data = 0;
..\USER\stm32f10x_it.c: 1 warning, 0 errors
compiling ProtocolHandle.c...
compiling core_cm3.c...
compiling system_stm32f10x.c...
compiling stm32f10x_gpio.c...
compiling stm32f10x_rcc.c...
compiling stm32f10x_spi.c...
compiling stm32f10x_usart.c...
compiling misc.c...
compiling stm32f10x_exti.c...
compiling stm32f10x_tim.c...
assembling startup_stm32f10x_hd.s...
compiling stm32f10x_dma.c...
compiling Driver.c...
compiling tool.c...
compiling STM32_DevInit.c...
compiling protocol.c...
compiling RudderControl.c...
compiling UltrasonicControl.c...
compiling UartCMD.c...
compiling PID.c...
compiling MotorControl.c...
compiling Filter.c...
compiling MPU6050.c...
compiling Strategy.c...
compiling ComBuff.c...
compiling NRF24L01_Driver.c...
compiling oled.c...
linking...
Program Size: Code=24954 RO-data=2426 RW-data=996 ZI-data=7804  
FromELF: creating hex file...
".\output\DEMO.axf" - 0 Error(s), 1 Warning(s).

<h2>Software Packages used:</h2>

Package Vendor: ARM
                http://www.keil.com/pack/ARM.CMSIS.4.3.0.pack
                ARM::CMSIS:CORE:4.1.0
                CMSIS (Cortex Microcontroller Software Interface Standard)
   * Component: CORE Version: 4.1.0

<h2>Collection of Component include folders:</h2>
  E:\LiyaoProject\Keil_Project\STM32F103_避障小车\STM32F103_beta1.9集成PCB1.4\Project\RTE
  C:\Keil_v5\ARM\PACK\ARM\CMSIS\4.3.0\CMSIS\Include
  C:\Keil_v5\ARM\PACK\Keil\STM32F1xx_DFP\1.1.0\Device\Include

<h2>Collection of Component Files used:</h2>

   * Component: ARM::CMSIS:CORE:4.1.0
Build Time Elapsed:  00:00:04
</pre>
</body>
</html>
