Component: ARM Compiler 5.06 (build 20) Tool: armlink [4d35a3]

==============================================================================

Section Cross References

    main.o(i.main) refers to stm32f0xx_gpio.o(i.GPIO_ResetBits) for GPIO_ResetBits
    main.o(i.main) refers to stm32_devinit.o(i.STM32_DevInit) for STM32_DevInit
    main.o(i.main) refers to sensors.o(i.SensorsInt) for SensorsInt
    main.o(i.main) refers to motordriver.o(i.MotorInt) for MotorInt
    main.o(i.main) refers to usartcmd.o(i.UsartCMDRxBufInt) for UsartCMDRxBufInt
    main.o(i.main) refers to sensors.o(i.DealSensors) for DealSensors
    main.o(i.main) refers to uidiv.o(.text) for __aeabi_uidivmod
    main.o(i.main) refers to usartcmd.o(i.DealUsartCMD) for DealUsartCMD
    main.o(i.main) refers to motordriver.o(i.ExecuteMotorParam) for ExecuteMotorParam
    main.o(i.main) refers to usartsentdata.o(i.UsartSentDataBuf) for UsartSentDataBuf
    main.o(i.main) refers to main.o(.data) for .data
    stm32f0xx_it.o(i.SysTick_Handler) refers to uidiv.o(.text) for __aeabi_uidivmod
    stm32f0xx_it.o(i.SysTick_Handler) refers to usartsentdata.o(i.UpLoadState) for UpLoadState
    stm32f0xx_it.o(i.SysTick_Handler) refers to main.o(.data) for timeTick
    stm32f0xx_it.o(i.SysTick_Handler) refers to main.o(.data) for timeOverCon
    stm32f0xx_it.o(i.USART1_IRQHandler) refers to stm32f0xx_usart.o(i.USART_GetITStatus) for USART_GetITStatus
    stm32f0xx_it.o(i.USART1_IRQHandler) refers to stm32f0xx_usart.o(i.USART_ClearFlag) for USART_ClearFlag
    stm32f0xx_it.o(i.USART1_IRQHandler) refers to stm32f0xx_usart.o(i.USART_ReceiveData) for USART_ReceiveData
    stm32f0xx_it.o(i.USART1_IRQHandler) refers to stm32f0xx_it.o(.data) for .data
    stm32f0xx_it.o(i.USART1_IRQHandler) refers to stm32f0xx_it.o(.bss) for .bss
    stm32f0xx_it.o(i.USART1_IRQHandler) refers to usartcmd.o(.bss) for usartCMDRxBuf
    stm32f0xx_it.o(i.USART1_IRQHandler) refers to main.o(.data) for timeOverCon
    stm32f0xx_it.o(i.USART1_IRQHandler) refers to main.o(.data) for timeOver
    stm32f0xx_it.o(i.USART1_IRQHandler) refers to main.o(.data) for timeOverFlag
    stm32_devinit.o(i.ADC_Configuration) refers to stm32f0xx_adc.o(i.ADC_StructInit) for ADC_StructInit
    stm32_devinit.o(i.ADC_Configuration) refers to stm32f0xx_adc.o(i.ADC_Init) for ADC_Init
    stm32_devinit.o(i.ADC_Configuration) refers to stm32f0xx_adc.o(i.ADC_ChannelConfig) for ADC_ChannelConfig
    stm32_devinit.o(i.ADC_Configuration) refers to stm32f0xx_adc.o(i.ADC_GetCalibrationFactor) for ADC_GetCalibrationFactor
    stm32_devinit.o(i.ADC_Configuration) refers to stm32f0xx_adc.o(i.ADC_DMARequestModeConfig) for ADC_DMARequestModeConfig
    stm32_devinit.o(i.ADC_Configuration) refers to stm32f0xx_adc.o(i.ADC_DMACmd) for ADC_DMACmd
    stm32_devinit.o(i.ADC_Configuration) refers to stm32f0xx_adc.o(i.ADC_Cmd) for ADC_Cmd
    stm32_devinit.o(i.ADC_Configuration) refers to stm32f0xx_adc.o(i.ADC_GetFlagStatus) for ADC_GetFlagStatus
    stm32_devinit.o(i.ADC_Configuration) refers to stm32f0xx_adc.o(i.ADC_StartOfConversion) for ADC_StartOfConversion
    stm32_devinit.o(i.DMA_Configuration) refers to stm32f0xx_dma.o(i.DMA_DeInit) for DMA_DeInit
    stm32_devinit.o(i.DMA_Configuration) refers to stm32f0xx_dma.o(i.DMA_Init) for DMA_Init
    stm32_devinit.o(i.DMA_Configuration) refers to stm32f0xx_dma.o(i.DMA_Cmd) for DMA_Cmd
    stm32_devinit.o(i.DMA_Configuration) refers to main.o(.bss) for ADC_valueBuf
    stm32_devinit.o(i.GPIO_Configuration) refers to stm32f0xx_gpio.o(i.GPIO_Init) for GPIO_Init
    stm32_devinit.o(i.GPIO_Configuration) refers to stm32f0xx_gpio.o(i.GPIO_PinAFConfig) for GPIO_PinAFConfig
    stm32_devinit.o(i.NVIC_Configuration) refers to stm32f0xx_misc.o(i.NVIC_Init) for NVIC_Init
    stm32_devinit.o(i.STM32_DevInit) refers to stm32f0xx_rcc.o(i.RCC_APB2PeriphClockCmd) for RCC_APB2PeriphClockCmd
    stm32_devinit.o(i.STM32_DevInit) refers to stm32f0xx_rcc.o(i.RCC_APB1PeriphClockCmd) for RCC_APB1PeriphClockCmd
    stm32_devinit.o(i.STM32_DevInit) refers to stm32f0xx_rcc.o(i.RCC_AHBPeriphClockCmd) for RCC_AHBPeriphClockCmd
    stm32_devinit.o(i.STM32_DevInit) refers to stm32_devinit.o(i.SysTick_Configuration) for SysTick_Configuration
    stm32_devinit.o(i.STM32_DevInit) refers to stm32_devinit.o(i.DMA_Configuration) for DMA_Configuration
    stm32_devinit.o(i.STM32_DevInit) refers to stm32_devinit.o(i.GPIO_Configuration) for GPIO_Configuration
    stm32_devinit.o(i.STM32_DevInit) refers to stm32_devinit.o(i.USART_Configuration) for USART_Configuration
    stm32_devinit.o(i.STM32_DevInit) refers to stm32_devinit.o(i.ADC_Configuration) for ADC_Configuration
    stm32_devinit.o(i.STM32_DevInit) refers to stm32_devinit.o(i.NVIC_Configuration) for NVIC_Configuration
    stm32_devinit.o(i.STM32_DevInit) refers to stm32_devinit.o(i.TIM_Configuration) for TIM_Configuration
    stm32_devinit.o(i.SysTick_Configuration) refers to uidiv.o(.text) for __aeabi_uidivmod
    stm32_devinit.o(i.SysTick_Configuration) refers to system_stm32f0xx.o(.data) for SystemCoreClock
    stm32_devinit.o(i.TIM_Configuration) refers to stm32f0xx_tim.o(i.TIM_TimeBaseStructInit) for TIM_TimeBaseStructInit
    stm32_devinit.o(i.TIM_Configuration) refers to stm32f0xx_tim.o(i.TIM_TimeBaseInit) for TIM_TimeBaseInit
    stm32_devinit.o(i.TIM_Configuration) refers to stm32f0xx_tim.o(i.TIM_Cmd) for TIM_Cmd
    stm32_devinit.o(i.TIM_Configuration) refers to stm32f0xx_tim.o(i.TIM_OC1Init) for TIM_OC1Init
    stm32_devinit.o(i.TIM_Configuration) refers to stm32f0xx_tim.o(i.TIM_OC2Init) for TIM_OC2Init
    stm32_devinit.o(i.TIM_Configuration) refers to stm32f0xx_tim.o(i.TIM_ARRPreloadConfig) for TIM_ARRPreloadConfig
    stm32_devinit.o(i.TIM_Configuration) refers to stm32f0xx_tim.o(i.TIM_CtrlPWMOutputs) for TIM_CtrlPWMOutputs
    stm32_devinit.o(i.USART_Configuration) refers to stm32f0xx_usart.o(i.USART_Init) for USART_Init
    stm32_devinit.o(i.USART_Configuration) refers to stm32f0xx_usart.o(i.USART_ITConfig) for USART_ITConfig
    stm32_devinit.o(i.USART_Configuration) refers to stm32f0xx_usart.o(i.USART_Cmd) for USART_Cmd
    motordriver.o(i.ExecuteMotorDIR) refers to stm32f0xx_gpio.o(i.GPIO_ResetBits) for GPIO_ResetBits
    motordriver.o(i.ExecuteMotorDIR) refers to stm32f0xx_gpio.o(i.GPIO_SetBits) for GPIO_SetBits
    motordriver.o(i.ExecuteMotorParam) refers to motordriver.o(i.ExecuteMotorSpeed) for ExecuteMotorSpeed
    motordriver.o(i.ExecuteMotorParam) refers to motordriver.o(i.ExecuteMotorDIR) for ExecuteMotorDIR
    motordriver.o(i.ExecuteMotorParam) refers to motordriver.o(.bss) for .bss
    motordriver.o(i.ExecuteMotorSpeed) refers to stm32f0xx_tim.o(i.TIM_SetCompare2) for TIM_SetCompare2
    motordriver.o(i.ExecuteMotorSpeed) refers to stm32f0xx_tim.o(i.TIM_SetCompare1) for TIM_SetCompare1
    motordriver.o(i.MotorInt) refers to motordriver.o(i.SetMotorParam) for SetMotorParam
    motordriver.o(i.MotorInt) refers to motordriver.o(i.ExecuteMotorParam) for ExecuteMotorParam
    motordriver.o(i.MotorInt) refers to motordriver.o(.bss) for .bss
    motordriver.o(i.SetMotorParam) refers to motordriver.o(.bss) for .bss
    sensors.o(i.DealSensors) refers to sensors.o(i.ReadEncoder) for ReadEncoder
    sensors.o(i.DealSensors) refers to sensors.o(i.ReadFuse) for ReadFuse
    sensors.o(i.ReadEncoder) refers to stm32f0xx_gpio.o(i.GPIO_ReadInputDataBit) for GPIO_ReadInputDataBit
    sensors.o(i.ReadEncoder) refers to sensors.o(.data) for .data
    sensors.o(i.ReadEncoder) refers to motordriver.o(.bss) for Motors
    sensors.o(i.ReadFuse) refers to stm32f0xx_gpio.o(i.GPIO_ReadInputDataBit) for GPIO_ReadInputDataBit
    sensors.o(i.ReadFuse) refers to motordriver.o(.bss) for Motors
    sensors.o(i.SensorsInt) refers to stm32f0xx_gpio.o(i.GPIO_ReadInputDataBit) for GPIO_ReadInputDataBit
    sensors.o(i.SensorsInt) refers to sensors.o(.data) for .data
    usartcmd.o(i.DealUsartCMD) refers to usartcmd.o(i.UsartCMDManualInt) for UsartCMDManualInt
    usartcmd.o(i.DealUsartCMD) refers to usartcmd.o(i.UsartCMDManual) for UsartCMDManual
    usartcmd.o(i.DealUsartCMD) refers to usartcmd.o(.bss) for .bss
    usartcmd.o(i.DealUsartCMD) refers to main.o(.data) for ctrlMode
    usartcmd.o(i.UsartCMDManual) refers to motordriver.o(i.SetMotorParam) for SetMotorParam
    usartcmd.o(i.UsartCMDManual) refers to usartcmd.o(.data) for .data
    usartcmd.o(i.UsartCMDManual) refers to motordriver.o(.bss) for Motors
    usartcmd.o(i.UsartCMDManualInt) refers to motordriver.o(i.SetMotorParam) for SetMotorParam
    usartcmd.o(i.UsartCMDManualInt) refers to main.o(.data) for ctrlMode
    usartcmd.o(i.UsartCMDManualInt) refers to usartcmd.o(.data) for .data
    usartcmd.o(i.UsartCMDRxBufInt) refers to usartcmd.o(.bss) for .bss
    usartsentdata.o(i.Uart1WriteBuf) refers to usartsentdata.o(.data) for .data
    usartsentdata.o(i.Uart1WriteBuf) refers to usartsentdata.o(.bss) for .bss
    usartsentdata.o(i.UpLoadState) refers to usartsentdata.o(i.Uart1WriteBuf) for Uart1WriteBuf
    usartsentdata.o(i.UpLoadState) refers to motordriver.o(.bss) for Motors
    usartsentdata.o(i.UpLoadState) refers to sensors.o(.data) for encoder1Last
    usartsentdata.o(i.UpLoadState) refers to sensors.o(.data) for encoder2Last
    usartsentdata.o(i.UpLoadState) refers to sensors.o(.data) for encoder3Last
    usartsentdata.o(i.UpLoadState1) refers to usartsentdata.o(i.Uart1WriteBuf) for Uart1WriteBuf
    usartsentdata.o(i.UpLoadState1) refers to main.o(.data) for timeOverFlag
    usartsentdata.o(i.UpLoadState1) refers to main.o(.data) for timeOver
    usartsentdata.o(i.UsartSentDataBuf) refers to stm32f0xx_usart.o(i.USART_GetFlagStatus) for USART_GetFlagStatus
    usartsentdata.o(i.UsartSentDataBuf) refers to stm32f0xx_usart.o(i.USART_SendData) for USART_SendData
    usartsentdata.o(i.UsartSentDataBuf) refers to usartsentdata.o(.data) for .data
    usartsentdata.o(i.UsartSentDataBuf) refers to usartsentdata.o(.bss) for .bss
    stm32f0xx_gpio.o(i.GPIO_DeInit) refers to stm32f0xx_rcc.o(i.RCC_AHBPeriphResetCmd) for RCC_AHBPeriphResetCmd
    stm32f0xx_rcc.o(i.RCC_GetClocksFreq) refers to uidiv.o(.text) for __aeabi_uidivmod
    stm32f0xx_rcc.o(i.RCC_GetClocksFreq) refers to stm32f0xx_rcc.o(.data) for .data
    stm32f0xx_rcc.o(i.RCC_WaitForHSEStartUp) refers to stm32f0xx_rcc.o(i.RCC_GetFlagStatus) for RCC_GetFlagStatus
    stm32f0xx_tim.o(i.TIM_DeInit) refers to stm32f0xx_rcc.o(i.RCC_APB1PeriphResetCmd) for RCC_APB1PeriphResetCmd
    stm32f0xx_tim.o(i.TIM_DeInit) refers to stm32f0xx_rcc.o(i.RCC_APB2PeriphResetCmd) for RCC_APB2PeriphResetCmd
    stm32f0xx_tim.o(i.TIM_ETRClockMode1Config) refers to stm32f0xx_tim.o(i.TIM_ETRConfig) for TIM_ETRConfig
    stm32f0xx_tim.o(i.TIM_ETRClockMode2Config) refers to stm32f0xx_tim.o(i.TIM_ETRConfig) for TIM_ETRConfig
    stm32f0xx_tim.o(i.TIM_ICInit) refers to stm32f0xx_tim.o(i.TIM_SetIC4Prescaler) for TIM_SetIC4Prescaler
    stm32f0xx_tim.o(i.TIM_ICInit) refers to stm32f0xx_tim.o(i.TI1_Config) for TI1_Config
    stm32f0xx_tim.o(i.TIM_ICInit) refers to stm32f0xx_tim.o(i.TIM_SetIC1Prescaler) for TIM_SetIC1Prescaler
    stm32f0xx_tim.o(i.TIM_ICInit) refers to stm32f0xx_tim.o(i.TI2_Config) for TI2_Config
    stm32f0xx_tim.o(i.TIM_ICInit) refers to stm32f0xx_tim.o(i.TIM_SetIC2Prescaler) for TIM_SetIC2Prescaler
    stm32f0xx_tim.o(i.TIM_ICInit) refers to stm32f0xx_tim.o(i.TIM_SetIC3Prescaler) for TIM_SetIC3Prescaler
    stm32f0xx_tim.o(i.TIM_ITRxExternalClockConfig) refers to stm32f0xx_tim.o(i.TIM_SelectInputTrigger) for TIM_SelectInputTrigger
    stm32f0xx_tim.o(i.TIM_PWMIConfig) refers to stm32f0xx_tim.o(i.TI2_Config) for TI2_Config
    stm32f0xx_tim.o(i.TIM_PWMIConfig) refers to stm32f0xx_tim.o(i.TIM_SetIC2Prescaler) for TIM_SetIC2Prescaler
    stm32f0xx_tim.o(i.TIM_PWMIConfig) refers to stm32f0xx_tim.o(i.TI1_Config) for TI1_Config
    stm32f0xx_tim.o(i.TIM_PWMIConfig) refers to stm32f0xx_tim.o(i.TIM_SetIC1Prescaler) for TIM_SetIC1Prescaler
    stm32f0xx_tim.o(i.TIM_TIxExternalClockConfig) refers to stm32f0xx_tim.o(i.TI1_Config) for TI1_Config
    stm32f0xx_tim.o(i.TIM_TIxExternalClockConfig) refers to stm32f0xx_tim.o(i.TIM_SelectInputTrigger) for TIM_SelectInputTrigger
    stm32f0xx_tim.o(i.TIM_TIxExternalClockConfig) refers to stm32f0xx_tim.o(i.TI2_Config) for TI2_Config
    stm32f0xx_usart.o(i.USART_DeInit) refers to stm32f0xx_rcc.o(i.RCC_APB2PeriphResetCmd) for RCC_APB2PeriphResetCmd
    stm32f0xx_usart.o(i.USART_DeInit) refers to stm32f0xx_rcc.o(i.RCC_APB1PeriphResetCmd) for RCC_APB1PeriphResetCmd
    stm32f0xx_usart.o(i.USART_Init) refers to stm32f0xx_rcc.o(i.RCC_GetClocksFreq) for RCC_GetClocksFreq
    stm32f0xx_usart.o(i.USART_Init) refers to uidiv.o(.text) for __aeabi_uidivmod
    stm32f0xx_adc.o(i.ADC_DeInit) refers to stm32f0xx_rcc.o(i.RCC_APB2PeriphResetCmd) for RCC_APB2PeriphResetCmd
    system_stm32f0xx.o(i.SystemCoreClockUpdate) refers to uidiv.o(.text) for __aeabi_uidivmod
    system_stm32f0xx.o(i.SystemCoreClockUpdate) refers to system_stm32f0xx.o(.data) for .data
    system_stm32f0xx.o(i.SystemInit) refers to system_stm32f0xx.o(i.SetSysClock) for SetSysClock
    startup_stm32f030.o(RESET) refers to startup_stm32f030.o(STACK) for __initial_sp
    startup_stm32f030.o(RESET) refers to startup_stm32f030.o(.text) for Reset_Handler
    startup_stm32f030.o(RESET) refers to stm32f0xx_it.o(i.NMI_Handler) for NMI_Handler
    startup_stm32f030.o(RESET) refers to stm32f0xx_it.o(i.HardFault_Handler) for HardFault_Handler
    startup_stm32f030.o(RESET) refers to stm32f0xx_it.o(i.SVC_Handler) for SVC_Handler
    startup_stm32f030.o(RESET) refers to stm32f0xx_it.o(i.PendSV_Handler) for PendSV_Handler
    startup_stm32f030.o(RESET) refers to stm32f0xx_it.o(i.SysTick_Handler) for SysTick_Handler
    startup_stm32f030.o(RESET) refers to stm32f0xx_it.o(i.USART1_IRQHandler) for USART1_IRQHandler
    startup_stm32f030.o(.text) refers to startup_stm32f030.o(STACK) for __initial_sp
    startup_stm32f030.o(.text) refers to system_stm32f0xx.o(i.SystemInit) for SystemInit
    startup_stm32f030.o(.text) refers to entry.o(.ARM.Collect$$$$00000000) for __main
    entry.o(.ARM.Collect$$$$00000000) refers (Special) to entry10a.o(.ARM.Collect$$$$0000000D) for __rt_final_cpp
    entry.o(.ARM.Collect$$$$00000000) refers (Special) to entry11a.o(.ARM.Collect$$$$0000000F) for __rt_final_exit
    entry.o(.ARM.Collect$$$$00000000) refers (Special) to entry7b.o(.ARM.Collect$$$$00000008) for _main_clock
    entry.o(.ARM.Collect$$$$00000000) refers (Special) to entry8b.o(.ARM.Collect$$$$0000000A) for _main_cpp_init
    entry.o(.ARM.Collect$$$$00000000) refers (Special) to entry9a.o(.ARM.Collect$$$$0000000B) for _main_init
    entry.o(.ARM.Collect$$$$00000000) refers (Special) to entry5.o(.ARM.Collect$$$$00000004) for _main_scatterload
    entry.o(.ARM.Collect$$$$00000000) refers (Special) to entry2.o(.ARM.Collect$$$$00000001) for _main_stk
    entry2.o(.ARM.Collect$$$$00000001) refers to entry2.o(.ARM.Collect$$$$00002712) for __lit__00000000
    entry2.o(.ARM.Collect$$$$00002712) refers to startup_stm32f030.o(STACK) for __initial_sp
    entry2.o(__vectab_stack_and_reset_area) refers to startup_stm32f030.o(STACK) for __initial_sp
    entry2.o(__vectab_stack_and_reset_area) refers to entry.o(.ARM.Collect$$$$00000000) for __main
    entry5.o(.ARM.Collect$$$$00000004) refers to init.o(.text) for __scatterload
    entry9a.o(.ARM.Collect$$$$0000000B) refers to main.o(i.main) for main
    entry9b.o(.ARM.Collect$$$$0000000C) refers to main.o(i.main) for main
    init.o(.text) refers to entry5.o(.ARM.Collect$$$$00000004) for __main_after_scatterload


==============================================================================

Removing Unused input sections from the image.

    Removing main.o(.rev16_text), (4 bytes).
    Removing main.o(.revsh_text), (4 bytes).
    Removing main.o(.data), (2 bytes).
    Removing stm32f0xx_it.o(.rev16_text), (4 bytes).
    Removing stm32f0xx_it.o(.revsh_text), (4 bytes).
    Removing stm32_devinit.o(.rev16_text), (4 bytes).
    Removing stm32_devinit.o(.revsh_text), (4 bytes).
    Removing motordriver.o(.rev16_text), (4 bytes).
    Removing motordriver.o(.revsh_text), (4 bytes).
    Removing sensors.o(.rev16_text), (4 bytes).
    Removing sensors.o(.revsh_text), (4 bytes).
    Removing usartcmd.o(.rev16_text), (4 bytes).
    Removing usartcmd.o(.revsh_text), (4 bytes).
    Removing usartsentdata.o(.rev16_text), (4 bytes).
    Removing usartsentdata.o(.revsh_text), (4 bytes).
    Removing usartsentdata.o(i.UpLoadState1), (44 bytes).
    Removing stm32f0xx_gpio.o(.rev16_text), (4 bytes).
    Removing stm32f0xx_gpio.o(.revsh_text), (4 bytes).
    Removing stm32f0xx_gpio.o(i.GPIO_DeInit), (112 bytes).
    Removing stm32f0xx_gpio.o(i.GPIO_PinLockConfig), (26 bytes).
    Removing stm32f0xx_gpio.o(i.GPIO_ReadInputData), (4 bytes).
    Removing stm32f0xx_gpio.o(i.GPIO_ReadOutputData), (4 bytes).
    Removing stm32f0xx_gpio.o(i.GPIO_ReadOutputDataBit), (14 bytes).
    Removing stm32f0xx_gpio.o(i.GPIO_StructInit), (24 bytes).
    Removing stm32f0xx_gpio.o(i.GPIO_Write), (4 bytes).
    Removing stm32f0xx_gpio.o(i.GPIO_WriteBit), (12 bytes).
    Removing stm32f0xx_rcc.o(.rev16_text), (4 bytes).
    Removing stm32f0xx_rcc.o(.revsh_text), (4 bytes).
    Removing stm32f0xx_rcc.o(i.RCC_ADCCLKConfig), (44 bytes).
    Removing stm32f0xx_rcc.o(i.RCC_AHBPeriphResetCmd), (24 bytes).
    Removing stm32f0xx_rcc.o(i.RCC_APB1PeriphResetCmd), (24 bytes).
    Removing stm32f0xx_rcc.o(i.RCC_APB2PeriphResetCmd), (24 bytes).
    Removing stm32f0xx_rcc.o(i.RCC_AdjustHSI14CalibrationValue), (20 bytes).
    Removing stm32f0xx_rcc.o(i.RCC_AdjustHSICalibrationValue), (20 bytes).
    Removing stm32f0xx_rcc.o(i.RCC_BackupResetCmd), (28 bytes).
    Removing stm32f0xx_rcc.o(i.RCC_CECCLKConfig), (24 bytes).
    Removing stm32f0xx_rcc.o(i.RCC_ClearFlag), (20 bytes).
    Removing stm32f0xx_rcc.o(i.RCC_ClearITPendingBit), (12 bytes).
    Removing stm32f0xx_rcc.o(i.RCC_ClockSecuritySystemCmd), (28 bytes).
    Removing stm32f0xx_rcc.o(i.RCC_DeInit), (92 bytes).
    Removing stm32f0xx_rcc.o(i.RCC_GetFlagStatus), (52 bytes).
    Removing stm32f0xx_rcc.o(i.RCC_GetITStatus), (20 bytes).
    Removing stm32f0xx_rcc.o(i.RCC_GetSYSCLKSource), (16 bytes).
    Removing stm32f0xx_rcc.o(i.RCC_HCLKConfig), (20 bytes).
    Removing stm32f0xx_rcc.o(i.RCC_HSEConfig), (16 bytes).
    Removing stm32f0xx_rcc.o(i.RCC_HSI14ADCRequestCmd), (24 bytes).
    Removing stm32f0xx_rcc.o(i.RCC_HSI14Cmd), (28 bytes).
    Removing stm32f0xx_rcc.o(i.RCC_HSI48Cmd), (28 bytes).
    Removing stm32f0xx_rcc.o(i.RCC_HSICmd), (28 bytes).
    Removing stm32f0xx_rcc.o(i.RCC_I2CCLKConfig), (24 bytes).
    Removing stm32f0xx_rcc.o(i.RCC_ITConfig), (24 bytes).
    Removing stm32f0xx_rcc.o(i.RCC_LSEConfig), (32 bytes).
    Removing stm32f0xx_rcc.o(i.RCC_LSEDriveConfig), (24 bytes).
    Removing stm32f0xx_rcc.o(i.RCC_LSICmd), (28 bytes).
    Removing stm32f0xx_rcc.o(i.RCC_MCOConfig), (24 bytes).
    Removing stm32f0xx_rcc.o(i.RCC_PCLKConfig), (20 bytes).
    Removing stm32f0xx_rcc.o(i.RCC_PLLCmd), (28 bytes).
    Removing stm32f0xx_rcc.o(i.RCC_PLLConfig), (28 bytes).
    Removing stm32f0xx_rcc.o(i.RCC_PREDIV1Config), (20 bytes).
    Removing stm32f0xx_rcc.o(i.RCC_RTCCLKCmd), (28 bytes).
    Removing stm32f0xx_rcc.o(i.RCC_RTCCLKConfig), (16 bytes).
    Removing stm32f0xx_rcc.o(i.RCC_SYSCLKConfig), (20 bytes).
    Removing stm32f0xx_rcc.o(i.RCC_USARTCLKConfig), (48 bytes).
    Removing stm32f0xx_rcc.o(i.RCC_USBCLKConfig), (24 bytes).
    Removing stm32f0xx_rcc.o(i.RCC_WaitForHSEStartUp), (44 bytes).
    Removing stm32f0xx_misc.o(.rev16_text), (4 bytes).
    Removing stm32f0xx_misc.o(.revsh_text), (4 bytes).
    Removing stm32f0xx_misc.o(i.NVIC_SystemLPConfig), (24 bytes).
    Removing stm32f0xx_misc.o(i.SysTick_CLKSourceConfig), (24 bytes).
    Removing stm32f0xx_tim.o(.rev16_text), (4 bytes).
    Removing stm32f0xx_tim.o(.revsh_text), (4 bytes).
    Removing stm32f0xx_tim.o(i.TI1_Config), (40 bytes).
    Removing stm32f0xx_tim.o(i.TI2_Config), (48 bytes).
    Removing stm32f0xx_tim.o(i.TIM_BDTRConfig), (34 bytes).
    Removing stm32f0xx_tim.o(i.TIM_BDTRStructInit), (18 bytes).
    Removing stm32f0xx_tim.o(i.TIM_CCPreloadControl), (20 bytes).
    Removing stm32f0xx_tim.o(i.TIM_CCxCmd), (22 bytes).
    Removing stm32f0xx_tim.o(i.TIM_CCxNCmd), (22 bytes).
    Removing stm32f0xx_tim.o(i.TIM_ClearFlag), (6 bytes).
    Removing stm32f0xx_tim.o(i.TIM_ClearITPendingBit), (6 bytes).
    Removing stm32f0xx_tim.o(i.TIM_ClearOC1Ref), (12 bytes).
    Removing stm32f0xx_tim.o(i.TIM_ClearOC2Ref), (14 bytes).
    Removing stm32f0xx_tim.o(i.TIM_ClearOC3Ref), (12 bytes).
    Removing stm32f0xx_tim.o(i.TIM_ClearOC4Ref), (14 bytes).
    Removing stm32f0xx_tim.o(i.TIM_CounterModeConfig), (12 bytes).
    Removing stm32f0xx_tim.o(i.TIM_DMACmd), (16 bytes).
    Removing stm32f0xx_tim.o(i.TIM_DMAConfig), (8 bytes).
    Removing stm32f0xx_tim.o(i.TIM_DeInit), (204 bytes).
    Removing stm32f0xx_tim.o(i.TIM_ETRClockMode1Config), (28 bytes).
    Removing stm32f0xx_tim.o(i.TIM_ETRClockMode2Config), (20 bytes).
    Removing stm32f0xx_tim.o(i.TIM_ETRConfig), (18 bytes).
    Removing stm32f0xx_tim.o(i.TIM_EncoderInterfaceConfig), (48 bytes).
    Removing stm32f0xx_tim.o(i.TIM_ForcedOC1Config), (12 bytes).
    Removing stm32f0xx_tim.o(i.TIM_ForcedOC2Config), (20 bytes).
    Removing stm32f0xx_tim.o(i.TIM_ForcedOC3Config), (12 bytes).
    Removing stm32f0xx_tim.o(i.TIM_ForcedOC4Config), (20 bytes).
    Removing stm32f0xx_tim.o(i.TIM_GenerateEvent), (4 bytes).
    Removing stm32f0xx_tim.o(i.TIM_GetCapture1), (4 bytes).
    Removing stm32f0xx_tim.o(i.TIM_GetCapture2), (4 bytes).
    Removing stm32f0xx_tim.o(i.TIM_GetCapture3), (4 bytes).
    Removing stm32f0xx_tim.o(i.TIM_GetCapture4), (4 bytes).
    Removing stm32f0xx_tim.o(i.TIM_GetCounter), (4 bytes).
    Removing stm32f0xx_tim.o(i.TIM_GetFlagStatus), (14 bytes).
    Removing stm32f0xx_tim.o(i.TIM_GetITStatus), (24 bytes).
    Removing stm32f0xx_tim.o(i.TIM_GetPrescaler), (4 bytes).
    Removing stm32f0xx_tim.o(i.TIM_ICInit), (184 bytes).
    Removing stm32f0xx_tim.o(i.TIM_ICStructInit), (16 bytes).
    Removing stm32f0xx_tim.o(i.TIM_ITConfig), (16 bytes).
    Removing stm32f0xx_tim.o(i.TIM_ITRxExternalClockConfig), (18 bytes).
    Removing stm32f0xx_tim.o(i.TIM_InternalClockConfig), (10 bytes).
    Removing stm32f0xx_tim.o(i.TIM_OC1FastConfig), (12 bytes).
    Removing stm32f0xx_tim.o(i.TIM_OC1NPolarityConfig), (12 bytes).
    Removing stm32f0xx_tim.o(i.TIM_OC1PolarityConfig), (12 bytes).
    Removing stm32f0xx_tim.o(i.TIM_OC1PreloadConfig), (12 bytes).
    Removing stm32f0xx_tim.o(i.TIM_OC2FastConfig), (20 bytes).
    Removing stm32f0xx_tim.o(i.TIM_OC2NPolarityConfig), (14 bytes).
    Removing stm32f0xx_tim.o(i.TIM_OC2PolarityConfig), (14 bytes).
    Removing stm32f0xx_tim.o(i.TIM_OC2PreloadConfig), (20 bytes).
    Removing stm32f0xx_tim.o(i.TIM_OC3FastConfig), (12 bytes).
    Removing stm32f0xx_tim.o(i.TIM_OC3Init), (136 bytes).
    Removing stm32f0xx_tim.o(i.TIM_OC3NPolarityConfig), (20 bytes).
    Removing stm32f0xx_tim.o(i.TIM_OC3PolarityConfig), (20 bytes).
    Removing stm32f0xx_tim.o(i.TIM_OC3PreloadConfig), (12 bytes).
    Removing stm32f0xx_tim.o(i.TIM_OC4FastConfig), (20 bytes).
    Removing stm32f0xx_tim.o(i.TIM_OC4Init), (100 bytes).
    Removing stm32f0xx_tim.o(i.TIM_OC4PolarityConfig), (20 bytes).
    Removing stm32f0xx_tim.o(i.TIM_OC4PreloadConfig), (20 bytes).
    Removing stm32f0xx_tim.o(i.TIM_OCStructInit), (20 bytes).
    Removing stm32f0xx_tim.o(i.TIM_PWMIConfig), (104 bytes).
    Removing stm32f0xx_tim.o(i.TIM_PrescalerConfig), (6 bytes).
    Removing stm32f0xx_tim.o(i.TIM_RemapConfig), (6 bytes).
    Removing stm32f0xx_tim.o(i.TIM_SelectCCDMA), (18 bytes).
    Removing stm32f0xx_tim.o(i.TIM_SelectCOM), (18 bytes).
    Removing stm32f0xx_tim.o(i.TIM_SelectHallSensor), (18 bytes).
    Removing stm32f0xx_tim.o(i.TIM_SelectInputTrigger), (12 bytes).
    Removing stm32f0xx_tim.o(i.TIM_SelectMasterSlaveMode), (16 bytes).
    Removing stm32f0xx_tim.o(i.TIM_SelectOCREFClear), (16 bytes).
    Removing stm32f0xx_tim.o(i.TIM_SelectOCxM), (70 bytes).
    Removing stm32f0xx_tim.o(i.TIM_SelectOnePulseMode), (16 bytes).
    Removing stm32f0xx_tim.o(i.TIM_SelectOutputTrigger), (16 bytes).
    Removing stm32f0xx_tim.o(i.TIM_SelectSlaveMode), (16 bytes).
    Removing stm32f0xx_tim.o(i.TIM_SetAutoreload), (4 bytes).
    Removing stm32f0xx_tim.o(i.TIM_SetClockDivision), (20 bytes).
    Removing stm32f0xx_tim.o(i.TIM_SetCompare3), (4 bytes).
    Removing stm32f0xx_tim.o(i.TIM_SetCompare4), (4 bytes).
    Removing stm32f0xx_tim.o(i.TIM_SetCounter), (4 bytes).
    Removing stm32f0xx_tim.o(i.TIM_SetIC1Prescaler), (16 bytes).
    Removing stm32f0xx_tim.o(i.TIM_SetIC2Prescaler), (24 bytes).
    Removing stm32f0xx_tim.o(i.TIM_SetIC3Prescaler), (16 bytes).
    Removing stm32f0xx_tim.o(i.TIM_SetIC4Prescaler), (24 bytes).
    Removing stm32f0xx_tim.o(i.TIM_TIxExternalClockConfig), (48 bytes).
    Removing stm32f0xx_tim.o(i.TIM_UpdateDisableConfig), (18 bytes).
    Removing stm32f0xx_tim.o(i.TIM_UpdateRequestConfig), (18 bytes).
    Removing stm32f0xx_usart.o(.rev16_text), (4 bytes).
    Removing stm32f0xx_usart.o(.revsh_text), (4 bytes).
    Removing stm32f0xx_usart.o(i.USART_AddressDetectionConfig), (16 bytes).
    Removing stm32f0xx_usart.o(i.USART_AutoBaudRateCmd), (20 bytes).
    Removing stm32f0xx_usart.o(i.USART_AutoBaudRateConfig), (18 bytes).
    Removing stm32f0xx_usart.o(i.USART_ClearITPendingBit), (10 bytes).
    Removing stm32f0xx_usart.o(i.USART_ClockInit), (28 bytes).
    Removing stm32f0xx_usart.o(i.USART_ClockStructInit), (12 bytes).
    Removing stm32f0xx_usart.o(i.USART_DECmd), (20 bytes).
    Removing stm32f0xx_usart.o(i.USART_DEPolarityConfig), (18 bytes).
    Removing stm32f0xx_usart.o(i.USART_DMACmd), (16 bytes).
    Removing stm32f0xx_usart.o(i.USART_DMAReceptionErrorConfig), (18 bytes).
    Removing stm32f0xx_usart.o(i.USART_DataInvCmd), (20 bytes).
    Removing stm32f0xx_usart.o(i.USART_DeInit), (184 bytes).
    Removing stm32f0xx_usart.o(i.USART_DirectionModeCmd), (16 bytes).
    Removing stm32f0xx_usart.o(i.USART_HalfDuplexCmd), (18 bytes).
    Removing stm32f0xx_usart.o(i.USART_InvPinCmd), (16 bytes).
    Removing stm32f0xx_usart.o(i.USART_IrDACmd), (18 bytes).
    Removing stm32f0xx_usart.o(i.USART_IrDAConfig), (16 bytes).
    Removing stm32f0xx_usart.o(i.USART_LINBreakDetectLengthConfig), (16 bytes).
    Removing stm32f0xx_usart.o(i.USART_LINCmd), (20 bytes).
    Removing stm32f0xx_usart.o(i.USART_MSBFirstCmd), (20 bytes).
    Removing stm32f0xx_usart.o(i.USART_MuteModeCmd), (20 bytes).
    Removing stm32f0xx_usart.o(i.USART_MuteModeWakeUpConfig), (18 bytes).
    Removing stm32f0xx_usart.o(i.USART_OneBitMethodCmd), (20 bytes).
    Removing stm32f0xx_usart.o(i.USART_OverSampling8Cmd), (20 bytes).
    Removing stm32f0xx_usart.o(i.USART_OverrunDetectionConfig), (18 bytes).
    Removing stm32f0xx_usart.o(i.USART_ReceiverTimeOutCmd), (20 bytes).
    Removing stm32f0xx_usart.o(i.USART_RequestCmd), (16 bytes).
    Removing stm32f0xx_usart.o(i.USART_STOPModeCmd), (18 bytes).
    Removing stm32f0xx_usart.o(i.USART_SWAPPinCmd), (20 bytes).
    Removing stm32f0xx_usart.o(i.USART_SetAddress), (18 bytes).
    Removing stm32f0xx_usart.o(i.USART_SetAutoRetryCount), (20 bytes).
    Removing stm32f0xx_usart.o(i.USART_SetBlockLength), (18 bytes).
    Removing stm32f0xx_usart.o(i.USART_SetDEAssertionTime), (20 bytes).
    Removing stm32f0xx_usart.o(i.USART_SetDEDeassertionTime), (20 bytes).
    Removing stm32f0xx_usart.o(i.USART_SetGuardTime), (16 bytes).
    Removing stm32f0xx_usart.o(i.USART_SetPrescaler), (16 bytes).
    Removing stm32f0xx_usart.o(i.USART_SetReceiverTimeOut), (16 bytes).
    Removing stm32f0xx_usart.o(i.USART_SmartCardCmd), (18 bytes).
    Removing stm32f0xx_usart.o(i.USART_SmartCardNACKCmd), (18 bytes).
    Removing stm32f0xx_usart.o(i.USART_StopModeWakeUpSourceConfig), (18 bytes).
    Removing stm32f0xx_usart.o(i.USART_StructInit), (22 bytes).
    Removing stm32f0xx_adc.o(.rev16_text), (4 bytes).
    Removing stm32f0xx_adc.o(.revsh_text), (4 bytes).
    Removing stm32f0xx_adc.o(i.ADC_AnalogWatchdogCmd), (20 bytes).
    Removing stm32f0xx_adc.o(i.ADC_AnalogWatchdogSingleChannelCmd), (20 bytes).
    Removing stm32f0xx_adc.o(i.ADC_AnalogWatchdogSingleChannelConfig), (14 bytes).
    Removing stm32f0xx_adc.o(i.ADC_AnalogWatchdogThresholdsConfig), (8 bytes).
    Removing stm32f0xx_adc.o(i.ADC_AutoPowerOffCmd), (20 bytes).
    Removing stm32f0xx_adc.o(i.ADC_ClearFlag), (4 bytes).
    Removing stm32f0xx_adc.o(i.ADC_ClearITPendingBit), (4 bytes).
    Removing stm32f0xx_adc.o(i.ADC_ClockModeConfig), (4 bytes).
    Removing stm32f0xx_adc.o(i.ADC_ContinuousModeCmd), (20 bytes).
    Removing stm32f0xx_adc.o(i.ADC_DeInit), (32 bytes).
    Removing stm32f0xx_adc.o(i.ADC_DiscModeCmd), (20 bytes).
    Removing stm32f0xx_adc.o(i.ADC_GetConversionValue), (6 bytes).
    Removing stm32f0xx_adc.o(i.ADC_GetITStatus), (22 bytes).
    Removing stm32f0xx_adc.o(i.ADC_ITConfig), (16 bytes).
    Removing stm32f0xx_adc.o(i.ADC_JitterCmd), (16 bytes).
    Removing stm32f0xx_adc.o(i.ADC_OverrunModeCmd), (20 bytes).
    Removing stm32f0xx_adc.o(i.ADC_StopOfConversion), (10 bytes).
    Removing stm32f0xx_adc.o(i.ADC_TempSensorCmd), (28 bytes).
    Removing stm32f0xx_adc.o(i.ADC_VbatCmd), (28 bytes).
    Removing stm32f0xx_adc.o(i.ADC_VrefintCmd), (28 bytes).
    Removing stm32f0xx_adc.o(i.ADC_WaitModeCmd), (20 bytes).
    Removing stm32f0xx_dma.o(.rev16_text), (4 bytes).
    Removing stm32f0xx_dma.o(.revsh_text), (4 bytes).
    Removing stm32f0xx_dma.o(i.DMA_ClearFlag), (24 bytes).
    Removing stm32f0xx_dma.o(i.DMA_ClearITPendingBit), (24 bytes).
    Removing stm32f0xx_dma.o(i.DMA_GetCurrDataCounter), (6 bytes).
    Removing stm32f0xx_dma.o(i.DMA_GetFlagStatus), (32 bytes).
    Removing stm32f0xx_dma.o(i.DMA_GetITStatus), (32 bytes).
    Removing stm32f0xx_dma.o(i.DMA_ITConfig), (16 bytes).
    Removing stm32f0xx_dma.o(i.DMA_RemapConfig), (30 bytes).
    Removing stm32f0xx_dma.o(i.DMA_SetCurrDataCounter), (4 bytes).
    Removing stm32f0xx_dma.o(i.DMA_StructInit), (26 bytes).
    Removing system_stm32f0xx.o(.rev16_text), (4 bytes).
    Removing system_stm32f0xx.o(.revsh_text), (4 bytes).
    Removing system_stm32f0xx.o(i.SystemCoreClockUpdate), (108 bytes).
    Removing startup_stm32f030.o(HEAP), (512 bytes).

234 unused section(s) (total 5546 bytes) removed from the image.

==============================================================================

Image Symbol Table

    Local Symbols

    Symbol Name                              Value     Ov Type        Size  Object(Section)

    ../clib/microlib/division.c              0x00000000   Number         0  uidiv.o ABSOLUTE
    ../clib/microlib/init/entry.s            0x00000000   Number         0  entry11b.o ABSOLUTE
    ../clib/microlib/init/entry.s            0x00000000   Number         0  entry.o ABSOLUTE
    ../clib/microlib/init/entry.s            0x00000000   Number         0  entry11a.o ABSOLUTE
    ../clib/microlib/init/entry.s            0x00000000   Number         0  entry10b.o ABSOLUTE
    ../clib/microlib/init/entry.s            0x00000000   Number         0  entry7a.o ABSOLUTE
    ../clib/microlib/init/entry.s            0x00000000   Number         0  entry10a.o ABSOLUTE
    ../clib/microlib/init/entry.s            0x00000000   Number         0  entry9b.o ABSOLUTE
    ../clib/microlib/init/entry.s            0x00000000   Number         0  entry9a.o ABSOLUTE
    ../clib/microlib/init/entry.s            0x00000000   Number         0  entry8b.o ABSOLUTE
    ../clib/microlib/init/entry.s            0x00000000   Number         0  entry8a.o ABSOLUTE
    ../clib/microlib/init/entry.s            0x00000000   Number         0  entry7b.o ABSOLUTE
    ../clib/microlib/init/entry.s            0x00000000   Number         0  entry2.o ABSOLUTE
    ../clib/microlib/init/entry.s            0x00000000   Number         0  entry5.o ABSOLUTE
    ..\..\library\STM32F0xx_StdPeriph_Lib_V1.5.0\CMSIS\Device\ST\STM32F0xx\Source\Templates\arm\startup_stm32f030.s 0x00000000   Number         0  startup_stm32f030.o ABSOLUTE
    ..\..\library\STM32F0xx_StdPeriph_Lib_V1.5.0\STM32F0xx_StdPeriph_Driver\src\stm32f0xx_adc.c 0x00000000   Number         0  stm32f0xx_adc.o ABSOLUTE
    ..\..\library\STM32F0xx_StdPeriph_Lib_V1.5.0\STM32F0xx_StdPeriph_Driver\src\stm32f0xx_dma.c 0x00000000   Number         0  stm32f0xx_dma.o ABSOLUTE
    ..\..\library\STM32F0xx_StdPeriph_Lib_V1.5.0\STM32F0xx_StdPeriph_Driver\src\stm32f0xx_gpio.c 0x00000000   Number         0  stm32f0xx_gpio.o ABSOLUTE
    ..\..\library\STM32F0xx_StdPeriph_Lib_V1.5.0\STM32F0xx_StdPeriph_Driver\src\stm32f0xx_misc.c 0x00000000   Number         0  stm32f0xx_misc.o ABSOLUTE
    ..\..\library\STM32F0xx_StdPeriph_Lib_V1.5.0\STM32F0xx_StdPeriph_Driver\src\stm32f0xx_rcc.c 0x00000000   Number         0  stm32f0xx_rcc.o ABSOLUTE
    ..\..\library\STM32F0xx_StdPeriph_Lib_V1.5.0\STM32F0xx_StdPeriph_Driver\src\stm32f0xx_tim.c 0x00000000   Number         0  stm32f0xx_tim.o ABSOLUTE
    ..\..\library\STM32F0xx_StdPeriph_Lib_V1.5.0\STM32F0xx_StdPeriph_Driver\src\stm32f0xx_usart.c 0x00000000   Number         0  stm32f0xx_usart.o ABSOLUTE
    ..\MotorDriver.c                         0x00000000   Number         0  motordriver.o ABSOLUTE
    ..\STM32_DevInit.c                       0x00000000   Number         0  stm32_devinit.o ABSOLUTE
    ..\Sensors.c                             0x00000000   Number         0  sensors.o ABSOLUTE
    ..\USARTCMD.c                            0x00000000   Number         0  usartcmd.o ABSOLUTE
    ..\USARTSentData.c                       0x00000000   Number         0  usartsentdata.o ABSOLUTE
    ..\\..\\library\\STM32F0xx_StdPeriph_Lib_V1.5.0\\STM32F0xx_StdPeriph_Driver\\src\\stm32f0xx_adc.c 0x00000000   Number         0  stm32f0xx_adc.o ABSOLUTE
    ..\\..\\library\\STM32F0xx_StdPeriph_Lib_V1.5.0\\STM32F0xx_StdPeriph_Driver\\src\\stm32f0xx_dma.c 0x00000000   Number         0  stm32f0xx_dma.o ABSOLUTE
    ..\\..\\library\\STM32F0xx_StdPeriph_Lib_V1.5.0\\STM32F0xx_StdPeriph_Driver\\src\\stm32f0xx_gpio.c 0x00000000   Number         0  stm32f0xx_gpio.o ABSOLUTE
    ..\\..\\library\\STM32F0xx_StdPeriph_Lib_V1.5.0\\STM32F0xx_StdPeriph_Driver\\src\\stm32f0xx_misc.c 0x00000000   Number         0  stm32f0xx_misc.o ABSOLUTE
    ..\\..\\library\\STM32F0xx_StdPeriph_Lib_V1.5.0\\STM32F0xx_StdPeriph_Driver\\src\\stm32f0xx_rcc.c 0x00000000   Number         0  stm32f0xx_rcc.o ABSOLUTE
    ..\\..\\library\\STM32F0xx_StdPeriph_Lib_V1.5.0\\STM32F0xx_StdPeriph_Driver\\src\\stm32f0xx_tim.c 0x00000000   Number         0  stm32f0xx_tim.o ABSOLUTE
    ..\\..\\library\\STM32F0xx_StdPeriph_Lib_V1.5.0\\STM32F0xx_StdPeriph_Driver\\src\\stm32f0xx_usart.c 0x00000000   Number         0  stm32f0xx_usart.o ABSOLUTE
    ..\\MotorDriver.c                        0x00000000   Number         0  motordriver.o ABSOLUTE
    ..\\STM32_DevInit.c                      0x00000000   Number         0  stm32_devinit.o ABSOLUTE
    ..\\Sensors.c                            0x00000000   Number         0  sensors.o ABSOLUTE
    ..\\USARTCMD.c                           0x00000000   Number         0  usartcmd.o ABSOLUTE
    ..\\USARTSentData.c                      0x00000000   Number         0  usartsentdata.o ABSOLUTE
    ..\\main.c                               0x00000000   Number         0  main.o ABSOLUTE
    ..\\stm32f0xx_it.c                       0x00000000   Number         0  stm32f0xx_it.o ABSOLUTE
    ..\\system_stm32f0xx.c                   0x00000000   Number         0  system_stm32f0xx.o ABSOLUTE
    ..\main.c                                0x00000000   Number         0  main.o ABSOLUTE
    ..\stm32f0xx_it.c                        0x00000000   Number         0  stm32f0xx_it.o ABSOLUTE
    ..\system_stm32f0xx.c                    0x00000000   Number         0  system_stm32f0xx.o ABSOLUTE
    dc.s                                     0x00000000   Number         0  dc.o ABSOLUTE
    handlers.s                               0x00000000   Number         0  handlers.o ABSOLUTE
    init.s                                   0x00000000   Number         0  init.o ABSOLUTE
    RESET                                    0x08000000   Section      180  startup_stm32f030.o(RESET)
    .ARM.Collect$$$$00000000                 0x080000b4   Section        0  entry.o(.ARM.Collect$$$$00000000)
    .ARM.Collect$$$$00000001                 0x080000b4   Section        4  entry2.o(.ARM.Collect$$$$00000001)
    .ARM.Collect$$$$00000004                 0x080000b8   Section        4  entry5.o(.ARM.Collect$$$$00000004)
    .ARM.Collect$$$$00000008                 0x080000bc   Section        0  entry7b.o(.ARM.Collect$$$$00000008)
    .ARM.Collect$$$$0000000A                 0x080000bc   Section        0  entry8b.o(.ARM.Collect$$$$0000000A)
    .ARM.Collect$$$$0000000B                 0x080000bc   Section        8  entry9a.o(.ARM.Collect$$$$0000000B)
    .ARM.Collect$$$$0000000D                 0x080000c4   Section        0  entry10a.o(.ARM.Collect$$$$0000000D)
    .ARM.Collect$$$$0000000F                 0x080000c4   Section        0  entry11a.o(.ARM.Collect$$$$0000000F)
    .ARM.Collect$$$$00002712                 0x080000c4   Section        4  entry2.o(.ARM.Collect$$$$00002712)
    __lit__00000000                          0x080000c4   Data           4  entry2.o(.ARM.Collect$$$$00002712)
    .text                                    0x080000c8   Section       88  startup_stm32f030.o(.text)
    .text                                    0x08000120   Section        0  uidiv.o(.text)
    .text                                    0x0800014c   Section       36  init.o(.text)
    i.ADC_ChannelConfig                      0x08000170   Section        0  stm32f0xx_adc.o(i.ADC_ChannelConfig)
    i.ADC_Cmd                                0x0800017a   Section        0  stm32f0xx_adc.o(i.ADC_Cmd)
    i.ADC_Configuration                      0x0800018c   Section        0  stm32_devinit.o(i.ADC_Configuration)
    i.ADC_DMACmd                             0x08000200   Section        0  stm32f0xx_adc.o(i.ADC_DMACmd)
    i.ADC_DMARequestModeConfig               0x08000214   Section        0  stm32f0xx_adc.o(i.ADC_DMARequestModeConfig)
    i.ADC_GetCalibrationFactor               0x08000224   Section        0  stm32f0xx_adc.o(i.ADC_GetCalibrationFactor)
    i.ADC_GetFlagStatus                      0x08000252   Section        0  stm32f0xx_adc.o(i.ADC_GetFlagStatus)
    i.ADC_Init                               0x08000270   Section        0  stm32f0xx_adc.o(i.ADC_Init)
    i.ADC_StartOfConversion                  0x0800029c   Section        0  stm32f0xx_adc.o(i.ADC_StartOfConversion)
    i.ADC_StructInit                         0x080002a6   Section        0  stm32f0xx_adc.o(i.ADC_StructInit)
    i.DMA_Cmd                                0x080002b8   Section        0  stm32f0xx_dma.o(i.DMA_Cmd)
    i.DMA_Configuration                      0x080002d0   Section        0  stm32_devinit.o(i.DMA_Configuration)
    i.DMA_DeInit                             0x08000324   Section        0  stm32f0xx_dma.o(i.DMA_DeInit)
    i.DMA_Init                               0x080003e4   Section        0  stm32f0xx_dma.o(i.DMA_Init)
    i.DealSensors                            0x08000420   Section        0  sensors.o(i.DealSensors)
    i.DealUsartCMD                           0x0800042c   Section        0  usartcmd.o(i.DealUsartCMD)
    i.ExecuteMotorDIR                        0x080004a4   Section        0  motordriver.o(i.ExecuteMotorDIR)
    i.ExecuteMotorParam                      0x08000508   Section        0  motordriver.o(i.ExecuteMotorParam)
    i.ExecuteMotorSpeed                      0x0800058c   Section        0  motordriver.o(i.ExecuteMotorSpeed)
    i.GPIO_Configuration                     0x080005d8   Section        0  stm32_devinit.o(i.GPIO_Configuration)
    i.GPIO_Init                              0x0800071c   Section        0  stm32f0xx_gpio.o(i.GPIO_Init)
    i.GPIO_PinAFConfig                       0x0800078c   Section        0  stm32f0xx_gpio.o(i.GPIO_PinAFConfig)
    i.GPIO_ReadInputDataBit                  0x080007ac   Section        0  stm32f0xx_gpio.o(i.GPIO_ReadInputDataBit)
    i.GPIO_ResetBits                         0x080007ba   Section        0  stm32f0xx_gpio.o(i.GPIO_ResetBits)
    i.GPIO_SetBits                           0x080007be   Section        0  stm32f0xx_gpio.o(i.GPIO_SetBits)
    i.HardFault_Handler                      0x080007c2   Section        0  stm32f0xx_it.o(i.HardFault_Handler)
    i.MotorInt                               0x080007c4   Section        0  motordriver.o(i.MotorInt)
    i.NMI_Handler                            0x08000804   Section        0  stm32f0xx_it.o(i.NMI_Handler)
    i.NVIC_Configuration                     0x08000806   Section        0  stm32_devinit.o(i.NVIC_Configuration)
    i.NVIC_Init                              0x0800081c   Section        0  stm32f0xx_misc.o(i.NVIC_Init)
    i.PendSV_Handler                         0x0800086c   Section        0  stm32f0xx_it.o(i.PendSV_Handler)
    i.RCC_AHBPeriphClockCmd                  0x08000870   Section        0  stm32f0xx_rcc.o(i.RCC_AHBPeriphClockCmd)
    i.RCC_APB1PeriphClockCmd                 0x08000888   Section        0  stm32f0xx_rcc.o(i.RCC_APB1PeriphClockCmd)
    i.RCC_APB2PeriphClockCmd                 0x080008a0   Section        0  stm32f0xx_rcc.o(i.RCC_APB2PeriphClockCmd)
    i.RCC_GetClocksFreq                      0x080008b8   Section        0  stm32f0xx_rcc.o(i.RCC_GetClocksFreq)
    i.ReadEncoder                            0x08000a30   Section        0  sensors.o(i.ReadEncoder)
    i.ReadFuse                               0x08000b98   Section        0  sensors.o(i.ReadFuse)
    i.STM32_DevInit                          0x08000bec   Section        0  stm32_devinit.o(i.STM32_DevInit)
    i.SVC_Handler                            0x08000c30   Section        0  stm32f0xx_it.o(i.SVC_Handler)
    i.SensorsInt                             0x08000c34   Section        0  sensors.o(i.SensorsInt)
    i.SetMotorParam                          0x08000c8c   Section        0  motordriver.o(i.SetMotorParam)
    i.SetSysClock                            0x08000cb4   Section        0  system_stm32f0xx.o(i.SetSysClock)
    SetSysClock                              0x08000cb5   Thumb Code   142  system_stm32f0xx.o(i.SetSysClock)
    i.SysTick_Configuration                  0x08000d4c   Section        0  stm32_devinit.o(i.SysTick_Configuration)
    i.SysTick_Handler                        0x08000d94   Section        0  stm32f0xx_it.o(i.SysTick_Handler)
    i.SystemInit                             0x08000de0   Section        0  system_stm32f0xx.o(i.SystemInit)
    i.TIM_ARRPreloadConfig                   0x08000e40   Section        0  stm32f0xx_tim.o(i.TIM_ARRPreloadConfig)
    i.TIM_Cmd                                0x08000e52   Section        0  stm32f0xx_tim.o(i.TIM_Cmd)
    i.TIM_Configuration                      0x08000e68   Section        0  stm32_devinit.o(i.TIM_Configuration)
    i.TIM_CtrlPWMOutputs                     0x08000f84   Section        0  stm32f0xx_tim.o(i.TIM_CtrlPWMOutputs)
    i.TIM_OC1Init                            0x08000f9c   Section        0  stm32f0xx_tim.o(i.TIM_OC1Init)
    i.TIM_OC2Init                            0x08001018   Section        0  stm32f0xx_tim.o(i.TIM_OC2Init)
    i.TIM_SetCompare1                        0x080010a8   Section        0  stm32f0xx_tim.o(i.TIM_SetCompare1)
    i.TIM_SetCompare2                        0x080010ac   Section        0  stm32f0xx_tim.o(i.TIM_SetCompare2)
    i.TIM_TimeBaseInit                       0x080010b0   Section        0  stm32f0xx_tim.o(i.TIM_TimeBaseInit)
    i.TIM_TimeBaseStructInit                 0x08001124   Section        0  stm32f0xx_tim.o(i.TIM_TimeBaseStructInit)
    i.USART1_IRQHandler                      0x08001138   Section        0  stm32f0xx_it.o(i.USART1_IRQHandler)
    i.USART_ClearFlag                        0x08001254   Section        0  stm32f0xx_usart.o(i.USART_ClearFlag)
    i.USART_Cmd                              0x08001258   Section        0  stm32f0xx_usart.o(i.USART_Cmd)
    i.USART_Configuration                    0x0800126c   Section        0  stm32_devinit.o(i.USART_Configuration)
    i.USART_GetFlagStatus                    0x080012ac   Section        0  stm32f0xx_usart.o(i.USART_GetFlagStatus)
    i.USART_GetITStatus                      0x080012ba   Section        0  stm32f0xx_usart.o(i.USART_GetITStatus)
    i.USART_ITConfig                         0x080012f2   Section        0  stm32f0xx_usart.o(i.USART_ITConfig)
    i.USART_Init                             0x0800131c   Section        0  stm32f0xx_usart.o(i.USART_Init)
    i.USART_ReceiveData                      0x080013c4   Section        0  stm32f0xx_usart.o(i.USART_ReceiveData)
    i.USART_SendData                         0x080013cc   Section        0  stm32f0xx_usart.o(i.USART_SendData)
    i.Uart1WriteBuf                          0x080013d4   Section        0  usartsentdata.o(i.Uart1WriteBuf)
    i.UpLoadState                            0x080014b0   Section        0  usartsentdata.o(i.UpLoadState)
    i.UsartCMDManual                         0x080015a0   Section        0  usartcmd.o(i.UsartCMDManual)
    i.UsartCMDManualInt                      0x08001600   Section        0  usartcmd.o(i.UsartCMDManualInt)
    i.UsartCMDRxBufInt                       0x080016e8   Section        0  usartcmd.o(i.UsartCMDRxBufInt)
    i.UsartSentDataBuf                       0x08001704   Section        0  usartsentdata.o(i.UsartSentDataBuf)
    i.__scatterload_copy                     0x08001748   Section       14  handlers.o(i.__scatterload_copy)
    i.__scatterload_null                     0x08001756   Section        2  handlers.o(i.__scatterload_null)
    i.__scatterload_zeroinit                 0x08001758   Section       14  handlers.o(i.__scatterload_zeroinit)
    i.main                                   0x08001768   Section        0  main.o(i.main)
    .data                                    0x20000000   Section        4  main.o(.data)
    .data                                    0x20000004   Section        2  main.o(.data)
    .data                                    0x20000006   Section        2  main.o(.data)
    .data                                    0x20000008   Section        2  main.o(.data)
    .data                                    0x2000000a   Section        6  stm32f0xx_it.o(.data)
    uartRecCon                               0x2000000a   Data           2  stm32f0xx_it.o(.data)
    change0xFEFlag                           0x2000000c   Data           2  stm32f0xx_it.o(.data)
    sum                                      0x2000000e   Data           2  stm32f0xx_it.o(.data)
    .data                                    0x20000010   Section       18  sensors.o(.data)
    .data                                    0x20000022   Section        2  sensors.o(.data)
    .data                                    0x20000024   Section        2  sensors.o(.data)
    .data                                    0x20000026   Section        2  sensors.o(.data)
    .data                                    0x20000028   Section        2  usartcmd.o(.data)
    .data                                    0x2000002a   Section        6  usartsentdata.o(.data)
    .data                                    0x20000030   Section       16  stm32f0xx_rcc.o(.data)
    APBAHBPrescTable                         0x20000030   Data          16  stm32f0xx_rcc.o(.data)
    .data                                    0x20000040   Section       20  system_stm32f0xx.o(.data)
    .bss                                     0x20000054   Section       60  main.o(.bss)
    .bss                                     0x20000090   Section       34  stm32f0xx_it.o(.bss)
    rxBuffer                                 0x20000090   Data          34  stm32f0xx_it.o(.bss)
    .bss                                     0x200000b2   Section       90  motordriver.o(.bss)
    .bss                                     0x2000010c   Section      162  usartcmd.o(.bss)
    .bss                                     0x200001ae   Section      100  usartsentdata.o(.bss)
    STACK                                    0x20000218   Section     1024  startup_stm32f030.o(STACK)

    Global Symbols

    Symbol Name                              Value     Ov Type        Size  Object(Section)

    BuildAttributes$$THM_ISAv3M$S$PE$A:L22$X:L11$S22$IEEE1$IW$USESV6$~STKCKD$USESV7$~SHL$OSPACE$EBA8$MICROLIB$REQ8$PRES8$EABIv2 0x00000000   Number         0  anon$$obj.o ABSOLUTE
    __ARM_use_no_argv                        0x00000000   Number         0  main.o ABSOLUTE
    __cpp_initialize__aeabi_                  - Undefined Weak Reference
    __cxa_finalize                            - Undefined Weak Reference
    __decompress                              - Undefined Weak Reference
    _clock_init                               - Undefined Weak Reference
    _microlib_exit                            - Undefined Weak Reference
    __Vectors_Size                           0x000000b4   Number         0  startup_stm32f030.o ABSOLUTE
    __Vectors                                0x08000000   Data           4  startup_stm32f030.o(RESET)
    __Vectors_End                            0x080000b4   Data           0  startup_stm32f030.o(RESET)
    __main                                   0x080000b5   Thumb Code     0  entry.o(.ARM.Collect$$$$00000000)
    _main_stk                                0x080000b5   Thumb Code     0  entry2.o(.ARM.Collect$$$$00000001)
    _main_scatterload                        0x080000b9   Thumb Code     0  entry5.o(.ARM.Collect$$$$00000004)
    __main_after_scatterload                 0x080000bd   Thumb Code     0  entry5.o(.ARM.Collect$$$$00000004)
    _main_clock                              0x080000bd   Thumb Code     0  entry7b.o(.ARM.Collect$$$$00000008)
    _main_cpp_init                           0x080000bd   Thumb Code     0  entry8b.o(.ARM.Collect$$$$0000000A)
    _main_init                               0x080000bd   Thumb Code     0  entry9a.o(.ARM.Collect$$$$0000000B)
    __rt_final_cpp                           0x080000c5   Thumb Code     0  entry10a.o(.ARM.Collect$$$$0000000D)
    __rt_final_exit                          0x080000c5   Thumb Code     0  entry11a.o(.ARM.Collect$$$$0000000F)
    Reset_Handler                            0x080000c9   Thumb Code    38  startup_stm32f030.o(.text)
    ADC1_IRQHandler                          0x080000f9   Thumb Code     0  startup_stm32f030.o(.text)
    DMA1_Channel1_IRQHandler                 0x080000f9   Thumb Code     0  startup_stm32f030.o(.text)
    DMA1_Channel2_3_IRQHandler               0x080000f9   Thumb Code     0  startup_stm32f030.o(.text)
    DMA1_Channel4_5_IRQHandler               0x080000f9   Thumb Code     0  startup_stm32f030.o(.text)
    EXTI0_1_IRQHandler                       0x080000f9   Thumb Code     0  startup_stm32f030.o(.text)
    EXTI2_3_IRQHandler                       0x080000f9   Thumb Code     0  startup_stm32f030.o(.text)
    EXTI4_15_IRQHandler                      0x080000f9   Thumb Code     0  startup_stm32f030.o(.text)
    FLASH_IRQHandler                         0x080000f9   Thumb Code     0  startup_stm32f030.o(.text)
    I2C1_IRQHandler                          0x080000f9   Thumb Code     0  startup_stm32f030.o(.text)
    I2C2_IRQHandler                          0x080000f9   Thumb Code     0  startup_stm32f030.o(.text)
    RCC_IRQHandler                           0x080000f9   Thumb Code     0  startup_stm32f030.o(.text)
    RTC_IRQHandler                           0x080000f9   Thumb Code     0  startup_stm32f030.o(.text)
    SPI1_IRQHandler                          0x080000f9   Thumb Code     0  startup_stm32f030.o(.text)
    SPI2_IRQHandler                          0x080000f9   Thumb Code     0  startup_stm32f030.o(.text)
    TIM14_IRQHandler                         0x080000f9   Thumb Code     0  startup_stm32f030.o(.text)
    TIM15_IRQHandler                         0x080000f9   Thumb Code     0  startup_stm32f030.o(.text)
    TIM16_IRQHandler                         0x080000f9   Thumb Code     0  startup_stm32f030.o(.text)
    TIM17_IRQHandler                         0x080000f9   Thumb Code     0  startup_stm32f030.o(.text)
    TIM1_BRK_UP_TRG_COM_IRQHandler           0x080000f9   Thumb Code     0  startup_stm32f030.o(.text)
    TIM1_CC_IRQHandler                       0x080000f9   Thumb Code     0  startup_stm32f030.o(.text)
    TIM3_IRQHandler                          0x080000f9   Thumb Code     0  startup_stm32f030.o(.text)
    USART2_IRQHandler                        0x080000f9   Thumb Code     0  startup_stm32f030.o(.text)
    WWDG_IRQHandler                          0x080000f9   Thumb Code     0  startup_stm32f030.o(.text)
    __aeabi_uidiv                            0x08000121   Thumb Code     0  uidiv.o(.text)
    __aeabi_uidivmod                         0x08000121   Thumb Code    44  uidiv.o(.text)
    __scatterload                            0x0800014d   Thumb Code    28  init.o(.text)
    __scatterload_rt2                        0x0800014d   Thumb Code     0  init.o(.text)
    ADC_ChannelConfig                        0x08000171   Thumb Code    10  stm32f0xx_adc.o(i.ADC_ChannelConfig)
    ADC_Cmd                                  0x0800017b   Thumb Code    18  stm32f0xx_adc.o(i.ADC_Cmd)
    ADC_Configuration                        0x0800018d   Thumb Code   110  stm32_devinit.o(i.ADC_Configuration)
    ADC_DMACmd                               0x08000201   Thumb Code    20  stm32f0xx_adc.o(i.ADC_DMACmd)
    ADC_DMARequestModeConfig                 0x08000215   Thumb Code    16  stm32f0xx_adc.o(i.ADC_DMARequestModeConfig)
    ADC_GetCalibrationFactor                 0x08000225   Thumb Code    46  stm32f0xx_adc.o(i.ADC_GetCalibrationFactor)
    ADC_GetFlagStatus                        0x08000253   Thumb Code    28  stm32f0xx_adc.o(i.ADC_GetFlagStatus)
    ADC_Init                                 0x08000271   Thumb Code    38  stm32f0xx_adc.o(i.ADC_Init)
    ADC_StartOfConversion                    0x0800029d   Thumb Code    10  stm32f0xx_adc.o(i.ADC_StartOfConversion)
    ADC_StructInit                           0x080002a7   Thumb Code    16  stm32f0xx_adc.o(i.ADC_StructInit)
    DMA_Cmd                                  0x080002b9   Thumb Code    20  stm32f0xx_dma.o(i.DMA_Cmd)
    DMA_Configuration                        0x080002d1   Thumb Code    72  stm32_devinit.o(i.DMA_Configuration)
    DMA_DeInit                               0x08000325   Thumb Code   178  stm32f0xx_dma.o(i.DMA_DeInit)
    DMA_Init                                 0x080003e5   Thumb Code    56  stm32f0xx_dma.o(i.DMA_Init)
    DealSensors                              0x08000421   Thumb Code    12  sensors.o(i.DealSensors)
    DealUsartCMD                             0x0800042d   Thumb Code   110  usartcmd.o(i.DealUsartCMD)
    ExecuteMotorDIR                          0x080004a5   Thumb Code    96  motordriver.o(i.ExecuteMotorDIR)
    ExecuteMotorParam                        0x08000509   Thumb Code   126  motordriver.o(i.ExecuteMotorParam)
    ExecuteMotorSpeed                        0x0800058d   Thumb Code    60  motordriver.o(i.ExecuteMotorSpeed)
    GPIO_Configuration                       0x080005d9   Thumb Code   310  stm32_devinit.o(i.GPIO_Configuration)
    GPIO_Init                                0x0800071d   Thumb Code   112  stm32f0xx_gpio.o(i.GPIO_Init)
    GPIO_PinAFConfig                         0x0800078d   Thumb Code    32  stm32f0xx_gpio.o(i.GPIO_PinAFConfig)
    GPIO_ReadInputDataBit                    0x080007ad   Thumb Code    14  stm32f0xx_gpio.o(i.GPIO_ReadInputDataBit)
    GPIO_ResetBits                           0x080007bb   Thumb Code     4  stm32f0xx_gpio.o(i.GPIO_ResetBits)
    GPIO_SetBits                             0x080007bf   Thumb Code     4  stm32f0xx_gpio.o(i.GPIO_SetBits)
    HardFault_Handler                        0x080007c3   Thumb Code     2  stm32f0xx_it.o(i.HardFault_Handler)
    MotorInt                                 0x080007c5   Thumb Code    56  motordriver.o(i.MotorInt)
    NMI_Handler                              0x08000805   Thumb Code     2  stm32f0xx_it.o(i.NMI_Handler)
    NVIC_Configuration                       0x08000807   Thumb Code    22  stm32_devinit.o(i.NVIC_Configuration)
    NVIC_Init                                0x0800081d   Thumb Code    70  stm32f0xx_misc.o(i.NVIC_Init)
    PendSV_Handler                           0x0800086d   Thumb Code     2  stm32f0xx_it.o(i.PendSV_Handler)
    RCC_AHBPeriphClockCmd                    0x08000871   Thumb Code    18  stm32f0xx_rcc.o(i.RCC_AHBPeriphClockCmd)
    RCC_APB1PeriphClockCmd                   0x08000889   Thumb Code    18  stm32f0xx_rcc.o(i.RCC_APB1PeriphClockCmd)
    RCC_APB2PeriphClockCmd                   0x080008a1   Thumb Code    18  stm32f0xx_rcc.o(i.RCC_APB2PeriphClockCmd)
    RCC_GetClocksFreq                        0x080008b9   Thumb Code   346  stm32f0xx_rcc.o(i.RCC_GetClocksFreq)
    ReadEncoder                              0x08000a31   Thumb Code   348  sensors.o(i.ReadEncoder)
    ReadFuse                                 0x08000b99   Thumb Code    74  sensors.o(i.ReadFuse)
    STM32_DevInit                            0x08000bed   Thumb Code    56  stm32_devinit.o(i.STM32_DevInit)
    SVC_Handler                              0x08000c31   Thumb Code     2  stm32f0xx_it.o(i.SVC_Handler)
    SensorsInt                               0x08000c35   Thumb Code    80  sensors.o(i.SensorsInt)
    SetMotorParam                            0x08000c8d   Thumb Code    36  motordriver.o(i.SetMotorParam)
    SysTick_Configuration                    0x08000d4d   Thumb Code    50  stm32_devinit.o(i.SysTick_Configuration)
    SysTick_Handler                          0x08000d95   Thumb Code    62  stm32f0xx_it.o(i.SysTick_Handler)
    SystemInit                               0x08000de1   Thumb Code    84  system_stm32f0xx.o(i.SystemInit)
    TIM_ARRPreloadConfig                     0x08000e41   Thumb Code    18  stm32f0xx_tim.o(i.TIM_ARRPreloadConfig)
    TIM_Cmd                                  0x08000e53   Thumb Code    20  stm32f0xx_tim.o(i.TIM_Cmd)
    TIM_Configuration                        0x08000e69   Thumb Code   254  stm32_devinit.o(i.TIM_Configuration)
    TIM_CtrlPWMOutputs                       0x08000f85   Thumb Code    24  stm32f0xx_tim.o(i.TIM_CtrlPWMOutputs)
    TIM_OC1Init                              0x08000f9d   Thumb Code   104  stm32f0xx_tim.o(i.TIM_OC1Init)
    TIM_OC2Init                              0x08001019   Thumb Code   124  stm32f0xx_tim.o(i.TIM_OC2Init)
    TIM_SetCompare1                          0x080010a9   Thumb Code     4  stm32f0xx_tim.o(i.TIM_SetCompare1)
    TIM_SetCompare2                          0x080010ad   Thumb Code     4  stm32f0xx_tim.o(i.TIM_SetCompare2)
    TIM_TimeBaseInit                         0x080010b1   Thumb Code    88  stm32f0xx_tim.o(i.TIM_TimeBaseInit)
    TIM_TimeBaseStructInit                   0x08001125   Thumb Code    18  stm32f0xx_tim.o(i.TIM_TimeBaseStructInit)
    USART1_IRQHandler                        0x08001139   Thumb Code   252  stm32f0xx_it.o(i.USART1_IRQHandler)
    USART_ClearFlag                          0x08001255   Thumb Code     4  stm32f0xx_usart.o(i.USART_ClearFlag)
    USART_Cmd                                0x08001259   Thumb Code    20  stm32f0xx_usart.o(i.USART_Cmd)
    USART_Configuration                      0x0800126d   Thumb Code    56  stm32_devinit.o(i.USART_Configuration)
    USART_GetFlagStatus                      0x080012ad   Thumb Code    14  stm32f0xx_usart.o(i.USART_GetFlagStatus)
    USART_GetITStatus                        0x080012bb   Thumb Code    56  stm32f0xx_usart.o(i.USART_GetITStatus)
    USART_ITConfig                           0x080012f3   Thumb Code    42  stm32f0xx_usart.o(i.USART_ITConfig)
    USART_Init                               0x0800131d   Thumb Code   148  stm32f0xx_usart.o(i.USART_Init)
    USART_ReceiveData                        0x080013c5   Thumb Code     8  stm32f0xx_usart.o(i.USART_ReceiveData)
    USART_SendData                           0x080013cd   Thumb Code     8  stm32f0xx_usart.o(i.USART_SendData)
    Uart1WriteBuf                            0x080013d5   Thumb Code   212  usartsentdata.o(i.Uart1WriteBuf)
    UpLoadState                              0x080014b1   Thumb Code   212  usartsentdata.o(i.UpLoadState)
    UsartCMDManual                           0x080015a1   Thumb Code    86  usartcmd.o(i.UsartCMDManual)
    UsartCMDManualInt                        0x08001601   Thumb Code   222  usartcmd.o(i.UsartCMDManualInt)
    UsartCMDRxBufInt                         0x080016e9   Thumb Code    22  usartcmd.o(i.UsartCMDRxBufInt)
    UsartSentDataBuf                         0x08001705   Thumb Code    56  usartsentdata.o(i.UsartSentDataBuf)
    __scatterload_copy                       0x08001749   Thumb Code    14  handlers.o(i.__scatterload_copy)
    __scatterload_null                       0x08001757   Thumb Code     2  handlers.o(i.__scatterload_null)
    __scatterload_zeroinit                   0x08001759   Thumb Code    14  handlers.o(i.__scatterload_zeroinit)
    main                                     0x08001769   Thumb Code   164  main.o(i.main)
    Region$$Table$$Base                      0x08001814   Number         0  anon$$obj.o(Region$$Table)
    Region$$Table$$Limit                     0x08001834   Number         0  anon$$obj.o(Region$$Table)
    timeTick                                 0x20000000   Data           2  main.o(.data)
    timeOver                                 0x20000002   Data           2  main.o(.data)
    ctrlMode                                 0x20000004   Data           2  main.o(.data)
    timeOverCon                              0x20000006   Data           2  main.o(.data)
    timeOverFlag                             0x20000008   Data           2  main.o(.data)
    encoder1PinTempTimeCon                   0x20000010   Data           2  sensors.o(.data)
    encoder2PinTempTimeCon                   0x20000012   Data           2  sensors.o(.data)
    encoder3PinTempTimeCon                   0x20000014   Data           2  sensors.o(.data)
    encoder1PinTemp                          0x20000016   Data           2  sensors.o(.data)
    encoder1PinStable                        0x20000018   Data           2  sensors.o(.data)
    encoder2PinTemp                          0x2000001a   Data           2  sensors.o(.data)
    encoder2PinStable                        0x2000001c   Data           2  sensors.o(.data)
    encoder3PinTemp                          0x2000001e   Data           2  sensors.o(.data)
    encoder3PinStable                        0x20000020   Data           2  sensors.o(.data)
    encoder1Last                             0x20000022   Data           2  sensors.o(.data)
    encoder2Last                             0x20000024   Data           2  sensors.o(.data)
    encoder3Last                             0x20000026   Data           2  sensors.o(.data)
    manualUpdateTimeOut                      0x20000028   Data           2  usartcmd.o(.data)
    uart1TxBufRdCon                          0x2000002a   Data           2  usartsentdata.o(.data)
    uart1TxBufWtCon                          0x2000002c   Data           2  usartsentdata.o(.data)
    uart1TxBufWtErr                          0x2000002e   Data           2  usartsentdata.o(.data)
    SystemCoreClock                          0x20000040   Data           4  system_stm32f0xx.o(.data)
    AHBPrescTable                            0x20000044   Data          16  system_stm32f0xx.o(.data)
    ADC_valueBuf                             0x20000054   Data          60  main.o(.bss)
    Motors                                   0x200000b2   Data          90  motordriver.o(.bss)
    usartCMDRxBuf                            0x2000010c   Data         162  usartcmd.o(.bss)
    uart1TxBuf                               0x200001ae   Data         100  usartsentdata.o(.bss)
    __initial_sp                             0x20000618   Data           0  startup_stm32f030.o(STACK)



==============================================================================

Memory Map of the image

  Image Entry point : 0x080000b5

  Load Region LR_IROM1 (Base: 0x08000000, Size: 0x00001888, Max: 0x00010000, ABSOLUTE)

    Execution Region ER_IROM1 (Base: 0x08000000, Size: 0x00001834, Max: 0x00010000, ABSOLUTE)

    Base Addr    Size         Type   Attr      Idx    E Section Name        Object

    0x08000000   0x000000b4   Data   RO         1958    RESET               startup_stm32f030.o
    0x080000b4   0x00000000   Code   RO         1963  * .ARM.Collect$$$$00000000  mc_p.l(entry.o)
    0x080000b4   0x00000004   Code   RO         1968    .ARM.Collect$$$$00000001  mc_p.l(entry2.o)
    0x080000b8   0x00000004   Code   RO         1971    .ARM.Collect$$$$00000004  mc_p.l(entry5.o)
    0x080000bc   0x00000000   Code   RO         1973    .ARM.Collect$$$$00000008  mc_p.l(entry7b.o)
    0x080000bc   0x00000000   Code   RO         1975    .ARM.Collect$$$$0000000A  mc_p.l(entry8b.o)
    0x080000bc   0x00000008   Code   RO         1976    .ARM.Collect$$$$0000000B  mc_p.l(entry9a.o)
    0x080000c4   0x00000000   Code   RO         1978    .ARM.Collect$$$$0000000D  mc_p.l(entry10a.o)
    0x080000c4   0x00000000   Code   RO         1980    .ARM.Collect$$$$0000000F  mc_p.l(entry11a.o)
    0x080000c4   0x00000004   Code   RO         1969    .ARM.Collect$$$$00002712  mc_p.l(entry2.o)
    0x080000c8   0x00000058   Code   RO         1959    .text               startup_stm32f030.o
    0x08000120   0x0000002c   Code   RO         1966    .text               mc_p.l(uidiv.o)
    0x0800014c   0x00000024   Code   RO         1982    .text               mc_p.l(init.o)
    0x08000170   0x0000000a   Code   RO         1646    i.ADC_ChannelConfig  stm32f0xx_adc.o
    0x0800017a   0x00000012   Code   RO         1650    i.ADC_Cmd           stm32f0xx_adc.o
    0x0800018c   0x00000074   Code   RO          154    i.ADC_Configuration  stm32_devinit.o
    0x08000200   0x00000014   Code   RO         1652    i.ADC_DMACmd        stm32f0xx_adc.o
    0x08000214   0x00000010   Code   RO         1653    i.ADC_DMARequestModeConfig  stm32f0xx_adc.o
    0x08000224   0x0000002e   Code   RO         1656    i.ADC_GetCalibrationFactor  stm32f0xx_adc.o
    0x08000252   0x0000001c   Code   RO         1658    i.ADC_GetFlagStatus  stm32f0xx_adc.o
    0x0800026e   0x00000002   PAD
    0x08000270   0x0000002c   Code   RO         1661    i.ADC_Init          stm32f0xx_adc.o
    0x0800029c   0x0000000a   Code   RO         1664    i.ADC_StartOfConversion  stm32f0xx_adc.o
    0x080002a6   0x00000010   Code   RO         1666    i.ADC_StructInit    stm32f0xx_adc.o
    0x080002b6   0x00000002   PAD
    0x080002b8   0x00000018   Code   RO         1837    i.DMA_Cmd           stm32f0xx_dma.o
    0x080002d0   0x00000054   Code   RO          155    i.DMA_Configuration  stm32_devinit.o
    0x08000324   0x000000c0   Code   RO         1838    i.DMA_DeInit        stm32f0xx_dma.o
    0x080003e4   0x0000003c   Code   RO         1843    i.DMA_Init          stm32f0xx_dma.o
    0x08000420   0x0000000c   Code   RO          266    i.DealSensors       sensors.o
    0x0800042c   0x00000078   Code   RO          310    i.DealUsartCMD      usartcmd.o
    0x080004a4   0x00000064   Code   RO          219    i.ExecuteMotorDIR   motordriver.o
    0x08000508   0x00000084   Code   RO          220    i.ExecuteMotorParam  motordriver.o
    0x0800058c   0x0000004c   Code   RO          221    i.ExecuteMotorSpeed  motordriver.o
    0x080005d8   0x00000144   Code   RO          156    i.GPIO_Configuration  stm32_devinit.o
    0x0800071c   0x00000070   Code   RO          395    i.GPIO_Init         stm32f0xx_gpio.o
    0x0800078c   0x00000020   Code   RO          396    i.GPIO_PinAFConfig  stm32f0xx_gpio.o
    0x080007ac   0x0000000e   Code   RO          399    i.GPIO_ReadInputDataBit  stm32f0xx_gpio.o
    0x080007ba   0x00000004   Code   RO          402    i.GPIO_ResetBits    stm32f0xx_gpio.o
    0x080007be   0x00000004   Code   RO          403    i.GPIO_SetBits      stm32f0xx_gpio.o
    0x080007c2   0x00000002   Code   RO           95    i.HardFault_Handler  stm32f0xx_it.o
    0x080007c4   0x00000040   Code   RO          222    i.MotorInt          motordriver.o
    0x08000804   0x00000002   Code   RO           96    i.NMI_Handler       stm32f0xx_it.o
    0x08000806   0x00000016   Code   RO          157    i.NVIC_Configuration  stm32_devinit.o
    0x0800081c   0x00000050   Code   RO          748    i.NVIC_Init         stm32f0xx_misc.o
    0x0800086c   0x00000002   Code   RO           97    i.PendSV_Handler    stm32f0xx_it.o
    0x0800086e   0x00000002   PAD
    0x08000870   0x00000018   Code   RO          487    i.RCC_AHBPeriphClockCmd  stm32f0xx_rcc.o
    0x08000888   0x00000018   Code   RO          489    i.RCC_APB1PeriphClockCmd  stm32f0xx_rcc.o
    0x080008a0   0x00000018   Code   RO          491    i.RCC_APB2PeriphClockCmd  stm32f0xx_rcc.o
    0x080008b8   0x00000178   Code   RO          501    i.RCC_GetClocksFreq  stm32f0xx_rcc.o
    0x08000a30   0x00000168   Code   RO          267    i.ReadEncoder       sensors.o
    0x08000b98   0x00000054   Code   RO          268    i.ReadFuse          sensors.o
    0x08000bec   0x00000044   Code   RO          158    i.STM32_DevInit     stm32_devinit.o
    0x08000c30   0x00000002   Code   RO           98    i.SVC_Handler       stm32f0xx_it.o
    0x08000c32   0x00000002   PAD
    0x08000c34   0x00000058   Code   RO          269    i.SensorsInt        sensors.o
    0x08000c8c   0x00000028   Code   RO          223    i.SetMotorParam     motordriver.o
    0x08000cb4   0x00000098   Code   RO         1921    i.SetSysClock       system_stm32f0xx.o
    0x08000d4c   0x00000048   Code   RO          159    i.SysTick_Configuration  stm32_devinit.o
    0x08000d94   0x0000004c   Code   RO           99    i.SysTick_Handler   stm32f0xx_it.o
    0x08000de0   0x00000060   Code   RO         1923    i.SystemInit        system_stm32f0xx.o
    0x08000e40   0x00000012   Code   RO          782    i.TIM_ARRPreloadConfig  stm32f0xx_tim.o
    0x08000e52   0x00000014   Code   RO          794    i.TIM_Cmd           stm32f0xx_tim.o
    0x08000e66   0x00000002   PAD
    0x08000e68   0x0000011c   Code   RO          160    i.TIM_Configuration  stm32_devinit.o
    0x08000f84   0x00000018   Code   RO          796    i.TIM_CtrlPWMOutputs  stm32f0xx_tim.o
    0x08000f9c   0x0000007c   Code   RO          823    i.TIM_OC1Init       stm32f0xx_tim.o
    0x08001018   0x00000090   Code   RO          828    i.TIM_OC2Init       stm32f0xx_tim.o
    0x080010a8   0x00000004   Code   RO          857    i.TIM_SetCompare1   stm32f0xx_tim.o
    0x080010ac   0x00000004   Code   RO          858    i.TIM_SetCompare2   stm32f0xx_tim.o
    0x080010b0   0x00000074   Code   RO          867    i.TIM_TimeBaseInit  stm32f0xx_tim.o
    0x08001124   0x00000012   Code   RO          868    i.TIM_TimeBaseStructInit  stm32f0xx_tim.o
    0x08001136   0x00000002   PAD
    0x08001138   0x0000011c   Code   RO          100    i.USART1_IRQHandler  stm32f0xx_it.o
    0x08001254   0x00000004   Code   RO         1336    i.USART_ClearFlag   stm32f0xx_usart.o
    0x08001258   0x00000014   Code   RO         1340    i.USART_Cmd         stm32f0xx_usart.o
    0x0800126c   0x00000040   Code   RO          161    i.USART_Configuration  stm32_devinit.o
    0x080012ac   0x0000000e   Code   RO         1348    i.USART_GetFlagStatus  stm32f0xx_usart.o
    0x080012ba   0x00000038   Code   RO         1349    i.USART_GetITStatus  stm32f0xx_usart.o
    0x080012f2   0x0000002a   Code   RO         1351    i.USART_ITConfig    stm32f0xx_usart.o
    0x0800131c   0x000000a8   Code   RO         1352    i.USART_Init        stm32f0xx_usart.o
    0x080013c4   0x00000008   Code   RO         1364    i.USART_ReceiveData  stm32f0xx_usart.o
    0x080013cc   0x00000008   Code   RO         1369    i.USART_SendData    stm32f0xx_usart.o
    0x080013d4   0x000000dc   Code   RO          352    i.Uart1WriteBuf     usartsentdata.o
    0x080014b0   0x000000f0   Code   RO          353    i.UpLoadState       usartsentdata.o
    0x080015a0   0x00000060   Code   RO          311    i.UsartCMDManual    usartcmd.o
    0x08001600   0x000000e8   Code   RO          312    i.UsartCMDManualInt  usartcmd.o
    0x080016e8   0x0000001c   Code   RO          313    i.UsartCMDRxBufInt  usartcmd.o
    0x08001704   0x00000044   Code   RO          355    i.UsartSentDataBuf  usartsentdata.o
    0x08001748   0x0000000e   Code   RO         1986    i.__scatterload_copy  mc_p.l(handlers.o)
    0x08001756   0x00000002   Code   RO         1987    i.__scatterload_null  mc_p.l(handlers.o)
    0x08001758   0x0000000e   Code   RO         1988    i.__scatterload_zeroinit  mc_p.l(handlers.o)
    0x08001766   0x00000002   PAD
    0x08001768   0x000000ac   Code   RO            3    i.main              main.o
    0x08001814   0x00000020   Data   RO         1984    Region$$Table       anon$$obj.o


    Execution Region RW_IRAM1 (Base: 0x20000000, Size: 0x00000618, Max: 0x00002000, ABSOLUTE)

    Base Addr    Size         Type   Attr      Idx    E Section Name        Object

    0x20000000   0x00000004   Data   RW            5    .data               main.o
    0x20000004   0x00000002   Data   RW            7    .data               main.o
    0x20000006   0x00000002   Data   RW            8    .data               main.o
    0x20000008   0x00000002   Data   RW            9    .data               main.o
    0x2000000a   0x00000006   Data   RW          102    .data               stm32f0xx_it.o
    0x20000010   0x00000012   Data   RW          270    .data               sensors.o
    0x20000022   0x00000002   Data   RW          271    .data               sensors.o
    0x20000024   0x00000002   Data   RW          272    .data               sensors.o
    0x20000026   0x00000002   Data   RW          273    .data               sensors.o
    0x20000028   0x00000002   Data   RW          315    .data               usartcmd.o
    0x2000002a   0x00000006   Data   RW          357    .data               usartsentdata.o
    0x20000030   0x00000010   Data   RW          527    .data               stm32f0xx_rcc.o
    0x20000040   0x00000014   Data   RW         1924    .data               system_stm32f0xx.o
    0x20000054   0x0000003c   Zero   RW            4    .bss                main.o
    0x20000090   0x00000022   Zero   RW          101    .bss                stm32f0xx_it.o
    0x200000b2   0x0000005a   Zero   RW          224    .bss                motordriver.o
    0x2000010c   0x000000a2   Zero   RW          314    .bss                usartcmd.o
    0x200001ae   0x00000064   Zero   RW          356    .bss                usartsentdata.o
    0x20000212   0x00000006   PAD
    0x20000218   0x00000400   Zero   RW         1956    STACK               startup_stm32f030.o


==============================================================================

Image component sizes


      Code (inc. data)   RO Data    RW Data    ZI Data      Debug   Object Name

       172          8          0         10         60     252107   main.o
       412         38          0          0         90       4362   motordriver.o
       544         30          0         24          0       3352   sensors.o
        88         38        180          0       1024        868   startup_stm32f030.o
      1034        104          0          0          0      11780   stm32_devinit.o
       208          6          0          0          0       7745   stm32f0xx_adc.o
       276         22          0          0          0       4386   stm32f0xx_dma.o
       166          0          0          0          0       4715   stm32f0xx_gpio.o
       368         46          0          6         34       3983   stm32f0xx_it.o
        80         10          0          0          0       1392   stm32f0xx_misc.o
       448         48          0         16          0       4858   stm32f0xx_rcc.o
       472         68          0          0          0       8797   stm32f0xx_tim.o
       320         20          0          0          0       7807   stm32f0xx_usart.o
       248         22          0         20          0       2081   system_stm32f0xx.o
       476         36          0          2        162       3515   usartcmd.o
       528         48          0          6        100       3594   usartsentdata.o

    ----------------------------------------------------------------------
      5852        544        212         84       1476     325342   Object Totals
         0          0         32          0          0          0   (incl. Generated)
        12          0          0          0          6          0   (incl. Padding)

    ----------------------------------------------------------------------

      Code (inc. data)   RO Data    RW Data    ZI Data      Debug   Library Member Name

         0          0          0          0          0          0   entry.o
         0          0          0          0          0          0   entry10a.o
         0          0          0          0          0          0   entry11a.o
         8          4          0          0          0          0   entry2.o
         4          0          0          0          0          0   entry5.o
         0          0          0          0          0          0   entry7b.o
         0          0          0          0          0          0   entry8b.o
         8          4          0          0          0          0   entry9a.o
        30          0          0          0          0          0   handlers.o
        36          8          0          0          0         68   init.o
        44          0          0          0          0         72   uidiv.o

    ----------------------------------------------------------------------
       132         16          0          0          0        140   Library Totals
         2          0          0          0          0          0   (incl. Padding)

    ----------------------------------------------------------------------

      Code (inc. data)   RO Data    RW Data    ZI Data      Debug   Library Name

       130         16          0          0          0        140   mc_p.l

    ----------------------------------------------------------------------
       132         16          0          0          0        140   Library Totals

    ----------------------------------------------------------------------

==============================================================================


      Code (inc. data)   RO Data    RW Data    ZI Data      Debug   

      5984        560        212         84       1476     322686   Grand Totals
      5984        560        212         84       1476     322686   ELF Image Totals
      5984        560        212         84          0          0   ROM Totals

==============================================================================

    Total RO  Size (Code + RO Data)                 6196 (   6.05kB)
    Total RW  Size (RW Data + ZI Data)              1560 (   1.52kB)
    Total ROM Size (Code + RO Data + RW Data)       6280 (   6.13kB)

==============================================================================

