<html>
<body>
<pre>
<h1>礦ision Build Log</h1>
<h2>Tool Versions:</h2>
IDE-Version: μVision V5.16.0.0
Copyright (C) 2015 ARM Ltd and ARM Germany GmbH. All rights reserved.
License Information: li yao, Microsoft, LIC=585II-TVB7J-SB2EJ-URNXA-VKYDN-WTBAG
 
Tool Versions:
Toolchain:       MDK-ARM Standard  Version: 5.16.0.0
Toolchain Path:  C:\Keil_v5\ARM\ARMCC\Bin
C Compiler:      Armcc.exe V5.06 (build 20)
Assembler:       Armasm.exe V5.06 (build 20)
Linker/Locator:  ArmLink.exe V5.06 (build 20)
Library Manager: ArmAr.exe V5.06 (build 20)
Hex Converter:   FromElf.exe V5.06 (build 20)
CPU DLL:         SARMCM3.DLL V5.16.0.0
Dialog DLL:      DARMCM1.DLL V1.12.0.0
Target DLL:      Segger\JL2CM3.dll V2.99.15.2
Dialog DLL:      TARMCM1.DLL V1.9.0.0
 
<h2>Project:</h2>
C:\Users\robot\Desktop\WorkDesktop\MotorDrv2015.08.07（在2015.07.25上修改，将分辨率调整至2400，修正刹车不同步的问题）\MotorDrv\CODE\project\MDK-ARM\Project.uvprojx
Project File Date:  08/18/2015

<h2>Output:</h2>
*** Using Compiler 'V5.06 (build 20)', folder: 'C:\Keil_v5\ARM\ARMCC\Bin'
Rebuild target 'STM32F030xC'
compiling main.c...
compiling stm32f0xx_it.c...
compiling STM32_DevInit.c...
compiling MotorDriver.c...
compiling Sensors.c...
compiling USARTCMD.c...
compiling USARTSentData.c...
compiling stm32f0xx_gpio.c...
compiling stm32f0xx_rcc.c...
compiling stm32f0xx_misc.c...
compiling stm32f0xx_tim.c...
compiling stm32f0xx_usart.c...
compiling stm32f0xx_adc.c...
compiling stm32f0xx_dma.c...
compiling system_stm32f0xx.c...
assembling startup_stm32f030.s...
linking...
Program Size: Code=5984 RO-data=212 RW-data=84 ZI-data=1476  
"STM32F030xC\STM32F030xC.axf" - 0 Error(s), 0 Warning(s).

<h2>Collection of Component include folders:</h2>
  C:\Users\robot\Desktop\WorkDesktop\MotorDrv2015.08.07（在2015.07.25上修改，将分辨率调整至2400，修正刹车不同步的问题）\MotorDrv\CODE\project\MDK-ARM\RTE
  C:\Keil_v5\ARM\PACK\Keil\STM32F0xx_DFP\1.4.0\Device\Include

<h2>Collection of Component Files used:</h2>
Build Time Elapsed:  00:00:06
</pre>
</body>
</html>
