<html>
<body>
<pre>
<h1>µVision Build Log</h1>
<h2>Project:</h2>
D:\stm32_test\4\164.uvproj
Project File Date:  03/02/2013

<h2>Output:</h2>
Build target 'simulator'
compiling main.c...
User\main.c(125): warning:  #111-D: statement is unreachable
User\main.c:    return(1);
User\main.c:    ^
User\main.c: User\main.c: 1 warning, 0 errors
compiling stm32f10x_it.c...
compiling stm32f10x_gpio.c...
compiling stm32f10x_lib.c...
compiling stm32f10x_rcc.c...
assembling cortexm3_macro.s...
assembling stm32f10x_vector.s...
linking...
Program Size: Code=2604 RO-data=356 RW-data=8 ZI-data=2144  
".\output\164.axf" - 0 Error(s), 1 Warning(s).
Build target 'simulator'
compiling main.c...
compiling stm32f10x_it.c...
compiling stm32f10x_gpio.c...
compiling stm32f10x_lib.c...
compiling stm32f10x_rcc.c...
assembling cortexm3_macro.s...
assembling stm32f10x_vector.s...
linking...
Program Size: Code=2344 RO-data=356 RW-data=8 ZI-data=2144  
".\output\164.axf" - 0 Error(s), 0 Warning(s).
Build target 'simulator'
compiling main.c...
compiling stm32f10x_it.c...
compiling stm32f10x_gpio.c...
compiling stm32f10x_lib.c...
compiling stm32f10x_rcc.c...
assembling cortexm3_macro.s...
assembling stm32f10x_vector.s...
linking...
Program Size: Code=2368 RO-data=356 RW-data=8 ZI-data=2144  
".\output\164.axf" - 0 Error(s), 0 Warning(s).
Build target 'simulator'
compiling main.c...
compiling stm32f10x_it.c...
compiling stm32f10x_gpio.c...
compiling stm32f10x_lib.c...
compiling stm32f10x_rcc.c...
assembling cortexm3_macro.s...
assembling stm32f10x_vector.s...
linking...
Program Size: Code=2432 RO-data=356 RW-data=8 ZI-data=2144  
".\output\164.axf" - 0 Error(s), 0 Warning(s).
Build target 'simulator'
compiling main.c...
compiling stm32f10x_it.c...
compiling stm32f10x_gpio.c...
compiling stm32f10x_lib.c...
compiling stm32f10x_rcc.c...
assembling cortexm3_macro.s...
assembling stm32f10x_vector.s...
linking...
Program Size: Code=2440 RO-data=356 RW-data=8 ZI-data=2144  
".\output\164.axf" - 0 Error(s), 0 Warning(s).
Build target 'simulator'
compiling main.c...
User\main.c(57): error:  #20: identifier "GPIOB_ODR_A" is undefined
User\main.c:    PBout(0) = 1;
User\main.c:    ^
User\main.c: User\main.c: 0 warnings, 1 error
compiling stm32f10x_it.c...
compiling stm32f10x_gpio.c...
compiling stm32f10x_lib.c...
compiling stm32f10x_rcc.c...
assembling cortexm3_macro.s...
assembling stm32f10x_vector.s...
Target not created
Build target 'simulator'
compiling main.c...
compiling stm32f10x_it.c...
compiling stm32f10x_gpio.c...
compiling stm32f10x_lib.c...
compiling stm32f10x_rcc.c...
assembling cortexm3_macro.s...
assembling stm32f10x_vector.s...
linking...
Program Size: Code=2444 RO-data=356 RW-data=8 ZI-data=2144  
".\output\164.axf" - 0 Error(s), 0 Warning(s).
Build target 'simulator'
compiling main.c...
compiling stm32f10x_it.c...
compiling stm32f10x_gpio.c...
compiling stm32f10x_lib.c...
compiling stm32f10x_rcc.c...
assembling cortexm3_macro.s...
assembling stm32f10x_vector.s...
linking...
Program Size: Code=2444 RO-data=356 RW-data=8 ZI-data=2144  
".\output\164.axf" - 0 Error(s), 0 Warning(s).
Build target 'simulator'
compiling main.c...
compiling stm32f10x_it.c...
compiling stm32f10x_gpio.c...
compiling stm32f10x_lib.c...
compiling stm32f10x_rcc.c...
assembling cortexm3_macro.s...
assembling stm32f10x_vector.s...
linking...
Program Size: Code=2452 RO-data=356 RW-data=8 ZI-data=2144  
".\output\164.axf" - 0 Error(s), 0 Warning(s).
Build target 'simulator'
compiling main.c...
compiling stm32f10x_it.c...
compiling stm32f10x_gpio.c...
compiling stm32f10x_lib.c...
compiling stm32f10x_rcc.c...
assembling cortexm3_macro.s...
assembling stm32f10x_vector.s...
linking...
Program Size: Code=2452 RO-data=356 RW-data=8 ZI-data=2144  
".\output\164.axf" - 0 Error(s), 0 Warning(s).
