<html>
<body>
<pre>
<h1>礦ision Build Log</h1>
<h2>Tool Versions:</h2>
IDE-Version: μVision V5.16.0.0
Copyright (C) 2015 ARM Ltd and ARM Germany GmbH. All rights reserved.
License Information: li yao, Microsoft, LIC=0VRHL-03S4J-REDH3-ADK11-QK6DY-JRBVH
 
Tool Versions:
Toolchain:       MDK-ARM Professional  Version: 5.16.0.0
Toolchain Path:  C:\Keil_v5\ARM\ARMCC\Bin
C Compiler:      Armcc.exe V5.06 (build 20)
Assembler:       Armasm.exe V5.06 (build 20)
Linker/Locator:  ArmLink.exe V5.06 (build 20)
Library Manager: ArmAr.exe V5.06 (build 20)
Hex Converter:   FromElf.exe V5.06 (build 20)
CPU DLL:         SARMCM3.DLL V5.16.0.0
Dialog DLL:      DARMCM1.DLL V1.12.0.0
Target DLL:      Segger\JL2CM3.dll V2.99.15.2
Dialog DLL:      TARMCM1.DLL V1.9.0.0
 
<h2>Project:</h2>
G:\公司工作台\#STM32 Work Robot\FirmwareUpdate030_bate1.1_固件更新\CODE\project\MDK-ARM\Project.uvprojx
Project File Date:  01/04/2016

<h2>Output:</h2>
*** Using Compiler 'V5.06 (build 20)', folder: 'C:\Keil_v5\ARM\ARMCC\Bin'
Build target 'STM32F030xCDebug'
compiling FirmwareUpdate.c...
compiling iap.c...
compiling stm32f0xx_gpio.c...
compiling main.c...
compiling stm32f0xx_it.c...
compiling tool.c...
compiling stm32f0xx_rcc.c...
assembling startup_stm32f030.s...
compiling stm32f0xx_misc.c...
compiling stm32f0xx_syscfg.c...
compiling system_stm32f0xx.c...
compiling stm32f0xx_flash.c...
compiling stm32f0xx_usart.c...
linking...
Program Size: Code=3784 RO-data=212 RW-data=84 ZI-data=6020  
FromELF: creating hex file...
After Build - User command #1: C:\Keil\ARM\ARMCC\bin\fromelf.exe --bin --output ../../../STM32F030BootLoader.bin ./STM32F030xC/STM32F030xC.axf
".\STM32F030xC.axf" - 0 Error(s), 0 Warning(s).

<h2>Collection of Component include folders:</h2>
  G:\公司工作台\#STM32 Work Robot\FirmwareUpdate030_bate1.1_固件更新\CODE\project\MDK-ARM\RTE
  C:\Keil_v5\ARM\PACK\Keil\STM32F0xx_DFP\1.4.0\Device\Include

<h2>Collection of Component Files used:</h2>
Build Time Elapsed:  00:00:02
</pre>
</body>
</html>
