<html>
<body>
<pre>
<h1>礦ision Build Log</h1>
<h2>Project:</h2>
D:\Desktop\STM32F103_壁障小车\STM32F103_bate1.2\STM32F103_bate1.2\Project\DEMO.uvproj
Project File Date:  11/27/2015

<h2>Output:</h2>
Load "D:\\Desktop\\STM32F103_壁障小车\\STM32F103_bate1.2\\STM32F103_bate1.2\\Project\\DEMO.AXF" 
Set JLink Project File to "D:\Desktop\STM32F103_壁障小车\STM32F103_bate1.2\STM32F103_bate1.2\Project\JLinkSettings.ini"
* JLink Info: Device "STM32F103RC" selected (256 KB flash, 48 KB RAM).
 
JLink info:
------------
DLL: V4.54a, compiled Sep 17 2012 15:58:45
Firmware: J-Link ARM V8 compiled Nov 25 2013 19:20:08
Hardware: V8.00
S/N : 99999994 
Feature(s) : RDI,FlashDL,FlashBP,JFlash,GDBFULL 
 
* JLink Info: Found SWD-DP with ID 0x1BA01477
* JLink Info: Found SWD-DP with ID 0x1BA01477
* JLink Info: TPIU fitted.
* JLink Info: ETM fitted.
* JLink Info: FPUnit: 6 code (BP) slots and 2 literal slots
* JLink Info: Found Cortex-M3 r1p1, Little endian.
ROMTableAddr = 0xE00FF003
 
Target info:
------------
Device: STM32F103RC
VTarget = 3.313V
State of Pins: 
TCK: 0, TDI: 1, TDO: 1, TMS: 1, TRES: 1, TRST: 1
Hardware-Breakpoints: 6
Software-Breakpoints: 8192
Watchpoints:          4
JTAG speed: 2000 kHz
 
Full Chip Erase Done.
Programming Done.
Verify OK.
Application running ...
Build target 'flash'
linking...
Program Size: Code=13816 RO-data=336 RW-data=116 ZI-data=4820  
FromELF: creating hex file...
"DEMO.axf" - 0 Error(s), 0 Warning(s).
Build target 'flash'
compiling main.c...
..\USER\main.c(42): warning:  #223-D: function "DelayMs" declared implicitly
linking...
DEMO.axf: Error: L6218E: Undefined symbol DelayMs (referred from main.o).
Target not created
Build target 'flash'
compiling main.c...
linking...
Program Size: Code=13820 RO-data=336 RW-data=116 ZI-data=4820  
FromELF: creating hex file...
"DEMO.axf" - 0 Error(s), 0 Warning(s).
Build target 'flash'
compiling main.c...
linking...
Program Size: Code=13820 RO-data=336 RW-data=116 ZI-data=4820  
FromELF: creating hex file...
"DEMO.axf" - 0 Error(s), 0 Warning(s).
Load "D:\\Desktop\\STM32F103_壁障小车\\STM32F103_bate1.2\\STM32F103_bate1.2\\Project\\DEMO.AXF" 
Set JLink Project File to "D:\Desktop\STM32F103_壁障小车\STM32F103_bate1.2\STM32F103_bate1.2\Project\JLinkSettings.ini"
* JLink Info: Device "STM32F103RC" selected (256 KB flash, 48 KB RAM).
 
JLink info:
------------
DLL: V4.54a, compiled Sep 17 2012 15:58:45
Firmware: J-Link ARM V8 compiled Nov 25 2013 19:20:08
Hardware: V8.00
S/N : 99999994 
Feature(s) : RDI,FlashDL,FlashBP,JFlash,GDBFULL 
 
* JLink Info: Found SWD-DP with ID 0x1BA01477
* JLink Info: Found SWD-DP with ID 0x1BA01477
* JLink Info: TPIU fitted.
* JLink Info: ETM fitted.
* JLink Info: FPUnit: 6 code (BP) slots and 2 literal slots
* JLink Info: Found Cortex-M3 r1p1, Little endian.
ROMTableAddr = 0xE00FF003
 
Target info:
------------
Device: STM32F103RC
VTarget = 3.313V
State of Pins: 
TCK: 0, TDI: 1, TDO: 1, TMS: 1, TRES: 1, TRST: 1
Hardware-Breakpoints: 6
Software-Breakpoints: 8192
Watchpoints:          4
JTAG speed: 4000 kHz
 
Erase Done.
Programming Done.
Verify OK.
Application running ...
Build target 'flash'
compiling main.c...
linking...
Program Size: Code=13820 RO-data=336 RW-data=116 ZI-data=4820  
FromELF: creating hex file...
"DEMO.axf" - 0 Error(s), 0 Warning(s).
Load "D:\\Desktop\\STM32F103_壁障小车\\STM32F103_bate1.2\\STM32F103_bate1.2\\Project\\DEMO.AXF" 
Set JLink Project File to "D:\Desktop\STM32F103_壁障小车\STM32F103_bate1.2\STM32F103_bate1.2\Project\JLinkSettings.ini"
* JLink Info: Device "STM32F103RC" selected (256 KB flash, 48 KB RAM).
 
JLink info:
------------
DLL: V4.54a, compiled Sep 17 2012 15:58:45
Firmware: J-Link ARM V8 compiled Nov 25 2013 19:20:08
Hardware: V8.00
S/N : 99999994 
Feature(s) : RDI,FlashDL,FlashBP,JFlash,GDBFULL 
 
* JLink Info: Found SWD-DP with ID 0x1BA01477
* JLink Info: Found SWD-DP with ID 0x1BA01477
* JLink Info: TPIU fitted.
* JLink Info: ETM fitted.
* JLink Info: FPUnit: 6 code (BP) slots and 2 literal slots
* JLink Info: Found Cortex-M3 r1p1, Little endian.
ROMTableAddr = 0xE00FF003
 
Target info:
------------
Device: STM32F103RC
VTarget = 3.313V
State of Pins: 
TCK: 0, TDI: 1, TDO: 1, TMS: 1, TRES: 1, TRST: 1
Hardware-Breakpoints: 6
Software-Breakpoints: 8192
Watchpoints:          4
JTAG speed: 4000 kHz
 
Erase Done.
Programming Done.
Verify OK.
Application running ...
Load "D:\\Desktop\\STM32F103_壁障小车\\STM32F103_bate1.2\\STM32F103_bate1.2\\Project\\DEMO.AXF" 
Set JLink Project File to "D:\Desktop\STM32F103_壁障小车\STM32F103_bate1.2\STM32F103_bate1.2\Project\JLinkSettings.ini"
* JLink Info: Device "STM32F103RC" selected (256 KB flash, 48 KB RAM).
 
JLink info:
------------
DLL: V4.54a, compiled Sep 17 2012 15:58:45
Firmware: J-Link ARM V8 compiled Nov 25 2013 19:20:08
Hardware: V8.00
S/N : 99999994 
Feature(s) : RDI,FlashDL,FlashBP,JFlash,GDBFULL 
 
* JLink Info: Found SWD-DP with ID 0x1BA01477
* JLink Info: Found SWD-DP with ID 0x1BA01477
* JLink Info: TPIU fitted.
* JLink Info: ETM fitted.
* JLink Info: FPUnit: 6 code (BP) slots and 2 literal slots
* JLink Info: Found Cortex-M3 r1p1, Little endian.
ROMTableAddr = 0xE00FF003
 
Target info:
------------
Device: STM32F103RC
VTarget = 3.319V
State of Pins: 
TCK: 0, TDI: 1, TDO: 0, TMS: 1, TRES: 1, TRST: 1
Hardware-Breakpoints: 6
Software-Breakpoints: 8192
Watchpoints:          4
JTAG speed: 4000 kHz
 
Erase Done.
Programming Done.
Verify OK.
Application running ...
Build target 'flash'
compiling main.c...
linking...
Program Size: Code=13820 RO-data=336 RW-data=116 ZI-data=4820  
FromELF: creating hex file...
"DEMO.axf" - 0 Error(s), 0 Warning(s).
Load "D:\\Desktop\\STM32F103_壁障小车\\STM32F103_bate1.2\\STM32F103_bate1.2\\Project\\DEMO.AXF" 
Set JLink Project File to "D:\Desktop\STM32F103_壁障小车\STM32F103_bate1.2\STM32F103_bate1.2\Project\JLinkSettings.ini"
* JLink Info: Device "STM32F103RC" selected (256 KB flash, 48 KB RAM).
 
JLink info:
------------
DLL: V4.54a, compiled Sep 17 2012 15:58:45
Firmware: J-Link ARM V8 compiled Nov 25 2013 19:20:08
Hardware: V8.00
S/N : 99999994 
Feature(s) : RDI,FlashDL,FlashBP,JFlash,GDBFULL 
 
* JLink Info: Found SWD-DP with ID 0x1BA01477
* JLink Info: Found SWD-DP with ID 0x1BA01477
* JLink Info: TPIU fitted.
* JLink Info: ETM fitted.
* JLink Info: FPUnit: 6 code (BP) slots and 2 literal slots
* JLink Info: Found Cortex-M3 r1p1, Little endian.
ROMTableAddr = 0xE00FF003
 
Target info:
------------
Device: STM32F103RC
VTarget = 3.319V
State of Pins: 
TCK: 0, TDI: 1, TDO: 0, TMS: 1, TRES: 1, TRST: 1
Hardware-Breakpoints: 6
Software-Breakpoints: 8192
Watchpoints:          4
JTAG speed: 4000 kHz
 
Erase Done.
Programming Done.
Verify OK.
Application running ...
Build target 'flash'
compiling main.c...
linking...
Program Size: Code=13840 RO-data=336 RW-data=116 ZI-data=4820  
FromELF: creating hex file...
"DEMO.axf" - 0 Error(s), 0 Warning(s).
Load "D:\\Desktop\\STM32F103_壁障小车\\STM32F103_bate1.2\\STM32F103_bate1.2\\Project\\DEMO.AXF" 
Set JLink Project File to "D:\Desktop\STM32F103_壁障小车\STM32F103_bate1.2\STM32F103_bate1.2\Project\JLinkSettings.ini"
* JLink Info: Device "STM32F103RC" selected (256 KB flash, 48 KB RAM).
 
JLink info:
------------
DLL: V4.54a, compiled Sep 17 2012 15:58:45
Firmware: J-Link ARM V8 compiled Nov 25 2013 19:20:08
Hardware: V8.00
S/N : 99999994 
Feature(s) : RDI,FlashDL,FlashBP,JFlash,GDBFULL 
 
* JLink Info: Found SWD-DP with ID 0x1BA01477
* JLink Info: Found SWD-DP with ID 0x1BA01477
* JLink Info: TPIU fitted.
* JLink Info: ETM fitted.
* JLink Info: FPUnit: 6 code (BP) slots and 2 literal slots
* JLink Info: Found Cortex-M3 r1p1, Little endian.
ROMTableAddr = 0xE00FF003
 
Target info:
------------
Device: STM32F103RC
VTarget = 3.325V
State of Pins: 
TCK: 0, TDI: 1, TDO: 0, TMS: 1, TRES: 1, TRST: 1
Hardware-Breakpoints: 6
Software-Breakpoints: 8192
Watchpoints:          4
JTAG speed: 4000 kHz
 
Erase Done.
Programming Done.
Verify OK.
Application running ...
Build target 'flash'
compiling STM32_DevInit.c...
linking...
Program Size: Code=13824 RO-data=336 RW-data=116 ZI-data=4820  
FromELF: creating hex file...
"DEMO.axf" - 0 Error(s), 0 Warning(s).
Load "D:\\Desktop\\STM32F103_壁障小车\\STM32F103_bate1.2\\STM32F103_bate1.2\\Project\\DEMO.AXF" 
Set JLink Project File to "D:\Desktop\STM32F103_壁障小车\STM32F103_bate1.2\STM32F103_bate1.2\Project\JLinkSettings.ini"
* JLink Info: Device "STM32F103RC" selected (256 KB flash, 48 KB RAM).
 
JLink info:
------------
DLL: V4.54a, compiled Sep 17 2012 15:58:45
Firmware: J-Link ARM V8 compiled Nov 25 2013 19:20:08
Hardware: V8.00
S/N : 99999994 
Feature(s) : RDI,FlashDL,FlashBP,JFlash,GDBFULL 
 
* JLink Info: Found SWD-DP with ID 0x1BA01477
* JLink Info: Found SWD-DP with ID 0x1BA01477
* JLink Info: TPIU fitted.
* JLink Info: ETM fitted.
* JLink Info: FPUnit: 6 code (BP) slots and 2 literal slots
* JLink Info: Found Cortex-M3 r1p1, Little endian.
ROMTableAddr = 0xE00FF003
 
Target info:
------------
Device: STM32F103RC
VTarget = 3.319V
State of Pins: 
TCK: 0, TDI: 1, TDO: 0, TMS: 1, TRES: 1, TRST: 1
Hardware-Breakpoints: 6
Software-Breakpoints: 8192
Watchpoints:          4
JTAG speed: 4000 kHz
 
Erase Done.
Programming Done.
Verify OK.
Application running ...
Build target 'flash'
compiling main.c...
..\USER\main.c(50): warning:  #111-D: statement is unreachable
linking...
Program Size: Code=13644 RO-data=336 RW-data=116 ZI-data=4820  
FromELF: creating hex file...
"DEMO.axf" - 0 Error(s), 1 Warning(s).
Load "D:\\Desktop\\STM32F103_壁障小车\\STM32F103_bate1.2\\STM32F103_bate1.2\\Project\\DEMO.AXF" 
Set JLink Project File to "D:\Desktop\STM32F103_壁障小车\STM32F103_bate1.2\STM32F103_bate1.2\Project\JLinkSettings.ini"
* JLink Info: Device "STM32F103RC" selected (256 KB flash, 48 KB RAM).
 
JLink info:
------------
DLL: V4.54a, compiled Sep 17 2012 15:58:45
Firmware: J-Link ARM V8 compiled Nov 25 2013 19:20:08
Hardware: V8.00
S/N : 99999994 
Feature(s) : RDI,FlashDL,FlashBP,JFlash,GDBFULL 
 
* JLink Info: Found SWD-DP with ID 0x1BA01477
* JLink Info: Found SWD-DP with ID 0x1BA01477
* JLink Info: TPIU fitted.
* JLink Info: ETM fitted.
* JLink Info: FPUnit: 6 code (BP) slots and 2 literal slots
* JLink Info: Found Cortex-M3 r1p1, Little endian.
ROMTableAddr = 0xE00FF003
 
Target info:
------------
Device: STM32F103RC
VTarget = 3.325V
State of Pins: 
TCK: 0, TDI: 1, TDO: 0, TMS: 1, TRES: 1, TRST: 1
Hardware-Breakpoints: 6
Software-Breakpoints: 8192
Watchpoints:          4
JTAG speed: 4000 kHz
 
Erase Done.
Programming Done.
Verify OK.
Application running ...
