ARM Linker, 5.02 [Build 28] [MDK-ARM Standard]

==============================================================================

Section Cross References

    main.o(.text) refers to stm32f10x_gpio.o(.text) for GPIO_WriteBit
    main.o(.text) refers to tool.o(.text) for TimeTask_Init
    main.o(.text) refers to protocol.o(.text) for Protocol_Init
    main.o(.text) refers to ruddercontrol.o(.text) for Rudder_Init
    main.o(.text) refers to motorcontrol.o(.text) for Motor_Init
    main.o(.text) refers to stm32_devinit.o(.text) for Driver_MCU_Init
    main.o(.text) refers to stm32f10x_tim.o(.text) for TIM_SetCompare3
    main.o(.text) refers to main.o(.data) for led_flag
    main.o(.text) refers to motorcontrol.o(.data) for motor_L
    stm32f10x_it.o(.text) refers to printf3.o(i.__0printf$3) for __2printf
    stm32f10x_it.o(.text) refers to stm32f10x_tim.o(.text) for TIM_ClearITPendingBit
    stm32f10x_it.o(.text) refers to stm32f10x_usart.o(.text) for USART_GetITStatus
    stm32f10x_it.o(.text) refers to ultrasoniccontrol.o(.text) for Ultrasonic_Recv
    stm32f10x_it.o(.text) refers to ultrasoniccontrol.o(.data) for Ultrasonic
    system_stm32f10x.o(.text) refers to system_stm32f10x.o(.data) for SystemCoreClock
    stm32f10x_gpio.o(.text) refers to stm32f10x_rcc.o(.text) for RCC_APB2PeriphResetCmd
    stm32f10x_rcc.o(.text) refers to stm32f10x_rcc.o(.data) for APBAHBPrescTable
    stm32f10x_spi.o(.text) refers to stm32f10x_rcc.o(.text) for RCC_APB2PeriphResetCmd
    stm32f10x_usart.o(.text) refers to stm32f10x_rcc.o(.text) for RCC_APB2PeriphResetCmd
    stm32f10x_tim.o(.text) refers to stm32f10x_rcc.o(.text) for RCC_APB2PeriphResetCmd
    startup_stm32f10x_hd.o(RESET) refers to startup_stm32f10x_hd.o(STACK) for __initial_sp
    startup_stm32f10x_hd.o(RESET) refers to startup_stm32f10x_hd.o(.text) for Reset_Handler
    startup_stm32f10x_hd.o(RESET) refers to stm32f10x_it.o(.text) for NMI_Handler
    startup_stm32f10x_hd.o(.text) refers to system_stm32f10x.o(.text) for SystemInit
    startup_stm32f10x_hd.o(.text) refers to entry.o(.ARM.Collect$$$$00000000) for __main
    driver.o(.text) refers to stm32f10x_spi.o(.text) for SPI_I2S_GetFlagStatus
    stm32_devinit.o(.text) refers to stm32f10x_gpio.o(.text) for GPIO_Init
    stm32_devinit.o(.text) refers to motorcontrol.o(.text) for Motor_GPIO_Configuration
    stm32_devinit.o(.text) refers to stm32f10x_rcc.o(.text) for RCC_APB2PeriphClockCmd
    stm32_devinit.o(.text) refers to stm32f10x_usart.o(.text) for USART_DeInit
    stm32_devinit.o(.text) refers to stm32f10x_tim.o(.text) for TIM_DeInit
    stm32_devinit.o(.text) refers to misc.o(.text) for NVIC_PriorityGroupConfig
    stm32_devinit.o(.text) refers to system_stm32f10x.o(.data) for SystemCoreClock
    tool.o(.text) refers to misc.o(.text) for SysTick_CLKSourceConfig
    tool.o(.text) refers to memcpya.o(.text) for __aeabi_memcpy
    tool.o(.text) refers to system_stm32f10x.o(.data) for SystemCoreClock
    tool.o(.text) refers to tool.o(.data) for SysTick_Flag
    tool.o(.text) refers to tool.o(.bss) for queue_list
    tool.o(.text) refers to printf3.o(i.__0printf$3) for __2printf
    tool.o(.data) refers to tool.o(.bss) for TimeTaskInfo
    protocol.o(.text) refers to tool.o(.text) for Queue_Put
    protocol.o(.text) refers to stm32f10x_usart.o(.text) for USART_GetFlagStatus
    protocol.o(.text) refers to memcpya.o(.text) for __aeabi_memcpy4
    protocol.o(.text) refers to protocol.o(.data) for _head
    protocol.o(.text) refers to protocol.o(.bss) for _recv_buf
    protocol.o(.text) refers to memseta.o(.text) for __aeabi_memclr4
    ruddercontrol.o(.text) refers to ffltui.o(.text) for __aeabi_ui2f
    ruddercontrol.o(.text) refers to fmul.o(.text) for __aeabi_fmul
    ruddercontrol.o(.text) refers to fadd.o(.text) for __aeabi_fadd
    ruddercontrol.o(.text) refers to ffixui.o(.text) for __aeabi_f2uiz
    ruddercontrol.o(.text) refers to stm32f10x_tim.o(.text) for TIM_SetCompare1
    ruddercontrol.o(.text) refers to ruddercontrol.o(.bss) for _RudderX
    ruddercontrol.o(.text) refers to ruddercontrol.o(.data) for Rudder_Pause
    ruddercontrol.o(.data) refers to ruddercontrol.o(.bss) for _RudderX
    ultrasoniccontrol.o(.text) refers to stm32f10x_usart.o(.text) for USART_GetFlagStatus
    ultrasoniccontrol.o(.text) refers to ultrasoniccontrol.o(.data) for Ultrasonic
    ultrasoniccontrol.o(.text) refers to ruddercontrol.o(.data) for Rudder_Pause
    motorcontrol.o(.text) refers to stm32f10x_gpio.o(.text) for GPIO_WriteBit
    motorcontrol.o(.text) refers to stm32f10x_tim.o(.text) for TIM_SetCompare1
    motorcontrol.o(.text) refers to memseta.o(.text) for __aeabi_memclr4
    motorcontrol.o(.text) refers to motorcontrol.o(.data) for motor_L
    motorcontrol.o(.data) refers to motorcontrol.o(.bss) for Motor_L
    entry.o(.ARM.Collect$$$$00000000) refers (Special) to entry7b.o(.ARM.Collect$$$$00000008) for _main_clock
    entry.o(.ARM.Collect$$$$00000000) refers (Special) to entry8.o(.ARM.Collect$$$$00000009) for _main_init
    entry.o(.ARM.Collect$$$$00000000) refers (Special) to entry5.o(.ARM.Collect$$$$00000004) for _main_scatterload
    entry.o(.ARM.Collect$$$$00000000) refers (Special) to entry2.o(.ARM.Collect$$$$00000001) for _main_stk
    printfb.o(i.__0fprintf$bare) refers to printfb.o(i._printf_core) for _printf_core
    printfb.o(i.__0fprintf$bare) refers to protocol.o(.text) for fputc
    printfb.o(i.__0printf$bare) refers to printfb.o(i._printf_core) for _printf_core
    printfb.o(i.__0printf$bare) refers to protocol.o(.text) for fputc
    printfb.o(i.__0printf$bare) refers to stdout.o(.data) for __stdout
    printfb.o(i.__0snprintf$bare) refers to printfb.o(i._printf_core) for _printf_core
    printfb.o(i.__0snprintf$bare) refers to printfb.o(i._snputc) for _snputc
    printfb.o(i.__0sprintf$bare) refers to printfb.o(i._printf_core) for _printf_core
    printfb.o(i.__0sprintf$bare) refers to printfb.o(i._sputc) for _sputc
    printfb.o(i.__0vfprintf$bare) refers to printfb.o(i._printf_core) for _printf_core
    printfb.o(i.__0vfprintf$bare) refers to protocol.o(.text) for fputc
    printfb.o(i.__0vprintf$bare) refers to printfb.o(i._printf_core) for _printf_core
    printfb.o(i.__0vprintf$bare) refers to protocol.o(.text) for fputc
    printfb.o(i.__0vprintf$bare) refers to stdout.o(.data) for __stdout
    printfb.o(i.__0vsnprintf$bare) refers to printfb.o(i._printf_core) for _printf_core
    printfb.o(i.__0vsnprintf$bare) refers to printfb.o(i._snputc) for _snputc
    printfb.o(i.__0vsprintf$bare) refers to printfb.o(i._printf_core) for _printf_core
    printfb.o(i.__0vsprintf$bare) refers to printfb.o(i._sputc) for _sputc
    printf0.o(i.__0fprintf$0) refers to printf0.o(i._printf_core) for _printf_core
    printf0.o(i.__0fprintf$0) refers to protocol.o(.text) for fputc
    printf0.o(i.__0printf$0) refers to printf0.o(i._printf_core) for _printf_core
    printf0.o(i.__0printf$0) refers to protocol.o(.text) for fputc
    printf0.o(i.__0printf$0) refers to stdout.o(.data) for __stdout
    printf0.o(i.__0snprintf$0) refers to printf0.o(i._printf_core) for _printf_core
    printf0.o(i.__0snprintf$0) refers to printf0.o(i._snputc) for _snputc
    printf0.o(i.__0sprintf$0) refers to printf0.o(i._printf_core) for _printf_core
    printf0.o(i.__0sprintf$0) refers to printf0.o(i._sputc) for _sputc
    printf0.o(i.__0vfprintf$0) refers to printf0.o(i._printf_core) for _printf_core
    printf0.o(i.__0vfprintf$0) refers to protocol.o(.text) for fputc
    printf0.o(i.__0vprintf$0) refers to printf0.o(i._printf_core) for _printf_core
    printf0.o(i.__0vprintf$0) refers to protocol.o(.text) for fputc
    printf0.o(i.__0vprintf$0) refers to stdout.o(.data) for __stdout
    printf0.o(i.__0vsnprintf$0) refers to printf0.o(i._printf_core) for _printf_core
    printf0.o(i.__0vsnprintf$0) refers to printf0.o(i._snputc) for _snputc
    printf0.o(i.__0vsprintf$0) refers to printf0.o(i._printf_core) for _printf_core
    printf0.o(i.__0vsprintf$0) refers to printf0.o(i._sputc) for _sputc
    printf1.o(i.__0fprintf$1) refers to printf1.o(i._printf_core) for _printf_core
    printf1.o(i.__0fprintf$1) refers to protocol.o(.text) for fputc
    printf1.o(i.__0printf$1) refers to printf1.o(i._printf_core) for _printf_core
    printf1.o(i.__0printf$1) refers to protocol.o(.text) for fputc
    printf1.o(i.__0printf$1) refers to stdout.o(.data) for __stdout
    printf1.o(i.__0snprintf$1) refers to printf1.o(i._printf_core) for _printf_core
    printf1.o(i.__0snprintf$1) refers to printf1.o(i._snputc) for _snputc
    printf1.o(i.__0sprintf$1) refers to printf1.o(i._printf_core) for _printf_core
    printf1.o(i.__0sprintf$1) refers to printf1.o(i._sputc) for _sputc
    printf1.o(i.__0vfprintf$1) refers to printf1.o(i._printf_core) for _printf_core
    printf1.o(i.__0vfprintf$1) refers to protocol.o(.text) for fputc
    printf1.o(i.__0vprintf$1) refers to printf1.o(i._printf_core) for _printf_core
    printf1.o(i.__0vprintf$1) refers to protocol.o(.text) for fputc
    printf1.o(i.__0vprintf$1) refers to stdout.o(.data) for __stdout
    printf1.o(i.__0vsnprintf$1) refers to printf1.o(i._printf_core) for _printf_core
    printf1.o(i.__0vsnprintf$1) refers to printf1.o(i._snputc) for _snputc
    printf1.o(i.__0vsprintf$1) refers to printf1.o(i._printf_core) for _printf_core
    printf1.o(i.__0vsprintf$1) refers to printf1.o(i._sputc) for _sputc
    printf1.o(i._printf_core) refers to uidiv.o(.text) for __aeabi_uidivmod
    printf2.o(i.__0fprintf$2) refers to printf2.o(i._printf_core) for _printf_core
    printf2.o(i.__0fprintf$2) refers to protocol.o(.text) for fputc
    printf2.o(i.__0printf$2) refers to printf2.o(i._printf_core) for _printf_core
    printf2.o(i.__0printf$2) refers to protocol.o(.text) for fputc
    printf2.o(i.__0printf$2) refers to stdout.o(.data) for __stdout
    printf2.o(i.__0snprintf$2) refers to printf2.o(i._printf_core) for _printf_core
    printf2.o(i.__0snprintf$2) refers to printf2.o(i._snputc) for _snputc
    printf2.o(i.__0sprintf$2) refers to printf2.o(i._printf_core) for _printf_core
    printf2.o(i.__0sprintf$2) refers to printf2.o(i._sputc) for _sputc
    printf2.o(i.__0vfprintf$2) refers to printf2.o(i._printf_core) for _printf_core
    printf2.o(i.__0vfprintf$2) refers to protocol.o(.text) for fputc
    printf2.o(i.__0vprintf$2) refers to printf2.o(i._printf_core) for _printf_core
    printf2.o(i.__0vprintf$2) refers to protocol.o(.text) for fputc
    printf2.o(i.__0vprintf$2) refers to stdout.o(.data) for __stdout
    printf2.o(i.__0vsnprintf$2) refers to printf2.o(i._printf_core) for _printf_core
    printf2.o(i.__0vsnprintf$2) refers to printf2.o(i._snputc) for _snputc
    printf2.o(i.__0vsprintf$2) refers to printf2.o(i._printf_core) for _printf_core
    printf2.o(i.__0vsprintf$2) refers to printf2.o(i._sputc) for _sputc
    printf3.o(i.__0fprintf$3) refers to printf3.o(i._printf_core) for _printf_core
    printf3.o(i.__0fprintf$3) refers to protocol.o(.text) for fputc
    printf3.o(i.__0printf$3) refers to printf3.o(i._printf_core) for _printf_core
    printf3.o(i.__0printf$3) refers to protocol.o(.text) for fputc
    printf3.o(i.__0printf$3) refers to stdout.o(.data) for __stdout
    printf3.o(i.__0snprintf$3) refers to printf3.o(i._printf_core) for _printf_core
    printf3.o(i.__0snprintf$3) refers to printf3.o(i._snputc) for _snputc
    printf3.o(i.__0sprintf$3) refers to printf3.o(i._printf_core) for _printf_core
    printf3.o(i.__0sprintf$3) refers to printf3.o(i._sputc) for _sputc
    printf3.o(i.__0vfprintf$3) refers to printf3.o(i._printf_core) for _printf_core
    printf3.o(i.__0vfprintf$3) refers to protocol.o(.text) for fputc
    printf3.o(i.__0vprintf$3) refers to printf3.o(i._printf_core) for _printf_core
    printf3.o(i.__0vprintf$3) refers to protocol.o(.text) for fputc
    printf3.o(i.__0vprintf$3) refers to stdout.o(.data) for __stdout
    printf3.o(i.__0vsnprintf$3) refers to printf3.o(i._printf_core) for _printf_core
    printf3.o(i.__0vsnprintf$3) refers to printf3.o(i._snputc) for _snputc
    printf3.o(i.__0vsprintf$3) refers to printf3.o(i._printf_core) for _printf_core
    printf3.o(i.__0vsprintf$3) refers to printf3.o(i._sputc) for _sputc
    printf3.o(i._printf_core) refers to uidiv.o(.text) for __aeabi_uidivmod
    printf4.o(i.__0fprintf$4) refers to printf4.o(i._printf_core) for _printf_core
    printf4.o(i.__0fprintf$4) refers to protocol.o(.text) for fputc
    printf4.o(i.__0printf$4) refers to printf4.o(i._printf_core) for _printf_core
    printf4.o(i.__0printf$4) refers to protocol.o(.text) for fputc
    printf4.o(i.__0printf$4) refers to stdout.o(.data) for __stdout
    printf4.o(i.__0snprintf$4) refers to printf4.o(i._printf_core) for _printf_core
    printf4.o(i.__0snprintf$4) refers to printf4.o(i._snputc) for _snputc
    printf4.o(i.__0sprintf$4) refers to printf4.o(i._printf_core) for _printf_core
    printf4.o(i.__0sprintf$4) refers to printf4.o(i._sputc) for _sputc
    printf4.o(i.__0vfprintf$4) refers to printf4.o(i._printf_core) for _printf_core
    printf4.o(i.__0vfprintf$4) refers to protocol.o(.text) for fputc
    printf4.o(i.__0vprintf$4) refers to printf4.o(i._printf_core) for _printf_core
    printf4.o(i.__0vprintf$4) refers to protocol.o(.text) for fputc
    printf4.o(i.__0vprintf$4) refers to stdout.o(.data) for __stdout
    printf4.o(i.__0vsnprintf$4) refers to printf4.o(i._printf_core) for _printf_core
    printf4.o(i.__0vsnprintf$4) refers to printf4.o(i._snputc) for _snputc
    printf4.o(i.__0vsprintf$4) refers to printf4.o(i._printf_core) for _printf_core
    printf4.o(i.__0vsprintf$4) refers to printf4.o(i._sputc) for _sputc
    printf4.o(i._printf_core) refers to uldiv.o(.text) for __aeabi_uldivmod
    printf5.o(i.__0fprintf$5) refers to printf5.o(i._printf_core) for _printf_core
    printf5.o(i.__0fprintf$5) refers to protocol.o(.text) for fputc
    printf5.o(i.__0printf$5) refers to printf5.o(i._printf_core) for _printf_core
    printf5.o(i.__0printf$5) refers to protocol.o(.text) for fputc
    printf5.o(i.__0printf$5) refers to stdout.o(.data) for __stdout
    printf5.o(i.__0snprintf$5) refers to printf5.o(i._printf_core) for _printf_core
    printf5.o(i.__0snprintf$5) refers to printf5.o(i._snputc) for _snputc
    printf5.o(i.__0sprintf$5) refers to printf5.o(i._printf_core) for _printf_core
    printf5.o(i.__0sprintf$5) refers to printf5.o(i._sputc) for _sputc
    printf5.o(i.__0vfprintf$5) refers to printf5.o(i._printf_core) for _printf_core
    printf5.o(i.__0vfprintf$5) refers to protocol.o(.text) for fputc
    printf5.o(i.__0vprintf$5) refers to printf5.o(i._printf_core) for _printf_core
    printf5.o(i.__0vprintf$5) refers to protocol.o(.text) for fputc
    printf5.o(i.__0vprintf$5) refers to stdout.o(.data) for __stdout
    printf5.o(i.__0vsnprintf$5) refers to printf5.o(i._printf_core) for _printf_core
    printf5.o(i.__0vsnprintf$5) refers to printf5.o(i._snputc) for _snputc
    printf5.o(i.__0vsprintf$5) refers to printf5.o(i._printf_core) for _printf_core
    printf5.o(i.__0vsprintf$5) refers to printf5.o(i._sputc) for _sputc
    printf5.o(i._printf_core) refers to uldiv.o(.text) for __aeabi_uldivmod
    printf6.o(i.__0fprintf$6) refers to printf6.o(i._printf_core) for _printf_core
    printf6.o(i.__0fprintf$6) refers to protocol.o(.text) for fputc
    printf6.o(i.__0printf$6) refers to printf6.o(i._printf_core) for _printf_core
    printf6.o(i.__0printf$6) refers to protocol.o(.text) for fputc
    printf6.o(i.__0printf$6) refers to stdout.o(.data) for __stdout
    printf6.o(i.__0snprintf$6) refers to printf6.o(i._printf_core) for _printf_core
    printf6.o(i.__0snprintf$6) refers to printf6.o(i._snputc) for _snputc
    printf6.o(i.__0sprintf$6) refers to printf6.o(i._printf_core) for _printf_core
    printf6.o(i.__0sprintf$6) refers to printf6.o(i._sputc) for _sputc
    printf6.o(i.__0vfprintf$6) refers to printf6.o(i._printf_core) for _printf_core
    printf6.o(i.__0vfprintf$6) refers to protocol.o(.text) for fputc
    printf6.o(i.__0vprintf$6) refers to printf6.o(i._printf_core) for _printf_core
    printf6.o(i.__0vprintf$6) refers to protocol.o(.text) for fputc
    printf6.o(i.__0vprintf$6) refers to stdout.o(.data) for __stdout
    printf6.o(i.__0vsnprintf$6) refers to printf6.o(i._printf_core) for _printf_core
    printf6.o(i.__0vsnprintf$6) refers to printf6.o(i._snputc) for _snputc
    printf6.o(i.__0vsprintf$6) refers to printf6.o(i._printf_core) for _printf_core
    printf6.o(i.__0vsprintf$6) refers to printf6.o(i._sputc) for _sputc
    printf6.o(i._printf_core) refers to printf6.o(i._printf_pre_padding) for _printf_pre_padding
    printf6.o(i._printf_core) refers to uidiv.o(.text) for __aeabi_uidivmod
    printf6.o(i._printf_core) refers to printf6.o(i._printf_post_padding) for _printf_post_padding
    printf7.o(i.__0fprintf$7) refers to printf7.o(i._printf_core) for _printf_core
    printf7.o(i.__0fprintf$7) refers to protocol.o(.text) for fputc
    printf7.o(i.__0printf$7) refers to printf7.o(i._printf_core) for _printf_core
    printf7.o(i.__0printf$7) refers to protocol.o(.text) for fputc
    printf7.o(i.__0printf$7) refers to stdout.o(.data) for __stdout
    printf7.o(i.__0snprintf$7) refers to printf7.o(i._printf_core) for _printf_core
    printf7.o(i.__0snprintf$7) refers to printf7.o(i._snputc) for _snputc
    printf7.o(i.__0sprintf$7) refers to printf7.o(i._printf_core) for _printf_core
    printf7.o(i.__0sprintf$7) refers to printf7.o(i._sputc) for _sputc
    printf7.o(i.__0vfprintf$7) refers to printf7.o(i._printf_core) for _printf_core
    printf7.o(i.__0vfprintf$7) refers to protocol.o(.text) for fputc
    printf7.o(i.__0vprintf$7) refers to printf7.o(i._printf_core) for _printf_core
    printf7.o(i.__0vprintf$7) refers to protocol.o(.text) for fputc
    printf7.o(i.__0vprintf$7) refers to stdout.o(.data) for __stdout
    printf7.o(i.__0vsnprintf$7) refers to printf7.o(i._printf_core) for _printf_core
    printf7.o(i.__0vsnprintf$7) refers to printf7.o(i._snputc) for _snputc
    printf7.o(i.__0vsprintf$7) refers to printf7.o(i._printf_core) for _printf_core
    printf7.o(i.__0vsprintf$7) refers to printf7.o(i._sputc) for _sputc
    printf7.o(i._printf_core) refers to printf7.o(i._printf_pre_padding) for _printf_pre_padding
    printf7.o(i._printf_core) refers to uldiv.o(.text) for __aeabi_uldivmod
    printf7.o(i._printf_core) refers to printf7.o(i._printf_post_padding) for _printf_post_padding
    printf8.o(i.__0fprintf$8) refers to printf8.o(i._printf_core) for _printf_core
    printf8.o(i.__0fprintf$8) refers to protocol.o(.text) for fputc
    printf8.o(i.__0printf$8) refers to printf8.o(i._printf_core) for _printf_core
    printf8.o(i.__0printf$8) refers to protocol.o(.text) for fputc
    printf8.o(i.__0printf$8) refers to stdout.o(.data) for __stdout
    printf8.o(i.__0snprintf$8) refers to printf8.o(i._printf_core) for _printf_core
    printf8.o(i.__0snprintf$8) refers to printf8.o(i._snputc) for _snputc
    printf8.o(i.__0sprintf$8) refers to printf8.o(i._printf_core) for _printf_core
    printf8.o(i.__0sprintf$8) refers to printf8.o(i._sputc) for _sputc
    printf8.o(i.__0vfprintf$8) refers to printf8.o(i._printf_core) for _printf_core
    printf8.o(i.__0vfprintf$8) refers to protocol.o(.text) for fputc
    printf8.o(i.__0vprintf$8) refers to printf8.o(i._printf_core) for _printf_core
    printf8.o(i.__0vprintf$8) refers to protocol.o(.text) for fputc
    printf8.o(i.__0vprintf$8) refers to stdout.o(.data) for __stdout
    printf8.o(i.__0vsnprintf$8) refers to printf8.o(i._printf_core) for _printf_core
    printf8.o(i.__0vsnprintf$8) refers to printf8.o(i._snputc) for _snputc
    printf8.o(i.__0vsprintf$8) refers to printf8.o(i._printf_core) for _printf_core
    printf8.o(i.__0vsprintf$8) refers to printf8.o(i._sputc) for _sputc
    printf8.o(i._printf_core) refers to printf8.o(i._printf_pre_padding) for _printf_pre_padding
    printf8.o(i._printf_core) refers to uldiv.o(.text) for __aeabi_uldivmod
    printf8.o(i._printf_core) refers to printf8.o(i._printf_post_padding) for _printf_post_padding
    printfa.o(i.__0fprintf) refers (Special) to iusefp.o(.text) for __I$use$fp
    printfa.o(i.__0fprintf) refers to printfa.o(i._printf_core) for _printf_core
    printfa.o(i.__0fprintf) refers to protocol.o(.text) for fputc
    printfa.o(i.__0printf) refers (Special) to iusefp.o(.text) for __I$use$fp
    printfa.o(i.__0printf) refers to printfa.o(i._printf_core) for _printf_core
    printfa.o(i.__0printf) refers to protocol.o(.text) for fputc
    printfa.o(i.__0printf) refers to stdout.o(.data) for __stdout
    printfa.o(i.__0snprintf) refers (Special) to iusefp.o(.text) for __I$use$fp
    printfa.o(i.__0snprintf) refers to printfa.o(i._printf_core) for _printf_core
    printfa.o(i.__0snprintf) refers to printfa.o(i._snputc) for _snputc
    printfa.o(i.__0sprintf) refers (Special) to iusefp.o(.text) for __I$use$fp
    printfa.o(i.__0sprintf) refers to printfa.o(i._printf_core) for _printf_core
    printfa.o(i.__0sprintf) refers to printfa.o(i._sputc) for _sputc
    printfa.o(i.__0vfprintf) refers (Special) to iusefp.o(.text) for __I$use$fp
    printfa.o(i.__0vfprintf) refers to printfa.o(i._printf_core) for _printf_core
    printfa.o(i.__0vfprintf) refers to protocol.o(.text) for fputc
    printfa.o(i.__0vprintf) refers (Special) to iusefp.o(.text) for __I$use$fp
    printfa.o(i.__0vprintf) refers to printfa.o(i._printf_core) for _printf_core
    printfa.o(i.__0vprintf) refers to protocol.o(.text) for fputc
    printfa.o(i.__0vprintf) refers to stdout.o(.data) for __stdout
    printfa.o(i.__0vsnprintf) refers (Special) to iusefp.o(.text) for __I$use$fp
    printfa.o(i.__0vsnprintf) refers to printfa.o(i._printf_core) for _printf_core
    printfa.o(i.__0vsnprintf) refers to printfa.o(i._snputc) for _snputc
    printfa.o(i.__0vsprintf) refers (Special) to iusefp.o(.text) for __I$use$fp
    printfa.o(i.__0vsprintf) refers to printfa.o(i._printf_core) for _printf_core
    printfa.o(i.__0vsprintf) refers to printfa.o(i._sputc) for _sputc
    printfa.o(i._fp_digits) refers (Special) to iusefp.o(.text) for __I$use$fp
    printfa.o(i._fp_digits) refers to dmul.o(.text) for __aeabi_dmul
    printfa.o(i._fp_digits) refers to ddiv.o(.text) for __aeabi_ddiv
    printfa.o(i._fp_digits) refers to cdrcmple.o(.text) for __aeabi_cdrcmple
    printfa.o(i._fp_digits) refers to dadd.o(.text) for __aeabi_dadd
    printfa.o(i._fp_digits) refers to dfixul.o(.text) for __aeabi_d2ulz
    printfa.o(i._fp_digits) refers to uldiv.o(.text) for __aeabi_uldivmod
    printfa.o(i._printf_core) refers (Special) to iusefp.o(.text) for __I$use$fp
    printfa.o(i._printf_core) refers to printfa.o(i._printf_pre_padding) for _printf_pre_padding
    printfa.o(i._printf_core) refers to uldiv.o(.text) for __aeabi_uldivmod
    printfa.o(i._printf_core) refers to printfa.o(i._printf_post_padding) for _printf_post_padding
    printfa.o(i._printf_core) refers to printfa.o(i._fp_digits) for _fp_digits
    printfa.o(i._printf_core) refers to uidiv.o(.text) for __aeabi_uidivmod
    printfa.o(i._printf_post_padding) refers (Special) to iusefp.o(.text) for __I$use$fp
    printfa.o(i._printf_pre_padding) refers (Special) to iusefp.o(.text) for __I$use$fp
    printfa.o(i._snputc) refers (Special) to iusefp.o(.text) for __I$use$fp
    printfa.o(i._sputc) refers (Special) to iusefp.o(.text) for __I$use$fp
    fadd.o(.text) refers (Special) to iusefp.o(.text) for __I$use$fp
    fadd.o(.text) refers to fepilogue.o(.text) for _float_epilogue
    fmul.o(.text) refers (Special) to iusefp.o(.text) for __I$use$fp
    ffltui.o(.text) refers (Special) to iusefp.o(.text) for __I$use$fp
    ffltui.o(.text) refers to fepilogue.o(.text) for _float_epilogue
    ffixui.o(.text) refers (Special) to iusefp.o(.text) for __I$use$fp
    entry2.o(.ARM.Collect$$$$00000001) refers to entry2.o(.ARM.Collect$$$$00002712) for __lit__00000000
    entry2.o(.ARM.Collect$$$$00002712) refers to startup_stm32f10x_hd.o(STACK) for __initial_sp
    entry2.o(__vectab_stack_and_reset_area) refers to startup_stm32f10x_hd.o(STACK) for __initial_sp
    entry2.o(__vectab_stack_and_reset_area) refers to entry.o(.ARM.Collect$$$$00000000) for __main
    entry5.o(.ARM.Collect$$$$00000004) refers to init.o(.text) for __scatterload
    entry8.o(.ARM.Collect$$$$00000009) refers to main.o(.text) for main
    uldiv.o(.text) refers to llushr.o(.text) for __aeabi_llsr
    uldiv.o(.text) refers to llshl.o(.text) for __aeabi_llsl
    dadd.o(.text) refers to llshl.o(.text) for __aeabi_llsl
    dadd.o(.text) refers to llsshr.o(.text) for __aeabi_lasr
    dadd.o(.text) refers to depilogue.o(.text) for _double_epilogue
    dmul.o(.text) refers to depilogue.o(.text) for _double_epilogue
    ddiv.o(.text) refers to depilogue.o(.text) for _double_round
    dfixul.o(.text) refers to llushr.o(.text) for __aeabi_llsr
    dfixul.o(.text) refers to llshl.o(.text) for __aeabi_llsl
    init.o(.text) refers to entry5.o(.ARM.Collect$$$$00000004) for __main_after_scatterload
    depilogue.o(.text) refers to llshl.o(.text) for __aeabi_llsl
    depilogue.o(.text) refers to llushr.o(.text) for __aeabi_llsr


==============================================================================

Removing Unused input sections from the image.

    Removing core_cm3.o(.emb_text), (32 bytes).
    Removing stm32f10x_spi.o(.text), (780 bytes).
    Removing startup_stm32f10x_hd.o(HEAP), (512 bytes).
    Removing driver.o(.text), (110 bytes).
    Removing dadd.o(.text), (334 bytes).
    Removing dmul.o(.text), (228 bytes).
    Removing ddiv.o(.text), (222 bytes).
    Removing dfixul.o(.text), (48 bytes).
    Removing cdrcmple.o(.text), (40 bytes).
    Removing depilogue.o(.text), (190 bytes).

10 unused section(s) (total 2496 bytes) removed from the image.

==============================================================================

Image Symbol Table

    Local Symbols

    Symbol Name                              Value     Ov Type        Size  Object(Section)

    ../clib/microlib/division.c              0x00000000   Number         0  uldiv.o ABSOLUTE
    ../clib/microlib/division.c              0x00000000   Number         0  uidiv.o ABSOLUTE
    ../clib/microlib/init/entry.s            0x00000000   Number         0  entry.o ABSOLUTE
    ../clib/microlib/init/entry.s            0x00000000   Number         0  entry7b.o ABSOLUTE
    ../clib/microlib/init/entry.s            0x00000000   Number         0  entry2.o ABSOLUTE
    ../clib/microlib/init/entry.s            0x00000000   Number         0  entry5.o ABSOLUTE
    ../clib/microlib/init/entry.s            0x00000000   Number         0  entry7a.o ABSOLUTE
    ../clib/microlib/init/entry.s            0x00000000   Number         0  entry8.o ABSOLUTE
    ../clib/microlib/longlong.c              0x00000000   Number         0  llsshr.o ABSOLUTE
    ../clib/microlib/longlong.c              0x00000000   Number         0  llushr.o ABSOLUTE
    ../clib/microlib/longlong.c              0x00000000   Number         0  llshl.o ABSOLUTE
    ../clib/microlib/printf/printf.c         0x00000000   Number         0  printfb.o ABSOLUTE
    ../clib/microlib/printf/printf.c         0x00000000   Number         0  printf0.o ABSOLUTE
    ../clib/microlib/printf/printf.c         0x00000000   Number         0  printf1.o ABSOLUTE
    ../clib/microlib/printf/printf.c         0x00000000   Number         0  printf3.o ABSOLUTE
    ../clib/microlib/printf/printf.c         0x00000000   Number         0  printf2.o ABSOLUTE
    ../clib/microlib/printf/printf.c         0x00000000   Number         0  printf4.o ABSOLUTE
    ../clib/microlib/printf/printf.c         0x00000000   Number         0  printf6.o ABSOLUTE
    ../clib/microlib/printf/printf.c         0x00000000   Number         0  printf5.o ABSOLUTE
    ../clib/microlib/printf/printf.c         0x00000000   Number         0  printf7.o ABSOLUTE
    ../clib/microlib/printf/printf.c         0x00000000   Number         0  printf8.o ABSOLUTE
    ../clib/microlib/printf/printf.c         0x00000000   Number         0  printfa.o ABSOLUTE
    ../clib/microlib/printf/stubs.s          0x00000000   Number         0  stubs.o ABSOLUTE
    ../clib/microlib/stdio/streams.c         0x00000000   Number         0  stdout.o ABSOLUTE
    ../clib/microlib/string/memcpy.c         0x00000000   Number         0  memcpyb.o ABSOLUTE
    ../clib/microlib/string/memcpy.c         0x00000000   Number         0  memcpya.o ABSOLUTE
    ../clib/microlib/string/memset.c         0x00000000   Number         0  memseta.o ABSOLUTE
    ../clib/microlib/stubs.s                 0x00000000   Number         0  iusefp.o ABSOLUTE
    ../fplib/microlib/fpadd.c                0x00000000   Number         0  fadd.o ABSOLUTE
    ../fplib/microlib/fpadd.c                0x00000000   Number         0  dadd.o ABSOLUTE
    ../fplib/microlib/fpdiv.c                0x00000000   Number         0  ddiv.o ABSOLUTE
    ../fplib/microlib/fpepilogue.c           0x00000000   Number         0  fepilogue.o ABSOLUTE
    ../fplib/microlib/fpepilogue.c           0x00000000   Number         0  depilogue.o ABSOLUTE
    ../fplib/microlib/fpfix.c                0x00000000   Number         0  ffixui.o ABSOLUTE
    ../fplib/microlib/fpfix.c                0x00000000   Number         0  dfixul.o ABSOLUTE
    ../fplib/microlib/fpflt.c                0x00000000   Number         0  ffltui.o ABSOLUTE
    ../fplib/microlib/fpmul.c                0x00000000   Number         0  dmul.o ABSOLUTE
    ../fplib/microlib/fpmul.c                0x00000000   Number         0  fmul.o ABSOLUTE
    ..\CMSIS\CM3\CoreSupport\core_cm3.c      0x00000000   Number         0  core_cm3.o ABSOLUTE
    ..\CMSIS\CM3\DeviceSupport\ST\STM32F10x\system_stm32f10x.c 0x00000000   Number         0  system_stm32f10x.o ABSOLUTE
    ..\Driver\Driver.c                       0x00000000   Number         0  driver.o ABSOLUTE
    ..\Driver\MotorControl.c                 0x00000000   Number         0  motorcontrol.o ABSOLUTE
    ..\Driver\RudderControl.c                0x00000000   Number         0  ruddercontrol.o ABSOLUTE
    ..\Driver\STM32_DevInit.c                0x00000000   Number         0  stm32_devinit.o ABSOLUTE
    ..\Driver\UltrasonicControl.c            0x00000000   Number         0  ultrasoniccontrol.o ABSOLUTE
    ..\Driver\protocol.c                     0x00000000   Number         0  protocol.o ABSOLUTE
    ..\Driver\tool.c                         0x00000000   Number         0  tool.o ABSOLUTE
    ..\Libraries\src\misc.c                  0x00000000   Number         0  misc.o ABSOLUTE
    ..\Libraries\src\stm32f10x_gpio.c        0x00000000   Number         0  stm32f10x_gpio.o ABSOLUTE
    ..\Libraries\src\stm32f10x_rcc.c         0x00000000   Number         0  stm32f10x_rcc.o ABSOLUTE
    ..\Libraries\src\stm32f10x_spi.c         0x00000000   Number         0  stm32f10x_spi.o ABSOLUTE
    ..\Libraries\src\stm32f10x_tim.c         0x00000000   Number         0  stm32f10x_tim.o ABSOLUTE
    ..\Libraries\src\stm32f10x_usart.c       0x00000000   Number         0  stm32f10x_usart.o ABSOLUTE
    ..\Startup\startup_stm32f10x_hd.s        0x00000000   Number         0  startup_stm32f10x_hd.o ABSOLUTE
    ..\USER\main.c                           0x00000000   Number         0  main.o ABSOLUTE
    ..\USER\stm32f10x_it.c                   0x00000000   Number         0  stm32f10x_it.o ABSOLUTE
    ..\\CMSIS\\CM3\\CoreSupport\\core_cm3.c  0x00000000   Number         0  core_cm3.o ABSOLUTE
    cdrcmple.s                               0x00000000   Number         0  cdrcmple.o ABSOLUTE
    dc.s                                     0x00000000   Number         0  dc.o ABSOLUTE
    handlers.s                               0x00000000   Number         0  handlers.o ABSOLUTE
    init.s                                   0x00000000   Number         0  init.o ABSOLUTE
    RESET                                    0x08000000   Section      304  startup_stm32f10x_hd.o(RESET)
    .ARM.Collect$$$$00000000                 0x08000130   Section        0  entry.o(.ARM.Collect$$$$00000000)
    .ARM.Collect$$$$00000001                 0x08000130   Section        4  entry2.o(.ARM.Collect$$$$00000001)
    .ARM.Collect$$$$00000004                 0x08000134   Section        4  entry5.o(.ARM.Collect$$$$00000004)
    .ARM.Collect$$$$00000008                 0x08000138   Section        0  entry7b.o(.ARM.Collect$$$$00000008)
    .ARM.Collect$$$$00000009                 0x08000138   Section        8  entry8.o(.ARM.Collect$$$$00000009)
    .ARM.Collect$$$$00002712                 0x08000140   Section        4  entry2.o(.ARM.Collect$$$$00002712)
    __lit__00000000                          0x08000140   Data           4  entry2.o(.ARM.Collect$$$$00002712)
    .text                                    0x08000144   Section        0  main.o(.text)
    .text                                    0x08000208   Section        0  stm32f10x_it.o(.text)
    .text                                    0x080002b8   Section        0  system_stm32f10x.o(.text)
    SetSysClockTo72                          0x080002b9   Thumb Code   192  system_stm32f10x.o(.text)
    SetSysClock                              0x08000379   Thumb Code     8  system_stm32f10x.o(.text)
    .text                                    0x08000480   Section        0  stm32f10x_gpio.o(.text)
    .text                                    0x080007d8   Section        0  stm32f10x_rcc.o(.text)
    .text                                    0x08000b74   Section        0  stm32f10x_usart.o(.text)
    .text                                    0x08000f7c   Section        0  misc.o(.text)
    .text                                    0x08001058   Section        0  stm32f10x_tim.o(.text)
    TI4_Config                               0x080014ff   Thumb Code   130  stm32f10x_tim.o(.text)
    TI3_Config                               0x08001593   Thumb Code   122  stm32f10x_tim.o(.text)
    TI2_Config                               0x08001627   Thumb Code   130  stm32f10x_tim.o(.text)
    TI1_Config                               0x080016bb   Thumb Code   108  stm32f10x_tim.o(.text)
    .text                                    0x08001e74   Section       36  startup_stm32f10x_hd.o(.text)
    .text                                    0x08001e98   Section        0  stm32_devinit.o(.text)
    .text                                    0x08002230   Section        0  tool.o(.text)
    .text                                    0x080029d0   Section        0  protocol.o(.text)
    .text                                    0x08002edc   Section        0  ruddercontrol.o(.text)
    .text                                    0x0800300c   Section        0  ultrasoniccontrol.o(.text)
    .text                                    0x080030d8   Section        0  motorcontrol.o(.text)
    .text                                    0x08003230   Section        0  memcpya.o(.text)
    .text                                    0x08003254   Section        0  memseta.o(.text)
    .text                                    0x08003278   Section        0  fadd.o(.text)
    .text                                    0x08003328   Section        0  fmul.o(.text)
    .text                                    0x08003394   Section        0  ffltui.o(.text)
    .text                                    0x0800339e   Section        0  ffixui.o(.text)
    .text                                    0x080033c6   Section        0  uidiv.o(.text)
    .text                                    0x080033f2   Section        0  iusefp.o(.text)
    .text                                    0x080033f2   Section        0  fepilogue.o(.text)
    .text                                    0x08003460   Section       36  init.o(.text)
    i.__0printf$3                            0x08003484   Section        0  printf3.o(i.__0printf$3)
    i.__scatterload_copy                     0x080034a4   Section       14  handlers.o(i.__scatterload_copy)
    i.__scatterload_null                     0x080034b2   Section        2  handlers.o(i.__scatterload_null)
    i.__scatterload_zeroinit                 0x080034b4   Section       14  handlers.o(i.__scatterload_zeroinit)
    i._printf_core                           0x080034c4   Section        0  printf3.o(i._printf_core)
    _printf_core                             0x080034c5   Thumb Code   436  printf3.o(i._printf_core)
    .data                                    0x20000000   Section        3  main.o(.data)
    .data                                    0x20000004   Section       20  system_stm32f10x.o(.data)
    .data                                    0x20000018   Section       20  stm32f10x_rcc.o(.data)
    APBAHBPrescTable                         0x20000018   Data          16  stm32f10x_rcc.o(.data)
    ADCPrescTable                            0x20000028   Data           4  stm32f10x_rcc.o(.data)
    .data                                    0x2000002c   Section       16  tool.o(.data)
    .data                                    0x2000003c   Section       20  protocol.o(.data)
    _recv_index                              0x2000003d   Data           1  protocol.o(.data)
    _is_F8                                   0x2000003e   Data           1  protocol.o(.data)
    _sum                                     0x20000040   Data           2  protocol.o(.data)
    _send_index                              0x20000042   Data           1  protocol.o(.data)
    _head                                    0x20000043   Data           1  protocol.o(.data)
    _is_FE                                   0x20000044   Data           1  protocol.o(.data)
    .data                                    0x20000050   Section       11  ruddercontrol.o(.data)
    .data                                    0x2000005c   Section       12  ultrasoniccontrol.o(.data)
    .data                                    0x20000068   Section        8  motorcontrol.o(.data)
    .data                                    0x20000070   Section        4  stdout.o(.data)
    .bss                                     0x20000074   Section      884  tool.o(.bss)
    .bss                                     0x200003e8   Section     2810  protocol.o(.bss)
    _recv_buf                                0x20000ac8   Data          50  protocol.o(.bss)
    _Uart_Tx_Buff                            0x20000afa   Data        1000  protocol.o(.bss)
    .bss                                     0x20000ee4   Section       32  ruddercontrol.o(.bss)
    .bss                                     0x20000f04   Section       64  motorcontrol.o(.bss)
    STACK                                    0x20000f48   Section     1024  startup_stm32f10x_hd.o(STACK)

    Global Symbols

    Symbol Name                              Value     Ov Type        Size  Object(Section)

    BuildAttributes$$THM_ISAv4$P$D$K$B$S$PE$A:L22UL41UL21$X:L11$S22US41US21$IEEE1$IW$USESV6$~STKCKD$USESV7$~SHL$OTIME$ROPI$EBA8$MICROLIB$REQ8$PRES8$EABIv2 0x00000000   Number         0  anon$$obj.o ABSOLUTE
    __ARM_use_no_argv                        0x00000000   Number         0  main.o ABSOLUTE
    _printf_a                                0x00000000   Number         0  stubs.o ABSOLUTE
    _printf_c                                0x00000000   Number         0  stubs.o ABSOLUTE
    _printf_charcount                        0x00000000   Number         0  stubs.o ABSOLUTE
    _printf_d                                0x00000000   Number         0  stubs.o ABSOLUTE
    _printf_e                                0x00000000   Number         0  stubs.o ABSOLUTE
    _printf_f                                0x00000000   Number         0  stubs.o ABSOLUTE
    _printf_flags                            0x00000000   Number         0  stubs.o ABSOLUTE
    _printf_fp_dec                           0x00000000   Number         0  stubs.o ABSOLUTE
    _printf_fp_hex                           0x00000000   Number         0  stubs.o ABSOLUTE
    _printf_g                                0x00000000   Number         0  stubs.o ABSOLUTE
    _printf_i                                0x00000000   Number         0  stubs.o ABSOLUTE
    _printf_int_dec                          0x00000000   Number         0  stubs.o ABSOLUTE
    _printf_l                                0x00000000   Number         0  stubs.o ABSOLUTE
    _printf_lc                               0x00000000   Number         0  stubs.o ABSOLUTE
    _printf_ll                               0x00000000   Number         0  stubs.o ABSOLUTE
    _printf_lld                              0x00000000   Number         0  stubs.o ABSOLUTE
    _printf_lli                              0x00000000   Number         0  stubs.o ABSOLUTE
    _printf_llo                              0x00000000   Number         0  stubs.o ABSOLUTE
    _printf_llu                              0x00000000   Number         0  stubs.o ABSOLUTE
    _printf_llx                              0x00000000   Number         0  stubs.o ABSOLUTE
    _printf_longlong_dec                     0x00000000   Number         0  stubs.o ABSOLUTE
    _printf_longlong_hex                     0x00000000   Number         0  stubs.o ABSOLUTE
    _printf_longlong_oct                     0x00000000   Number         0  stubs.o ABSOLUTE
    _printf_ls                               0x00000000   Number         0  stubs.o ABSOLUTE
    _printf_mbtowc                           0x00000000   Number         0  stubs.o ABSOLUTE
    _printf_n                                0x00000000   Number         0  stubs.o ABSOLUTE
    _printf_o                                0x00000000   Number         0  stubs.o ABSOLUTE
    _printf_p                                0x00000000   Number         0  stubs.o ABSOLUTE
    _printf_percent                          0x00000000   Number         0  stubs.o ABSOLUTE
    _printf_pre_padding                      0x00000000   Number         0  stubs.o ABSOLUTE
    _printf_return_value                     0x00000000   Number         0  stubs.o ABSOLUTE
    _printf_s                                0x00000000   Number         0  stubs.o ABSOLUTE
    _printf_sizespec                         0x00000000   Number         0  stubs.o ABSOLUTE
    _printf_str                              0x00000000   Number         0  stubs.o ABSOLUTE
    _printf_truncate_signed                  0x00000000   Number         0  stubs.o ABSOLUTE
    _printf_truncate_unsigned                0x00000000   Number         0  stubs.o ABSOLUTE
    _printf_u                                0x00000000   Number         0  stubs.o ABSOLUTE
    _printf_wc                               0x00000000   Number         0  stubs.o ABSOLUTE
    _printf_wctomb                           0x00000000   Number         0  stubs.o ABSOLUTE
    _printf_widthprec                        0x00000000   Number         0  stubs.o ABSOLUTE
    _printf_x                                0x00000000   Number         0  stubs.o ABSOLUTE
    __decompress                              - Undefined Weak Reference
    _clock_init                               - Undefined Weak Reference
    __Vectors_Size                           0x00000130   Number         0  startup_stm32f10x_hd.o ABSOLUTE
    __Vectors                                0x08000000   Data           4  startup_stm32f10x_hd.o(RESET)
    __Vectors_End                            0x08000130   Data           0  startup_stm32f10x_hd.o(RESET)
    __main                                   0x08000131   Thumb Code     0  entry.o(.ARM.Collect$$$$00000000)
    _main_stk                                0x08000131   Thumb Code     0  entry2.o(.ARM.Collect$$$$00000001)
    _main_scatterload                        0x08000135   Thumb Code     0  entry5.o(.ARM.Collect$$$$00000004)
    __main_after_scatterload                 0x08000139   Thumb Code     0  entry5.o(.ARM.Collect$$$$00000004)
    _main_clock                              0x08000139   Thumb Code     0  entry7b.o(.ARM.Collect$$$$00000008)
    _main_init                               0x08000139   Thumb Code     0  entry8.o(.ARM.Collect$$$$00000009)
    LED_TEST                                 0x08000145   Thumb Code    40  main.o(.text)
    test                                     0x0800016d   Thumb Code    94  main.o(.text)
    main                                     0x080001cb   Thumb Code    34  main.o(.text)
    NMI_Handler                              0x08000209   Thumb Code     2  stm32f10x_it.o(.text)
    HardFault_Handler                        0x0800020b   Thumb Code     4  stm32f10x_it.o(.text)
    MemManage_Handler                        0x0800020f   Thumb Code     4  stm32f10x_it.o(.text)
    BusFault_Handler                         0x08000213   Thumb Code     4  stm32f10x_it.o(.text)
    UsageFault_Handler                       0x08000217   Thumb Code     4  stm32f10x_it.o(.text)
    SVC_Handler                              0x0800021b   Thumb Code     2  stm32f10x_it.o(.text)
    DebugMon_Handler                         0x0800021d   Thumb Code     2  stm32f10x_it.o(.text)
    PendSV_Handler                           0x0800021f   Thumb Code     2  stm32f10x_it.o(.text)
    SysTick_Handler                          0x08000221   Thumb Code     2  stm32f10x_it.o(.text)
    TIM4_IRQHandler                          0x08000223   Thumb Code    18  stm32f10x_it.o(.text)
    USART1_IRQHandler                        0x08000235   Thumb Code    44  stm32f10x_it.o(.text)
    UART4_IRQHandler                         0x08000261   Thumb Code    46  stm32f10x_it.o(.text)
    SystemInit                               0x08000381   Thumb Code    78  system_stm32f10x.o(.text)
    SystemCoreClockUpdate                    0x080003cf   Thumb Code   142  system_stm32f10x.o(.text)
    GPIO_DeInit                              0x08000481   Thumb Code   172  stm32f10x_gpio.o(.text)
    GPIO_AFIODeInit                          0x0800052d   Thumb Code    20  stm32f10x_gpio.o(.text)
    GPIO_Init                                0x08000541   Thumb Code   274  stm32f10x_gpio.o(.text)
    GPIO_StructInit                          0x08000653   Thumb Code    16  stm32f10x_gpio.o(.text)
    GPIO_ReadInputDataBit                    0x08000663   Thumb Code    18  stm32f10x_gpio.o(.text)
    GPIO_ReadInputData                       0x08000675   Thumb Code     8  stm32f10x_gpio.o(.text)
    GPIO_ReadOutputDataBit                   0x0800067d   Thumb Code    18  stm32f10x_gpio.o(.text)
    GPIO_ReadOutputData                      0x0800068f   Thumb Code     8  stm32f10x_gpio.o(.text)
    GPIO_SetBits                             0x08000697   Thumb Code     4  stm32f10x_gpio.o(.text)
    GPIO_ResetBits                           0x0800069b   Thumb Code     4  stm32f10x_gpio.o(.text)
    GPIO_WriteBit                            0x0800069f   Thumb Code    10  stm32f10x_gpio.o(.text)
    GPIO_Write                               0x080006a9   Thumb Code     4  stm32f10x_gpio.o(.text)
    GPIO_PinLockConfig                       0x080006ad   Thumb Code    18  stm32f10x_gpio.o(.text)
    GPIO_EventOutputConfig                   0x080006bf   Thumb Code    26  stm32f10x_gpio.o(.text)
    GPIO_EventOutputCmd                      0x080006d9   Thumb Code     6  stm32f10x_gpio.o(.text)
    GPIO_PinRemapConfig                      0x080006df   Thumb Code   138  stm32f10x_gpio.o(.text)
    GPIO_EXTILineConfig                      0x08000769   Thumb Code    66  stm32f10x_gpio.o(.text)
    GPIO_ETH_MediaInterfaceConfig            0x080007ab   Thumb Code     6  stm32f10x_gpio.o(.text)
    RCC_DeInit                               0x080007d9   Thumb Code    64  stm32f10x_rcc.o(.text)
    RCC_HSEConfig                            0x08000819   Thumb Code    70  stm32f10x_rcc.o(.text)
    RCC_GetFlagStatus                        0x0800085f   Thumb Code    56  stm32f10x_rcc.o(.text)
    RCC_WaitForHSEStartUp                    0x08000897   Thumb Code    48  stm32f10x_rcc.o(.text)
    RCC_AdjustHSICalibrationValue            0x080008c7   Thumb Code    20  stm32f10x_rcc.o(.text)
    RCC_HSICmd                               0x080008db   Thumb Code     6  stm32f10x_rcc.o(.text)
    RCC_PLLConfig                            0x080008e1   Thumb Code    24  stm32f10x_rcc.o(.text)
    RCC_PLLCmd                               0x080008f9   Thumb Code     6  stm32f10x_rcc.o(.text)
    RCC_SYSCLKConfig                         0x080008ff   Thumb Code    18  stm32f10x_rcc.o(.text)
    RCC_GetSYSCLKSource                      0x08000911   Thumb Code    10  stm32f10x_rcc.o(.text)
    RCC_HCLKConfig                           0x0800091b   Thumb Code    18  stm32f10x_rcc.o(.text)
    RCC_PCLK1Config                          0x0800092d   Thumb Code    18  stm32f10x_rcc.o(.text)
    RCC_PCLK2Config                          0x0800093f   Thumb Code    20  stm32f10x_rcc.o(.text)
    RCC_ITConfig                             0x08000953   Thumb Code    26  stm32f10x_rcc.o(.text)
    RCC_USBCLKConfig                         0x0800096d   Thumb Code     6  stm32f10x_rcc.o(.text)
    RCC_ADCCLKConfig                         0x08000973   Thumb Code    18  stm32f10x_rcc.o(.text)
    RCC_LSEConfig                            0x08000985   Thumb Code    44  stm32f10x_rcc.o(.text)
    RCC_LSICmd                               0x080009b1   Thumb Code     6  stm32f10x_rcc.o(.text)
    RCC_RTCCLKConfig                         0x080009b7   Thumb Code    12  stm32f10x_rcc.o(.text)
    RCC_RTCCLKCmd                            0x080009c3   Thumb Code     8  stm32f10x_rcc.o(.text)
    RCC_GetClocksFreq                        0x080009cb   Thumb Code   192  stm32f10x_rcc.o(.text)
    RCC_AHBPeriphClockCmd                    0x08000a8b   Thumb Code    26  stm32f10x_rcc.o(.text)
    RCC_APB2PeriphClockCmd                   0x08000aa5   Thumb Code    26  stm32f10x_rcc.o(.text)
    RCC_APB1PeriphClockCmd                   0x08000abf   Thumb Code    26  stm32f10x_rcc.o(.text)
    RCC_APB2PeriphResetCmd                   0x08000ad9   Thumb Code    26  stm32f10x_rcc.o(.text)
    RCC_APB1PeriphResetCmd                   0x08000af3   Thumb Code    26  stm32f10x_rcc.o(.text)
    RCC_BackupResetCmd                       0x08000b0d   Thumb Code     8  stm32f10x_rcc.o(.text)
    RCC_ClockSecuritySystemCmd               0x08000b15   Thumb Code     6  stm32f10x_rcc.o(.text)
    RCC_MCOConfig                            0x08000b1b   Thumb Code     6  stm32f10x_rcc.o(.text)
    RCC_ClearFlag                            0x08000b21   Thumb Code    14  stm32f10x_rcc.o(.text)
    RCC_GetITStatus                          0x08000b2f   Thumb Code    20  stm32f10x_rcc.o(.text)
    RCC_ClearITPendingBit                    0x08000b43   Thumb Code     6  stm32f10x_rcc.o(.text)
    USART_DeInit                             0x08000b75   Thumb Code   134  stm32f10x_usart.o(.text)
    USART_Init                               0x08000bfb   Thumb Code   210  stm32f10x_usart.o(.text)
    USART_StructInit                         0x08000ccd   Thumb Code    24  stm32f10x_usart.o(.text)
    USART_ClockInit                          0x08000ce5   Thumb Code    34  stm32f10x_usart.o(.text)
    USART_ClockStructInit                    0x08000d07   Thumb Code    12  stm32f10x_usart.o(.text)
    USART_Cmd                                0x08000d13   Thumb Code    24  stm32f10x_usart.o(.text)
    USART_ITConfig                           0x08000d2b   Thumb Code    74  stm32f10x_usart.o(.text)
    USART_DMACmd                             0x08000d75   Thumb Code    18  stm32f10x_usart.o(.text)
    USART_SetAddress                         0x08000d87   Thumb Code    18  stm32f10x_usart.o(.text)
    USART_WakeUpConfig                       0x08000d99   Thumb Code    18  stm32f10x_usart.o(.text)
    USART_ReceiverWakeUpCmd                  0x08000dab   Thumb Code    24  stm32f10x_usart.o(.text)
    USART_LINBreakDetectLengthConfig         0x08000dc3   Thumb Code    18  stm32f10x_usart.o(.text)
    USART_LINCmd                             0x08000dd5   Thumb Code    24  stm32f10x_usart.o(.text)
    USART_SendData                           0x08000ded   Thumb Code     8  stm32f10x_usart.o(.text)
    USART_ReceiveData                        0x08000df5   Thumb Code    10  stm32f10x_usart.o(.text)
    USART_SendBreak                          0x08000dff   Thumb Code    10  stm32f10x_usart.o(.text)
    USART_SetGuardTime                       0x08000e09   Thumb Code    16  stm32f10x_usart.o(.text)
    USART_SetPrescaler                       0x08000e19   Thumb Code    16  stm32f10x_usart.o(.text)
    USART_SmartCardCmd                       0x08000e29   Thumb Code    24  stm32f10x_usart.o(.text)
    USART_SmartCardNACKCmd                   0x08000e41   Thumb Code    24  stm32f10x_usart.o(.text)
    USART_HalfDuplexCmd                      0x08000e59   Thumb Code    24  stm32f10x_usart.o(.text)
    USART_OverSampling8Cmd                   0x08000e71   Thumb Code    22  stm32f10x_usart.o(.text)
    USART_OneBitMethodCmd                    0x08000e87   Thumb Code    24  stm32f10x_usart.o(.text)
    USART_IrDAConfig                         0x08000e9f   Thumb Code    18  stm32f10x_usart.o(.text)
    USART_IrDACmd                            0x08000eb1   Thumb Code    24  stm32f10x_usart.o(.text)
    USART_GetFlagStatus                      0x08000ec9   Thumb Code    26  stm32f10x_usart.o(.text)
    USART_ClearFlag                          0x08000ee3   Thumb Code    18  stm32f10x_usart.o(.text)
    USART_GetITStatus                        0x08000ef5   Thumb Code    84  stm32f10x_usart.o(.text)
    USART_ClearITPendingBit                  0x08000f49   Thumb Code    52  stm32f10x_usart.o(.text)
    NVIC_PriorityGroupConfig                 0x08000f7d   Thumb Code    10  misc.o(.text)
    NVIC_Init                                0x08000f87   Thumb Code   102  misc.o(.text)
    NVIC_SetVectorTable                      0x08000fed   Thumb Code    14  misc.o(.text)
    NVIC_SystemLPConfig                      0x08000ffb   Thumb Code    34  misc.o(.text)
    SysTick_CLKSourceConfig                  0x0800101d   Thumb Code    40  misc.o(.text)
    TIM_DeInit                               0x08001059   Thumb Code   424  stm32f10x_tim.o(.text)
    TIM_TimeBaseInit                         0x08001201   Thumb Code   122  stm32f10x_tim.o(.text)
    TIM_OC1Init                              0x0800127b   Thumb Code   132  stm32f10x_tim.o(.text)
    TIM_OC2Init                              0x080012ff   Thumb Code   154  stm32f10x_tim.o(.text)
    TIM_OC3Init                              0x08001399   Thumb Code   150  stm32f10x_tim.o(.text)
    TIM_OC4Init                              0x0800142f   Thumb Code   182  stm32f10x_tim.o(.text)
    TIM_SetIC4Prescaler                      0x080014e5   Thumb Code    26  stm32f10x_tim.o(.text)
    TIM_SetIC3Prescaler                      0x08001581   Thumb Code    18  stm32f10x_tim.o(.text)
    TIM_SetIC2Prescaler                      0x0800160d   Thumb Code    26  stm32f10x_tim.o(.text)
    TIM_SetIC1Prescaler                      0x080016a9   Thumb Code    18  stm32f10x_tim.o(.text)
    TIM_ICInit                               0x08001727   Thumb Code   150  stm32f10x_tim.o(.text)
    TIM_PWMIConfig                           0x080017bd   Thumb Code   124  stm32f10x_tim.o(.text)
    TIM_BDTRConfig                           0x08001839   Thumb Code    32  stm32f10x_tim.o(.text)
    TIM_TimeBaseStructInit                   0x08001859   Thumb Code    18  stm32f10x_tim.o(.text)
    TIM_OCStructInit                         0x0800186b   Thumb Code    20  stm32f10x_tim.o(.text)
    TIM_ICStructInit                         0x0800187f   Thumb Code    18  stm32f10x_tim.o(.text)
    TIM_BDTRStructInit                       0x08001891   Thumb Code    40  stm32f10x_tim.o(.text)
    TIM_Cmd                                  0x080018b9   Thumb Code    24  stm32f10x_tim.o(.text)
    TIM_CtrlPWMOutputs                       0x080018d1   Thumb Code    30  stm32f10x_tim.o(.text)
    TIM_ITConfig                             0x080018ef   Thumb Code    18  stm32f10x_tim.o(.text)
    TIM_GenerateEvent                        0x08001901   Thumb Code     4  stm32f10x_tim.o(.text)
    TIM_DMAConfig                            0x08001905   Thumb Code    10  stm32f10x_tim.o(.text)
    TIM_DMACmd                               0x0800190f   Thumb Code    18  stm32f10x_tim.o(.text)
    TIM_InternalClockConfig                  0x08001921   Thumb Code    12  stm32f10x_tim.o(.text)
    TIM_SelectInputTrigger                   0x0800192d   Thumb Code    18  stm32f10x_tim.o(.text)
    TIM_ITRxExternalClockConfig              0x0800193f   Thumb Code    24  stm32f10x_tim.o(.text)
    TIM_TIxExternalClockConfig               0x08001957   Thumb Code    62  stm32f10x_tim.o(.text)
    TIM_ETRConfig                            0x08001995   Thumb Code    28  stm32f10x_tim.o(.text)
    TIM_ETRClockMode1Config                  0x080019b1   Thumb Code    54  stm32f10x_tim.o(.text)
    TIM_ETRClockMode2Config                  0x080019e7   Thumb Code    32  stm32f10x_tim.o(.text)
    TIM_PrescalerConfig                      0x08001a07   Thumb Code     6  stm32f10x_tim.o(.text)
    TIM_CounterModeConfig                    0x08001a0d   Thumb Code    18  stm32f10x_tim.o(.text)
    TIM_EncoderInterfaceConfig               0x08001a1f   Thumb Code    66  stm32f10x_tim.o(.text)
    TIM_ForcedOC1Config                      0x08001a61   Thumb Code    18  stm32f10x_tim.o(.text)
    TIM_ForcedOC2Config                      0x08001a73   Thumb Code    26  stm32f10x_tim.o(.text)
    TIM_ForcedOC3Config                      0x08001a8d   Thumb Code    18  stm32f10x_tim.o(.text)
    TIM_ForcedOC4Config                      0x08001a9f   Thumb Code    26  stm32f10x_tim.o(.text)
    TIM_ARRPreloadConfig                     0x08001ab9   Thumb Code    24  stm32f10x_tim.o(.text)
    TIM_SelectCOM                            0x08001ad1   Thumb Code    24  stm32f10x_tim.o(.text)
    TIM_SelectCCDMA                          0x08001ae9   Thumb Code    24  stm32f10x_tim.o(.text)
    TIM_CCPreloadControl                     0x08001b01   Thumb Code    24  stm32f10x_tim.o(.text)
    TIM_OC1PreloadConfig                     0x08001b19   Thumb Code    18  stm32f10x_tim.o(.text)
    TIM_OC2PreloadConfig                     0x08001b2b   Thumb Code    26  stm32f10x_tim.o(.text)
    TIM_OC3PreloadConfig                     0x08001b45   Thumb Code    18  stm32f10x_tim.o(.text)
    TIM_OC4PreloadConfig                     0x08001b57   Thumb Code    26  stm32f10x_tim.o(.text)
    TIM_OC1FastConfig                        0x08001b71   Thumb Code    18  stm32f10x_tim.o(.text)
    TIM_OC2FastConfig                        0x08001b83   Thumb Code    26  stm32f10x_tim.o(.text)
    TIM_OC3FastConfig                        0x08001b9d   Thumb Code    18  stm32f10x_tim.o(.text)
    TIM_OC4FastConfig                        0x08001baf   Thumb Code    26  stm32f10x_tim.o(.text)
    TIM_ClearOC1Ref                          0x08001bc9   Thumb Code    18  stm32f10x_tim.o(.text)
    TIM_ClearOC2Ref                          0x08001bdb   Thumb Code    24  stm32f10x_tim.o(.text)
    TIM_ClearOC3Ref                          0x08001bf3   Thumb Code    18  stm32f10x_tim.o(.text)
    TIM_ClearOC4Ref                          0x08001c05   Thumb Code    24  stm32f10x_tim.o(.text)
    TIM_OC1PolarityConfig                    0x08001c1d   Thumb Code    18  stm32f10x_tim.o(.text)
    TIM_OC1NPolarityConfig                   0x08001c2f   Thumb Code    18  stm32f10x_tim.o(.text)
    TIM_OC2PolarityConfig                    0x08001c41   Thumb Code    26  stm32f10x_tim.o(.text)
    TIM_OC2NPolarityConfig                   0x08001c5b   Thumb Code    26  stm32f10x_tim.o(.text)
    TIM_OC3PolarityConfig                    0x08001c75   Thumb Code    26  stm32f10x_tim.o(.text)
    TIM_OC3NPolarityConfig                   0x08001c8f   Thumb Code    26  stm32f10x_tim.o(.text)
    TIM_OC4PolarityConfig                    0x08001ca9   Thumb Code    26  stm32f10x_tim.o(.text)
    TIM_CCxCmd                               0x08001cc3   Thumb Code    30  stm32f10x_tim.o(.text)
    TIM_CCxNCmd                              0x08001ce1   Thumb Code    30  stm32f10x_tim.o(.text)
    TIM_SelectOCxM                           0x08001cff   Thumb Code    82  stm32f10x_tim.o(.text)
    TIM_UpdateDisableConfig                  0x08001d51   Thumb Code    24  stm32f10x_tim.o(.text)
    TIM_UpdateRequestConfig                  0x08001d69   Thumb Code    24  stm32f10x_tim.o(.text)
    TIM_SelectHallSensor                     0x08001d81   Thumb Code    24  stm32f10x_tim.o(.text)
    TIM_SelectOnePulseMode                   0x08001d99   Thumb Code    18  stm32f10x_tim.o(.text)
    TIM_SelectOutputTrigger                  0x08001dab   Thumb Code    18  stm32f10x_tim.o(.text)
    TIM_SelectSlaveMode                      0x08001dbd   Thumb Code    18  stm32f10x_tim.o(.text)
    TIM_SelectMasterSlaveMode                0x08001dcf   Thumb Code    18  stm32f10x_tim.o(.text)
    TIM_SetCounter                           0x08001de1   Thumb Code     4  stm32f10x_tim.o(.text)
    TIM_SetAutoreload                        0x08001de5   Thumb Code     4  stm32f10x_tim.o(.text)
    TIM_SetCompare1                          0x08001de9   Thumb Code     4  stm32f10x_tim.o(.text)
    TIM_SetCompare2                          0x08001ded   Thumb Code     4  stm32f10x_tim.o(.text)
    TIM_SetCompare3                          0x08001df1   Thumb Code     4  stm32f10x_tim.o(.text)
    TIM_SetCompare4                          0x08001df5   Thumb Code     6  stm32f10x_tim.o(.text)
    TIM_SetClockDivision                     0x08001dfb   Thumb Code    18  stm32f10x_tim.o(.text)
    TIM_GetCapture1                          0x08001e0d   Thumb Code     6  stm32f10x_tim.o(.text)
    TIM_GetCapture2                          0x08001e13   Thumb Code     6  stm32f10x_tim.o(.text)
    TIM_GetCapture3                          0x08001e19   Thumb Code     6  stm32f10x_tim.o(.text)
    TIM_GetCapture4                          0x08001e1f   Thumb Code     8  stm32f10x_tim.o(.text)
    TIM_GetCounter                           0x08001e27   Thumb Code     6  stm32f10x_tim.o(.text)
    TIM_GetPrescaler                         0x08001e2d   Thumb Code     6  stm32f10x_tim.o(.text)
    TIM_GetFlagStatus                        0x08001e33   Thumb Code    18  stm32f10x_tim.o(.text)
    TIM_ClearFlag                            0x08001e45   Thumb Code     6  stm32f10x_tim.o(.text)
    TIM_GetITStatus                          0x08001e4b   Thumb Code    34  stm32f10x_tim.o(.text)
    TIM_ClearITPendingBit                    0x08001e6d   Thumb Code     6  stm32f10x_tim.o(.text)
    Reset_Handler                            0x08001e75   Thumb Code     8  startup_stm32f10x_hd.o(.text)
    ADC1_2_IRQHandler                        0x08001e8f   Thumb Code     0  startup_stm32f10x_hd.o(.text)
    ADC3_IRQHandler                          0x08001e8f   Thumb Code     0  startup_stm32f10x_hd.o(.text)
    CAN1_RX1_IRQHandler                      0x08001e8f   Thumb Code     0  startup_stm32f10x_hd.o(.text)
    CAN1_SCE_IRQHandler                      0x08001e8f   Thumb Code     0  startup_stm32f10x_hd.o(.text)
    DMA1_Channel1_IRQHandler                 0x08001e8f   Thumb Code     0  startup_stm32f10x_hd.o(.text)
    DMA1_Channel2_IRQHandler                 0x08001e8f   Thumb Code     0  startup_stm32f10x_hd.o(.text)
    DMA1_Channel3_IRQHandler                 0x08001e8f   Thumb Code     0  startup_stm32f10x_hd.o(.text)
    DMA1_Channel4_IRQHandler                 0x08001e8f   Thumb Code     0  startup_stm32f10x_hd.o(.text)
    DMA1_Channel5_IRQHandler                 0x08001e8f   Thumb Code     0  startup_stm32f10x_hd.o(.text)
    DMA1_Channel6_IRQHandler                 0x08001e8f   Thumb Code     0  startup_stm32f10x_hd.o(.text)
    DMA1_Channel7_IRQHandler                 0x08001e8f   Thumb Code     0  startup_stm32f10x_hd.o(.text)
    DMA2_Channel1_IRQHandler                 0x08001e8f   Thumb Code     0  startup_stm32f10x_hd.o(.text)
    DMA2_Channel2_IRQHandler                 0x08001e8f   Thumb Code     0  startup_stm32f10x_hd.o(.text)
    DMA2_Channel3_IRQHandler                 0x08001e8f   Thumb Code     0  startup_stm32f10x_hd.o(.text)
    DMA2_Channel4_5_IRQHandler               0x08001e8f   Thumb Code     0  startup_stm32f10x_hd.o(.text)
    EXTI0_IRQHandler                         0x08001e8f   Thumb Code     0  startup_stm32f10x_hd.o(.text)
    EXTI15_10_IRQHandler                     0x08001e8f   Thumb Code     0  startup_stm32f10x_hd.o(.text)
    EXTI1_IRQHandler                         0x08001e8f   Thumb Code     0  startup_stm32f10x_hd.o(.text)
    EXTI2_IRQHandler                         0x08001e8f   Thumb Code     0  startup_stm32f10x_hd.o(.text)
    EXTI3_IRQHandler                         0x08001e8f   Thumb Code     0  startup_stm32f10x_hd.o(.text)
    EXTI4_IRQHandler                         0x08001e8f   Thumb Code     0  startup_stm32f10x_hd.o(.text)
    EXTI9_5_IRQHandler                       0x08001e8f   Thumb Code     0  startup_stm32f10x_hd.o(.text)
    FLASH_IRQHandler                         0x08001e8f   Thumb Code     0  startup_stm32f10x_hd.o(.text)
    FSMC_IRQHandler                          0x08001e8f   Thumb Code     0  startup_stm32f10x_hd.o(.text)
    I2C1_ER_IRQHandler                       0x08001e8f   Thumb Code     0  startup_stm32f10x_hd.o(.text)
    I2C1_EV_IRQHandler                       0x08001e8f   Thumb Code     0  startup_stm32f10x_hd.o(.text)
    I2C2_ER_IRQHandler                       0x08001e8f   Thumb Code     0  startup_stm32f10x_hd.o(.text)
    I2C2_EV_IRQHandler                       0x08001e8f   Thumb Code     0  startup_stm32f10x_hd.o(.text)
    PVD_IRQHandler                           0x08001e8f   Thumb Code     0  startup_stm32f10x_hd.o(.text)
    RCC_IRQHandler                           0x08001e8f   Thumb Code     0  startup_stm32f10x_hd.o(.text)
    RTCAlarm_IRQHandler                      0x08001e8f   Thumb Code     0  startup_stm32f10x_hd.o(.text)
    RTC_IRQHandler                           0x08001e8f   Thumb Code     0  startup_stm32f10x_hd.o(.text)
    SDIO_IRQHandler                          0x08001e8f   Thumb Code     0  startup_stm32f10x_hd.o(.text)
    SPI1_IRQHandler                          0x08001e8f   Thumb Code     0  startup_stm32f10x_hd.o(.text)
    SPI2_IRQHandler                          0x08001e8f   Thumb Code     0  startup_stm32f10x_hd.o(.text)
    SPI3_IRQHandler                          0x08001e8f   Thumb Code     0  startup_stm32f10x_hd.o(.text)
    TAMPER_IRQHandler                        0x08001e8f   Thumb Code     0  startup_stm32f10x_hd.o(.text)
    TIM1_BRK_IRQHandler                      0x08001e8f   Thumb Code     0  startup_stm32f10x_hd.o(.text)
    TIM1_CC_IRQHandler                       0x08001e8f   Thumb Code     0  startup_stm32f10x_hd.o(.text)
    TIM1_TRG_COM_IRQHandler                  0x08001e8f   Thumb Code     0  startup_stm32f10x_hd.o(.text)
    TIM1_UP_IRQHandler                       0x08001e8f   Thumb Code     0  startup_stm32f10x_hd.o(.text)
    TIM2_IRQHandler                          0x08001e8f   Thumb Code     0  startup_stm32f10x_hd.o(.text)
    TIM3_IRQHandler                          0x08001e8f   Thumb Code     0  startup_stm32f10x_hd.o(.text)
    TIM5_IRQHandler                          0x08001e8f   Thumb Code     0  startup_stm32f10x_hd.o(.text)
    TIM6_IRQHandler                          0x08001e8f   Thumb Code     0  startup_stm32f10x_hd.o(.text)
    TIM7_IRQHandler                          0x08001e8f   Thumb Code     0  startup_stm32f10x_hd.o(.text)
    TIM8_BRK_IRQHandler                      0x08001e8f   Thumb Code     0  startup_stm32f10x_hd.o(.text)
    TIM8_CC_IRQHandler                       0x08001e8f   Thumb Code     0  startup_stm32f10x_hd.o(.text)
    TIM8_TRG_COM_IRQHandler                  0x08001e8f   Thumb Code     0  startup_stm32f10x_hd.o(.text)
    TIM8_UP_IRQHandler                       0x08001e8f   Thumb Code     0  startup_stm32f10x_hd.o(.text)
    UART5_IRQHandler                         0x08001e8f   Thumb Code     0  startup_stm32f10x_hd.o(.text)
    USART2_IRQHandler                        0x08001e8f   Thumb Code     0  startup_stm32f10x_hd.o(.text)
    USART3_IRQHandler                        0x08001e8f   Thumb Code     0  startup_stm32f10x_hd.o(.text)
    USBWakeUp_IRQHandler                     0x08001e8f   Thumb Code     0  startup_stm32f10x_hd.o(.text)
    USB_HP_CAN1_TX_IRQHandler                0x08001e8f   Thumb Code     0  startup_stm32f10x_hd.o(.text)
    USB_LP_CAN1_RX0_IRQHandler               0x08001e8f   Thumb Code     0  startup_stm32f10x_hd.o(.text)
    WWDG_IRQHandler                          0x08001e8f   Thumb Code     0  startup_stm32f10x_hd.o(.text)
    GPIO_Configuration                       0x08001e99   Thumb Code    62  stm32_devinit.o(.text)
    SYSTICK_Configuration                    0x08001ed7   Thumb Code     2  stm32_devinit.o(.text)
    USART_Configuration                      0x08001ed9   Thumb Code   254  stm32_devinit.o(.text)
    TIM_Configuration                        0x08001fd7   Thumb Code   328  stm32_devinit.o(.text)
    NVIC_Configuration                       0x0800211f   Thumb Code    82  stm32_devinit.o(.text)
    Driver_MCU_Init                          0x08002171   Thumb Code   150  stm32_devinit.o(.text)
    getMicrosecond                           0x08002231   Thumb Code   104  tool.o(.text)
    BaseClock_Init                           0x08002299   Thumb Code    86  tool.o(.text)
    UsToSysTickStamp                         0x080022ef   Thumb Code    78  tool.o(.text)
    GetSysTickStamp                          0x0800233d   Thumb Code    20  tool.o(.text)
    GetTimeStamp                             0x08002351   Thumb Code     8  tool.o(.text)
    Create_SysTickStamp                      0x08002359   Thumb Code    68  tool.o(.text)
    Elapse                                   0x0800239d   Thumb Code   138  tool.o(.text)
    Elapse_Us                                0x08002427   Thumb Code    18  tool.o(.text)
    SysTickStampToUs                         0x08002439   Thumb Code    34  tool.o(.text)
    DelayUS                                  0x0800245b   Thumb Code    32  tool.o(.text)
    DelayMS                                  0x0800247b   Thumb Code    38  tool.o(.text)
    DelayS                                   0x080024a1   Thumb Code    46  tool.o(.text)
    DelayX                                   0x080024cf   Thumb Code    60  tool.o(.text)
    Queue_Init                               0x0800250b   Thumb Code    68  tool.o(.text)
    Queue_Put                                0x0800254f   Thumb Code    66  tool.o(.text)
    Queue_Get                                0x08002591   Thumb Code    62  tool.o(.text)
    Queue_Size                               0x080025cf   Thumb Code     6  tool.o(.text)
    Queue_Empty_Size                         0x080025d5   Thumb Code    12  tool.o(.text)
    Queue_Free                               0x080025e1   Thumb Code     6  tool.o(.text)
    TimeTask_Init                            0x080025e7   Thumb Code   162  tool.o(.text)
    TimeTask_Add                             0x08002689   Thumb Code   258  tool.o(.text)
    TimeTask_Remove                          0x0800278b   Thumb Code    70  tool.o(.text)
    TimeTask_Run                             0x080027d1   Thumb Code   204  tool.o(.text)
    TimeOut                                  0x0800289d   Thumb Code    54  tool.o(.text)
    TimeTask_Monitor                         0x080028d3   Thumb Code   120  tool.o(.text)
    _clean_recv_buf                          0x080029d1   Thumb Code    40  protocol.o(.text)
    is_special                               0x080029f9   Thumb Code    22  protocol.o(.text)
    fputc                                    0x08002a0f   Thumb Code    18  protocol.o(.text)
    char_special                             0x08002a21   Thumb Code    38  protocol.o(.text)
    getProtocolInfo_Bychecksum               0x08002a47   Thumb Code    36  protocol.o(.text)
    Send_To_Uart                             0x08002a6b   Thumb Code   154  protocol.o(.text)
    Send_To_Buff                             0x08002b05   Thumb Code   102  protocol.o(.text)
    Buff_To_Uart                             0x08002b6b   Thumb Code    48  protocol.o(.text)
    Protocol_Init                            0x08002b9b   Thumb Code    88  protocol.o(.text)
    Create_Protocol_Info                     0x08002bf3   Thumb Code    50  protocol.o(.text)
    put_byte                                 0x08002c25   Thumb Code   290  protocol.o(.text)
    ask_send                                 0x08002d47   Thumb Code    72  protocol.o(.text)
    state_protocol_send                      0x08002d8f   Thumb Code    90  protocol.o(.text)
    odometer_protocol_send                   0x08002de9   Thumb Code    50  protocol.o(.text)
    deadreckoning_protocol_send              0x08002e1b   Thumb Code    50  protocol.o(.text)
    respond_protocol_send                    0x08002e4d   Thumb Code   138  protocol.o(.text)
    _setRudderAngle                          0x08002edd   Thumb Code   104  ruddercontrol.o(.text)
    Rudder_Init                              0x08002f45   Thumb Code    54  ruddercontrol.o(.text)
    Rudder_TIM_Configuration                 0x08002f7b   Thumb Code     2  ruddercontrol.o(.text)
    Rudder_Run                               0x08002f7d   Thumb Code   104  ruddercontrol.o(.text)
    Ultrasonic_Send                          0x0800300d   Thumb Code    50  ultrasoniccontrol.o(.text)
    Ultrasonic_Recv                          0x0800303f   Thumb Code    62  ultrasoniccontrol.o(.text)
    Ultrasonic_Run                           0x0800307d   Thumb Code    76  ultrasoniccontrol.o(.text)
    _Motor_Run                               0x080030d9   Thumb Code   126  motorcontrol.o(.text)
    Motor_Init                               0x08003157   Thumb Code   144  motorcontrol.o(.text)
    Motor_GPIO_Configuration                 0x080031e7   Thumb Code    58  motorcontrol.o(.text)
    __aeabi_memcpy                           0x08003231   Thumb Code    36  memcpya.o(.text)
    __aeabi_memcpy4                          0x08003231   Thumb Code     0  memcpya.o(.text)
    __aeabi_memcpy8                          0x08003231   Thumb Code     0  memcpya.o(.text)
    __aeabi_memset                           0x08003255   Thumb Code    14  memseta.o(.text)
    __aeabi_memset4                          0x08003255   Thumb Code     0  memseta.o(.text)
    __aeabi_memset8                          0x08003255   Thumb Code     0  memseta.o(.text)
    __aeabi_memclr                           0x08003263   Thumb Code     4  memseta.o(.text)
    __aeabi_memclr4                          0x08003263   Thumb Code     0  memseta.o(.text)
    __aeabi_memclr8                          0x08003263   Thumb Code     0  memseta.o(.text)
    _memset$wrapper                          0x08003267   Thumb Code    18  memseta.o(.text)
    __aeabi_fadd                             0x08003279   Thumb Code   164  fadd.o(.text)
    __aeabi_fsub                             0x0800331d   Thumb Code     6  fadd.o(.text)
    __aeabi_frsub                            0x08003323   Thumb Code     6  fadd.o(.text)
    __aeabi_fmul                             0x08003329   Thumb Code   108  fmul.o(.text)
    __aeabi_ui2f                             0x08003395   Thumb Code    10  ffltui.o(.text)
    __aeabi_f2uiz                            0x0800339f   Thumb Code    40  ffixui.o(.text)
    __aeabi_uidiv                            0x080033c7   Thumb Code     0  uidiv.o(.text)
    __aeabi_uidivmod                         0x080033c7   Thumb Code    44  uidiv.o(.text)
    __I$use$fp                               0x080033f3   Thumb Code     0  iusefp.o(.text)
    _float_round                             0x080033f3   Thumb Code    18  fepilogue.o(.text)
    _float_epilogue                          0x08003405   Thumb Code    90  fepilogue.o(.text)
    __scatterload                            0x08003461   Thumb Code    28  init.o(.text)
    __scatterload_rt2                        0x08003461   Thumb Code     0  init.o(.text)
    __0printf$3                              0x08003485   Thumb Code    22  printf3.o(i.__0printf$3)
    __1printf$3                              0x08003485   Thumb Code     0  printf3.o(i.__0printf$3)
    __2printf                                0x08003485   Thumb Code     0  printf3.o(i.__0printf$3)
    __scatterload_copy                       0x080034a5   Thumb Code    14  handlers.o(i.__scatterload_copy)
    __scatterload_null                       0x080034b3   Thumb Code     2  handlers.o(i.__scatterload_null)
    __scatterload_zeroinit                   0x080034b5   Thumb Code    14  handlers.o(i.__scatterload_zeroinit)
    Region$$Table$$Base                      0x0800367c   Number         0  anon$$obj.o(Region$$Table)
    Region$$Table$$Limit                     0x0800369c   Number         0  anon$$obj.o(Region$$Table)
    taskid                                   0x20000000   Data           1  main.o(.data)
    led_flag                                 0x20000001   Data           1  main.o(.data)
    test_flag                                0x20000002   Data           1  main.o(.data)
    SystemCoreClock                          0x20000004   Data           4  system_stm32f10x.o(.data)
    AHBPrescTable                            0x20000008   Data          16  system_stm32f10x.o(.data)
    second                                   0x2000002c   Data           4  tool.o(.data)
    SysTick_Flag                             0x20000030   Data           1  tool.o(.data)
    _timeTask_head                           0x20000034   Data           4  tool.o(.data)
    last_microsecond                         0x20000038   Data           4  tool.o(.data)
    heart_flag                               0x2000003c   Data           1  protocol.o(.data)
    _Uart_Tx_Queue                           0x20000048   Data           4  protocol.o(.data)
    Recv_Protocol_Queue                      0x2000004c   Data           4  protocol.o(.data)
    RudderX                                  0x20000050   Data           4  ruddercontrol.o(.data)
    RudderY                                  0x20000054   Data           4  ruddercontrol.o(.data)
    Rudder_Angle                             0x20000058   Data           1  ruddercontrol.o(.data)
    Rudder_Turn                              0x20000059   Data           1  ruddercontrol.o(.data)
    Rudder_Pause                             0x2000005a   Data           1  ruddercontrol.o(.data)
    Ultrasonic                               0x2000005c   Data           4  ultrasoniccontrol.o(.data)
    Ultrasonic_flag                          0x20000060   Data           1  ultrasoniccontrol.o(.data)
    _Ultrasonic                              0x20000062   Data           6  ultrasoniccontrol.o(.data)
    motor_L                                  0x20000068   Data           4  motorcontrol.o(.data)
    motor_R                                  0x2000006c   Data           4  motorcontrol.o(.data)
    __stdout                                 0x20000070   Data           4  stdout.o(.data)
    queue_list                               0x20000074   Data         160  tool.o(.bss)
    TimeTaskList                             0x20000114   Data         660  tool.o(.bss)
    TimeTaskInfo                             0x200003a8   Data          64  tool.o(.bss)
    recv_protocol_infos                      0x200003e8   Data         160  protocol.o(.bss)
    _Recv_Protocol_Buff                      0x20000488   Data        1600  protocol.o(.bss)
    _RudderX                                 0x20000ee4   Data          16  ruddercontrol.o(.bss)
    _RudderY                                 0x20000ef4   Data          16  ruddercontrol.o(.bss)
    Motor_L                                  0x20000f04   Data          32  motorcontrol.o(.bss)
    Motor_R                                  0x20000f24   Data          32  motorcontrol.o(.bss)
    __initial_sp                             0x20001348   Data           0  startup_stm32f10x_hd.o(STACK)



==============================================================================

Memory Map of the image

  Image Entry point : 0x08000131

  Load Region LR_IROM1 (Base: 0x08000000, Size: 0x00003710, Max: 0x00040000, ABSOLUTE)

    Execution Region ER_IROM1 (Base: 0x08000000, Size: 0x0000369c, Max: 0x00040000, ABSOLUTE)

    Base Addr    Size         Type   Attr      Idx    E Section Name        Object

    0x08000000   0x00000130   Data   RO          235    RESET               startup_stm32f10x_hd.o
    0x08000130   0x00000000   Code   RO          389  * .ARM.Collect$$$$00000000  mc_w.l(entry.o)
    0x08000130   0x00000004   Code   RO          667    .ARM.Collect$$$$00000001  mc_w.l(entry2.o)
    0x08000134   0x00000004   Code   RO          670    .ARM.Collect$$$$00000004  mc_w.l(entry5.o)
    0x08000138   0x00000000   Code   RO          672    .ARM.Collect$$$$00000008  mc_w.l(entry7b.o)
    0x08000138   0x00000008   Code   RO          673    .ARM.Collect$$$$00000009  mc_w.l(entry8.o)
    0x08000140   0x00000004   Code   RO          668    .ARM.Collect$$$$00002712  mc_w.l(entry2.o)
    0x08000144   0x000000c4   Code   RO            1    .text               main.o
    0x08000208   0x000000b0   Code   RO           83    .text               stm32f10x_it.o
    0x080002b8   0x000001c8   Code   RO          109    .text               system_stm32f10x.o
    0x08000480   0x00000358   Code   RO          146    .text               stm32f10x_gpio.o
    0x080007d8   0x0000039c   Code   RO          165    .text               stm32f10x_rcc.o
    0x08000b74   0x00000408   Code   RO          194    .text               stm32f10x_usart.o
    0x08000f7c   0x000000dc   Code   RO          206    .text               misc.o
    0x08001058   0x00000e1a   Code   RO          218    .text               stm32f10x_tim.o
    0x08001e72   0x00000002   PAD
    0x08001e74   0x00000024   Code   RO          236    .text               startup_stm32f10x_hd.o
    0x08001e98   0x00000398   Code   RO          268    .text               stm32_devinit.o
    0x08002230   0x000007a0   Code   RO          280    .text               tool.o
    0x080029d0   0x0000050c   Code   RO          303    .text               protocol.o
    0x08002edc   0x00000130   Code   RO          326    .text               ruddercontrol.o
    0x0800300c   0x000000cc   Code   RO          348    .text               ultrasoniccontrol.o
    0x080030d8   0x00000158   Code   RO          367    .text               motorcontrol.o
    0x08003230   0x00000024   Code   RO          392    .text               mc_w.l(memcpya.o)
    0x08003254   0x00000024   Code   RO          394    .text               mc_w.l(memseta.o)
    0x08003278   0x000000b0   Code   RO          659    .text               mf_w.l(fadd.o)
    0x08003328   0x0000006c   Code   RO          661    .text               mf_w.l(fmul.o)
    0x08003394   0x0000000a   Code   RO          663    .text               mf_w.l(ffltui.o)
    0x0800339e   0x00000028   Code   RO          665    .text               mf_w.l(ffixui.o)
    0x080033c6   0x0000002c   Code   RO          675    .text               mc_w.l(uidiv.o)
    0x080033f2   0x00000000   Code   RO          679    .text               mc_w.l(iusefp.o)
    0x080033f2   0x0000006c   Code   RO          680    .text               mf_w.l(fepilogue.o)
    0x0800345e   0x00000002   PAD
    0x08003460   0x00000024   Code   RO          692    .text               mc_w.l(init.o)
    0x08003484   0x00000020   Code   RO          487    i.__0printf$3       mc_w.l(printf3.o)
    0x080034a4   0x0000000e   Code   RO          704    i.__scatterload_copy  mc_w.l(handlers.o)
    0x080034b2   0x00000002   Code   RO          705    i.__scatterload_null  mc_w.l(handlers.o)
    0x080034b4   0x0000000e   Code   RO          706    i.__scatterload_zeroinit  mc_w.l(handlers.o)
    0x080034c2   0x00000002   PAD
    0x080034c4   0x000001b8   Code   RO          494    i._printf_core      mc_w.l(printf3.o)
    0x0800367c   0x00000020   Data   RO          702    Region$$Table       anon$$obj.o


    Execution Region RW_IRAM1 (Base: 0x20000000, Size: 0x00001348, Max: 0x0000c000, ABSOLUTE)

    Base Addr    Size         Type   Attr      Idx    E Section Name        Object

    0x20000000   0x00000003   Data   RW            2    .data               main.o
    0x20000003   0x00000001   PAD
    0x20000004   0x00000014   Data   RW          110    .data               system_stm32f10x.o
    0x20000018   0x00000014   Data   RW          166    .data               stm32f10x_rcc.o
    0x2000002c   0x00000010   Data   RW          282    .data               tool.o
    0x2000003c   0x00000014   Data   RW          305    .data               protocol.o
    0x20000050   0x0000000b   Data   RW          328    .data               ruddercontrol.o
    0x2000005b   0x00000001   PAD
    0x2000005c   0x0000000c   Data   RW          349    .data               ultrasoniccontrol.o
    0x20000068   0x00000008   Data   RW          369    .data               motorcontrol.o
    0x20000070   0x00000004   Data   RW          674    .data               mc_w.l(stdout.o)
    0x20000074   0x00000374   Zero   RW          281    .bss                tool.o
    0x200003e8   0x00000afa   Zero   RW          304    .bss                protocol.o
    0x20000ee2   0x00000002   PAD
    0x20000ee4   0x00000020   Zero   RW          327    .bss                ruddercontrol.o
    0x20000f04   0x00000040   Zero   RW          368    .bss                motorcontrol.o
    0x20000f44   0x00000004   PAD
    0x20000f48   0x00000400   Zero   RW          233    STACK               startup_stm32f10x_hd.o


==============================================================================

Image component sizes


      Code (inc. data)   RO Data    RW Data    ZI Data      Debug   Object Name

         0          0          0          0          0         32   core_cm3.o
       196         28          0          3          0     245957   main.o
       220         20          0          0          0       1701   misc.o
       344         16          0          8         64       1983   motorcontrol.o
      1292         58          0         20       2810      10362   protocol.o
       304         40          0         11         32       2176   ruddercontrol.o
        36          8        304          0       1024        752   startup_stm32f10x_hd.o
       920         42          0          0          0       1908   stm32_devinit.o
       856         40          0          0          0      14285   stm32f10x_gpio.o
       176         42          0          0          0       1733   stm32f10x_it.o
       924         44          0         20          0       8672   stm32f10x_rcc.o
      3610         88          0          0          0      42372   stm32f10x_tim.o
      1032         22          0          0          0       8272   stm32f10x_usart.o
       456         36          0         20          0     221067   system_stm32f10x.o
      1952        182          0         16        884      24227   tool.o
       204         16          0         12          0       2089   ultrasoniccontrol.o

    ----------------------------------------------------------------------
     12524        682        336        112       4820     587588   Object Totals
         0          0         32          0          0          0   (incl. Generated)
         2          0          0          2          6          0   (incl. Padding)

    ----------------------------------------------------------------------

      Code (inc. data)   RO Data    RW Data    ZI Data      Debug   Library Member Name

         0          0          0          0          0          0   entry.o
         8          4          0          0          0          0   entry2.o
         4          0          0          0          0          0   entry5.o
         0          0          0          0          0          0   entry7b.o
         8          4          0          0          0          0   entry8.o
        30          0          0          0          0          0   handlers.o
        36          8          0          0          0         68   init.o
         0          0          0          0          0          0   iusefp.o
        36          0          0          0          0         68   memcpya.o
        36          0          0          0          0        108   memseta.o
       472         14          0          0          0        180   printf3.o
         0          0          0          4          0          0   stdout.o
        44          0          0          0          0         80   uidiv.o
       176          0          0          0          0        140   fadd.o
       108          0          0          0          0        168   fepilogue.o
        40          0          0          0          0         68   ffixui.o
        10          0          0          0          0         68   ffltui.o
       108          0          0          0          0         76   fmul.o

    ----------------------------------------------------------------------
      1120         30          0          4          0       1024   Library Totals
         4          0          0          0          0          0   (incl. Padding)

    ----------------------------------------------------------------------

      Code (inc. data)   RO Data    RW Data    ZI Data      Debug   Library Name

       674         30          0          4          0        504   mc_w.l
       442          0          0          0          0        520   mf_w.l

    ----------------------------------------------------------------------
      1120         30          0          4          0       1024   Library Totals

    ----------------------------------------------------------------------

==============================================================================


      Code (inc. data)   RO Data    RW Data    ZI Data      Debug   

     13644        712        336        116       4820     586688   Grand Totals
     13644        712        336        116       4820     586688   ELF Image Totals
     13644        712        336        116          0          0   ROM Totals

==============================================================================

    Total RO  Size (Code + RO Data)                13980 (  13.65kB)
    Total RW  Size (RW Data + ZI Data)              4936 (   4.82kB)
    Total ROM Size (Code + RO Data + RW Data)      14096 (  13.77kB)

==============================================================================

